wrote reacher_klow.ep100.t6.json: 128 pairs (episodes >= 8000, start <= ep_len-1-100), sample [[8014, 73], [8074, 52], [8087, 58]]
/lustre/home/ha676/le-wm/.venv/lib/python3.11/site-packages/stable_worldmodel/envs/__init__.py:215: UserWarning: ale-py not found; ALE/* envs are unavailable. Install with: pip install 'stable-worldmodel[env]' or pip install ale-py.
  from stable_worldmodel.envs import ale  # noqa: F401
[model] frozen LeWM (18.03M), device=cuda, training=False, subgoal=gdm
[gdm] planner from gdm_reacher_s10.pt: head=53.44M, N=3 WG=1 goal_cond=True T=1000 sampler=ddim/2-steps param=eps schedule=linear norm=standardize
23:19:03 | INFO  | atomic_chec~| [atomic_save] installed crash-safe checkpoint plugin (write to sibling .tmp + fsync + atomic rename)
[episodes-file] reacher_klow.ep100.t6.json: 128 precomputed pairs (built for max_offset=100, seed=42, episode_min=8000) -- sampling bypassed; running at goal_offset=100
[eval] start=random num_eval=128 goal_offset=100 budget=200 qpos_threshold=0.05 rad/joint
[eval] episodes_idx[:5]=[8014, 8074, 8087, 8127, 8135] start_steps[:5]=[73, 52, 58, 58, 79]
23:19:04 | INFO  | __init__.py | MUJOCO_GL=egl, attempting to import specified OpenGL backend.
23:19:04 | INFO  | __init__.py | No OpenGL_accelerate module loaded: No module named 'OpenGL_accelerate'
23:19:04 | INFO  | __init__.py | MuJoCo library version is: 3.10.0
/lustre/home/ha676/le-wm/.venv/lib/python3.11/site-packages/gymnasium/envs/registration.py:729: UserWarning: [33mWARN: The environment is being initialised with render_mode='rgb_array' that is not in the possible render_modes ([]).[0m
  logger.warn(
CEM solve time: 27.9592 seconds
CEM solve time: 26.2408 seconds
CEM solve time: 21.9175 seconds
CEM solve time: 15.0466 seconds
CEM solve time: 11.1674 seconds
CEM solve time: 8.5945 seconds
CEM solve time: 6.0137 seconds
CEM solve time: 4.7245 seconds
CEM solve time: 3.6519 seconds
CEM solve time: 3.0076 seconds
CEM solve time: 2.5783 seconds
CEM solve time: 2.3637 seconds
CEM solve time: 2.1492 seconds
CEM solve time: 1.9346 seconds
CEM solve time: 1.9344 seconds
CEM solve time: 1.7198 seconds
CEM solve time: 1.5048 seconds
CEM solve time: 1.2922 seconds
CEM solve time: 1.2899 seconds
CEM solve time: 1.2896 seconds

==== FF-JEPA eval summary (Reacher qpos_match) ====
subgoal=gdm num_eval=128 goal_offset=100 budget=200 seed=44 cem_seed=44 S=10
  SR = 95.31%  (122/128)
