wrote reacher_klow.ep100.t5.json: 128 pairs (episodes >= 8000, start <= ep_len-1-100), sample [[8014, 73], [8074, 52], [8087, 58]]
/lustre/home/ha676/le-wm/.venv/lib/python3.11/site-packages/stable_worldmodel/envs/__init__.py:215: UserWarning: ale-py not found; ALE/* envs are unavailable. Install with: pip install 'stable-worldmodel[env]' or pip install ale-py.
  from stable_worldmodel.envs import ale  # noqa: F401
[model] frozen LeWM (18.03M), device=cuda, training=False, subgoal=gdm
[gdm] planner from gdm_reacher_s10.pt: head=53.44M, N=3 WG=1 goal_cond=True T=1000 sampler=ddim/2-steps param=eps schedule=linear norm=standardize
23:19:52 | INFO  | atomic_chec~| [atomic_save] installed crash-safe checkpoint plugin (write to sibling .tmp + fsync + atomic rename)
[episodes-file] reacher_klow.ep100.t5.json: 128 precomputed pairs (built for max_offset=100, seed=42, episode_min=8000) -- sampling bypassed; running at goal_offset=100
[eval] start=random num_eval=128 goal_offset=100 budget=200 qpos_threshold=0.05 rad/joint
[eval] episodes_idx[:5]=[8014, 8074, 8087, 8127, 8135] start_steps[:5]=[73, 52, 58, 58, 79]
23:19:53 | INFO  | __init__.py | MUJOCO_GL=egl, attempting to import specified OpenGL backend.
23:19:53 | INFO  | __init__.py | No OpenGL_accelerate module loaded: No module named 'OpenGL_accelerate'
23:19:54 | INFO  | __init__.py | MuJoCo library version is: 3.10.0
/lustre/home/ha676/le-wm/.venv/lib/python3.11/site-packages/gymnasium/envs/registration.py:729: UserWarning: [33mWARN: The environment is being initialised with render_mode='rgb_array' that is not in the possible render_modes ([]).[0m
  logger.warn(
CEM solve time: 27.6393 seconds
CEM solve time: 26.0362 seconds
CEM solve time: 23.0029 seconds
CEM solve time: 15.9082 seconds
CEM solve time: 12.2566 seconds
CEM solve time: 8.3837 seconds
CEM solve time: 6.8790 seconds
CEM solve time: 5.5920 seconds
CEM solve time: 3.6576 seconds
CEM solve time: 3.0117 seconds
CEM solve time: 3.0117 seconds
CEM solve time: 2.3667 seconds
CEM solve time: 2.1508 seconds
CEM solve time: 1.7219 seconds
CEM solve time: 1.2923 seconds
CEM solve time: 1.2917 seconds
CEM solve time: 1.2916 seconds
CEM solve time: 1.0764 seconds
CEM solve time: 1.0764 seconds
CEM solve time: 1.0767 seconds

==== FF-JEPA eval summary (Reacher qpos_match) ====
subgoal=gdm num_eval=128 goal_offset=100 budget=200 seed=43 cem_seed=43 S=10
  SR = 96.88%  (124/128)
