wrote reacher_klow.ep100.t9.json: 128 pairs (episodes >= 8000, start <= ep_len-1-100), sample [[8014, 73], [8074, 52], [8087, 58]]
/lustre/home/ha676/le-wm/.venv/lib/python3.11/site-packages/stable_worldmodel/envs/__init__.py:215: UserWarning: ale-py not found; ALE/* envs are unavailable. Install with: pip install 'stable-worldmodel[env]' or pip install ale-py.
  from stable_worldmodel.envs import ale  # noqa: F401
[model] frozen LeWM (18.03M), device=cuda, training=False, subgoal=specaccept
[gdm] planner from gdm_reacher_s10.pt: head=53.44M, N=3 WG=1 goal_cond=True T=1000 sampler=ddim/1-steps param=eps schedule=linear norm=standardize
23:20:49 | INFO  | atomic_chec~| [atomic_save] installed crash-safe checkpoint plugin (write to sibling .tmp + fsync + atomic rename)
[episodes-file] reacher_klow.ep100.t9.json: 128 precomputed pairs (built for max_offset=100, seed=42, episode_min=8000) -- sampling bypassed; running at goal_offset=100
[eval] start=random num_eval=128 goal_offset=100 budget=200 qpos_threshold=0.05 rad/joint
[eval] episodes_idx[:5]=[8014, 8074, 8087, 8127, 8135] start_steps[:5]=[73, 52, 58, 58, 79]
23:20:50 | INFO  | __init__.py | MUJOCO_GL=egl, attempting to import specified OpenGL backend.
23:20:50 | INFO  | __init__.py | No OpenGL_accelerate module loaded: No module named 'OpenGL_accelerate'
23:20:50 | INFO  | __init__.py | MuJoCo library version is: 3.10.0
/lustre/home/ha676/le-wm/.venv/lib/python3.11/site-packages/gymnasium/envs/registration.py:729: UserWarning: [33mWARN: The environment is being initialised with render_mode='rgb_array' that is not in the possible render_modes ([]).[0m
  logger.warn(
CEM solve time: 27.8880 seconds
CEM solve time: 25.9614 seconds
CEM solve time: 20.5981 seconds
CEM solve time: 16.2971 seconds
CEM solve time: 10.9392 seconds
CEM solve time: 8.5781 seconds
CEM solve time: 6.8623 seconds
CEM solve time: 5.7916 seconds
CEM solve time: 4.2904 seconds
CEM solve time: 3.8620 seconds
CEM solve time: 2.7897 seconds
CEM solve time: 2.1461 seconds
CEM solve time: 1.5033 seconds
CEM solve time: 1.2886 seconds
CEM solve time: 1.2880 seconds
CEM solve time: 1.0735 seconds
CEM solve time: 0.8592 seconds
CEM solve time: 0.8591 seconds
CEM solve time: 0.8591 seconds
CEM solve time: 0.8591 seconds
[specaccept] tau=0.2 gdm_steps=1 goal_gate=False re-drafts=672 advances=0 rejects=544 gate_serves=0 call_ratio=1.000 call_ratio_all=1.000 (every-step=1.000; lower = fewer diffusion calls)

==== FF-JEPA eval summary (Reacher qpos_match) ====
subgoal=specaccept num_eval=128 goal_offset=100 budget=200 seed=43 cem_seed=43 S=10
  SR = 97.66%  (125/128)
