wrote pusht.episodes150.val.json: 256 pairs, disjoint from 256 test episodes
PUSHT-VALSPLIT-OK
=== audit every-step k=8 (t150 test pop) seed=42 ===
/lustre/home/ha676/le-wm/.venv/lib/python3.11/site-packages/stable_worldmodel/envs/__init__.py:215: UserWarning: ale-py not found; ALE/* envs are unavailable. Install with: pip install 'stable-worldmodel[env]' or pip install ale-py.
  from stable_worldmodel.envs import ale  # noqa: F401
2026-07-12 20:31:53.480 | INFO     | stable_worldmodel.wm.utils:_resolve_hf:149 - Loading quentinll/lewm-pusht from local cache...
2026-07-12 20:31:53.481 | INFO     | stable_worldmodel.wm.utils:_resolve_folder:137 - Loading checkpoint from folder /lustre/home/ha676/.stable_worldmodel/checkpoints/models--quentinll--lewm-pusht...
/lustre/home/ha676/le-wm/.venv/lib/python3.11/site-packages/stable_worldmodel/wm/utils.py:80: FutureWarning: You are using `torch.load` with `weights_only=False` (the current default value), which uses the default pickle module implicitly. It is possible to construct malicious pickle data which will execute arbitrary code during unpickling (See https://github.com/pytorch/pytorch/blob/main/SECURITY.md#untrusted-models for more details). In a future release, the default value for `weights_only` will be flipped to `True`. This limits the functions that could be executed during unpickling. Arbitrary objects will no longer be allowed to be loaded via this mode unless they are explicitly allowlisted by the user via `torch.serialization.add_safe_globals`. We recommend you start setting `weights_only=True` for any use case where you don't have full control of the loaded file. Please open an issue on GitHub for any issues related to this experimental feature.
  state_dict = torch.load(checkpoint_path, map_location='cpu')
20:31:58 | INFO  | atomic_chec~| [atomic_save] installed crash-safe checkpoint plugin (write to sibling .tmp + fsync + atomic rename)
20:31:58 | INFO  | utils.py    | Created ViT-tiny from scratch with config: {'hidden_size': 192, 'num_hidden_layers': 12, 'num_attention_heads': 3, 'intermediate_size': 768, 'image_size': 224, 'patch_size': 14}
[model] frozen LeWM (18.03M), device=cuda, training=False, subgoal=gdm
[gdm] planner from gdm_stride10.pt: head=53.34M, N=3 WG=1 gamma=1.0 T=1000 sampler=ddim/8-steps param=eps schedule=linear norm=standardize
20:31:59 | INFO  | __init__.py | Cached 'action' from '/lustre/home/ha676/data/pusht/pusht_expert_train.h5'
20:31:59 | INFO  | __init__.py | Cached 'proprio' from '/lustre/home/ha676/data/pusht/pusht_expert_train.h5'
20:31:59 | INFO  | __init__.py | Cached 'state' from '/lustre/home/ha676/data/pusht/pusht_expert_train.h5'
/lustre/home/ha676/le-wm/.venv/lib/python3.11/site-packages/gymnasium/spaces/box.py:415: UserWarning: [33mWARN: Casting input x to numpy array.[0m
  gym.logger.warn("Casting input x to numpy array.")
/lustre/home/ha676/le-wm/.venv/lib/python3.11/site-packages/gymnasium/utils/passive_env_checker.py:157: UserWarning: [33mWARN: The obs returned by the `step()` method is not within the observation space.[0m
  logger.warn(f"{pre} is not within the observation space.")
/lustre/home/ha676/le-wm/.venv/lib/python3.11/site-packages/gymnasium/spaces/box.py:415: UserWarning: [33mWARN: Casting input x to numpy array.[0m
  gym.logger.warn("Casting input x to numpy array.")
/lustre/home/ha676/le-wm/.venv/lib/python3.11/site-packages/gymnasium/utils/passive_env_checker.py:157: UserWarning: [33mWARN: The obs returned by the `step()` method is not within the observation space.[0m
  logger.warn(f"{pre} is not within the observation space.")
[episodes-file] pusht.episodes150.json: 256 precomputed pairs (goal_offset=150, seed=42, eval_filter=None) -- sample_long/short bypassed
[eval] mode=long start=final num_eval=256 goal_offset=150 budget=300 eval_filter=none
[eval] episodes_idx[:5]=[636, 688, 700, 834, 850] start_steps[:5]=[7, 7, 7, 34, 34]
[PIN] success = pos_diff<20 [block xy only (paper)] AND angle<20deg
CEM solve time: 54.6782 seconds
CEM solve time: 53.3586 seconds
CEM solve time: 52.8999 seconds
CEM solve time: 52.7039 seconds
CEM solve time: 51.9385 seconds
CEM solve time: 50.3859 seconds
CEM solve time: 49.0899 seconds
CEM solve time: 48.4231 seconds
CEM solve time: 47.3407 seconds
CEM solve time: 44.5598 seconds
CEM solve time: 42.4177 seconds
CEM solve time: 40.7296 seconds
CEM solve time: 38.2064 seconds
CEM solve time: 35.6044 seconds
CEM solve time: 31.5639 seconds
CEM solve time: 28.7831 seconds
CEM solve time: 28.1739 seconds
CEM solve time: 26.8269 seconds
CEM solve time: 26.2176 seconds
CEM solve time: 25.8269 seconds
CEM solve time: 25.1792 seconds
CEM solve time: 24.7480 seconds
CEM solve time: 24.2938 seconds
CEM solve time: 23.8899 seconds
CEM solve time: 23.8839 seconds
CEM solve time: 23.8771 seconds
CEM solve time: 23.8860 seconds
CEM solve time: 23.6606 seconds
CEM solve time: 23.4322 seconds
CEM solve time: 23.0186 seconds
[RESULT] score=block angle=20deg  SR=57.81%  (148/256)
[PIN] success = pos_diff<20 [block xy only (paper)] AND angle<5deg
CEM solve time: 54.6047 seconds
CEM solve time: 53.7436 seconds
CEM solve time: 53.5465 seconds
CEM solve time: 53.3525 seconds
CEM solve time: 53.3661 seconds
CEM solve time: 53.1480 seconds
CEM solve time: 52.9192 seconds
CEM solve time: 52.2181 seconds
CEM solve time: 51.8019 seconds
CEM solve time: 49.7336 seconds
CEM solve time: 48.2463 seconds
CEM solve time: 46.3253 seconds
CEM solve time: 43.3008 seconds
CEM solve time: 40.9710 seconds
CEM solve time: 37.9428 seconds
CEM solve time: 35.7999 seconds
CEM solve time: 35.4027 seconds
CEM solve time: 33.9261 seconds
CEM solve time: 33.0631 seconds
CEM solve time: 31.9751 seconds
CEM solve time: 31.7747 seconds
CEM solve time: 30.9280 seconds
CEM solve time: 30.7503 seconds
CEM solve time: 30.1194 seconds
CEM solve time: 29.4694 seconds
CEM solve time: 29.2603 seconds
CEM solve time: 29.2438 seconds
CEM solve time: 28.5907 seconds
CEM solve time: 28.3453 seconds
CEM solve time: 27.9297 seconds
[RESULT] score=block angle=5deg  SR=49.61%  (127/256)

==== FF-JEPA eval summary ====
mode=long subgoal=gdm num_eval=256 seed=42 cem_seed=42 eval_filter=none
  score=block   20deg :  57.81%  (148/256)
  score=block    5deg :  49.61%  (127/256)
