/lustre/home/ha676/le-wm/.venv/lib/python3.11/site-packages/stable_worldmodel/envs/__init__.py:215: UserWarning: ale-py not found; ALE/* envs are unavailable. Install with: pip install 'stable-worldmodel[env]' or pip install ale-py.
  from stable_worldmodel.envs import ale  # noqa: F401
2026-07-12 22:51:49.668 | INFO     | stable_worldmodel.wm.utils:_resolve_hf:149 - Loading quentinll/lewm-pusht from local cache...
2026-07-12 22:51:49.669 | INFO     | stable_worldmodel.wm.utils:_resolve_folder:137 - Loading checkpoint from folder /lustre/home/ha676/.stable_worldmodel/checkpoints/models--quentinll--lewm-pusht...
/lustre/home/ha676/le-wm/.venv/lib/python3.11/site-packages/stable_worldmodel/wm/utils.py:80: FutureWarning: You are using `torch.load` with `weights_only=False` (the current default value), which uses the default pickle module implicitly. It is possible to construct malicious pickle data which will execute arbitrary code during unpickling (See https://github.com/pytorch/pytorch/blob/main/SECURITY.md#untrusted-models for more details). In a future release, the default value for `weights_only` will be flipped to `True`. This limits the functions that could be executed during unpickling. Arbitrary objects will no longer be allowed to be loaded via this mode unless they are explicitly allowlisted by the user via `torch.serialization.add_safe_globals`. We recommend you start setting `weights_only=True` for any use case where you don't have full control of the loaded file. Please open an issue on GitHub for any issues related to this experimental feature.
  state_dict = torch.load(checkpoint_path, map_location='cpu')
22:51:54 | INFO  | atomic_chec~| [atomic_save] installed crash-safe checkpoint plugin (write to sibling .tmp + fsync + atomic rename)
22:51:54 | INFO  | utils.py    | Created ViT-tiny from scratch with config: {'hidden_size': 192, 'num_hidden_layers': 12, 'num_attention_heads': 3, 'intermediate_size': 768, 'image_size': 224, 'patch_size': 14}
[model] frozen LeWM (18.03M), device=cuda, training=False, subgoal=specaccept
[gdm] planner from gdm_stride10.pt: head=53.34M, N=3 WG=1 gamma=1.0 T=1000 sampler=ddim/4-steps param=eps schedule=linear norm=standardize
22:51:55 | INFO  | __init__.py | Cached 'action' from '/lustre/home/ha676/data/pusht/pusht_expert_train.h5'
22:51:55 | INFO  | __init__.py | Cached 'proprio' from '/lustre/home/ha676/data/pusht/pusht_expert_train.h5'
22:51:55 | INFO  | __init__.py | Cached 'state' from '/lustre/home/ha676/data/pusht/pusht_expert_train.h5'
/lustre/home/ha676/le-wm/.venv/lib/python3.11/site-packages/gymnasium/spaces/box.py:415: UserWarning: [33mWARN: Casting input x to numpy array.[0m
  gym.logger.warn("Casting input x to numpy array.")
/lustre/home/ha676/le-wm/.venv/lib/python3.11/site-packages/gymnasium/utils/passive_env_checker.py:157: UserWarning: [33mWARN: The obs returned by the `step()` method is not within the observation space.[0m
  logger.warn(f"{pre} is not within the observation space.")
/lustre/home/ha676/le-wm/.venv/lib/python3.11/site-packages/gymnasium/spaces/box.py:415: UserWarning: [33mWARN: Casting input x to numpy array.[0m
  gym.logger.warn("Casting input x to numpy array.")
/lustre/home/ha676/le-wm/.venv/lib/python3.11/site-packages/gymnasium/utils/passive_env_checker.py:157: UserWarning: [33mWARN: The obs returned by the `step()` method is not within the observation space.[0m
  logger.warn(f"{pre} is not within the observation space.")
[episodes-file] pusht.episodes150as100.json: 256 precomputed pairs (goal_offset=100, seed=42, eval_filter=None) -- sample_long/short bypassed
[eval] mode=long start=final num_eval=256 goal_offset=100 budget=200 eval_filter=none
[eval] episodes_idx[:5]=[636, 688, 700, 834, 850] start_steps[:5]=[57, 57, 57, 84, 84]
[PIN] success = pos_diff<20 [block xy only (paper)] AND angle<20deg
CEM solve time: 54.5761 seconds
CEM solve time: 47.5253 seconds
CEM solve time: 46.2597 seconds
CEM solve time: 45.0484 seconds
CEM solve time: 42.2128 seconds
CEM solve time: 39.0710 seconds
CEM solve time: 34.9601 seconds
CEM solve time: 31.9563 seconds
CEM solve time: 28.7554 seconds
CEM solve time: 26.4104 seconds
CEM solve time: 23.6435 seconds
CEM solve time: 22.1418 seconds
CEM solve time: 21.0965 seconds
CEM solve time: 20.8861 seconds
CEM solve time: 20.4460 seconds
CEM solve time: 19.7890 seconds
CEM solve time: 19.8096 seconds
CEM solve time: 19.8098 seconds
CEM solve time: 19.3756 seconds
CEM solve time: 19.3831 seconds
[RESULT] score=block angle=20deg  SR=65.23%  (167/256)
[specaccept] tau=0.2 gdm_steps=4 re-drafts=1688 advances=1142 rejects=1247 call_ratio=0.596 (every-step=1.000; lower = fewer diffusion calls)
[PIN] success = pos_diff<20 [block xy only (paper)] AND angle<5deg
CEM solve time: 54.4827 seconds
CEM solve time: 50.5259 seconds
CEM solve time: 49.9451 seconds
CEM solve time: 49.4419 seconds
CEM solve time: 47.5554 seconds
CEM solve time: 45.4303 seconds
CEM solve time: 43.9404 seconds
CEM solve time: 40.7370 seconds
CEM solve time: 36.8832 seconds
CEM solve time: 34.7398 seconds
CEM solve time: 32.8207 seconds
CEM solve time: 32.0040 seconds
CEM solve time: 30.9360 seconds
CEM solve time: 29.8772 seconds
CEM solve time: 28.9732 seconds
CEM solve time: 29.0145 seconds
CEM solve time: 28.8286 seconds
CEM solve time: 28.1837 seconds
CEM solve time: 27.5393 seconds
CEM solve time: 27.3344 seconds
[RESULT] score=block angle=5deg  SR=50.78%  (130/256)
[specaccept] tau=0.2 gdm_steps=4 re-drafts=2006 advances=1507 rejects=1466 call_ratio=0.571 (every-step=1.000; lower = fewer diffusion calls)

==== FF-JEPA eval summary ====
mode=long subgoal=specaccept num_eval=256 seed=43 cem_seed=43 eval_filter=none
  score=block   20deg :  65.23%  (167/256)
  score=block    5deg :  50.78%  (130/256)
