=== pusht-horizon arm=s10spec offset=150 budget=300 seed=43 ===
/lustre/home/ha676/le-wm/.venv/lib/python3.11/site-packages/stable_worldmodel/envs/__init__.py:215: UserWarning: ale-py not found; ALE/* envs are unavailable. Install with: pip install 'stable-worldmodel[env]' or pip install ale-py.
  from stable_worldmodel.envs import ale  # noqa: F401
2026-07-12 17:40:39.151 | INFO     | stable_worldmodel.wm.utils:_resolve_hf:149 - Loading quentinll/lewm-pusht from local cache...
2026-07-12 17:40:39.151 | INFO     | stable_worldmodel.wm.utils:_resolve_folder:137 - Loading checkpoint from folder /lustre/home/ha676/.stable_worldmodel/checkpoints/models--quentinll--lewm-pusht...
/lustre/home/ha676/le-wm/.venv/lib/python3.11/site-packages/stable_worldmodel/wm/utils.py:80: FutureWarning: You are using `torch.load` with `weights_only=False` (the current default value), which uses the default pickle module implicitly. It is possible to construct malicious pickle data which will execute arbitrary code during unpickling (See https://github.com/pytorch/pytorch/blob/main/SECURITY.md#untrusted-models for more details). In a future release, the default value for `weights_only` will be flipped to `True`. This limits the functions that could be executed during unpickling. Arbitrary objects will no longer be allowed to be loaded via this mode unless they are explicitly allowlisted by the user via `torch.serialization.add_safe_globals`. We recommend you start setting `weights_only=True` for any use case where you don't have full control of the loaded file. Please open an issue on GitHub for any issues related to this experimental feature.
  state_dict = torch.load(checkpoint_path, map_location='cpu')
17:40:50 | INFO  | atomic_chec~| [atomic_save] installed crash-safe checkpoint plugin (write to sibling .tmp + fsync + atomic rename)
17:40:50 | INFO  | utils.py    | Created ViT-tiny from scratch with config: {'hidden_size': 192, 'num_hidden_layers': 12, 'num_attention_heads': 3, 'intermediate_size': 768, 'image_size': 224, 'patch_size': 14}
[model] frozen LeWM (18.03M), device=cuda, training=False, subgoal=specaccept
[gdm] planner from gdm_stride10.pt: head=53.34M, N=3 WG=1 gamma=1.0 T=1000 sampler=ddim/8-steps param=eps schedule=linear norm=standardize
17:40:55 | INFO  | __init__.py | Cached 'action' from '/lustre/home/ha676/data/pusht/pusht_expert_train.h5'
17:41:09 | INFO  | __init__.py | Cached 'proprio' from '/lustre/home/ha676/data/pusht/pusht_expert_train.h5'
17:41:22 | INFO  | __init__.py | Cached 'state' from '/lustre/home/ha676/data/pusht/pusht_expert_train.h5'
/lustre/home/ha676/le-wm/.venv/lib/python3.11/site-packages/gymnasium/spaces/box.py:415: UserWarning: [33mWARN: Casting input x to numpy array.[0m
  gym.logger.warn("Casting input x to numpy array.")
/lustre/home/ha676/le-wm/.venv/lib/python3.11/site-packages/gymnasium/utils/passive_env_checker.py:157: UserWarning: [33mWARN: The obs returned by the `step()` method is not within the observation space.[0m
  logger.warn(f"{pre} is not within the observation space.")
/lustre/home/ha676/le-wm/.venv/lib/python3.11/site-packages/gymnasium/spaces/box.py:415: UserWarning: [33mWARN: Casting input x to numpy array.[0m
  gym.logger.warn("Casting input x to numpy array.")
/lustre/home/ha676/le-wm/.venv/lib/python3.11/site-packages/gymnasium/utils/passive_env_checker.py:157: UserWarning: [33mWARN: The obs returned by the `step()` method is not within the observation space.[0m
  logger.warn(f"{pre} is not within the observation space.")
[episodes-file] pusht.episodes150.json: 256 precomputed pairs (goal_offset=150, seed=42, eval_filter=None) -- sample_long/short bypassed
[eval] mode=long start=final num_eval=256 goal_offset=150 budget=300 eval_filter=none
[eval] episodes_idx[:5]=[636, 688, 700, 834, 850] start_steps[:5]=[7, 7, 7, 34, 34]
[PIN] success = pos_diff<20 [block xy only (paper)] AND angle<20deg
CEM solve time: 54.7949 seconds
CEM solve time: 53.4988 seconds
CEM solve time: 53.4996 seconds
CEM solve time: 53.2623 seconds
CEM solve time: 52.4171 seconds
CEM solve time: 51.7492 seconds
CEM solve time: 50.6648 seconds
CEM solve time: 49.6496 seconds
CEM solve time: 48.1481 seconds
CEM solve time: 45.5804 seconds
CEM solve time: 42.9691 seconds
CEM solve time: 39.8028 seconds
CEM solve time: 37.4591 seconds
CEM solve time: 34.4542 seconds
CEM solve time: 31.0539 seconds
CEM solve time: 28.4323 seconds
CEM solve time: 27.3679 seconds
CEM solve time: 26.2911 seconds
CEM solve time: 25.4741 seconds
CEM solve time: 24.7706 seconds
CEM solve time: 23.9538 seconds
CEM solve time: 23.5426 seconds
CEM solve time: 23.3328 seconds
CEM solve time: 23.3217 seconds
CEM solve time: 23.3062 seconds
CEM solve time: 23.3255 seconds
CEM solve time: 23.1031 seconds
CEM solve time: 23.1118 seconds
CEM solve time: 22.8871 seconds
CEM solve time: 22.6725 seconds
[RESULT] score=block angle=20deg  SR=58.59%  (150/256)
[specaccept] tau=0.2 gdm_steps=8 re-drafts=2563 advances=2410 rejects=1724 call_ratio=0.515 (every-step=1.000; lower = fewer diffusion calls)
[PIN] success = pos_diff<20 [block xy only (paper)] AND angle<5deg
CEM solve time: 54.7253 seconds
CEM solve time: 53.8866 seconds
CEM solve time: 53.7007 seconds
CEM solve time: 53.5057 seconds
CEM solve time: 53.4964 seconds
CEM solve time: 52.8600 seconds
CEM solve time: 52.8880 seconds
CEM solve time: 52.3865 seconds
CEM solve time: 52.2077 seconds
CEM solve time: 50.9313 seconds
CEM solve time: 49.2226 seconds
CEM solve time: 47.3006 seconds
CEM solve time: 44.1195 seconds
CEM solve time: 41.7496 seconds
CEM solve time: 39.1585 seconds
CEM solve time: 36.1665 seconds
CEM solve time: 34.6750 seconds
CEM solve time: 33.3819 seconds
CEM solve time: 32.0918 seconds
CEM solve time: 31.4492 seconds
CEM solve time: 31.0223 seconds
CEM solve time: 30.3906 seconds
CEM solve time: 29.9527 seconds
CEM solve time: 29.9617 seconds
CEM solve time: 29.7214 seconds
CEM solve time: 28.8867 seconds
CEM solve time: 28.2356 seconds
CEM solve time: 28.2515 seconds
CEM solve time: 28.2531 seconds
CEM solve time: 28.0435 seconds
[RESULT] score=block angle=5deg  SR=48.83%  (125/256)
[specaccept] tau=0.2 gdm_steps=8 re-drafts=2888 advances=2779 rejects=1942 call_ratio=0.510 (every-step=1.000; lower = fewer diffusion calls)

==== FF-JEPA eval summary ====
mode=long subgoal=specaccept num_eval=256 seed=43 cem_seed=43 eval_filter=none
  score=block   20deg :  58.59%  (150/256)
  score=block    5deg :  48.83%  (125/256)
