=== pusht-hz-s5 arm=s10spec offset=100 budget=200 seed=43 ===
/lustre/home/ha676/le-wm/.venv/lib/python3.11/site-packages/stable_worldmodel/envs/__init__.py:215: UserWarning: ale-py not found; ALE/* envs are unavailable. Install with: pip install 'stable-worldmodel[env]' or pip install ale-py.
  from stable_worldmodel.envs import ale  # noqa: F401
2026-07-13 01:30:28.610 | INFO     | stable_worldmodel.wm.utils:_resolve_hf:149 - Loading quentinll/lewm-pusht from local cache...
2026-07-13 01:30:28.611 | INFO     | stable_worldmodel.wm.utils:_resolve_folder:137 - Loading checkpoint from folder /lustre/home/ha676/.stable_worldmodel/checkpoints/models--quentinll--lewm-pusht...
/lustre/home/ha676/le-wm/.venv/lib/python3.11/site-packages/stable_worldmodel/wm/utils.py:80: FutureWarning: You are using `torch.load` with `weights_only=False` (the current default value), which uses the default pickle module implicitly. It is possible to construct malicious pickle data which will execute arbitrary code during unpickling (See https://github.com/pytorch/pytorch/blob/main/SECURITY.md#untrusted-models for more details). In a future release, the default value for `weights_only` will be flipped to `True`. This limits the functions that could be executed during unpickling. Arbitrary objects will no longer be allowed to be loaded via this mode unless they are explicitly allowlisted by the user via `torch.serialization.add_safe_globals`. We recommend you start setting `weights_only=True` for any use case where you don't have full control of the loaded file. Please open an issue on GitHub for any issues related to this experimental feature.
  state_dict = torch.load(checkpoint_path, map_location='cpu')
01:30:34 | INFO  | atomic_chec~| [atomic_save] installed crash-safe checkpoint plugin (write to sibling .tmp + fsync + atomic rename)
01:30:35 | INFO  | utils.py    | Created ViT-tiny from scratch with config: {'hidden_size': 192, 'num_hidden_layers': 12, 'num_attention_heads': 3, 'intermediate_size': 768, 'image_size': 224, 'patch_size': 14}
[model] frozen LeWM (18.03M), device=cuda, training=False, subgoal=specaccept
[gdm] planner from gdm_stride10.pt: head=53.34M, N=3 WG=1 gamma=1.0 T=1000 sampler=ddim/8-steps param=eps schedule=linear norm=standardize
01:30:36 | INFO  | __init__.py | Cached 'action' from '/lustre/home/ha676/data/pusht/pusht_expert_train.h5'
01:30:36 | INFO  | __init__.py | Cached 'proprio' from '/lustre/home/ha676/data/pusht/pusht_expert_train.h5'
01:30:36 | INFO  | __init__.py | Cached 'state' from '/lustre/home/ha676/data/pusht/pusht_expert_train.h5'
/lustre/home/ha676/le-wm/.venv/lib/python3.11/site-packages/gymnasium/spaces/box.py:415: UserWarning: [33mWARN: Casting input x to numpy array.[0m
  gym.logger.warn("Casting input x to numpy array.")
/lustre/home/ha676/le-wm/.venv/lib/python3.11/site-packages/gymnasium/spaces/box.py:415: UserWarning: [33mWARN: Casting input x to numpy array.[0m
  gym.logger.warn("Casting input x to numpy array.")
[episodes-file] pusht.episodes150s5as100.json: 256 precomputed pairs (goal_offset=100, seed=42, eval_filter=success5) -- sample_long/short bypassed
[eval] mode=long start=final num_eval=256 goal_offset=100 budget=200 eval_filter=none
[eval] episodes_idx[:5]=[618, 812, 816, 843, 863] start_steps[:5]=[57, 84, 84, 84, 84]
[PIN] success = pos_diff<20 [block xy only (paper)] AND angle<20deg
CEM solve time: 54.8188 seconds
CEM solve time: 53.5112 seconds
CEM solve time: 53.0761 seconds
CEM solve time: 51.7825 seconds
CEM solve time: 47.0098 seconds
CEM solve time: 39.8068 seconds
CEM solve time: 31.2457 seconds
CEM solve time: 25.4720 seconds
CEM solve time: 18.6191 seconds
CEM solve time: 11.7733 seconds
CEM solve time: 6.8494 seconds
CEM solve time: 4.9233 seconds
CEM solve time: 3.2122 seconds
CEM solve time: 2.3557 seconds
CEM solve time: 1.4990 seconds
CEM solve time: 1.2876 seconds
CEM solve time: 1.0720 seconds
CEM solve time: 1.0723 seconds
CEM solve time: 0.8583 seconds
CEM solve time: 0.6439 seconds
[RESULT] score=block angle=20deg  SR=99.22%  (254/256)
[specaccept] tau=0.2 gdm_steps=8 re-drafts=1036 advances=884 rejects=645 call_ratio=0.540 (every-step=1.000; lower = fewer diffusion calls)
[PIN] success = pos_diff<20 [block xy only (paper)] AND angle<5deg
CEM solve time: 54.8238 seconds
CEM solve time: 54.5885 seconds
CEM solve time: 54.5124 seconds
CEM solve time: 53.8741 seconds
CEM solve time: 51.9614 seconds
CEM solve time: 47.0108 seconds
CEM solve time: 42.8859 seconds
CEM solve time: 36.9415 seconds
CEM solve time: 29.2353 seconds
CEM solve time: 21.1270 seconds
CEM solve time: 15.9939 seconds
CEM solve time: 12.5903 seconds
CEM solve time: 9.6034 seconds
CEM solve time: 8.1077 seconds
CEM solve time: 6.1904 seconds
CEM solve time: 4.4847 seconds
CEM solve time: 3.8420 seconds
CEM solve time: 3.4167 seconds
CEM solve time: 2.7773 seconds
CEM solve time: 2.1360 seconds
[RESULT] score=block angle=5deg  SR=96.88%  (248/256)
[specaccept] tau=0.2 gdm_steps=8 re-drafts=1307 advances=1108 rejects=879 call_ratio=0.541 (every-step=1.000; lower = fewer diffusion calls)

==== FF-JEPA eval summary ====
mode=long subgoal=specaccept num_eval=256 seed=43 cem_seed=43 eval_filter=none
  score=block   20deg :  99.22%  (254/256)
  score=block    5deg :  96.88%  (248/256)
