/lustre/home/ha676/le-wm/.venv/lib/python3.11/site-packages/stable_worldmodel/envs/__init__.py:215: UserWarning: ale-py not found; ALE/* envs are unavailable. Install with: pip install 'stable-worldmodel[env]' or pip install ale-py.
  from stable_worldmodel.envs import ale  # noqa: F401
2026-07-12 23:28:29.187 | INFO     | stable_worldmodel.wm.utils:_resolve_hf:149 - Loading quentinll/lewm-pusht from local cache...
2026-07-12 23:28:29.187 | INFO     | stable_worldmodel.wm.utils:_resolve_folder:137 - Loading checkpoint from folder /lustre/home/ha676/.stable_worldmodel/checkpoints/models--quentinll--lewm-pusht...
/lustre/home/ha676/le-wm/.venv/lib/python3.11/site-packages/stable_worldmodel/wm/utils.py:80: FutureWarning: You are using `torch.load` with `weights_only=False` (the current default value), which uses the default pickle module implicitly. It is possible to construct malicious pickle data which will execute arbitrary code during unpickling (See https://github.com/pytorch/pytorch/blob/main/SECURITY.md#untrusted-models for more details). In a future release, the default value for `weights_only` will be flipped to `True`. This limits the functions that could be executed during unpickling. Arbitrary objects will no longer be allowed to be loaded via this mode unless they are explicitly allowlisted by the user via `torch.serialization.add_safe_globals`. We recommend you start setting `weights_only=True` for any use case where you don't have full control of the loaded file. Please open an issue on GitHub for any issues related to this experimental feature.
  state_dict = torch.load(checkpoint_path, map_location='cpu')
23:28:34 | INFO  | atomic_chec~| [atomic_save] installed crash-safe checkpoint plugin (write to sibling .tmp + fsync + atomic rename)
23:28:34 | INFO  | utils.py    | Created ViT-tiny from scratch with config: {'hidden_size': 192, 'num_hidden_layers': 12, 'num_attention_heads': 3, 'intermediate_size': 768, 'image_size': 224, 'patch_size': 14}
[model] frozen LeWM (18.03M), device=cuda, training=False, subgoal=specaccept
[gdm] planner from gdm_stride10.pt: head=53.34M, N=3 WG=1 gamma=1.0 T=1000 sampler=ddim/1-steps param=eps schedule=linear norm=standardize
23:28:35 | INFO  | __init__.py | Cached 'action' from '/lustre/home/ha676/data/pusht/pusht_expert_train.h5'
23:28:35 | INFO  | __init__.py | Cached 'proprio' from '/lustre/home/ha676/data/pusht/pusht_expert_train.h5'
23:28:35 | INFO  | __init__.py | Cached 'state' from '/lustre/home/ha676/data/pusht/pusht_expert_train.h5'
/lustre/home/ha676/le-wm/.venv/lib/python3.11/site-packages/gymnasium/spaces/box.py:415: UserWarning: [33mWARN: Casting input x to numpy array.[0m
  gym.logger.warn("Casting input x to numpy array.")
/lustre/home/ha676/le-wm/.venv/lib/python3.11/site-packages/gymnasium/utils/passive_env_checker.py:157: UserWarning: [33mWARN: The obs returned by the `step()` method is not within the observation space.[0m
  logger.warn(f"{pre} is not within the observation space.")
/lustre/home/ha676/le-wm/.venv/lib/python3.11/site-packages/gymnasium/spaces/box.py:415: UserWarning: [33mWARN: Casting input x to numpy array.[0m
  gym.logger.warn("Casting input x to numpy array.")
/lustre/home/ha676/le-wm/.venv/lib/python3.11/site-packages/gymnasium/utils/passive_env_checker.py:157: UserWarning: [33mWARN: The obs returned by the `step()` method is not within the observation space.[0m
  logger.warn(f"{pre} is not within the observation space.")
[episodes-file] pusht.episodes150as100.json: 256 precomputed pairs (goal_offset=100, seed=42, eval_filter=None) -- sample_long/short bypassed
[eval] mode=long start=final num_eval=256 goal_offset=100 budget=200 eval_filter=none
[eval] episodes_idx[:5]=[636, 688, 700, 834, 850] start_steps[:5]=[57, 57, 57, 84, 84]
[PIN] success = pos_diff<20 [block xy only (paper)] AND angle<20deg
CEM solve time: 54.8161 seconds
CEM solve time: 47.5084 seconds
CEM solve time: 47.2337 seconds
CEM solve time: 45.1481 seconds
CEM solve time: 43.6797 seconds
CEM solve time: 40.4473 seconds
CEM solve time: 37.6678 seconds
CEM solve time: 35.9472 seconds
CEM solve time: 34.2404 seconds
CEM solve time: 32.2739 seconds
CEM solve time: 31.4575 seconds
CEM solve time: 30.4052 seconds
CEM solve time: 29.5476 seconds
CEM solve time: 27.9830 seconds
CEM solve time: 27.1859 seconds
CEM solve time: 26.5393 seconds
CEM solve time: 26.1057 seconds
CEM solve time: 25.4676 seconds
CEM solve time: 25.0414 seconds
CEM solve time: 24.6219 seconds
[RESULT] score=block angle=20deg  SR=55.86%  (143/256)
[specaccept] tau=0.2 gdm_steps=1 re-drafts=3240 advances=0 rejects=2984 call_ratio=1.000 (every-step=1.000; lower = fewer diffusion calls)
[PIN] success = pos_diff<20 [block xy only (paper)] AND angle<5deg
CEM solve time: 54.7586 seconds
CEM solve time: 50.3206 seconds
CEM solve time: 50.0786 seconds
CEM solve time: 49.6515 seconds
CEM solve time: 48.3986 seconds
CEM solve time: 47.0429 seconds
CEM solve time: 44.7849 seconds
CEM solve time: 42.7983 seconds
CEM solve time: 40.8133 seconds
CEM solve time: 38.9514 seconds
CEM solve time: 37.2546 seconds
CEM solve time: 36.8127 seconds
CEM solve time: 34.8303 seconds
CEM solve time: 34.2648 seconds
CEM solve time: 33.4209 seconds
CEM solve time: 33.1733 seconds
CEM solve time: 32.5100 seconds
CEM solve time: 32.2993 seconds
CEM solve time: 31.6781 seconds
CEM solve time: 31.0769 seconds
[RESULT] score=block angle=5deg  SR=44.92%  (115/256)
[specaccept] tau=0.2 gdm_steps=1 re-drafts=3761 advances=0 rejects=3505 call_ratio=1.000 (every-step=1.000; lower = fewer diffusion calls)

==== FF-JEPA eval summary ====
mode=long subgoal=specaccept num_eval=256 seed=42 cem_seed=42 eval_filter=none
  score=block   20deg :  55.86%  (143/256)
  score=block    5deg :  44.92%  (115/256)
