=== gamma-sweep: gamma=1.0 S=10 RH=2 seed=43 (t150, budget 300, n=256) ===
/lustre/home/ha676/le-wm/.venv/lib/python3.11/site-packages/stable_worldmodel/envs/__init__.py:215: UserWarning: ale-py not found; ALE/* envs are unavailable. Install with: pip install 'stable-worldmodel[env]' or pip install ale-py.
  from stable_worldmodel.envs import ale  # noqa: F401
2026-07-12 19:05:42.232 | INFO     | stable_worldmodel.wm.utils:_resolve_hf:149 - Loading quentinll/lewm-pusht from local cache...
2026-07-12 19:05:42.233 | INFO     | stable_worldmodel.wm.utils:_resolve_folder:137 - Loading checkpoint from folder /lustre/home/ha676/.stable_worldmodel/checkpoints/models--quentinll--lewm-pusht...
/lustre/home/ha676/le-wm/.venv/lib/python3.11/site-packages/stable_worldmodel/wm/utils.py:80: FutureWarning: You are using `torch.load` with `weights_only=False` (the current default value), which uses the default pickle module implicitly. It is possible to construct malicious pickle data which will execute arbitrary code during unpickling (See https://github.com/pytorch/pytorch/blob/main/SECURITY.md#untrusted-models for more details). In a future release, the default value for `weights_only` will be flipped to `True`. This limits the functions that could be executed during unpickling. Arbitrary objects will no longer be allowed to be loaded via this mode unless they are explicitly allowlisted by the user via `torch.serialization.add_safe_globals`. We recommend you start setting `weights_only=True` for any use case where you don't have full control of the loaded file. Please open an issue on GitHub for any issues related to this experimental feature.
  state_dict = torch.load(checkpoint_path, map_location='cpu')
19:05:48 | INFO  | atomic_chec~| [atomic_save] installed crash-safe checkpoint plugin (write to sibling .tmp + fsync + atomic rename)
19:05:48 | INFO  | utils.py    | Created ViT-tiny from scratch with config: {'hidden_size': 192, 'num_hidden_layers': 12, 'num_attention_heads': 3, 'intermediate_size': 768, 'image_size': 224, 'patch_size': 14}
[model] frozen LeWM (18.03M), device=cuda, training=False, subgoal=gdm
[gdm] planner from gdm_stride10.pt: head=53.34M, N=3 WG=1 gamma=1.0 T=1000 sampler=ddim/50-steps param=eps schedule=linear norm=standardize
19:05:49 | INFO  | __init__.py | Cached 'action' from '/lustre/home/ha676/data/pusht/pusht_expert_train.h5'
19:05:49 | INFO  | __init__.py | Cached 'proprio' from '/lustre/home/ha676/data/pusht/pusht_expert_train.h5'
19:05:49 | INFO  | __init__.py | Cached 'state' from '/lustre/home/ha676/data/pusht/pusht_expert_train.h5'
/lustre/home/ha676/le-wm/.venv/lib/python3.11/site-packages/gymnasium/spaces/box.py:415: UserWarning: [33mWARN: Casting input x to numpy array.[0m
  gym.logger.warn("Casting input x to numpy array.")
/lustre/home/ha676/le-wm/.venv/lib/python3.11/site-packages/gymnasium/utils/passive_env_checker.py:157: UserWarning: [33mWARN: The obs returned by the `step()` method is not within the observation space.[0m
  logger.warn(f"{pre} is not within the observation space.")
/lustre/home/ha676/le-wm/.venv/lib/python3.11/site-packages/gymnasium/spaces/box.py:415: UserWarning: [33mWARN: Casting input x to numpy array.[0m
  gym.logger.warn("Casting input x to numpy array.")
/lustre/home/ha676/le-wm/.venv/lib/python3.11/site-packages/gymnasium/utils/passive_env_checker.py:157: UserWarning: [33mWARN: The obs returned by the `step()` method is not within the observation space.[0m
  logger.warn(f"{pre} is not within the observation space.")
[episodes-file] pusht.episodes150.json: 256 precomputed pairs (goal_offset=150, seed=42, eval_filter=None) -- sample_long/short bypassed
[eval] mode=long start=final num_eval=256 goal_offset=150 budget=300 eval_filter=none
[eval] episodes_idx[:5]=[636, 688, 700, 834, 850] start_steps[:5]=[7, 7, 7, 34, 34]
[PIN] success = pos_diff<20 [block xy only (paper)] AND angle<20deg
CEM solve time: 54.7024 seconds
CEM solve time: 53.3972 seconds
CEM solve time: 53.2127 seconds
CEM solve time: 53.1664 seconds
CEM solve time: 52.3179 seconds
CEM solve time: 51.4401 seconds
CEM solve time: 50.6526 seconds
CEM solve time: 49.9587 seconds
CEM solve time: 48.9017 seconds
CEM solve time: 46.3144 seconds
CEM solve time: 43.3190 seconds
CEM solve time: 41.4513 seconds
CEM solve time: 37.3481 seconds
CEM solve time: 35.4308 seconds
CEM solve time: 32.8470 seconds
CEM solve time: 28.6206 seconds
CEM solve time: 27.3173 seconds
CEM solve time: 26.0326 seconds
CEM solve time: 24.7568 seconds
CEM solve time: 24.1201 seconds
CEM solve time: 23.7075 seconds
CEM solve time: 23.0617 seconds
CEM solve time: 22.8482 seconds
CEM solve time: 22.8423 seconds
CEM solve time: 22.4165 seconds
CEM solve time: 22.4164 seconds
CEM solve time: 22.4141 seconds
CEM solve time: 22.2071 seconds
CEM solve time: 22.2146 seconds
CEM solve time: 22.2058 seconds
[RESULT] score=block angle=20deg  SR=59.38%  (152/256)
[PIN] success = pos_diff<20 [block xy only (paper)] AND angle<5deg
CEM solve time: 54.6342 seconds
CEM solve time: 53.8146 seconds
CEM solve time: 53.8138 seconds
CEM solve time: 53.5208 seconds
CEM solve time: 53.3050 seconds
CEM solve time: 53.0983 seconds
CEM solve time: 52.6836 seconds
CEM solve time: 52.4564 seconds
CEM solve time: 51.8234 seconds
CEM solve time: 50.3368 seconds
CEM solve time: 48.4202 seconds
CEM solve time: 46.4978 seconds
CEM solve time: 43.2896 seconds
CEM solve time: 40.5051 seconds
CEM solve time: 38.6296 seconds
CEM solve time: 35.1806 seconds
CEM solve time: 33.6914 seconds
CEM solve time: 32.4057 seconds
CEM solve time: 30.4814 seconds
CEM solve time: 29.8375 seconds
CEM solve time: 29.4031 seconds
CEM solve time: 28.3376 seconds
CEM solve time: 28.3435 seconds
CEM solve time: 28.1250 seconds
CEM solve time: 27.9082 seconds
CEM solve time: 27.5158 seconds
CEM solve time: 26.8575 seconds
CEM solve time: 26.6355 seconds
CEM solve time: 26.6546 seconds
CEM solve time: 26.6501 seconds
[RESULT] score=block angle=5deg  SR=51.17%  (131/256)

==== FF-JEPA eval summary ====
mode=long subgoal=gdm num_eval=256 seed=43 cem_seed=43 eval_filter=none
  score=block   20deg :  59.38%  (152/256)
  score=block    5deg :  51.17%  (131/256)
