=== gamma-sweep: gamma=0 S=25 RH=5 seed=42 (t150, budget 300, n=256) ===
/lustre/home/ha676/le-wm/.venv/lib/python3.11/site-packages/stable_worldmodel/envs/__init__.py:215: UserWarning: ale-py not found; ALE/* envs are unavailable. Install with: pip install 'stable-worldmodel[env]' or pip install ale-py.
  from stable_worldmodel.envs import ale  # noqa: F401
2026-07-12 18:02:52.570 | INFO     | stable_worldmodel.wm.utils:_resolve_hf:149 - Loading quentinll/lewm-pusht from local cache...
2026-07-12 18:02:52.571 | INFO     | stable_worldmodel.wm.utils:_resolve_folder:137 - Loading checkpoint from folder /lustre/home/ha676/.stable_worldmodel/checkpoints/models--quentinll--lewm-pusht...
/lustre/home/ha676/le-wm/.venv/lib/python3.11/site-packages/stable_worldmodel/wm/utils.py:80: FutureWarning: You are using `torch.load` with `weights_only=False` (the current default value), which uses the default pickle module implicitly. It is possible to construct malicious pickle data which will execute arbitrary code during unpickling (See https://github.com/pytorch/pytorch/blob/main/SECURITY.md#untrusted-models for more details). In a future release, the default value for `weights_only` will be flipped to `True`. This limits the functions that could be executed during unpickling. Arbitrary objects will no longer be allowed to be loaded via this mode unless they are explicitly allowlisted by the user via `torch.serialization.add_safe_globals`. We recommend you start setting `weights_only=True` for any use case where you don't have full control of the loaded file. Please open an issue on GitHub for any issues related to this experimental feature.
  state_dict = torch.load(checkpoint_path, map_location='cpu')
18:02:58 | INFO  | atomic_chec~| [atomic_save] installed crash-safe checkpoint plugin (write to sibling .tmp + fsync + atomic rename)
18:02:58 | INFO  | utils.py    | Created ViT-tiny from scratch with config: {'hidden_size': 192, 'num_hidden_layers': 12, 'num_attention_heads': 3, 'intermediate_size': 768, 'image_size': 224, 'patch_size': 14}
[model] frozen LeWM (18.03M), device=cuda, training=False, subgoal=gdm
[gdm] planner from gdm_stride25.pt: head=53.34M, N=3 WG=1 gamma=0.0 T=1000 sampler=ddim/50-steps param=eps schedule=linear norm=standardize
18:02:59 | INFO  | __init__.py | Cached 'action' from '/lustre/home/ha676/data/pusht/pusht_expert_train.h5'
18:02:59 | INFO  | __init__.py | Cached 'proprio' from '/lustre/home/ha676/data/pusht/pusht_expert_train.h5'
18:02:59 | INFO  | __init__.py | Cached 'state' from '/lustre/home/ha676/data/pusht/pusht_expert_train.h5'
/lustre/home/ha676/le-wm/.venv/lib/python3.11/site-packages/gymnasium/spaces/box.py:415: UserWarning: [33mWARN: Casting input x to numpy array.[0m
  gym.logger.warn("Casting input x to numpy array.")
/lustre/home/ha676/le-wm/.venv/lib/python3.11/site-packages/gymnasium/utils/passive_env_checker.py:157: UserWarning: [33mWARN: The obs returned by the `step()` method is not within the observation space.[0m
  logger.warn(f"{pre} is not within the observation space.")
/lustre/home/ha676/le-wm/.venv/lib/python3.11/site-packages/gymnasium/spaces/box.py:415: UserWarning: [33mWARN: Casting input x to numpy array.[0m
  gym.logger.warn("Casting input x to numpy array.")
/lustre/home/ha676/le-wm/.venv/lib/python3.11/site-packages/gymnasium/utils/passive_env_checker.py:157: UserWarning: [33mWARN: The obs returned by the `step()` method is not within the observation space.[0m
  logger.warn(f"{pre} is not within the observation space.")
[episodes-file] pusht.episodes150.json: 256 precomputed pairs (goal_offset=150, seed=42, eval_filter=None) -- sample_long/short bypassed
[eval] mode=long start=final num_eval=256 goal_offset=150 budget=300 eval_filter=none
[eval] episodes_idx[:5]=[636, 688, 700, 834, 850] start_steps[:5]=[7, 7, 7, 34, 34]
[PIN] success = pos_diff<20 [block xy only (paper)] AND angle<20deg
CEM solve time: 146.7028 seconds
CEM solve time: 143.2322 seconds
CEM solve time: 140.9769 seconds
CEM solve time: 133.5157 seconds
CEM solve time: 116.2030 seconds
CEM solve time: 103.1178 seconds
CEM solve time: 92.2795 seconds
CEM solve time: 88.2247 seconds
CEM solve time: 85.3083 seconds
CEM solve time: 81.8899 seconds
CEM solve time: 80.1792 seconds
CEM solve time: 77.9180 seconds
[RESULT] score=block angle=20deg  SR=47.66%  (122/256)
[PIN] success = pos_diff<20 [block xy only (paper)] AND angle<5deg
CEM solve time: 146.8711 seconds
CEM solve time: 144.4431 seconds
CEM solve time: 142.6609 seconds
CEM solve time: 139.2721 seconds
CEM solve time: 129.5319 seconds
CEM solve time: 119.7620 seconds
CEM solve time: 111.7636 seconds
CEM solve time: 106.6131 seconds
CEM solve time: 100.8493 seconds
CEM solve time: 99.6833 seconds
CEM solve time: 97.9286 seconds
CEM solve time: 95.0408 seconds
[RESULT] score=block angle=5deg  SR=36.72%  (94/256)

==== FF-JEPA eval summary ====
mode=long subgoal=gdm num_eval=256 seed=42 cem_seed=42 eval_filter=none
  score=block   20deg :  47.66%  (122/256)
  score=block    5deg :  36.72%  (94/256)
=== offline diag at gamma=0 (joint-plot x-axis; seed-42 task only) ===
/lustre/home/ha676/le-wm/.venv/lib/python3.11/site-packages/stable_worldmodel/envs/__init__.py:215: UserWarning: ale-py not found; ALE/* envs are unavailable. Install with: pip install 'stable-worldmodel[env]' or pip install ale-py.
  from stable_worldmodel.envs import ale  # noqa: F401
2026-07-12 18:55:40.041 | INFO     | stable_worldmodel.wm.utils:_resolve_hf:149 - Loading quentinll/lewm-pusht from local cache...
2026-07-12 18:55:40.041 | INFO     | stable_worldmodel.wm.utils:_resolve_folder:137 - Loading checkpoint from folder /lustre/home/ha676/.stable_worldmodel/checkpoints/models--quentinll--lewm-pusht...
/lustre/home/ha676/le-wm/.venv/lib/python3.11/site-packages/stable_worldmodel/wm/utils.py:80: FutureWarning: You are using `torch.load` with `weights_only=False` (the current default value), which uses the default pickle module implicitly. It is possible to construct malicious pickle data which will execute arbitrary code during unpickling (See https://github.com/pytorch/pytorch/blob/main/SECURITY.md#untrusted-models for more details). In a future release, the default value for `weights_only` will be flipped to `True`. This limits the functions that could be executed during unpickling. Arbitrary objects will no longer be allowed to be loaded via this mode unless they are explicitly allowlisted by the user via `torch.serialization.add_safe_globals`. We recommend you start setting `weights_only=True` for any use case where you don't have full control of the loaded file. Please open an issue on GitHub for any issues related to this experimental feature.
  state_dict = torch.load(checkpoint_path, map_location='cpu')
[gdm] N=3 WG=1 T=1000 sampler=ddim/50steps param=eps schedule=linear norm=standardize min_snr_gamma=0.0 head=53.3M
[GATE] A = teacher-forced x0_relerr (math check only). B = SAMPLED Probe B rel_err/cos_move (the fidelity arbiter).

[A: IN-DISTRIBUTION (stride-aligned condition)]
  rel_err  = 0.4894   (vs no-op baseline 1.2534; want << no-op)
  cos_pred = 0.7969   cos_move = 0.8720   (1.0 = perfect direction)
  collapse = 0.990   (<<1 => mode collapse)
  ||z_pred|| = 13.26   ||z_true|| = 13.39   (native ~13.9)

[C: TEACHER-FORCED DENOISING (true target + known noise @ t)] [param=eps schedule=linear]
   pred_mse -> 0 = perfect regression; x0_relerr = the latent CEM sees.
   eps-param: x0_relerr RISES with t (1/sqrt(acp) amplification, intrinsic).
   v-param:   x0_relerr stays flat-low across t BY CONSTRUCTION (GATE A only).
       t   eps_mse  x0_relerr(seq)  x0_relerr(next)
      50    0.0345          0.0330           0.0333
     200    0.0145          0.0871           0.0819
     400    0.0073          0.1719           0.1549
     600    0.0029          0.3156           0.2790
     800    0.0004          0.4921           0.4493
18:55:46 | INFO  | atomic_chec~| [atomic_save] installed crash-safe checkpoint plugin (write to sibling .tmp + fsync + atomic rename)
18:55:46 | INFO  | utils.py    | Created ViT-tiny from scratch with config: {'hidden_size': 192, 'num_hidden_layers': 12, 'num_attention_heads': 3, 'intermediate_size': 768, 'image_size': 224, 'patch_size': 14}

[B: EVAL-DISTRIBUTION (arbitrary-phase E(frame) condition)]
  rel_err  = 0.6262   (vs no-op baseline 1.1405; want << no-op)
  cos_pred = 0.7083   cos_move = 0.7700   (1.0 = perfect direction)
  collapse = 0.985   (<<1 => mode collapse)
  ||z_pred|| = 13.63   ||z_true|| = 13.83   (native ~13.9)

[B-success: episode passed the 20deg filter (n=160/256)]
  rel_err  = 0.4631   (vs no-op baseline 1.2281; want << no-op)
  cos_pred = 0.8231   cos_move = 0.8859   (1.0 = perfect direction)
  collapse = 0.984   (<<1 => mode collapse)
  ||z_pred|| = 13.63   ||z_true|| = 13.84   (native ~13.9)

[B-failed: FAILED demos, off the training population (n=96/256)]
  rel_err  = 0.8980   (vs no-op baseline 0.9944; want << no-op)
  cos_pred = 0.5171   cos_move = 0.5769   (1.0 = perfect direction)
  collapse = 0.990   (<<1 => mode collapse)
  ||z_pred|| = 13.63   ||z_true|| = 13.81   (native ~13.9)

==== verdict ====
GATE B (SAMPLED Probe B rel_err/cos_move) is the fidelity arbiter for EVERY
'did it help' call below. Probe C (teacher-forced x0_relerr) is GATE A: a MATH
wiring check only, read differently per parameterization:
  [eps-param] Probe C x0_relerr RISES with t (1/sqrt(acp) amplification, intrinsic);
    low-t eps_mse~0 but mid/high-t x0 poor => amplification, not necessarily a bug.
    x0_relerr large even at LOW t => schedule/inversion BUG (fix before training).
A good + B bad  => phase/sliding-condition issue (rebuild dataset, retrain).
A ~= B-success >> B-failed => eval-set CONTAMINATION (H8): the probe/eval mix
    ~34-37% FAILED demos the success-trained GDM rightly mispredicts.
    Fix the EVAL episode set (--eval-filter success20), not the model.
A and B bad     => capacity/undertraining (train longer / more data).
collapse << 1   => model predicts ~mean subgoal regardless of input.
