/lustre/home/ha676/le-wm/.venv/lib/python3.11/site-packages/stable_worldmodel/envs/__init__.py:215: UserWarning: ale-py not found; ALE/* envs are unavailable. Install with: pip install 'stable-worldmodel[env]' or pip install ale-py.
  from stable_worldmodel.envs import ale  # noqa: F401
2026-07-12 19:43:08.067 | INFO     | stable_worldmodel.wm.utils:_resolve_hf:149 - Loading quentinll/lewm-pusht from local cache...
2026-07-12 19:43:08.067 | INFO     | stable_worldmodel.wm.utils:_resolve_folder:137 - Loading checkpoint from folder /lustre/home/ha676/.stable_worldmodel/checkpoints/models--quentinll--lewm-pusht...
/lustre/home/ha676/le-wm/.venv/lib/python3.11/site-packages/stable_worldmodel/wm/utils.py:80: FutureWarning: You are using `torch.load` with `weights_only=False` (the current default value), which uses the default pickle module implicitly. It is possible to construct malicious pickle data which will execute arbitrary code during unpickling (See https://github.com/pytorch/pytorch/blob/main/SECURITY.md#untrusted-models for more details). In a future release, the default value for `weights_only` will be flipped to `True`. This limits the functions that could be executed during unpickling. Arbitrary objects will no longer be allowed to be loaded via this mode unless they are explicitly allowlisted by the user via `torch.serialization.add_safe_globals`. We recommend you start setting `weights_only=True` for any use case where you don't have full control of the loaded file. Please open an issue on GitHub for any issues related to this experimental feature.
  state_dict = torch.load(checkpoint_path, map_location='cpu')
19:43:13 | INFO  | atomic_chec~| [atomic_save] installed crash-safe checkpoint plugin (write to sibling .tmp + fsync + atomic rename)
19:43:13 | INFO  | utils.py    | Created ViT-tiny from scratch with config: {'hidden_size': 192, 'num_hidden_layers': 12, 'num_attention_heads': 3, 'intermediate_size': 768, 'image_size': 224, 'patch_size': 14}
[model] frozen LeWM (18.03M), device=cuda, training=False, subgoal=gdm
[gdm] planner from gdm_stride10.pt: head=53.34M, N=3 WG=1 gamma=1.25 T=1000 sampler=ddim/50-steps param=eps schedule=linear norm=standardize
19:43:14 | INFO  | __init__.py | Cached 'action' from '/lustre/home/ha676/data/pusht/pusht_expert_train.h5'
19:43:14 | INFO  | __init__.py | Cached 'proprio' from '/lustre/home/ha676/data/pusht/pusht_expert_train.h5'
19:43:14 | INFO  | __init__.py | Cached 'state' from '/lustre/home/ha676/data/pusht/pusht_expert_train.h5'
/lustre/home/ha676/le-wm/.venv/lib/python3.11/site-packages/gymnasium/spaces/box.py:415: UserWarning: [33mWARN: Casting input x to numpy array.[0m
  gym.logger.warn("Casting input x to numpy array.")
/lustre/home/ha676/le-wm/.venv/lib/python3.11/site-packages/gymnasium/utils/passive_env_checker.py:157: UserWarning: [33mWARN: The obs returned by the `step()` method is not within the observation space.[0m
  logger.warn(f"{pre} is not within the observation space.")
/lustre/home/ha676/le-wm/.venv/lib/python3.11/site-packages/gymnasium/spaces/box.py:415: UserWarning: [33mWARN: Casting input x to numpy array.[0m
  gym.logger.warn("Casting input x to numpy array.")
/lustre/home/ha676/le-wm/.venv/lib/python3.11/site-packages/gymnasium/utils/passive_env_checker.py:157: UserWarning: [33mWARN: The obs returned by the `step()` method is not within the observation space.[0m
  logger.warn(f"{pre} is not within the observation space.")
[episodes-file] pusht.episodes150.json: 256 precomputed pairs (goal_offset=150, seed=42, eval_filter=None) -- sample_long/short bypassed
[eval] mode=long start=final num_eval=256 goal_offset=150 budget=300 eval_filter=none
[eval] episodes_idx[:5]=[636, 688, 700, 834, 850] start_steps[:5]=[7, 7, 7, 34, 34]
[PIN] success = pos_diff<20 [block xy only (paper)] AND angle<20deg
CEM solve time: 54.8408 seconds
CEM solve time: 53.5470 seconds
CEM solve time: 53.0592 seconds
CEM solve time: 53.0611 seconds
CEM solve time: 52.2874 seconds
CEM solve time: 51.1946 seconds
CEM solve time: 50.0824 seconds
CEM solve time: 49.0554 seconds
CEM solve time: 47.7260 seconds
CEM solve time: 45.3739 seconds
CEM solve time: 43.0240 seconds
CEM solve time: 40.8608 seconds
CEM solve time: 38.3810 seconds
CEM solve time: 36.2365 seconds
CEM solve time: 33.8713 seconds
CEM solve time: 30.8367 seconds
CEM solve time: 28.4770 seconds
CEM solve time: 27.4083 seconds
CEM solve time: 24.6279 seconds
CEM solve time: 23.9878 seconds
CEM solve time: 23.5437 seconds
CEM solve time: 23.1212 seconds
CEM solve time: 22.7032 seconds
CEM solve time: 22.7089 seconds
CEM solve time: 22.4781 seconds
CEM solve time: 22.2752 seconds
CEM solve time: 22.2673 seconds
CEM solve time: 22.0332 seconds
CEM solve time: 21.8379 seconds
CEM solve time: 21.6299 seconds
[RESULT] score=block angle=20deg  SR=60.55%  (155/256)
[PIN] success = pos_diff<20 [block xy only (paper)] AND angle<5deg
CEM solve time: 54.7961 seconds
CEM solve time: 53.9563 seconds
CEM solve time: 53.9388 seconds
CEM solve time: 53.7804 seconds
CEM solve time: 53.5774 seconds
CEM solve time: 52.8770 seconds
CEM solve time: 52.4179 seconds
CEM solve time: 51.9871 seconds
CEM solve time: 51.2716 seconds
CEM solve time: 49.2279 seconds
CEM solve time: 47.6184 seconds
CEM solve time: 45.3848 seconds
CEM solve time: 43.1933 seconds
CEM solve time: 41.9595 seconds
CEM solve time: 39.1002 seconds
CEM solve time: 37.3934 seconds
CEM solve time: 36.1135 seconds
CEM solve time: 35.2904 seconds
CEM solve time: 34.4309 seconds
CEM solve time: 33.6020 seconds
CEM solve time: 33.1712 seconds
CEM solve time: 32.2929 seconds
CEM solve time: 32.0888 seconds
CEM solve time: 31.2444 seconds
CEM solve time: 31.0347 seconds
CEM solve time: 30.6067 seconds
CEM solve time: 29.9649 seconds
CEM solve time: 29.5360 seconds
CEM solve time: 28.6764 seconds
CEM solve time: 28.2537 seconds
[RESULT] score=block angle=5deg  SR=50.00%  (128/256)

==== FF-JEPA eval summary ====
mode=long subgoal=gdm num_eval=256 seed=42 cem_seed=42 eval_filter=none
  score=block   20deg :  60.55%  (155/256)
  score=block    5deg :  50.00%  (128/256)
