=== pusht-horizon arm=s10spec offset=150 budget=300 seed=42 ===
/lustre/home/ha676/le-wm/.venv/lib/python3.11/site-packages/stable_worldmodel/envs/__init__.py:215: UserWarning: ale-py not found; ALE/* envs are unavailable. Install with: pip install 'stable-worldmodel[env]' or pip install ale-py.
  from stable_worldmodel.envs import ale  # noqa: F401
2026-07-12 17:40:23.760 | INFO     | stable_worldmodel.wm.utils:_resolve_hf:149 - Loading quentinll/lewm-pusht from local cache...
2026-07-12 17:40:23.761 | INFO     | stable_worldmodel.wm.utils:_resolve_folder:137 - Loading checkpoint from folder /lustre/home/ha676/.stable_worldmodel/checkpoints/models--quentinll--lewm-pusht...
/lustre/home/ha676/le-wm/.venv/lib/python3.11/site-packages/stable_worldmodel/wm/utils.py:80: FutureWarning: You are using `torch.load` with `weights_only=False` (the current default value), which uses the default pickle module implicitly. It is possible to construct malicious pickle data which will execute arbitrary code during unpickling (See https://github.com/pytorch/pytorch/blob/main/SECURITY.md#untrusted-models for more details). In a future release, the default value for `weights_only` will be flipped to `True`. This limits the functions that could be executed during unpickling. Arbitrary objects will no longer be allowed to be loaded via this mode unless they are explicitly allowlisted by the user via `torch.serialization.add_safe_globals`. We recommend you start setting `weights_only=True` for any use case where you don't have full control of the loaded file. Please open an issue on GitHub for any issues related to this experimental feature.
  state_dict = torch.load(checkpoint_path, map_location='cpu')
17:40:39 | INFO  | atomic_chec~| [atomic_save] installed crash-safe checkpoint plugin (write to sibling .tmp + fsync + atomic rename)
17:40:39 | INFO  | utils.py    | Created ViT-tiny from scratch with config: {'hidden_size': 192, 'num_hidden_layers': 12, 'num_attention_heads': 3, 'intermediate_size': 768, 'image_size': 224, 'patch_size': 14}
[model] frozen LeWM (18.03M), device=cuda, training=False, subgoal=specaccept
[gdm] planner from gdm_stride10.pt: head=53.34M, N=3 WG=1 gamma=1.0 T=1000 sampler=ddim/8-steps param=eps schedule=linear norm=standardize
17:40:55 | INFO  | __init__.py | Cached 'action' from '/lustre/home/ha676/data/pusht/pusht_expert_train.h5'
17:41:09 | INFO  | __init__.py | Cached 'proprio' from '/lustre/home/ha676/data/pusht/pusht_expert_train.h5'
17:41:22 | INFO  | __init__.py | Cached 'state' from '/lustre/home/ha676/data/pusht/pusht_expert_train.h5'
/lustre/home/ha676/le-wm/.venv/lib/python3.11/site-packages/gymnasium/spaces/box.py:415: UserWarning: [33mWARN: Casting input x to numpy array.[0m
  gym.logger.warn("Casting input x to numpy array.")
/lustre/home/ha676/le-wm/.venv/lib/python3.11/site-packages/gymnasium/utils/passive_env_checker.py:157: UserWarning: [33mWARN: The obs returned by the `step()` method is not within the observation space.[0m
  logger.warn(f"{pre} is not within the observation space.")
/lustre/home/ha676/le-wm/.venv/lib/python3.11/site-packages/gymnasium/spaces/box.py:415: UserWarning: [33mWARN: Casting input x to numpy array.[0m
  gym.logger.warn("Casting input x to numpy array.")
/lustre/home/ha676/le-wm/.venv/lib/python3.11/site-packages/gymnasium/utils/passive_env_checker.py:157: UserWarning: [33mWARN: The obs returned by the `step()` method is not within the observation space.[0m
  logger.warn(f"{pre} is not within the observation space.")
[episodes-file] pusht.episodes150.json: 256 precomputed pairs (goal_offset=150, seed=42, eval_filter=None) -- sample_long/short bypassed
[eval] mode=long start=final num_eval=256 goal_offset=150 budget=300 eval_filter=none
[eval] episodes_idx[:5]=[636, 688, 700, 834, 850] start_steps[:5]=[7, 7, 7, 34, 34]
[PIN] success = pos_diff<20 [block xy only (paper)] AND angle<20deg
CEM solve time: 54.9334 seconds
CEM solve time: 53.6410 seconds
CEM solve time: 53.2076 seconds
CEM solve time: 53.0141 seconds
CEM solve time: 52.6363 seconds
CEM solve time: 51.6216 seconds
CEM solve time: 50.1682 seconds
CEM solve time: 49.1137 seconds
CEM solve time: 47.5954 seconds
CEM solve time: 45.8892 seconds
CEM solve time: 43.6999 seconds
CEM solve time: 41.3555 seconds
CEM solve time: 37.9511 seconds
CEM solve time: 33.8474 seconds
CEM solve time: 32.1636 seconds
CEM solve time: 28.9573 seconds
CEM solve time: 27.8309 seconds
CEM solve time: 26.7716 seconds
CEM solve time: 26.1942 seconds
CEM solve time: 25.7453 seconds
CEM solve time: 24.6627 seconds
CEM solve time: 23.8024 seconds
CEM solve time: 23.2111 seconds
CEM solve time: 23.1865 seconds
CEM solve time: 23.0042 seconds
CEM solve time: 23.0080 seconds
CEM solve time: 22.9951 seconds
CEM solve time: 22.9654 seconds
CEM solve time: 22.9785 seconds
CEM solve time: 22.7770 seconds
[RESULT] score=block angle=20deg  SR=58.59%  (150/256)
[specaccept] tau=0.2 gdm_steps=8 re-drafts=2592 advances=2391 rejects=1759 call_ratio=0.520 (every-step=1.000; lower = fewer diffusion calls)
[PIN] success = pos_diff<20 [block xy only (paper)] AND angle<5deg
CEM solve time: 54.9445 seconds
CEM solve time: 54.1043 seconds
CEM solve time: 53.7127 seconds
CEM solve time: 53.8124 seconds
CEM solve time: 53.3013 seconds
CEM solve time: 53.3398 seconds
CEM solve time: 53.1383 seconds
CEM solve time: 52.6601 seconds
CEM solve time: 51.7861 seconds
CEM solve time: 50.7341 seconds
CEM solve time: 48.3936 seconds
CEM solve time: 46.1600 seconds
CEM solve time: 43.5976 seconds
CEM solve time: 41.4835 seconds
CEM solve time: 37.5851 seconds
CEM solve time: 35.8997 seconds
CEM solve time: 33.7335 seconds
CEM solve time: 32.6706 seconds
CEM solve time: 32.2381 seconds
CEM solve time: 31.3522 seconds
CEM solve time: 30.9912 seconds
CEM solve time: 30.5545 seconds
CEM solve time: 29.9057 seconds
CEM solve time: 29.7036 seconds
CEM solve time: 29.7025 seconds
CEM solve time: 29.4401 seconds
CEM solve time: 29.2240 seconds
CEM solve time: 29.0008 seconds
CEM solve time: 29.0528 seconds
CEM solve time: 28.8385 seconds
[RESULT] score=block angle=5deg  SR=48.05%  (123/256)
[specaccept] tau=0.2 gdm_steps=8 re-drafts=2962 advances=2672 rejects=2047 call_ratio=0.526 (every-step=1.000; lower = fewer diffusion calls)

==== FF-JEPA eval summary ====
mode=long subgoal=specaccept num_eval=256 seed=42 cem_seed=42 eval_filter=none
  score=block   20deg :  58.59%  (150/256)
  score=block    5deg :  48.05%  (123/256)
