=== pusht k=4: gdmk4 seed=42 (t150) ===
/lustre/home/ha676/le-wm/.venv/lib/python3.11/site-packages/stable_worldmodel/envs/__init__.py:215: UserWarning: ale-py not found; ALE/* envs are unavailable. Install with: pip install 'stable-worldmodel[env]' or pip install ale-py.
  from stable_worldmodel.envs import ale  # noqa: F401
2026-07-12 22:05:52.532 | INFO     | stable_worldmodel.wm.utils:_resolve_hf:149 - Loading quentinll/lewm-pusht from local cache...
2026-07-12 22:05:52.533 | INFO     | stable_worldmodel.wm.utils:_resolve_folder:137 - Loading checkpoint from folder /lustre/home/ha676/.stable_worldmodel/checkpoints/models--quentinll--lewm-pusht...
/lustre/home/ha676/le-wm/.venv/lib/python3.11/site-packages/stable_worldmodel/wm/utils.py:80: FutureWarning: You are using `torch.load` with `weights_only=False` (the current default value), which uses the default pickle module implicitly. It is possible to construct malicious pickle data which will execute arbitrary code during unpickling (See https://github.com/pytorch/pytorch/blob/main/SECURITY.md#untrusted-models for more details). In a future release, the default value for `weights_only` will be flipped to `True`. This limits the functions that could be executed during unpickling. Arbitrary objects will no longer be allowed to be loaded via this mode unless they are explicitly allowlisted by the user via `torch.serialization.add_safe_globals`. We recommend you start setting `weights_only=True` for any use case where you don't have full control of the loaded file. Please open an issue on GitHub for any issues related to this experimental feature.
  state_dict = torch.load(checkpoint_path, map_location='cpu')
22:05:57 | INFO  | atomic_chec~| [atomic_save] installed crash-safe checkpoint plugin (write to sibling .tmp + fsync + atomic rename)
22:05:58 | INFO  | utils.py    | Created ViT-tiny from scratch with config: {'hidden_size': 192, 'num_hidden_layers': 12, 'num_attention_heads': 3, 'intermediate_size': 768, 'image_size': 224, 'patch_size': 14}
[model] frozen LeWM (18.03M), device=cuda, training=False, subgoal=gdm
[gdm] planner from gdm_stride10.pt: head=53.34M, N=3 WG=1 gamma=1.0 T=1000 sampler=ddim/4-steps param=eps schedule=linear norm=standardize
22:05:58 | INFO  | __init__.py | Cached 'action' from '/lustre/home/ha676/data/pusht/pusht_expert_train.h5'
22:05:58 | INFO  | __init__.py | Cached 'proprio' from '/lustre/home/ha676/data/pusht/pusht_expert_train.h5'
22:05:59 | INFO  | __init__.py | Cached 'state' from '/lustre/home/ha676/data/pusht/pusht_expert_train.h5'
/lustre/home/ha676/le-wm/.venv/lib/python3.11/site-packages/gymnasium/spaces/box.py:415: UserWarning: [33mWARN: Casting input x to numpy array.[0m
  gym.logger.warn("Casting input x to numpy array.")
/lustre/home/ha676/le-wm/.venv/lib/python3.11/site-packages/gymnasium/spaces/box.py:415: UserWarning: [33mWARN: Casting input x to numpy array.[0m
  gym.logger.warn("Casting input x to numpy array.")
[episodes-file] pusht.episodes150.json: 256 precomputed pairs (goal_offset=150, seed=42, eval_filter=None) -- sample_long/short bypassed
[eval] mode=long start=final num_eval=256 goal_offset=150 budget=300 eval_filter=none
[eval] episodes_idx[:5]=[636, 688, 700, 834, 850] start_steps[:5]=[7, 7, 7, 34, 34]
[PIN] success = pos_diff<20 [block xy only (paper)] AND angle<20deg
CEM solve time: 54.6257 seconds
CEM solve time: 53.2976 seconds
CEM solve time: 53.0711 seconds
CEM solve time: 53.0767 seconds
CEM solve time: 52.2114 seconds
CEM solve time: 50.8953 seconds
CEM solve time: 50.2370 seconds
CEM solve time: 48.7769 seconds
CEM solve time: 48.0949 seconds
CEM solve time: 45.5096 seconds
CEM solve time: 43.6309 seconds
CEM solve time: 40.0329 seconds
CEM solve time: 36.8124 seconds
CEM solve time: 34.8712 seconds
CEM solve time: 31.2620 seconds
CEM solve time: 28.0985 seconds
CEM solve time: 27.4351 seconds
CEM solve time: 27.0040 seconds
CEM solve time: 25.7393 seconds
CEM solve time: 25.3206 seconds
CEM solve time: 24.8851 seconds
CEM solve time: 24.4545 seconds
CEM solve time: 24.2485 seconds
CEM solve time: 24.0172 seconds
CEM solve time: 24.0283 seconds
CEM solve time: 23.8262 seconds
CEM solve time: 23.8183 seconds
CEM solve time: 23.1716 seconds
CEM solve time: 23.1802 seconds
CEM solve time: 23.1821 seconds
[RESULT] score=block angle=20deg  SR=57.81%  (148/256)
[PIN] success = pos_diff<20 [block xy only (paper)] AND angle<5deg
CEM solve time: 54.4884 seconds
CEM solve time: 53.6391 seconds
CEM solve time: 53.4191 seconds
CEM solve time: 53.2065 seconds
CEM solve time: 53.0005 seconds
CEM solve time: 52.5507 seconds
CEM solve time: 52.1171 seconds
CEM solve time: 52.1114 seconds
CEM solve time: 51.6815 seconds
CEM solve time: 50.2140 seconds
CEM solve time: 48.4921 seconds
CEM solve time: 45.9656 seconds
CEM solve time: 43.7966 seconds
CEM solve time: 41.6957 seconds
CEM solve time: 38.4363 seconds
CEM solve time: 36.5291 seconds
CEM solve time: 35.0596 seconds
CEM solve time: 34.4251 seconds
CEM solve time: 33.7745 seconds
CEM solve time: 32.9325 seconds
CEM solve time: 32.0719 seconds
CEM solve time: 31.4340 seconds
CEM solve time: 31.2096 seconds
CEM solve time: 31.2132 seconds
CEM solve time: 30.8041 seconds
CEM solve time: 30.3712 seconds
CEM solve time: 30.3744 seconds
CEM solve time: 29.9492 seconds
CEM solve time: 29.7456 seconds
CEM solve time: 29.3180 seconds
[RESULT] score=block angle=5deg  SR=46.88%  (120/256)

==== FF-JEPA eval summary ====
mode=long subgoal=gdm num_eval=256 seed=42 cem_seed=42 eval_filter=none
  score=block   20deg :  57.81%  (148/256)
  score=block    5deg :  46.88%  (120/256)
