/lustre/home/ha676/le-wm/.venv/lib/python3.11/site-packages/stable_worldmodel/envs/__init__.py:215: UserWarning: ale-py not found; ALE/* envs are unavailable. Install with: pip install 'stable-worldmodel[env]' or pip install ale-py.
  from stable_worldmodel.envs import ale  # noqa: F401
2026-07-12 18:54:23.347 | INFO     | stable_worldmodel.wm.utils:_resolve_hf:149 - Loading quentinll/lewm-pusht from local cache...
2026-07-12 18:54:23.348 | INFO     | stable_worldmodel.wm.utils:_resolve_folder:137 - Loading checkpoint from folder /lustre/home/ha676/.stable_worldmodel/checkpoints/models--quentinll--lewm-pusht...
/lustre/home/ha676/le-wm/.venv/lib/python3.11/site-packages/stable_worldmodel/wm/utils.py:80: FutureWarning: You are using `torch.load` with `weights_only=False` (the current default value), which uses the default pickle module implicitly. It is possible to construct malicious pickle data which will execute arbitrary code during unpickling (See https://github.com/pytorch/pytorch/blob/main/SECURITY.md#untrusted-models for more details). In a future release, the default value for `weights_only` will be flipped to `True`. This limits the functions that could be executed during unpickling. Arbitrary objects will no longer be allowed to be loaded via this mode unless they are explicitly allowlisted by the user via `torch.serialization.add_safe_globals`. We recommend you start setting `weights_only=True` for any use case where you don't have full control of the loaded file. Please open an issue on GitHub for any issues related to this experimental feature.
  state_dict = torch.load(checkpoint_path, map_location='cpu')
18:54:29 | INFO  | atomic_chec~| [atomic_save] installed crash-safe checkpoint plugin (write to sibling .tmp + fsync + atomic rename)
18:54:30 | INFO  | utils.py    | Created ViT-tiny from scratch with config: {'hidden_size': 192, 'num_hidden_layers': 12, 'num_attention_heads': 3, 'intermediate_size': 768, 'image_size': 224, 'patch_size': 14}
[model] frozen LeWM (18.03M), device=cuda, training=False, subgoal=gdm
[gdm] planner from gdm_stride10.pt: head=53.34M, N=3 WG=1 gamma=0.5 T=1000 sampler=ddim/50-steps param=eps schedule=linear norm=standardize
18:54:31 | INFO  | __init__.py | Cached 'action' from '/lustre/home/ha676/data/pusht/pusht_expert_train.h5'
18:54:31 | INFO  | __init__.py | Cached 'proprio' from '/lustre/home/ha676/data/pusht/pusht_expert_train.h5'
18:54:31 | INFO  | __init__.py | Cached 'state' from '/lustre/home/ha676/data/pusht/pusht_expert_train.h5'
/lustre/home/ha676/le-wm/.venv/lib/python3.11/site-packages/gymnasium/spaces/box.py:415: UserWarning: [33mWARN: Casting input x to numpy array.[0m
  gym.logger.warn("Casting input x to numpy array.")
/lustre/home/ha676/le-wm/.venv/lib/python3.11/site-packages/gymnasium/spaces/box.py:415: UserWarning: [33mWARN: Casting input x to numpy array.[0m
  gym.logger.warn("Casting input x to numpy array.")
[episodes-file] pusht.episodes150.json: 256 precomputed pairs (goal_offset=150, seed=42, eval_filter=None) -- sample_long/short bypassed
[eval] mode=long start=final num_eval=256 goal_offset=150 budget=300 eval_filter=none
[eval] episodes_idx[:5]=[636, 688, 700, 834, 850] start_steps[:5]=[7, 7, 7, 34, 34]
[PIN] success = pos_diff<20 [block xy only (paper)] AND angle<20deg
CEM solve time: 54.7261 seconds
CEM solve time: 53.4245 seconds
CEM solve time: 53.4105 seconds
CEM solve time: 53.1184 seconds
CEM solve time: 52.5445 seconds
CEM solve time: 52.1783 seconds
CEM solve time: 51.0459 seconds
CEM solve time: 50.4291 seconds
CEM solve time: 49.9996 seconds
CEM solve time: 46.0108 seconds
CEM solve time: 43.6587 seconds
CEM solve time: 39.9923 seconds
CEM solve time: 37.3645 seconds
CEM solve time: 34.3727 seconds
CEM solve time: 29.6869 seconds
CEM solve time: 27.5525 seconds
CEM solve time: 26.7018 seconds
CEM solve time: 26.4989 seconds
CEM solve time: 26.1094 seconds
CEM solve time: 25.6429 seconds
CEM solve time: 25.2217 seconds
CEM solve time: 25.2180 seconds
CEM solve time: 24.5627 seconds
CEM solve time: 24.3607 seconds
CEM solve time: 24.3560 seconds
CEM solve time: 24.3616 seconds
CEM solve time: 24.1453 seconds
CEM solve time: 24.1394 seconds
CEM solve time: 23.6985 seconds
CEM solve time: 23.7017 seconds
[RESULT] score=block angle=20deg  SR=57.03%  (146/256)
[PIN] success = pos_diff<20 [block xy only (paper)] AND angle<5deg
CEM solve time: 54.6408 seconds
CEM solve time: 53.7799 seconds
CEM solve time: 53.5515 seconds
CEM solve time: 53.3268 seconds
CEM solve time: 53.1230 seconds
CEM solve time: 52.6492 seconds
CEM solve time: 52.6531 seconds
CEM solve time: 52.2124 seconds
CEM solve time: 51.5426 seconds
CEM solve time: 49.8816 seconds
CEM solve time: 47.9761 seconds
CEM solve time: 46.2683 seconds
CEM solve time: 44.5839 seconds
CEM solve time: 42.4555 seconds
CEM solve time: 39.6403 seconds
CEM solve time: 37.0712 seconds
CEM solve time: 35.7753 seconds
CEM solve time: 33.9066 seconds
CEM solve time: 33.0584 seconds
CEM solve time: 32.1919 seconds
CEM solve time: 31.3568 seconds
CEM solve time: 31.1488 seconds
CEM solve time: 31.1354 seconds
CEM solve time: 30.9214 seconds
CEM solve time: 30.9329 seconds
CEM solve time: 30.7114 seconds
CEM solve time: 30.7061 seconds
CEM solve time: 30.7300 seconds
CEM solve time: 30.5076 seconds
CEM solve time: 30.5049 seconds
[RESULT] score=block angle=5deg  SR=44.14%  (113/256)

==== FF-JEPA eval summary ====
mode=long subgoal=gdm num_eval=256 seed=43 cem_seed=43 eval_filter=none
  score=block   20deg :  57.03%  (146/256)
  score=block    5deg :  44.14%  (113/256)
