/lustre/home/ha676/le-wm/.venv/lib/python3.11/site-packages/stable_worldmodel/envs/__init__.py:215: UserWarning: ale-py not found; ALE/* envs are unavailable. Install with: pip install 'stable-worldmodel[env]' or pip install ale-py.
  from stable_worldmodel.envs import ale  # noqa: F401
2026-07-12 18:02:25.146 | INFO     | stable_worldmodel.wm.utils:_resolve_hf:149 - Loading quentinll/lewm-pusht from local cache...
2026-07-12 18:02:25.147 | INFO     | stable_worldmodel.wm.utils:_resolve_folder:137 - Loading checkpoint from folder /lustre/home/ha676/.stable_worldmodel/checkpoints/models--quentinll--lewm-pusht...
/lustre/home/ha676/le-wm/.venv/lib/python3.11/site-packages/stable_worldmodel/wm/utils.py:80: FutureWarning: You are using `torch.load` with `weights_only=False` (the current default value), which uses the default pickle module implicitly. It is possible to construct malicious pickle data which will execute arbitrary code during unpickling (See https://github.com/pytorch/pytorch/blob/main/SECURITY.md#untrusted-models for more details). In a future release, the default value for `weights_only` will be flipped to `True`. This limits the functions that could be executed during unpickling. Arbitrary objects will no longer be allowed to be loaded via this mode unless they are explicitly allowlisted by the user via `torch.serialization.add_safe_globals`. We recommend you start setting `weights_only=True` for any use case where you don't have full control of the loaded file. Please open an issue on GitHub for any issues related to this experimental feature.
  state_dict = torch.load(checkpoint_path, map_location='cpu')
18:02:30 | INFO  | atomic_chec~| [atomic_save] installed crash-safe checkpoint plugin (write to sibling .tmp + fsync + atomic rename)
18:02:30 | INFO  | utils.py    | Created ViT-tiny from scratch with config: {'hidden_size': 192, 'num_hidden_layers': 12, 'num_attention_heads': 3, 'intermediate_size': 768, 'image_size': 224, 'patch_size': 14}
[model] frozen LeWM (18.03M), device=cuda, training=False, subgoal=gdm
[gdm] planner from gdm_stride10.pt: head=53.34M, N=3 WG=1 gamma=0.0 T=1000 sampler=ddim/50-steps param=eps schedule=linear norm=standardize
18:02:32 | INFO  | __init__.py | Cached 'action' from '/lustre/home/ha676/data/pusht/pusht_expert_train.h5'
18:02:34 | INFO  | __init__.py | Cached 'proprio' from '/lustre/home/ha676/data/pusht/pusht_expert_train.h5'
18:02:36 | INFO  | __init__.py | Cached 'state' from '/lustre/home/ha676/data/pusht/pusht_expert_train.h5'
/lustre/home/ha676/le-wm/.venv/lib/python3.11/site-packages/gymnasium/spaces/box.py:415: UserWarning: [33mWARN: Casting input x to numpy array.[0m
  gym.logger.warn("Casting input x to numpy array.")
/lustre/home/ha676/le-wm/.venv/lib/python3.11/site-packages/gymnasium/spaces/box.py:415: UserWarning: [33mWARN: Casting input x to numpy array.[0m
  gym.logger.warn("Casting input x to numpy array.")
[episodes-file] pusht.episodes150.json: 256 precomputed pairs (goal_offset=150, seed=42, eval_filter=None) -- sample_long/short bypassed
[eval] mode=long start=final num_eval=256 goal_offset=150 budget=300 eval_filter=none
[eval] episodes_idx[:5]=[636, 688, 700, 834, 850] start_steps[:5]=[7, 7, 7, 34, 34]
[PIN] success = pos_diff<20 [block xy only (paper)] AND angle<20deg
CEM solve time: 54.7207 seconds
CEM solve time: 53.2676 seconds
CEM solve time: 53.2885 seconds
CEM solve time: 53.0307 seconds
CEM solve time: 52.3957 seconds
CEM solve time: 51.3463 seconds
CEM solve time: 50.0421 seconds
CEM solve time: 49.4987 seconds
CEM solve time: 48.8013 seconds
CEM solve time: 46.6467 seconds
CEM solve time: 44.7189 seconds
CEM solve time: 41.7554 seconds
CEM solve time: 38.5471 seconds
CEM solve time: 36.2065 seconds
CEM solve time: 30.3031 seconds
CEM solve time: 28.1300 seconds
CEM solve time: 27.4576 seconds
CEM solve time: 26.3876 seconds
CEM solve time: 25.5538 seconds
CEM solve time: 25.5632 seconds
CEM solve time: 25.3199 seconds
CEM solve time: 24.9061 seconds
CEM solve time: 24.6955 seconds
CEM solve time: 24.6978 seconds
CEM solve time: 24.6950 seconds
CEM solve time: 24.6983 seconds
CEM solve time: 24.6936 seconds
CEM solve time: 24.2820 seconds
CEM solve time: 24.2701 seconds
CEM solve time: 24.2703 seconds
[RESULT] score=block angle=20deg  SR=55.47%  (142/256)
[PIN] success = pos_diff<20 [block xy only (paper)] AND angle<5deg
CEM solve time: 54.4797 seconds
CEM solve time: 53.6476 seconds
CEM solve time: 53.4648 seconds
CEM solve time: 53.2528 seconds
CEM solve time: 53.2536 seconds
CEM solve time: 53.2504 seconds
CEM solve time: 52.5622 seconds
CEM solve time: 52.3344 seconds
CEM solve time: 52.3400 seconds
CEM solve time: 50.4425 seconds
CEM solve time: 49.9992 seconds
CEM solve time: 46.6110 seconds
CEM solve time: 44.9078 seconds
CEM solve time: 42.7804 seconds
CEM solve time: 40.2588 seconds
CEM solve time: 38.3187 seconds
CEM solve time: 36.6086 seconds
CEM solve time: 35.7653 seconds
CEM solve time: 35.1378 seconds
CEM solve time: 34.5010 seconds
CEM solve time: 34.0671 seconds
CEM solve time: 33.6409 seconds
CEM solve time: 33.2211 seconds
CEM solve time: 32.9992 seconds
CEM solve time: 32.9939 seconds
CEM solve time: 33.0122 seconds
CEM solve time: 32.9833 seconds
CEM solve time: 32.9931 seconds
CEM solve time: 32.7791 seconds
CEM solve time: 32.7741 seconds
[RESULT] score=block angle=5deg  SR=39.84%  (102/256)

==== FF-JEPA eval summary ====
mode=long subgoal=gdm num_eval=256 seed=45 cem_seed=45 eval_filter=none
  score=block   20deg :  55.47%  (142/256)
  score=block    5deg :  39.84%  (102/256)
