=== pusht k-anchor t100: speck8 seed=42 ===
/lustre/home/ha676/le-wm/.venv/lib/python3.11/site-packages/stable_worldmodel/envs/__init__.py:215: UserWarning: ale-py not found; ALE/* envs are unavailable. Install with: pip install 'stable-worldmodel[env]' or pip install ale-py.
  from stable_worldmodel.envs import ale  # noqa: F401
2026-07-12 22:53:25.737 | INFO     | stable_worldmodel.wm.utils:_resolve_hf:149 - Loading quentinll/lewm-pusht from local cache...
2026-07-12 22:53:25.738 | INFO     | stable_worldmodel.wm.utils:_resolve_folder:137 - Loading checkpoint from folder /lustre/home/ha676/.stable_worldmodel/checkpoints/models--quentinll--lewm-pusht...
/lustre/home/ha676/le-wm/.venv/lib/python3.11/site-packages/stable_worldmodel/wm/utils.py:80: FutureWarning: You are using `torch.load` with `weights_only=False` (the current default value), which uses the default pickle module implicitly. It is possible to construct malicious pickle data which will execute arbitrary code during unpickling (See https://github.com/pytorch/pytorch/blob/main/SECURITY.md#untrusted-models for more details). In a future release, the default value for `weights_only` will be flipped to `True`. This limits the functions that could be executed during unpickling. Arbitrary objects will no longer be allowed to be loaded via this mode unless they are explicitly allowlisted by the user via `torch.serialization.add_safe_globals`. We recommend you start setting `weights_only=True` for any use case where you don't have full control of the loaded file. Please open an issue on GitHub for any issues related to this experimental feature.
  state_dict = torch.load(checkpoint_path, map_location='cpu')
22:53:30 | INFO  | atomic_chec~| [atomic_save] installed crash-safe checkpoint plugin (write to sibling .tmp + fsync + atomic rename)
22:53:30 | INFO  | utils.py    | Created ViT-tiny from scratch with config: {'hidden_size': 192, 'num_hidden_layers': 12, 'num_attention_heads': 3, 'intermediate_size': 768, 'image_size': 224, 'patch_size': 14}
[model] frozen LeWM (18.03M), device=cuda, training=False, subgoal=specaccept
[gdm] planner from gdm_stride10.pt: head=53.34M, N=3 WG=1 gamma=1.0 T=1000 sampler=ddim/8-steps param=eps schedule=linear norm=standardize
22:53:31 | INFO  | __init__.py | Cached 'action' from '/lustre/home/ha676/data/pusht/pusht_expert_train.h5'
22:53:31 | INFO  | __init__.py | Cached 'proprio' from '/lustre/home/ha676/data/pusht/pusht_expert_train.h5'
22:53:31 | INFO  | __init__.py | Cached 'state' from '/lustre/home/ha676/data/pusht/pusht_expert_train.h5'
/lustre/home/ha676/le-wm/.venv/lib/python3.11/site-packages/gymnasium/spaces/box.py:415: UserWarning: [33mWARN: Casting input x to numpy array.[0m
  gym.logger.warn("Casting input x to numpy array.")
/lustre/home/ha676/le-wm/.venv/lib/python3.11/site-packages/gymnasium/utils/passive_env_checker.py:157: UserWarning: [33mWARN: The obs returned by the `step()` method is not within the observation space.[0m
  logger.warn(f"{pre} is not within the observation space.")
/lustre/home/ha676/le-wm/.venv/lib/python3.11/site-packages/gymnasium/spaces/box.py:415: UserWarning: [33mWARN: Casting input x to numpy array.[0m
  gym.logger.warn("Casting input x to numpy array.")
/lustre/home/ha676/le-wm/.venv/lib/python3.11/site-packages/gymnasium/utils/passive_env_checker.py:157: UserWarning: [33mWARN: The obs returned by the `step()` method is not within the observation space.[0m
  logger.warn(f"{pre} is not within the observation space.")
[episodes-file] pusht.episodes150as100.json: 256 precomputed pairs (goal_offset=100, seed=42, eval_filter=None) -- sample_long/short bypassed
[eval] mode=long start=final num_eval=256 goal_offset=100 budget=200 eval_filter=none
[eval] episodes_idx[:5]=[636, 688, 700, 834, 850] start_steps[:5]=[57, 57, 57, 84, 84]
[PIN] success = pos_diff<20 [block xy only (paper)] AND angle<20deg
CEM solve time: 54.8199 seconds
CEM solve time: 47.9092 seconds
CEM solve time: 46.8526 seconds
CEM solve time: 45.5742 seconds
CEM solve time: 42.1536 seconds
CEM solve time: 39.9669 seconds
CEM solve time: 36.5776 seconds
CEM solve time: 34.6599 seconds
CEM solve time: 30.1737 seconds
CEM solve time: 26.7454 seconds
CEM solve time: 25.2549 seconds
CEM solve time: 23.7583 seconds
CEM solve time: 22.2439 seconds
CEM solve time: 21.6122 seconds
CEM solve time: 21.5823 seconds
CEM solve time: 20.9734 seconds
CEM solve time: 20.5392 seconds
CEM solve time: 20.5471 seconds
CEM solve time: 20.3333 seconds
CEM solve time: 20.3287 seconds
[RESULT] score=block angle=20deg  SR=62.89%  (161/256)
[specaccept] tau=0.2 gdm_steps=8 re-drafts=1666 advances=1244 rejects=1185 call_ratio=0.573 (every-step=1.000; lower = fewer diffusion calls)
[PIN] success = pos_diff<20 [block xy only (paper)] AND angle<5deg
CEM solve time: 54.7286 seconds
CEM solve time: 50.7052 seconds
CEM solve time: 50.5074 seconds
CEM solve time: 49.8644 seconds
CEM solve time: 48.1563 seconds
CEM solve time: 47.3009 seconds
CEM solve time: 44.3011 seconds
CEM solve time: 41.5177 seconds
CEM solve time: 37.0286 seconds
CEM solve time: 33.3903 seconds
CEM solve time: 30.3937 seconds
CEM solve time: 28.4647 seconds
CEM solve time: 27.3910 seconds
CEM solve time: 27.1769 seconds
CEM solve time: 26.9625 seconds
CEM solve time: 26.3234 seconds
CEM solve time: 25.8962 seconds
CEM solve time: 25.8963 seconds
CEM solve time: 25.7040 seconds
CEM solve time: 25.2688 seconds
[RESULT] score=block angle=5deg  SR=53.91%  (138/256)
[specaccept] tau=0.2 gdm_steps=8 re-drafts=1928 advances=1469 rejects=1392 call_ratio=0.568 (every-step=1.000; lower = fewer diffusion calls)

==== FF-JEPA eval summary ====
mode=long subgoal=specaccept num_eval=256 seed=42 cem_seed=42 eval_filter=none
  score=block   20deg :  62.89%  (161/256)
  score=block    5deg :  53.91%  (138/256)
