/lustre/home/ha676/le-wm/.venv/lib/python3.11/site-packages/stable_worldmodel/envs/__init__.py:215: UserWarning: ale-py not found; ALE/* envs are unavailable. Install with: pip install 'stable-worldmodel[env]' or pip install ale-py.
  from stable_worldmodel.envs import ale  # noqa: F401
2026-07-12 22:41:55.313 | INFO     | stable_worldmodel.wm.utils:_resolve_hf:149 - Loading quentinll/lewm-pusht from local cache...
2026-07-12 22:41:55.314 | INFO     | stable_worldmodel.wm.utils:_resolve_folder:137 - Loading checkpoint from folder /lustre/home/ha676/.stable_worldmodel/checkpoints/models--quentinll--lewm-pusht...
/lustre/home/ha676/le-wm/.venv/lib/python3.11/site-packages/stable_worldmodel/wm/utils.py:80: FutureWarning: You are using `torch.load` with `weights_only=False` (the current default value), which uses the default pickle module implicitly. It is possible to construct malicious pickle data which will execute arbitrary code during unpickling (See https://github.com/pytorch/pytorch/blob/main/SECURITY.md#untrusted-models for more details). In a future release, the default value for `weights_only` will be flipped to `True`. This limits the functions that could be executed during unpickling. Arbitrary objects will no longer be allowed to be loaded via this mode unless they are explicitly allowlisted by the user via `torch.serialization.add_safe_globals`. We recommend you start setting `weights_only=True` for any use case where you don't have full control of the loaded file. Please open an issue on GitHub for any issues related to this experimental feature.
  state_dict = torch.load(checkpoint_path, map_location='cpu')
22:42:00 | INFO  | atomic_chec~| [atomic_save] installed crash-safe checkpoint plugin (write to sibling .tmp + fsync + atomic rename)
22:42:00 | INFO  | utils.py    | Created ViT-tiny from scratch with config: {'hidden_size': 192, 'num_hidden_layers': 12, 'num_attention_heads': 3, 'intermediate_size': 768, 'image_size': 224, 'patch_size': 14}
[model] frozen LeWM (18.03M), device=cuda, training=False, subgoal=gdm
[gdm] planner from gdm_stride10.pt: head=53.34M, N=3 WG=1 gamma=1.0 T=1000 sampler=ddim/8-steps param=eps schedule=linear norm=standardize
22:42:01 | INFO  | __init__.py | Cached 'action' from '/lustre/home/ha676/data/pusht/pusht_expert_train.h5'
22:42:01 | INFO  | __init__.py | Cached 'proprio' from '/lustre/home/ha676/data/pusht/pusht_expert_train.h5'
22:42:01 | INFO  | __init__.py | Cached 'state' from '/lustre/home/ha676/data/pusht/pusht_expert_train.h5'
/lustre/home/ha676/le-wm/.venv/lib/python3.11/site-packages/gymnasium/spaces/box.py:415: UserWarning: [33mWARN: Casting input x to numpy array.[0m
  gym.logger.warn("Casting input x to numpy array.")
/lustre/home/ha676/le-wm/.venv/lib/python3.11/site-packages/gymnasium/utils/passive_env_checker.py:157: UserWarning: [33mWARN: The obs returned by the `step()` method is not within the observation space.[0m
  logger.warn(f"{pre} is not within the observation space.")
/lustre/home/ha676/le-wm/.venv/lib/python3.11/site-packages/gymnasium/spaces/box.py:415: UserWarning: [33mWARN: Casting input x to numpy array.[0m
  gym.logger.warn("Casting input x to numpy array.")
/lustre/home/ha676/le-wm/.venv/lib/python3.11/site-packages/gymnasium/utils/passive_env_checker.py:157: UserWarning: [33mWARN: The obs returned by the `step()` method is not within the observation space.[0m
  logger.warn(f"{pre} is not within the observation space.")
[episodes-file] pusht.episodes150as100.json: 256 precomputed pairs (goal_offset=100, seed=42, eval_filter=None) -- sample_long/short bypassed
[eval] mode=long start=final num_eval=256 goal_offset=100 budget=200 eval_filter=none
[eval] episodes_idx[:5]=[636, 688, 700, 834, 850] start_steps[:5]=[57, 57, 57, 84, 84]
[PIN] success = pos_diff<20 [block xy only (paper)] AND angle<20deg
CEM solve time: 54.7574 seconds
CEM solve time: 47.6492 seconds
CEM solve time: 46.8517 seconds
CEM solve time: 45.3216 seconds
CEM solve time: 42.1499 seconds
CEM solve time: 37.6228 seconds
CEM solve time: 35.0102 seconds
CEM solve time: 32.2430 seconds
CEM solve time: 28.8748 seconds
CEM solve time: 27.1273 seconds
CEM solve time: 24.8089 seconds
CEM solve time: 23.5099 seconds
CEM solve time: 22.2325 seconds
CEM solve time: 21.5978 seconds
CEM solve time: 21.2716 seconds
CEM solve time: 20.3267 seconds
CEM solve time: 19.8688 seconds
CEM solve time: 19.8749 seconds
CEM solve time: 19.6696 seconds
CEM solve time: 19.6712 seconds
[RESULT] score=block angle=20deg  SR=64.45%  (165/256)
[PIN] success = pos_diff<20 [block xy only (paper)] AND angle<5deg
CEM solve time: 54.8313 seconds
CEM solve time: 50.5020 seconds
CEM solve time: 50.0468 seconds
CEM solve time: 49.4771 seconds
CEM solve time: 47.8501 seconds
CEM solve time: 45.3849 seconds
CEM solve time: 43.7966 seconds
CEM solve time: 40.3759 seconds
CEM solve time: 37.3525 seconds
CEM solve time: 34.8236 seconds
CEM solve time: 32.8531 seconds
CEM solve time: 30.9517 seconds
CEM solve time: 30.7114 seconds
CEM solve time: 29.2469 seconds
CEM solve time: 28.3989 seconds
CEM solve time: 27.5462 seconds
CEM solve time: 27.3348 seconds
CEM solve time: 26.6860 seconds
CEM solve time: 26.4718 seconds
CEM solve time: 26.0536 seconds
[RESULT] score=block angle=5deg  SR=53.91%  (138/256)

==== FF-JEPA eval summary ====
mode=long subgoal=gdm num_eval=256 seed=44 cem_seed=44 eval_filter=none
  score=block   20deg :  64.45%  (165/256)
  score=block    5deg :  53.91%  (138/256)
