/lustre/home/ha676/le-wm/.venv/lib/python3.11/site-packages/stable_worldmodel/envs/__init__.py:215: UserWarning: ale-py not found; ALE/* envs are unavailable. Install with: pip install 'stable-worldmodel[env]' or pip install ale-py.
  from stable_worldmodel.envs import ale  # noqa: F401
2026-07-12 13:42:51.103 | INFO     | stable_worldmodel.wm.utils:_resolve_hf:149 - Loading quentinll/lewm-pusht from local cache...
2026-07-12 13:42:51.104 | INFO     | stable_worldmodel.wm.utils:_resolve_folder:137 - Loading checkpoint from folder /lustre/home/ha676/.stable_worldmodel/checkpoints/models--quentinll--lewm-pusht...
/lustre/home/ha676/le-wm/.venv/lib/python3.11/site-packages/stable_worldmodel/wm/utils.py:80: FutureWarning: You are using `torch.load` with `weights_only=False` (the current default value), which uses the default pickle module implicitly. It is possible to construct malicious pickle data which will execute arbitrary code during unpickling (See https://github.com/pytorch/pytorch/blob/main/SECURITY.md#untrusted-models for more details). In a future release, the default value for `weights_only` will be flipped to `True`. This limits the functions that could be executed during unpickling. Arbitrary objects will no longer be allowed to be loaded via this mode unless they are explicitly allowlisted by the user via `torch.serialization.add_safe_globals`. We recommend you start setting `weights_only=True` for any use case where you don't have full control of the loaded file. Please open an issue on GitHub for any issues related to this experimental feature.
  state_dict = torch.load(checkpoint_path, map_location='cpu')
13:42:56 | INFO  | atomic_chec~| [atomic_save] installed crash-safe checkpoint plugin (write to sibling .tmp + fsync + atomic rename)
13:42:56 | INFO  | utils.py    | Created ViT-tiny from scratch with config: {'hidden_size': 192, 'num_hidden_layers': 12, 'num_attention_heads': 3, 'intermediate_size': 768, 'image_size': 224, 'patch_size': 14}
[model] frozen LeWM (18.03M), device=cuda, training=False, subgoal=baseline
13:42:57 | INFO  | __init__.py | Cached 'action' from '/lustre/home/ha676/data/pusht/pusht_expert_train.h5'
13:42:57 | INFO  | __init__.py | Cached 'proprio' from '/lustre/home/ha676/data/pusht/pusht_expert_train.h5'
13:42:57 | INFO  | __init__.py | Cached 'state' from '/lustre/home/ha676/data/pusht/pusht_expert_train.h5'
/lustre/home/ha676/le-wm/.venv/lib/python3.11/site-packages/gymnasium/spaces/box.py:415: UserWarning: [33mWARN: Casting input x to numpy array.[0m
  gym.logger.warn("Casting input x to numpy array.")
/lustre/home/ha676/le-wm/.venv/lib/python3.11/site-packages/gymnasium/utils/passive_env_checker.py:157: UserWarning: [33mWARN: The obs returned by the `step()` method is not within the observation space.[0m
  logger.warn(f"{pre} is not within the observation space.")
/lustre/home/ha676/le-wm/.venv/lib/python3.11/site-packages/gymnasium/spaces/box.py:415: UserWarning: [33mWARN: Casting input x to numpy array.[0m
  gym.logger.warn("Casting input x to numpy array.")
/lustre/home/ha676/le-wm/.venv/lib/python3.11/site-packages/gymnasium/utils/passive_env_checker.py:157: UserWarning: [33mWARN: The obs returned by the `step()` method is not within the observation space.[0m
  logger.warn(f"{pre} is not within the observation space.")
[episodes-file] pusht.episodes150.json: 256 precomputed pairs (goal_offset=150, seed=42, eval_filter=None) -- sample_long/short bypassed
[eval] mode=long start=final num_eval=256 goal_offset=150 budget=300 eval_filter=none
[eval] episodes_idx[:5]=[636, 688, 700, 834, 850] start_steps[:5]=[7, 7, 7, 34, 34]
[PIN] success = pos_diff<20 [block xy only (paper)] AND angle<20deg
CEM solve time: 55.1155 seconds
CEM solve time: 52.8166 seconds
CEM solve time: 52.1741 seconds
CEM solve time: 51.3045 seconds
CEM solve time: 51.0924 seconds
CEM solve time: 50.8825 seconds
CEM solve time: 50.8621 seconds
CEM solve time: 50.6316 seconds
CEM solve time: 50.6157 seconds
CEM solve time: 50.6032 seconds
CEM solve time: 50.6083 seconds
CEM solve time: 50.5814 seconds
CEM solve time: 50.5907 seconds
CEM solve time: 50.5805 seconds
CEM solve time: 50.5852 seconds
CEM solve time: 50.5929 seconds
CEM solve time: 50.3717 seconds
CEM solve time: 50.1447 seconds
CEM solve time: 49.9449 seconds
CEM solve time: 49.9545 seconds
CEM solve time: 49.9268 seconds
CEM solve time: 49.9319 seconds
CEM solve time: 49.9278 seconds
CEM solve time: 51.1927 seconds
CEM solve time: 50.1001 seconds
CEM solve time: 50.0136 seconds
CEM solve time: 50.0246 seconds
CEM solve time: 49.9944 seconds
CEM solve time: 49.9942 seconds
CEM solve time: 49.9989 seconds
[RESULT] score=block angle=20deg  SR=8.98%  (23/256)
[PIN] success = pos_diff<20 [block xy only (paper)] AND angle<5deg
CEM solve time: 54.9603 seconds
CEM solve time: 53.2812 seconds
CEM solve time: 52.6250 seconds
CEM solve time: 51.9880 seconds
CEM solve time: 51.9853 seconds
CEM solve time: 51.9768 seconds
CEM solve time: 51.7666 seconds
CEM solve time: 51.7623 seconds
CEM solve time: 51.7669 seconds
CEM solve time: 51.7646 seconds
CEM solve time: 51.7818 seconds
CEM solve time: 51.7691 seconds
CEM solve time: 51.7767 seconds
CEM solve time: 51.7784 seconds
CEM solve time: 51.7531 seconds
CEM solve time: 51.7710 seconds
CEM solve time: 51.7723 seconds
CEM solve time: 51.7885 seconds
CEM solve time: 51.7854 seconds
CEM solve time: 51.7873 seconds
CEM solve time: 51.7801 seconds
CEM solve time: 51.7859 seconds
CEM solve time: 51.7847 seconds
CEM solve time: 51.7707 seconds
CEM solve time: 51.7655 seconds
CEM solve time: 51.7895 seconds
CEM solve time: 51.7835 seconds
CEM solve time: 51.7543 seconds
CEM solve time: 51.7599 seconds
CEM solve time: 51.7758 seconds
[RESULT] score=block angle=5deg  SR=5.86%  (15/256)

==== FF-JEPA eval summary ====
mode=long subgoal=baseline num_eval=256 seed=42 cem_seed=42 eval_filter=none
  score=block   20deg :   8.98%  (23/256)
  score=block    5deg :   5.86%  (15/256)
