/lustre/home/ha676/le-wm/.venv/lib/python3.11/site-packages/stable_worldmodel/envs/__init__.py:215: UserWarning: ale-py not found; ALE/* envs are unavailable. Install with: pip install 'stable-worldmodel[env]' or pip install ale-py.
  from stable_worldmodel.envs import ale  # noqa: F401
2026-07-12 13:32:22.819 | INFO     | stable_worldmodel.wm.utils:_resolve_hf:149 - Loading quentinll/lewm-pusht from local cache...
2026-07-12 13:32:22.819 | INFO     | stable_worldmodel.wm.utils:_resolve_folder:137 - Loading checkpoint from folder /lustre/home/ha676/.stable_worldmodel/checkpoints/models--quentinll--lewm-pusht...
/lustre/home/ha676/le-wm/.venv/lib/python3.11/site-packages/stable_worldmodel/wm/utils.py:80: FutureWarning: You are using `torch.load` with `weights_only=False` (the current default value), which uses the default pickle module implicitly. It is possible to construct malicious pickle data which will execute arbitrary code during unpickling (See https://github.com/pytorch/pytorch/blob/main/SECURITY.md#untrusted-models for more details). In a future release, the default value for `weights_only` will be flipped to `True`. This limits the functions that could be executed during unpickling. Arbitrary objects will no longer be allowed to be loaded via this mode unless they are explicitly allowlisted by the user via `torch.serialization.add_safe_globals`. We recommend you start setting `weights_only=True` for any use case where you don't have full control of the loaded file. Please open an issue on GitHub for any issues related to this experimental feature.
  state_dict = torch.load(checkpoint_path, map_location='cpu')
13:32:28 | INFO  | atomic_chec~| [atomic_save] installed crash-safe checkpoint plugin (write to sibling .tmp + fsync + atomic rename)
13:32:28 | INFO  | utils.py    | Created ViT-tiny from scratch with config: {'hidden_size': 192, 'num_hidden_layers': 12, 'num_attention_heads': 3, 'intermediate_size': 768, 'image_size': 224, 'patch_size': 14}
[model] frozen LeWM (18.03M), device=cuda, training=False, subgoal=baseline
13:32:29 | INFO  | __init__.py | Cached 'action' from '/lustre/home/ha676/data/pusht/pusht_expert_train.h5'
13:32:29 | INFO  | __init__.py | Cached 'proprio' from '/lustre/home/ha676/data/pusht/pusht_expert_train.h5'
13:32:29 | INFO  | __init__.py | Cached 'state' from '/lustre/home/ha676/data/pusht/pusht_expert_train.h5'
/lustre/home/ha676/le-wm/.venv/lib/python3.11/site-packages/gymnasium/spaces/box.py:415: UserWarning: [33mWARN: Casting input x to numpy array.[0m
  gym.logger.warn("Casting input x to numpy array.")
/lustre/home/ha676/le-wm/.venv/lib/python3.11/site-packages/gymnasium/utils/passive_env_checker.py:157: UserWarning: [33mWARN: The obs returned by the `step()` method is not within the observation space.[0m
  logger.warn(f"{pre} is not within the observation space.")
/lustre/home/ha676/le-wm/.venv/lib/python3.11/site-packages/gymnasium/spaces/box.py:415: UserWarning: [33mWARN: Casting input x to numpy array.[0m
  gym.logger.warn("Casting input x to numpy array.")
/lustre/home/ha676/le-wm/.venv/lib/python3.11/site-packages/gymnasium/utils/passive_env_checker.py:157: UserWarning: [33mWARN: The obs returned by the `step()` method is not within the observation space.[0m
  logger.warn(f"{pre} is not within the observation space.")
[episodes-file] pusht.episodes150as100.json: 256 precomputed pairs (goal_offset=100, seed=42, eval_filter=None) -- sample_long/short bypassed
[eval] mode=long start=final num_eval=256 goal_offset=100 budget=200 eval_filter=none
[eval] episodes_idx[:5]=[636, 688, 700, 834, 850] start_steps[:5]=[57, 57, 57, 84, 84]
[PIN] success = pos_diff<20 [block xy only (paper)] AND angle<20deg
CEM solve time: 55.3106 seconds
CEM solve time: 44.1402 seconds
CEM solve time: 42.8590 seconds
CEM solve time: 42.4207 seconds
CEM solve time: 42.4089 seconds
CEM solve time: 41.9895 seconds
CEM solve time: 41.9846 seconds
CEM solve time: 41.9862 seconds
CEM solve time: 41.9772 seconds
CEM solve time: 41.9766 seconds
CEM solve time: 41.9766 seconds
CEM solve time: 41.9902 seconds
CEM solve time: 41.9686 seconds
CEM solve time: 41.7320 seconds
CEM solve time: 41.5207 seconds
CEM solve time: 41.5144 seconds
CEM solve time: 41.5165 seconds
CEM solve time: 41.5156 seconds
CEM solve time: 41.5140 seconds
CEM solve time: 41.5195 seconds
[RESULT] score=block angle=20deg  SR=24.61%  (63/256)
[PIN] success = pos_diff<20 [block xy only (paper)] AND angle<5deg
CEM solve time: 55.1340 seconds
CEM solve time: 48.2580 seconds
CEM solve time: 47.1750 seconds
CEM solve time: 46.9676 seconds
CEM solve time: 46.9738 seconds
CEM solve time: 46.7317 seconds
CEM solve time: 46.0818 seconds
CEM solve time: 46.0912 seconds
CEM solve time: 45.8740 seconds
CEM solve time: 45.8807 seconds
CEM solve time: 45.8600 seconds
CEM solve time: 45.8760 seconds
CEM solve time: 45.8555 seconds
CEM solve time: 45.8732 seconds
CEM solve time: 45.8748 seconds
CEM solve time: 45.8658 seconds
CEM solve time: 45.8578 seconds
CEM solve time: 45.8587 seconds
CEM solve time: 45.8755 seconds
CEM solve time: 45.8660 seconds
[RESULT] score=block angle=5deg  SR=16.80%  (43/256)

==== FF-JEPA eval summary ====
mode=long subgoal=baseline num_eval=256 seed=43 cem_seed=43 eval_filter=none
  score=block   20deg :  24.61%  (63/256)
  score=block    5deg :  16.80%  (43/256)
