=== pusht k-anchor t100: gdmk4 seed=45 ===
/lustre/home/ha676/le-wm/.venv/lib/python3.11/site-packages/stable_worldmodel/envs/__init__.py:215: UserWarning: ale-py not found; ALE/* envs are unavailable. Install with: pip install 'stable-worldmodel[env]' or pip install ale-py.
  from stable_worldmodel.envs import ale  # noqa: F401
2026-07-12 22:15:10.490 | INFO     | stable_worldmodel.wm.utils:_resolve_hf:149 - Loading quentinll/lewm-pusht from local cache...
2026-07-12 22:15:10.491 | INFO     | stable_worldmodel.wm.utils:_resolve_folder:137 - Loading checkpoint from folder /lustre/home/ha676/.stable_worldmodel/checkpoints/models--quentinll--lewm-pusht...
/lustre/home/ha676/le-wm/.venv/lib/python3.11/site-packages/stable_worldmodel/wm/utils.py:80: FutureWarning: You are using `torch.load` with `weights_only=False` (the current default value), which uses the default pickle module implicitly. It is possible to construct malicious pickle data which will execute arbitrary code during unpickling (See https://github.com/pytorch/pytorch/blob/main/SECURITY.md#untrusted-models for more details). In a future release, the default value for `weights_only` will be flipped to `True`. This limits the functions that could be executed during unpickling. Arbitrary objects will no longer be allowed to be loaded via this mode unless they are explicitly allowlisted by the user via `torch.serialization.add_safe_globals`. We recommend you start setting `weights_only=True` for any use case where you don't have full control of the loaded file. Please open an issue on GitHub for any issues related to this experimental feature.
  state_dict = torch.load(checkpoint_path, map_location='cpu')
22:15:15 | INFO  | atomic_chec~| [atomic_save] installed crash-safe checkpoint plugin (write to sibling .tmp + fsync + atomic rename)
22:15:15 | INFO  | utils.py    | Created ViT-tiny from scratch with config: {'hidden_size': 192, 'num_hidden_layers': 12, 'num_attention_heads': 3, 'intermediate_size': 768, 'image_size': 224, 'patch_size': 14}
[model] frozen LeWM (18.03M), device=cuda, training=False, subgoal=gdm
[gdm] planner from gdm_stride10.pt: head=53.34M, N=3 WG=1 gamma=1.0 T=1000 sampler=ddim/4-steps param=eps schedule=linear norm=standardize
22:15:16 | INFO  | __init__.py | Cached 'action' from '/lustre/home/ha676/data/pusht/pusht_expert_train.h5'
22:15:16 | INFO  | __init__.py | Cached 'proprio' from '/lustre/home/ha676/data/pusht/pusht_expert_train.h5'
22:15:17 | INFO  | __init__.py | Cached 'state' from '/lustre/home/ha676/data/pusht/pusht_expert_train.h5'
/lustre/home/ha676/le-wm/.venv/lib/python3.11/site-packages/gymnasium/spaces/box.py:415: UserWarning: [33mWARN: Casting input x to numpy array.[0m
  gym.logger.warn("Casting input x to numpy array.")
/lustre/home/ha676/le-wm/.venv/lib/python3.11/site-packages/gymnasium/utils/passive_env_checker.py:157: UserWarning: [33mWARN: The obs returned by the `step()` method is not within the observation space.[0m
  logger.warn(f"{pre} is not within the observation space.")
/lustre/home/ha676/le-wm/.venv/lib/python3.11/site-packages/gymnasium/spaces/box.py:415: UserWarning: [33mWARN: Casting input x to numpy array.[0m
  gym.logger.warn("Casting input x to numpy array.")
/lustre/home/ha676/le-wm/.venv/lib/python3.11/site-packages/gymnasium/utils/passive_env_checker.py:157: UserWarning: [33mWARN: The obs returned by the `step()` method is not within the observation space.[0m
  logger.warn(f"{pre} is not within the observation space.")
[episodes-file] pusht.episodes150as100.json: 256 precomputed pairs (goal_offset=100, seed=42, eval_filter=None) -- sample_long/short bypassed
[eval] mode=long start=final num_eval=256 goal_offset=100 budget=200 eval_filter=none
[eval] episodes_idx[:5]=[636, 688, 700, 834, 850] start_steps[:5]=[57, 57, 57, 84, 84]
[PIN] success = pos_diff<20 [block xy only (paper)] AND angle<20deg
CEM solve time: 54.5277 seconds
CEM solve time: 47.0471 seconds
CEM solve time: 46.4159 seconds
CEM solve time: 45.8553 seconds
CEM solve time: 42.5905 seconds
CEM solve time: 40.4829 seconds
CEM solve time: 36.4105 seconds
CEM solve time: 33.8617 seconds
CEM solve time: 30.8966 seconds
CEM solve time: 27.7047 seconds
CEM solve time: 25.1419 seconds
CEM solve time: 22.7811 seconds
CEM solve time: 22.3602 seconds
CEM solve time: 22.3637 seconds
CEM solve time: 21.9382 seconds
CEM solve time: 21.7289 seconds
CEM solve time: 21.5042 seconds
CEM solve time: 21.0695 seconds
CEM solve time: 20.6557 seconds
CEM solve time: 20.6371 seconds
[RESULT] score=block angle=20deg  SR=62.89%  (161/256)
[PIN] success = pos_diff<20 [block xy only (paper)] AND angle<5deg
CEM solve time: 54.4587 seconds
CEM solve time: 50.8568 seconds
CEM solve time: 50.1972 seconds
CEM solve time: 49.9624 seconds
CEM solve time: 48.9500 seconds
CEM solve time: 46.5858 seconds
CEM solve time: 44.4433 seconds
CEM solve time: 42.1354 seconds
CEM solve time: 38.6696 seconds
CEM solve time: 34.6555 seconds
CEM solve time: 32.5291 seconds
CEM solve time: 31.0329 seconds
CEM solve time: 29.9732 seconds
CEM solve time: 29.1273 seconds
CEM solve time: 28.2697 seconds
CEM solve time: 27.8736 seconds
CEM solve time: 27.8593 seconds
CEM solve time: 27.4293 seconds
CEM solve time: 27.2266 seconds
CEM solve time: 27.2265 seconds
[RESULT] score=block angle=5deg  SR=50.00%  (128/256)

==== FF-JEPA eval summary ====
mode=long subgoal=gdm num_eval=256 seed=45 cem_seed=45 eval_filter=none
  score=block   20deg :  62.89%  (161/256)
  score=block    5deg :  50.00%  (128/256)
