=== s-curve eval: S=15 t150 seed=44 ===
/lustre/home/ha676/le-wm/.venv/lib/python3.11/site-packages/stable_worldmodel/envs/__init__.py:215: UserWarning: ale-py not found; ALE/* envs are unavailable. Install with: pip install 'stable-worldmodel[env]' or pip install ale-py.
  from stable_worldmodel.envs import ale  # noqa: F401
2026-07-13 02:03:01.227 | INFO     | stable_worldmodel.wm.utils:_resolve_hf:149 - Loading quentinll/lewm-pusht from local cache...
2026-07-13 02:03:01.228 | INFO     | stable_worldmodel.wm.utils:_resolve_folder:137 - Loading checkpoint from folder /lustre/home/ha676/.stable_worldmodel/checkpoints/models--quentinll--lewm-pusht...
/lustre/home/ha676/le-wm/.venv/lib/python3.11/site-packages/stable_worldmodel/wm/utils.py:80: FutureWarning: You are using `torch.load` with `weights_only=False` (the current default value), which uses the default pickle module implicitly. It is possible to construct malicious pickle data which will execute arbitrary code during unpickling (See https://github.com/pytorch/pytorch/blob/main/SECURITY.md#untrusted-models for more details). In a future release, the default value for `weights_only` will be flipped to `True`. This limits the functions that could be executed during unpickling. Arbitrary objects will no longer be allowed to be loaded via this mode unless they are explicitly allowlisted by the user via `torch.serialization.add_safe_globals`. We recommend you start setting `weights_only=True` for any use case where you don't have full control of the loaded file. Please open an issue on GitHub for any issues related to this experimental feature.
  state_dict = torch.load(checkpoint_path, map_location='cpu')
02:03:07 | INFO  | atomic_chec~| [atomic_save] installed crash-safe checkpoint plugin (write to sibling .tmp + fsync + atomic rename)
02:03:07 | INFO  | utils.py    | Created ViT-tiny from scratch with config: {'hidden_size': 192, 'num_hidden_layers': 12, 'num_attention_heads': 3, 'intermediate_size': 768, 'image_size': 224, 'patch_size': 14}
[model] frozen LeWM (18.03M), device=cuda, training=False, subgoal=gdm
[gdm] planner from gdm_stride15.pt: head=53.34M, N=3 WG=1 gamma=1.0 T=1000 sampler=ddim/50-steps param=eps schedule=linear norm=standardize
02:03:08 | INFO  | __init__.py | Cached 'action' from '/lustre/home/ha676/data/pusht/pusht_expert_train.h5'
02:03:09 | INFO  | __init__.py | Cached 'proprio' from '/lustre/home/ha676/data/pusht/pusht_expert_train.h5'
02:03:09 | INFO  | __init__.py | Cached 'state' from '/lustre/home/ha676/data/pusht/pusht_expert_train.h5'
/lustre/home/ha676/le-wm/.venv/lib/python3.11/site-packages/gymnasium/spaces/box.py:415: UserWarning: [33mWARN: Casting input x to numpy array.[0m
  gym.logger.warn("Casting input x to numpy array.")
/lustre/home/ha676/le-wm/.venv/lib/python3.11/site-packages/gymnasium/utils/passive_env_checker.py:157: UserWarning: [33mWARN: The obs returned by the `step()` method is not within the observation space.[0m
  logger.warn(f"{pre} is not within the observation space.")
/lustre/home/ha676/le-wm/.venv/lib/python3.11/site-packages/gymnasium/spaces/box.py:415: UserWarning: [33mWARN: Casting input x to numpy array.[0m
  gym.logger.warn("Casting input x to numpy array.")
/lustre/home/ha676/le-wm/.venv/lib/python3.11/site-packages/gymnasium/utils/passive_env_checker.py:157: UserWarning: [33mWARN: The obs returned by the `step()` method is not within the observation space.[0m
  logger.warn(f"{pre} is not within the observation space.")
[episodes-file] pusht.episodes150.json: 256 precomputed pairs (goal_offset=150, seed=42, eval_filter=None) -- sample_long/short bypassed
[eval] mode=long start=final num_eval=256 goal_offset=150 budget=300 eval_filter=none
[eval] episodes_idx[:5]=[636, 688, 700, 834, 850] start_steps[:5]=[7, 7, 7, 34, 34]
[PIN] success = pos_diff<20 [block xy only (paper)] AND angle<20deg
CEM solve time: 85.7743 seconds
CEM solve time: 83.6503 seconds
CEM solve time: 83.3585 seconds
CEM solve time: 82.3969 seconds
CEM solve time: 79.2688 seconds
CEM solve time: 76.2607 seconds
CEM solve time: 72.0110 seconds
CEM solve time: 65.9866 seconds
CEM solve time: 57.2724 seconds
CEM solve time: 52.1999 seconds
CEM solve time: 47.5196 seconds
CEM solve time: 44.1524 seconds
CEM solve time: 43.5049 seconds
CEM solve time: 40.1467 seconds
CEM solve time: 39.5104 seconds
CEM solve time: 38.4890 seconds
CEM solve time: 37.4437 seconds
CEM solve time: 37.1379 seconds
CEM solve time: 36.7739 seconds
CEM solve time: 36.7575 seconds
[RESULT] score=block angle=20deg  SR=57.03%  (146/256)
[PIN] success = pos_diff<20 [block xy only (paper)] AND angle<5deg
CEM solve time: 85.7511 seconds
CEM solve time: 84.2781 seconds
CEM solve time: 83.5959 seconds
CEM solve time: 83.5926 seconds
CEM solve time: 83.3123 seconds
CEM solve time: 81.9838 seconds
CEM solve time: 79.6200 seconds
CEM solve time: 76.6174 seconds
CEM solve time: 70.9623 seconds
CEM solve time: 62.5910 seconds
CEM solve time: 59.2118 seconds
CEM solve time: 54.5771 seconds
CEM solve time: 52.9041 seconds
CEM solve time: 50.9017 seconds
CEM solve time: 49.8841 seconds
CEM solve time: 48.5354 seconds
CEM solve time: 47.8631 seconds
CEM solve time: 46.8670 seconds
CEM solve time: 46.1533 seconds
CEM solve time: 45.5167 seconds
[RESULT] score=block angle=5deg  SR=48.44%  (124/256)

==== FF-JEPA eval summary ====
mode=long subgoal=gdm num_eval=256 seed=44 cem_seed=44 eval_filter=none
  score=block   20deg :  57.03%  (146/256)
  score=block    5deg :  48.44%  (124/256)
