/lustre/home/ha676/le-wm/.venv/lib/python3.11/site-packages/stable_worldmodel/envs/__init__.py:215: UserWarning: ale-py not found; ALE/* envs are unavailable. Install with: pip install 'stable-worldmodel[env]' or pip install ale-py.
  from stable_worldmodel.envs import ale  # noqa: F401
2026-07-13 01:12:59.869 | INFO     | stable_worldmodel.wm.utils:_resolve_hf:149 - Loading quentinll/lewm-pusht from local cache...
2026-07-13 01:12:59.870 | INFO     | stable_worldmodel.wm.utils:_resolve_folder:137 - Loading checkpoint from folder /lustre/home/ha676/.stable_worldmodel/checkpoints/models--quentinll--lewm-pusht...
/lustre/home/ha676/le-wm/.venv/lib/python3.11/site-packages/stable_worldmodel/wm/utils.py:80: FutureWarning: You are using `torch.load` with `weights_only=False` (the current default value), which uses the default pickle module implicitly. It is possible to construct malicious pickle data which will execute arbitrary code during unpickling (See https://github.com/pytorch/pytorch/blob/main/SECURITY.md#untrusted-models for more details). In a future release, the default value for `weights_only` will be flipped to `True`. This limits the functions that could be executed during unpickling. Arbitrary objects will no longer be allowed to be loaded via this mode unless they are explicitly allowlisted by the user via `torch.serialization.add_safe_globals`. We recommend you start setting `weights_only=True` for any use case where you don't have full control of the loaded file. Please open an issue on GitHub for any issues related to this experimental feature.
  state_dict = torch.load(checkpoint_path, map_location='cpu')
01:13:05 | INFO  | atomic_chec~| [atomic_save] installed crash-safe checkpoint plugin (write to sibling .tmp + fsync + atomic rename)
01:13:06 | INFO  | utils.py    | Created ViT-tiny from scratch with config: {'hidden_size': 192, 'num_hidden_layers': 12, 'num_attention_heads': 3, 'intermediate_size': 768, 'image_size': 224, 'patch_size': 14}
[model] frozen LeWM (18.03M), device=cuda, training=False, subgoal=gdm
[gdm] planner from gdm_stride10.pt: head=53.34M, N=3 WG=1 gamma=1.0 T=1000 sampler=ddim/50-steps param=eps schedule=linear norm=standardize
01:13:07 | INFO  | __init__.py | Cached 'action' from '/lustre/home/ha676/data/pusht/pusht_expert_train.h5'
01:13:07 | INFO  | __init__.py | Cached 'proprio' from '/lustre/home/ha676/data/pusht/pusht_expert_train.h5'
01:13:07 | INFO  | __init__.py | Cached 'state' from '/lustre/home/ha676/data/pusht/pusht_expert_train.h5'
/lustre/home/ha676/le-wm/.venv/lib/python3.11/site-packages/gymnasium/spaces/box.py:415: UserWarning: [33mWARN: Casting input x to numpy array.[0m
  gym.logger.warn("Casting input x to numpy array.")
/lustre/home/ha676/le-wm/.venv/lib/python3.11/site-packages/gymnasium/spaces/box.py:415: UserWarning: [33mWARN: Casting input x to numpy array.[0m
  gym.logger.warn("Casting input x to numpy array.")
[episodes-file] pusht.episodes150s5.json: 256 precomputed pairs (goal_offset=150, seed=42, eval_filter=success5) -- sample_long/short bypassed
[eval] mode=long start=final num_eval=256 goal_offset=150 budget=300 eval_filter=none
[eval] episodes_idx[:5]=[618, 812, 816, 843, 863] start_steps[:5]=[7, 34, 34, 34, 34]
[PIN] success = pos_diff<20 [block xy only (paper)] AND angle<20deg
CEM solve time: 55.0118 seconds
CEM solve time: 54.9729 seconds
CEM solve time: 54.9744 seconds
CEM solve time: 54.9540 seconds
CEM solve time: 54.0481 seconds
CEM solve time: 53.6376 seconds
CEM solve time: 52.8132 seconds
CEM solve time: 52.6018 seconds
CEM solve time: 51.1353 seconds
CEM solve time: 47.4357 seconds
CEM solve time: 43.3244 seconds
CEM solve time: 37.3865 seconds
CEM solve time: 31.1375 seconds
CEM solve time: 25.3353 seconds
CEM solve time: 19.9606 seconds
CEM solve time: 15.0130 seconds
CEM solve time: 12.2211 seconds
CEM solve time: 9.6490 seconds
CEM solve time: 6.8666 seconds
CEM solve time: 5.7986 seconds
CEM solve time: 3.8644 seconds
CEM solve time: 3.0080 seconds
CEM solve time: 2.5777 seconds
CEM solve time: 2.1487 seconds
CEM solve time: 1.7202 seconds
CEM solve time: 1.7202 seconds
CEM solve time: 1.5048 seconds
CEM solve time: 0.6462 seconds
CEM solve time: 0.6463 seconds
CEM solve time: 0.4315 seconds
[RESULT] score=block angle=20deg  SR=99.22%  (254/256)
[PIN] success = pos_diff<20 [block xy only (paper)] AND angle<5deg
CEM solve time: 55.0033 seconds
CEM solve time: 54.9441 seconds
CEM solve time: 54.9241 seconds
CEM solve time: 54.9304 seconds
CEM solve time: 54.4618 seconds
CEM solve time: 54.2048 seconds
CEM solve time: 53.3234 seconds
CEM solve time: 53.3501 seconds
CEM solve time: 52.5176 seconds
CEM solve time: 51.4651 seconds
CEM solve time: 47.8180 seconds
CEM solve time: 43.4955 seconds
CEM solve time: 39.4961 seconds
CEM solve time: 32.3563 seconds
CEM solve time: 27.9004 seconds
CEM solve time: 21.6461 seconds
CEM solve time: 18.1937 seconds
CEM solve time: 16.0533 seconds
CEM solve time: 13.7160 seconds
CEM solve time: 11.7860 seconds
CEM solve time: 9.6506 seconds
CEM solve time: 8.3519 seconds
CEM solve time: 7.7161 seconds
CEM solve time: 6.0053 seconds
CEM solve time: 5.3592 seconds
CEM solve time: 4.5044 seconds
CEM solve time: 3.6469 seconds
CEM solve time: 3.2163 seconds
CEM solve time: 3.0070 seconds
CEM solve time: 2.3606 seconds
[RESULT] score=block angle=5deg  SR=96.09%  (246/256)

==== FF-JEPA eval summary ====
mode=long subgoal=gdm num_eval=256 seed=43 cem_seed=43 eval_filter=none
  score=block   20deg :  99.22%  (254/256)
  score=block    5deg :  96.09%  (246/256)
