/lustre/home/ha676/le-wm/.venv/lib/python3.11/site-packages/stable_worldmodel/envs/__init__.py:215: UserWarning: ale-py not found; ALE/* envs are unavailable. Install with: pip install 'stable-worldmodel[env]' or pip install ale-py.
  from stable_worldmodel.envs import ale  # noqa: F401
2026-07-12 21:22:38.090 | INFO     | stable_worldmodel.wm.utils:_resolve_hf:149 - Loading quentinll/lewm-pusht from local cache...
2026-07-12 21:22:38.091 | INFO     | stable_worldmodel.wm.utils:_resolve_folder:137 - Loading checkpoint from folder /lustre/home/ha676/.stable_worldmodel/checkpoints/models--quentinll--lewm-pusht...
/lustre/home/ha676/le-wm/.venv/lib/python3.11/site-packages/stable_worldmodel/wm/utils.py:80: FutureWarning: You are using `torch.load` with `weights_only=False` (the current default value), which uses the default pickle module implicitly. It is possible to construct malicious pickle data which will execute arbitrary code during unpickling (See https://github.com/pytorch/pytorch/blob/main/SECURITY.md#untrusted-models for more details). In a future release, the default value for `weights_only` will be flipped to `True`. This limits the functions that could be executed during unpickling. Arbitrary objects will no longer be allowed to be loaded via this mode unless they are explicitly allowlisted by the user via `torch.serialization.add_safe_globals`. We recommend you start setting `weights_only=True` for any use case where you don't have full control of the loaded file. Please open an issue on GitHub for any issues related to this experimental feature.
  state_dict = torch.load(checkpoint_path, map_location='cpu')
21:22:54 | INFO  | atomic_chec~| [atomic_save] installed crash-safe checkpoint plugin (write to sibling .tmp + fsync + atomic rename)
21:22:54 | INFO  | utils.py    | Created ViT-tiny from scratch with config: {'hidden_size': 192, 'num_hidden_layers': 12, 'num_attention_heads': 3, 'intermediate_size': 768, 'image_size': 224, 'patch_size': 14}
[model] frozen LeWM (18.03M), device=cuda, training=False, subgoal=specaccept
[gdm] planner from gdm_stride10.pt: head=53.34M, N=3 WG=1 gamma=1.0 T=1000 sampler=ddim/8-steps param=eps schedule=linear norm=standardize
21:23:14 | INFO  | __init__.py | Cached 'action' from '/lustre/home/ha676/data/pusht/pusht_expert_train.h5'
21:23:35 | INFO  | __init__.py | Cached 'proprio' from '/lustre/home/ha676/data/pusht/pusht_expert_train.h5'
21:23:56 | INFO  | __init__.py | Cached 'state' from '/lustre/home/ha676/data/pusht/pusht_expert_train.h5'
/lustre/home/ha676/le-wm/.venv/lib/python3.11/site-packages/gymnasium/spaces/box.py:415: UserWarning: [33mWARN: Casting input x to numpy array.[0m
  gym.logger.warn("Casting input x to numpy array.")
/lustre/home/ha676/le-wm/.venv/lib/python3.11/site-packages/gymnasium/spaces/box.py:415: UserWarning: [33mWARN: Casting input x to numpy array.[0m
  gym.logger.warn("Casting input x to numpy array.")
[episodes-file] pusht.episodes150.val.json: 256 precomputed pairs (goal_offset=150, seed=777, eval_filter=None) -- sample_long/short bypassed
[eval] mode=long start=final num_eval=256 goal_offset=150 budget=300 eval_filter=none
[eval] episodes_idx[:5]=[611, 612, 622, 629, 630] start_steps[:5]=[7, 7, 7, 7, 7]
[PIN] success = pos_diff<20 [block xy only (paper)] AND angle<20deg
CEM solve time: 54.8198 seconds
CEM solve time: 53.9356 seconds
CEM solve time: 53.7347 seconds
CEM solve time: 53.7813 seconds
CEM solve time: 53.7349 seconds
CEM solve time: 53.7489 seconds
CEM solve time: 52.4725 seconds
CEM solve time: 51.2837 seconds
CEM solve time: 50.3156 seconds
CEM solve time: 45.9923 seconds
CEM solve time: 40.8602 seconds
CEM solve time: 36.9634 seconds
CEM solve time: 34.2429 seconds
CEM solve time: 31.4583 seconds
CEM solve time: 28.6783 seconds
CEM solve time: 26.1298 seconds
CEM solve time: 24.4157 seconds
CEM solve time: 23.5712 seconds
CEM solve time: 22.6607 seconds
CEM solve time: 21.3830 seconds
CEM solve time: 20.9688 seconds
CEM solve time: 20.9551 seconds
CEM solve time: 20.5590 seconds
CEM solve time: 20.5750 seconds
CEM solve time: 20.5753 seconds
CEM solve time: 20.3514 seconds
CEM solve time: 20.3488 seconds
CEM solve time: 20.3658 seconds
CEM solve time: 20.3604 seconds
CEM solve time: 20.1205 seconds
[RESULT] score=block angle=20deg  SR=63.28%  (162/256)
[specaccept] tau=0.3 gdm_steps=8 re-drafts=1974 advances=2788 rejects=798 call_ratio=0.415 (every-step=1.000; lower = fewer diffusion calls)
[PIN] success = pos_diff<20 [block xy only (paper)] AND angle<5deg
CEM solve time: 54.7885 seconds
CEM solve time: 54.1577 seconds
CEM solve time: 54.1692 seconds
CEM solve time: 54.2422 seconds
CEM solve time: 54.2145 seconds
CEM solve time: 54.2744 seconds
CEM solve time: 54.2467 seconds
CEM solve time: 54.0743 seconds
CEM solve time: 53.0174 seconds
CEM solve time: 52.2861 seconds
CEM solve time: 50.6426 seconds
CEM solve time: 48.0135 seconds
CEM solve time: 43.8484 seconds
CEM solve time: 40.4981 seconds
CEM solve time: 37.7356 seconds
CEM solve time: 34.4886 seconds
CEM solve time: 32.9777 seconds
CEM solve time: 32.1436 seconds
CEM solve time: 30.8597 seconds
CEM solve time: 29.3501 seconds
CEM solve time: 28.2910 seconds
CEM solve time: 27.4614 seconds
CEM solve time: 26.8221 seconds
CEM solve time: 26.5747 seconds
CEM solve time: 25.9538 seconds
CEM solve time: 25.7206 seconds
CEM solve time: 25.3147 seconds
CEM solve time: 24.9076 seconds
CEM solve time: 24.4789 seconds
CEM solve time: 24.0675 seconds
[RESULT] score=block angle=5deg  SR=56.64%  (145/256)
[specaccept] tau=0.3 gdm_steps=8 re-drafts=2296 advances=3207 rejects=946 call_ratio=0.417 (every-step=1.000; lower = fewer diffusion calls)

==== FF-JEPA eval summary ====
mode=long subgoal=specaccept num_eval=256 seed=42 cem_seed=42 eval_filter=none
  score=block   20deg :  63.28%  (162/256)
  score=block    5deg :  56.64%  (145/256)
