/lustre/home/ha676/le-wm/.venv/lib/python3.11/site-packages/stable_worldmodel/envs/__init__.py:215: UserWarning: ale-py not found; ALE/* envs are unavailable. Install with: pip install 'stable-worldmodel[env]' or pip install ale-py.
  from stable_worldmodel.envs import ale  # noqa: F401
2026-07-12 18:05:24.900 | INFO     | stable_worldmodel.wm.utils:_resolve_hf:149 - Loading quentinll/lewm-pusht from local cache...
2026-07-12 18:05:24.900 | INFO     | stable_worldmodel.wm.utils:_resolve_folder:137 - Loading checkpoint from folder /lustre/home/ha676/.stable_worldmodel/checkpoints/models--quentinll--lewm-pusht...
/lustre/home/ha676/le-wm/.venv/lib/python3.11/site-packages/stable_worldmodel/wm/utils.py:80: FutureWarning: You are using `torch.load` with `weights_only=False` (the current default value), which uses the default pickle module implicitly. It is possible to construct malicious pickle data which will execute arbitrary code during unpickling (See https://github.com/pytorch/pytorch/blob/main/SECURITY.md#untrusted-models for more details). In a future release, the default value for `weights_only` will be flipped to `True`. This limits the functions that could be executed during unpickling. Arbitrary objects will no longer be allowed to be loaded via this mode unless they are explicitly allowlisted by the user via `torch.serialization.add_safe_globals`. We recommend you start setting `weights_only=True` for any use case where you don't have full control of the loaded file. Please open an issue on GitHub for any issues related to this experimental feature.
  state_dict = torch.load(checkpoint_path, map_location='cpu')
18:05:30 | INFO  | atomic_chec~| [atomic_save] installed crash-safe checkpoint plugin (write to sibling .tmp + fsync + atomic rename)
18:05:30 | INFO  | utils.py    | Created ViT-tiny from scratch with config: {'hidden_size': 192, 'num_hidden_layers': 12, 'num_attention_heads': 3, 'intermediate_size': 768, 'image_size': 224, 'patch_size': 14}
[model] frozen LeWM (18.03M), device=cuda, training=False, subgoal=gdm
[gdm] planner from gdm_stride10.pt: head=53.34M, N=3 WG=1 gamma=0.25 T=1000 sampler=ddim/50-steps param=eps schedule=linear norm=standardize
18:05:31 | INFO  | __init__.py | Cached 'action' from '/lustre/home/ha676/data/pusht/pusht_expert_train.h5'
18:05:31 | INFO  | __init__.py | Cached 'proprio' from '/lustre/home/ha676/data/pusht/pusht_expert_train.h5'
18:05:31 | INFO  | __init__.py | Cached 'state' from '/lustre/home/ha676/data/pusht/pusht_expert_train.h5'
/lustre/home/ha676/le-wm/.venv/lib/python3.11/site-packages/gymnasium/spaces/box.py:415: UserWarning: [33mWARN: Casting input x to numpy array.[0m
  gym.logger.warn("Casting input x to numpy array.")
/lustre/home/ha676/le-wm/.venv/lib/python3.11/site-packages/gymnasium/spaces/box.py:415: UserWarning: [33mWARN: Casting input x to numpy array.[0m
  gym.logger.warn("Casting input x to numpy array.")
[episodes-file] pusht.episodes150.json: 256 precomputed pairs (goal_offset=150, seed=42, eval_filter=None) -- sample_long/short bypassed
[eval] mode=long start=final num_eval=256 goal_offset=150 budget=300 eval_filter=none
[eval] episodes_idx[:5]=[636, 688, 700, 834, 850] start_steps[:5]=[7, 7, 7, 34, 34]
[PIN] success = pos_diff<20 [block xy only (paper)] AND angle<20deg
CEM solve time: 54.6815 seconds
CEM solve time: 53.3438 seconds
CEM solve time: 53.1257 seconds
CEM solve time: 52.8786 seconds
CEM solve time: 52.3355 seconds
CEM solve time: 51.4117 seconds
CEM solve time: 50.1066 seconds
CEM solve time: 49.5529 seconds
CEM solve time: 49.0359 seconds
CEM solve time: 45.6234 seconds
CEM solve time: 43.2591 seconds
CEM solve time: 40.3276 seconds
CEM solve time: 37.5416 seconds
CEM solve time: 34.3644 seconds
CEM solve time: 30.9277 seconds
CEM solve time: 27.9707 seconds
CEM solve time: 26.4450 seconds
CEM solve time: 25.3957 seconds
CEM solve time: 25.1993 seconds
CEM solve time: 24.7734 seconds
CEM solve time: 24.1239 seconds
CEM solve time: 23.9133 seconds
CEM solve time: 23.9104 seconds
CEM solve time: 23.4788 seconds
CEM solve time: 23.4632 seconds
CEM solve time: 23.2559 seconds
CEM solve time: 23.2806 seconds
CEM solve time: 23.3036 seconds
CEM solve time: 23.3140 seconds
CEM solve time: 23.3083 seconds
[RESULT] score=block angle=20deg  SR=57.42%  (147/256)
[PIN] success = pos_diff<20 [block xy only (paper)] AND angle<5deg
CEM solve time: 54.7770 seconds
CEM solve time: 53.8900 seconds
CEM solve time: 53.6194 seconds
CEM solve time: 53.4260 seconds
CEM solve time: 53.3884 seconds
CEM solve time: 52.4482 seconds
CEM solve time: 52.4501 seconds
CEM solve time: 52.2687 seconds
CEM solve time: 52.2724 seconds
CEM solve time: 50.3412 seconds
CEM solve time: 48.4147 seconds
CEM solve time: 46.4815 seconds
CEM solve time: 44.5793 seconds
CEM solve time: 41.6397 seconds
CEM solve time: 38.5597 seconds
CEM solve time: 36.6741 seconds
CEM solve time: 36.0309 seconds
CEM solve time: 34.5347 seconds
CEM solve time: 34.3324 seconds
CEM solve time: 33.7114 seconds
CEM solve time: 32.6049 seconds
CEM solve time: 32.4056 seconds
CEM solve time: 31.9858 seconds
CEM solve time: 31.7962 seconds
CEM solve time: 31.6059 seconds
CEM solve time: 31.3709 seconds
CEM solve time: 30.9850 seconds
CEM solve time: 30.7398 seconds
CEM solve time: 30.7098 seconds
CEM solve time: 30.5314 seconds
[RESULT] score=block angle=5deg  SR=44.53%  (114/256)

==== FF-JEPA eval summary ====
mode=long subgoal=gdm num_eval=256 seed=43 cem_seed=43 eval_filter=none
  score=block   20deg :  57.42%  (147/256)
  score=block    5deg :  44.53%  (114/256)
