=== pusht rh-sweep: horizon RH=1 t=50 budget=100 seed=43 ===
/lustre/home/ha676/le-wm/.venv/lib/python3.11/site-packages/stable_worldmodel/envs/__init__.py:215: UserWarning: ale-py not found; ALE/* envs are unavailable. Install with: pip install 'stable-worldmodel[env]' or pip install ale-py.
  from stable_worldmodel.envs import ale  # noqa: F401
2026-07-12 13:05:37.760 | INFO     | stable_worldmodel.wm.utils:_resolve_hf:149 - Loading quentinll/lewm-pusht from local cache...
2026-07-12 13:05:37.760 | INFO     | stable_worldmodel.wm.utils:_resolve_folder:137 - Loading checkpoint from folder /lustre/home/ha676/.stable_worldmodel/checkpoints/models--quentinll--lewm-pusht...
/lustre/home/ha676/le-wm/.venv/lib/python3.11/site-packages/stable_worldmodel/wm/utils.py:80: FutureWarning: You are using `torch.load` with `weights_only=False` (the current default value), which uses the default pickle module implicitly. It is possible to construct malicious pickle data which will execute arbitrary code during unpickling (See https://github.com/pytorch/pytorch/blob/main/SECURITY.md#untrusted-models for more details). In a future release, the default value for `weights_only` will be flipped to `True`. This limits the functions that could be executed during unpickling. Arbitrary objects will no longer be allowed to be loaded via this mode unless they are explicitly allowlisted by the user via `torch.serialization.add_safe_globals`. We recommend you start setting `weights_only=True` for any use case where you don't have full control of the loaded file. Please open an issue on GitHub for any issues related to this experimental feature.
  state_dict = torch.load(checkpoint_path, map_location='cpu')
13:05:44 | INFO  | atomic_chec~| [atomic_save] installed crash-safe checkpoint plugin (write to sibling .tmp + fsync + atomic rename)
13:05:44 | INFO  | utils.py    | Created ViT-tiny from scratch with config: {'hidden_size': 192, 'num_hidden_layers': 12, 'num_attention_heads': 3, 'intermediate_size': 768, 'image_size': 224, 'patch_size': 14}
[model] frozen LeWM (18.03M), device=cuda, training=False, subgoal=baseline
13:05:45 | INFO  | __init__.py | Cached 'action' from '/lustre/home/ha676/data/pusht/pusht_expert_train.h5'
13:05:45 | INFO  | __init__.py | Cached 'proprio' from '/lustre/home/ha676/data/pusht/pusht_expert_train.h5'
13:05:45 | INFO  | __init__.py | Cached 'state' from '/lustre/home/ha676/data/pusht/pusht_expert_train.h5'
/lustre/home/ha676/le-wm/.venv/lib/python3.11/site-packages/gymnasium/spaces/box.py:415: UserWarning: [33mWARN: Casting input x to numpy array.[0m
  gym.logger.warn("Casting input x to numpy array.")
/lustre/home/ha676/le-wm/.venv/lib/python3.11/site-packages/gymnasium/utils/passive_env_checker.py:157: UserWarning: [33mWARN: The obs returned by the `step()` method is not within the observation space.[0m
  logger.warn(f"{pre} is not within the observation space.")
/lustre/home/ha676/le-wm/.venv/lib/python3.11/site-packages/gymnasium/spaces/box.py:415: UserWarning: [33mWARN: Casting input x to numpy array.[0m
  gym.logger.warn("Casting input x to numpy array.")
/lustre/home/ha676/le-wm/.venv/lib/python3.11/site-packages/gymnasium/utils/passive_env_checker.py:157: UserWarning: [33mWARN: The obs returned by the `step()` method is not within the observation space.[0m
  logger.warn(f"{pre} is not within the observation space.")
[episodes-file] pusht.episodes150as50.json: 256 precomputed pairs (goal_offset=50, seed=42, eval_filter=None) -- sample_long/short bypassed
[eval] mode=long start=final num_eval=256 goal_offset=50 budget=100 eval_filter=none
[eval] episodes_idx[:5]=[636, 688, 700, 834, 850] start_steps[:5]=[107, 107, 107, 134, 134]
[PIN] success = pos_diff<20 [block xy only (paper)] AND angle<20deg
CEM solve time: 28.1877 seconds
CEM solve time: 12.6273 seconds
CEM solve time: 11.8634 seconds
CEM solve time: 11.4337 seconds
CEM solve time: 11.3266 seconds
CEM solve time: 11.3228 seconds
CEM solve time: 11.3276 seconds
CEM solve time: 11.3321 seconds
CEM solve time: 11.3318 seconds
CEM solve time: 11.3280 seconds
CEM solve time: 11.3292 seconds
CEM solve time: 11.3321 seconds
CEM solve time: 11.3294 seconds
CEM solve time: 11.3291 seconds
CEM solve time: 11.3280 seconds
CEM solve time: 11.3368 seconds
CEM solve time: 11.3297 seconds
CEM solve time: 11.3297 seconds
CEM solve time: 11.3325 seconds
CEM solve time: 11.3330 seconds
[RESULT] score=block angle=20deg  SR=59.38%  (152/256)
[PIN] success = pos_diff<20 [block xy only (paper)] AND angle<5deg
CEM solve time: 27.5046 seconds
CEM solve time: 17.0737 seconds
CEM solve time: 16.2075 seconds
CEM solve time: 15.8936 seconds
CEM solve time: 15.7772 seconds
CEM solve time: 15.7889 seconds
CEM solve time: 15.7771 seconds
CEM solve time: 15.7698 seconds
CEM solve time: 15.7659 seconds
CEM solve time: 15.7599 seconds
CEM solve time: 15.7784 seconds
CEM solve time: 15.7745 seconds
CEM solve time: 15.7705 seconds
CEM solve time: 15.7722 seconds
CEM solve time: 15.8279 seconds
CEM solve time: 15.8029 seconds
CEM solve time: 15.7688 seconds
CEM solve time: 15.7692 seconds
CEM solve time: 15.7692 seconds
CEM solve time: 15.7704 seconds
[RESULT] score=block angle=5deg  SR=42.97%  (110/256)

==== FF-JEPA eval summary ====
mode=long subgoal=baseline num_eval=256 seed=43 cem_seed=43 eval_filter=none
  score=block   20deg :  59.38%  (152/256)
  score=block    5deg :  42.97%  (110/256)
