/lustre/home/ha676/le-wm/.venv/lib/python3.11/site-packages/stable_worldmodel/envs/__init__.py:215: UserWarning: ale-py not found; ALE/* envs are unavailable. Install with: pip install 'stable-worldmodel[env]' or pip install ale-py.
  from stable_worldmodel.envs import ale  # noqa: F401
2026-07-13 01:42:26.180 | INFO     | stable_worldmodel.wm.utils:_resolve_hf:149 - Loading quentinll/lewm-pusht from local cache...
2026-07-13 01:42:26.181 | INFO     | stable_worldmodel.wm.utils:_resolve_folder:137 - Loading checkpoint from folder /lustre/home/ha676/.stable_worldmodel/checkpoints/models--quentinll--lewm-pusht...
/lustre/home/ha676/le-wm/.venv/lib/python3.11/site-packages/stable_worldmodel/wm/utils.py:80: FutureWarning: You are using `torch.load` with `weights_only=False` (the current default value), which uses the default pickle module implicitly. It is possible to construct malicious pickle data which will execute arbitrary code during unpickling (See https://github.com/pytorch/pytorch/blob/main/SECURITY.md#untrusted-models for more details). In a future release, the default value for `weights_only` will be flipped to `True`. This limits the functions that could be executed during unpickling. Arbitrary objects will no longer be allowed to be loaded via this mode unless they are explicitly allowlisted by the user via `torch.serialization.add_safe_globals`. We recommend you start setting `weights_only=True` for any use case where you don't have full control of the loaded file. Please open an issue on GitHub for any issues related to this experimental feature.
  state_dict = torch.load(checkpoint_path, map_location='cpu')
01:42:31 | INFO  | atomic_chec~| [atomic_save] installed crash-safe checkpoint plugin (write to sibling .tmp + fsync + atomic rename)
01:42:31 | INFO  | utils.py    | Created ViT-tiny from scratch with config: {'hidden_size': 192, 'num_hidden_layers': 12, 'num_attention_heads': 3, 'intermediate_size': 768, 'image_size': 224, 'patch_size': 14}
[model] frozen LeWM (18.03M), device=cuda, training=False, subgoal=gdm
[gdm] planner from gdm_stride10_gc.pt: head=53.44M, N=3 WG=1 gamma=1.0 T=1000 sampler=ddim/50-steps param=eps schedule=linear norm=standardize
01:42:32 | INFO  | __init__.py | Cached 'action' from '/lustre/home/ha676/data/pusht/pusht_expert_train.h5'
01:42:32 | INFO  | __init__.py | Cached 'proprio' from '/lustre/home/ha676/data/pusht/pusht_expert_train.h5'
01:42:32 | INFO  | __init__.py | Cached 'state' from '/lustre/home/ha676/data/pusht/pusht_expert_train.h5'
/lustre/home/ha676/le-wm/.venv/lib/python3.11/site-packages/gymnasium/spaces/box.py:415: UserWarning: [33mWARN: Casting input x to numpy array.[0m
  gym.logger.warn("Casting input x to numpy array.")
/lustre/home/ha676/le-wm/.venv/lib/python3.11/site-packages/gymnasium/utils/passive_env_checker.py:157: UserWarning: [33mWARN: The obs returned by the `step()` method is not within the observation space.[0m
  logger.warn(f"{pre} is not within the observation space.")
/lustre/home/ha676/le-wm/.venv/lib/python3.11/site-packages/gymnasium/spaces/box.py:415: UserWarning: [33mWARN: Casting input x to numpy array.[0m
  gym.logger.warn("Casting input x to numpy array.")
/lustre/home/ha676/le-wm/.venv/lib/python3.11/site-packages/gymnasium/utils/passive_env_checker.py:157: UserWarning: [33mWARN: The obs returned by the `step()` method is not within the observation space.[0m
  logger.warn(f"{pre} is not within the observation space.")
[episodes-file] pusht.episodes150.json: 256 precomputed pairs (goal_offset=150, seed=42, eval_filter=None) -- sample_long/short bypassed
[eval] mode=long start=final num_eval=256 goal_offset=150 budget=300 eval_filter=none
[eval] episodes_idx[:5]=[636, 688, 700, 834, 850] start_steps[:5]=[7, 7, 7, 34, 34]
[PIN] success = pos_diff<20 [block xy only (paper)] AND angle<20deg
CEM solve time: 54.6741 seconds
CEM solve time: 53.2423 seconds
CEM solve time: 53.0300 seconds
CEM solve time: 53.0032 seconds
CEM solve time: 52.2181 seconds
CEM solve time: 51.0439 seconds
CEM solve time: 50.0484 seconds
CEM solve time: 49.3236 seconds
CEM solve time: 47.8047 seconds
CEM solve time: 44.4693 seconds
CEM solve time: 42.7374 seconds
CEM solve time: 40.8500 seconds
CEM solve time: 37.8404 seconds
CEM solve time: 32.9489 seconds
CEM solve time: 28.7018 seconds
CEM solve time: 26.7862 seconds
CEM solve time: 24.4412 seconds
CEM solve time: 23.7967 seconds
CEM solve time: 23.3852 seconds
CEM solve time: 22.9691 seconds
CEM solve time: 22.9660 seconds
CEM solve time: 22.5531 seconds
CEM solve time: 22.3401 seconds
CEM solve time: 22.6988 seconds
CEM solve time: 22.3960 seconds
CEM solve time: 21.9531 seconds
CEM solve time: 21.7484 seconds
CEM solve time: 21.5081 seconds
CEM solve time: 21.1007 seconds
CEM solve time: 20.8819 seconds
[RESULT] score=block angle=20deg  SR=61.72%  (158/256)
[PIN] success = pos_diff<20 [block xy only (paper)] AND angle<5deg
CEM solve time: 54.5903 seconds
CEM solve time: 53.7652 seconds
CEM solve time: 53.7630 seconds
CEM solve time: 53.7619 seconds
CEM solve time: 53.7747 seconds
CEM solve time: 53.5401 seconds
CEM solve time: 53.5377 seconds
CEM solve time: 52.8342 seconds
CEM solve time: 51.9811 seconds
CEM solve time: 49.8927 seconds
CEM solve time: 49.0647 seconds
CEM solve time: 47.0544 seconds
CEM solve time: 44.3145 seconds
CEM solve time: 41.1658 seconds
CEM solve time: 35.1943 seconds
CEM solve time: 33.6661 seconds
CEM solve time: 30.7228 seconds
CEM solve time: 29.2214 seconds
CEM solve time: 28.1097 seconds
CEM solve time: 27.2578 seconds
CEM solve time: 26.6207 seconds
CEM solve time: 26.4179 seconds
CEM solve time: 25.9910 seconds
CEM solve time: 25.7621 seconds
CEM solve time: 25.7699 seconds
CEM solve time: 25.1302 seconds
CEM solve time: 25.1330 seconds
CEM solve time: 24.7010 seconds
CEM solve time: 24.7077 seconds
CEM solve time: 24.4924 seconds
[RESULT] score=block angle=5deg  SR=55.08%  (141/256)

==== FF-JEPA eval summary ====
mode=long subgoal=gdm num_eval=256 seed=44 cem_seed=44 eval_filter=none
  score=block   20deg :  61.72%  (158/256)
  score=block    5deg :  55.08%  (141/256)
