/lustre/home/ha676/le-wm/.venv/lib/python3.11/site-packages/stable_worldmodel/envs/__init__.py:215: UserWarning: ale-py not found; ALE/* envs are unavailable. Install with: pip install 'stable-worldmodel[env]' or pip install ale-py.
  from stable_worldmodel.envs import ale  # noqa: F401
2026-07-12 23:57:21.591 | INFO     | stable_worldmodel.wm.utils:_resolve_hf:149 - Loading quentinll/lewm-pusht from local cache...
2026-07-12 23:57:21.592 | INFO     | stable_worldmodel.wm.utils:_resolve_folder:137 - Loading checkpoint from folder /lustre/home/ha676/.stable_worldmodel/checkpoints/models--quentinll--lewm-pusht...
/lustre/home/ha676/le-wm/.venv/lib/python3.11/site-packages/stable_worldmodel/wm/utils.py:80: FutureWarning: You are using `torch.load` with `weights_only=False` (the current default value), which uses the default pickle module implicitly. It is possible to construct malicious pickle data which will execute arbitrary code during unpickling (See https://github.com/pytorch/pytorch/blob/main/SECURITY.md#untrusted-models for more details). In a future release, the default value for `weights_only` will be flipped to `True`. This limits the functions that could be executed during unpickling. Arbitrary objects will no longer be allowed to be loaded via this mode unless they are explicitly allowlisted by the user via `torch.serialization.add_safe_globals`. We recommend you start setting `weights_only=True` for any use case where you don't have full control of the loaded file. Please open an issue on GitHub for any issues related to this experimental feature.
  state_dict = torch.load(checkpoint_path, map_location='cpu')
23:57:30 | INFO  | atomic_chec~| [atomic_save] installed crash-safe checkpoint plugin (write to sibling .tmp + fsync + atomic rename)
23:57:30 | INFO  | utils.py    | Created ViT-tiny from scratch with config: {'hidden_size': 192, 'num_hidden_layers': 12, 'num_attention_heads': 3, 'intermediate_size': 768, 'image_size': 224, 'patch_size': 14}
[model] frozen LeWM (18.03M), device=cuda, training=False, subgoal=specaccept
[gdm] planner from gdm_stride10.pt: head=53.34M, N=3 WG=1 gamma=1.0 T=1000 sampler=ddim/4-steps param=eps schedule=linear norm=standardize
23:57:31 | INFO  | __init__.py | Cached 'action' from '/lustre/home/ha676/data/pusht/pusht_expert_train.h5'
23:57:31 | INFO  | __init__.py | Cached 'proprio' from '/lustre/home/ha676/data/pusht/pusht_expert_train.h5'
23:57:31 | INFO  | __init__.py | Cached 'state' from '/lustre/home/ha676/data/pusht/pusht_expert_train.h5'
/lustre/home/ha676/le-wm/.venv/lib/python3.11/site-packages/gymnasium/spaces/box.py:415: UserWarning: [33mWARN: Casting input x to numpy array.[0m
  gym.logger.warn("Casting input x to numpy array.")
/lustre/home/ha676/le-wm/.venv/lib/python3.11/site-packages/gymnasium/utils/passive_env_checker.py:157: UserWarning: [33mWARN: The obs returned by the `step()` method is not within the observation space.[0m
  logger.warn(f"{pre} is not within the observation space.")
/lustre/home/ha676/le-wm/.venv/lib/python3.11/site-packages/gymnasium/spaces/box.py:415: UserWarning: [33mWARN: Casting input x to numpy array.[0m
  gym.logger.warn("Casting input x to numpy array.")
/lustre/home/ha676/le-wm/.venv/lib/python3.11/site-packages/gymnasium/utils/passive_env_checker.py:157: UserWarning: [33mWARN: The obs returned by the `step()` method is not within the observation space.[0m
  logger.warn(f"{pre} is not within the observation space.")
[episodes-file] pusht.episodes150as100.json: 256 precomputed pairs (goal_offset=100, seed=42, eval_filter=None) -- sample_long/short bypassed
[eval] mode=long start=final num_eval=256 goal_offset=100 budget=200 eval_filter=none
[eval] episodes_idx[:5]=[636, 688, 700, 834, 850] start_steps[:5]=[57, 57, 57, 84, 84]
[PIN] success = pos_diff<20 [block xy only (paper)] AND angle<20deg
CEM solve time: 54.7864 seconds
CEM solve time: 47.8330 seconds
CEM solve time: 46.3476 seconds
CEM solve time: 45.1932 seconds
CEM solve time: 41.1328 seconds
CEM solve time: 39.6953 seconds
CEM solve time: 36.2984 seconds
CEM solve time: 32.2151 seconds
CEM solve time: 29.4499 seconds
CEM solve time: 25.3954 seconds
CEM solve time: 23.4764 seconds
CEM solve time: 21.9868 seconds
CEM solve time: 20.7258 seconds
CEM solve time: 20.4662 seconds
CEM solve time: 20.2528 seconds
CEM solve time: 20.0443 seconds
CEM solve time: 19.8655 seconds
CEM solve time: 19.2274 seconds
CEM solve time: 18.9903 seconds
CEM solve time: 18.5724 seconds
[RESULT] score=block angle=20deg  SR=66.41%  (170/256)
[specaccept] tau=0.3 gdm_steps=4 re-drafts=1368 advances=1452 rejects=736 call_ratio=0.485 (every-step=1.000; lower = fewer diffusion calls)
[PIN] success = pos_diff<20 [block xy only (paper)] AND angle<5deg
CEM solve time: 54.6627 seconds
CEM solve time: 50.6432 seconds
CEM solve time: 50.5985 seconds
CEM solve time: 50.0714 seconds
CEM solve time: 48.6070 seconds
CEM solve time: 46.9725 seconds
CEM solve time: 44.1008 seconds
CEM solve time: 40.4680 seconds
CEM solve time: 37.3060 seconds
CEM solve time: 34.6943 seconds
CEM solve time: 31.9783 seconds
CEM solve time: 30.2694 seconds
CEM solve time: 29.6305 seconds
CEM solve time: 29.2133 seconds
CEM solve time: 28.3511 seconds
CEM solve time: 27.9655 seconds
CEM solve time: 26.8693 seconds
CEM solve time: 26.6617 seconds
CEM solve time: 26.2531 seconds
CEM solve time: 25.8485 seconds
[RESULT] score=block angle=5deg  SR=53.12%  (136/256)
[specaccept] tau=0.3 gdm_steps=4 re-drafts=1659 advances=1816 rejects=893 call_ratio=0.477 (every-step=1.000; lower = fewer diffusion calls)

==== FF-JEPA eval summary ====
mode=long subgoal=specaccept num_eval=256 seed=42 cem_seed=42 eval_filter=none
  score=block   20deg :  66.41%  (170/256)
  score=block    5deg :  53.12%  (136/256)
