=== pusht k=4: speck4 seed=42 (t150) ===
/lustre/home/ha676/le-wm/.venv/lib/python3.11/site-packages/stable_worldmodel/envs/__init__.py:215: UserWarning: ale-py not found; ALE/* envs are unavailable. Install with: pip install 'stable-worldmodel[env]' or pip install ale-py.
  from stable_worldmodel.envs import ale  # noqa: F401
2026-07-12 22:08:25.694 | INFO     | stable_worldmodel.wm.utils:_resolve_hf:149 - Loading quentinll/lewm-pusht from local cache...
2026-07-12 22:08:25.694 | INFO     | stable_worldmodel.wm.utils:_resolve_folder:137 - Loading checkpoint from folder /lustre/home/ha676/.stable_worldmodel/checkpoints/models--quentinll--lewm-pusht...
/lustre/home/ha676/le-wm/.venv/lib/python3.11/site-packages/stable_worldmodel/wm/utils.py:80: FutureWarning: You are using `torch.load` with `weights_only=False` (the current default value), which uses the default pickle module implicitly. It is possible to construct malicious pickle data which will execute arbitrary code during unpickling (See https://github.com/pytorch/pytorch/blob/main/SECURITY.md#untrusted-models for more details). In a future release, the default value for `weights_only` will be flipped to `True`. This limits the functions that could be executed during unpickling. Arbitrary objects will no longer be allowed to be loaded via this mode unless they are explicitly allowlisted by the user via `torch.serialization.add_safe_globals`. We recommend you start setting `weights_only=True` for any use case where you don't have full control of the loaded file. Please open an issue on GitHub for any issues related to this experimental feature.
  state_dict = torch.load(checkpoint_path, map_location='cpu')
22:08:30 | INFO  | atomic_chec~| [atomic_save] installed crash-safe checkpoint plugin (write to sibling .tmp + fsync + atomic rename)
22:08:30 | INFO  | utils.py    | Created ViT-tiny from scratch with config: {'hidden_size': 192, 'num_hidden_layers': 12, 'num_attention_heads': 3, 'intermediate_size': 768, 'image_size': 224, 'patch_size': 14}
[model] frozen LeWM (18.03M), device=cuda, training=False, subgoal=specaccept
[gdm] planner from gdm_stride10.pt: head=53.34M, N=3 WG=1 gamma=1.0 T=1000 sampler=ddim/4-steps param=eps schedule=linear norm=standardize
22:08:31 | INFO  | __init__.py | Cached 'action' from '/lustre/home/ha676/data/pusht/pusht_expert_train.h5'
22:08:31 | INFO  | __init__.py | Cached 'proprio' from '/lustre/home/ha676/data/pusht/pusht_expert_train.h5'
22:08:31 | INFO  | __init__.py | Cached 'state' from '/lustre/home/ha676/data/pusht/pusht_expert_train.h5'
/lustre/home/ha676/le-wm/.venv/lib/python3.11/site-packages/gymnasium/spaces/box.py:415: UserWarning: [33mWARN: Casting input x to numpy array.[0m
  gym.logger.warn("Casting input x to numpy array.")
/lustre/home/ha676/le-wm/.venv/lib/python3.11/site-packages/gymnasium/spaces/box.py:415: UserWarning: [33mWARN: Casting input x to numpy array.[0m
  gym.logger.warn("Casting input x to numpy array.")
[episodes-file] pusht.episodes150.json: 256 precomputed pairs (goal_offset=150, seed=42, eval_filter=None) -- sample_long/short bypassed
[eval] mode=long start=final num_eval=256 goal_offset=150 budget=300 eval_filter=none
[eval] episodes_idx[:5]=[636, 688, 700, 834, 850] start_steps[:5]=[7, 7, 7, 34, 34]
[PIN] success = pos_diff<20 [block xy only (paper)] AND angle<20deg
CEM solve time: 54.9720 seconds
CEM solve time: 53.6091 seconds
CEM solve time: 53.2182 seconds
CEM solve time: 53.2680 seconds
CEM solve time: 52.5742 seconds
CEM solve time: 52.1300 seconds
CEM solve time: 49.5887 seconds
CEM solve time: 49.1576 seconds
CEM solve time: 48.5286 seconds
CEM solve time: 45.5093 seconds
CEM solve time: 42.6990 seconds
CEM solve time: 39.0178 seconds
CEM solve time: 36.6813 seconds
CEM solve time: 33.9246 seconds
CEM solve time: 32.0252 seconds
CEM solve time: 29.0001 seconds
CEM solve time: 27.0418 seconds
CEM solve time: 26.2146 seconds
CEM solve time: 25.7895 seconds
CEM solve time: 24.6927 seconds
CEM solve time: 24.4598 seconds
CEM solve time: 24.0382 seconds
CEM solve time: 23.6435 seconds
CEM solve time: 23.4040 seconds
CEM solve time: 23.1998 seconds
CEM solve time: 22.3016 seconds
CEM solve time: 22.1227 seconds
CEM solve time: 21.8877 seconds
CEM solve time: 21.6759 seconds
CEM solve time: 21.6656 seconds
[RESULT] score=block angle=20deg  SR=60.55%  (155/256)
[specaccept] tau=0.2 gdm_steps=4 re-drafts=2656 advances=2273 rejects=1854 call_ratio=0.539 (every-step=1.000; lower = fewer diffusion calls)
[PIN] success = pos_diff<20 [block xy only (paper)] AND angle<5deg
CEM solve time: 54.8890 seconds
CEM solve time: 54.0680 seconds
CEM solve time: 53.6835 seconds
CEM solve time: 53.7074 seconds
CEM solve time: 53.6792 seconds
CEM solve time: 53.2660 seconds
CEM solve time: 53.0460 seconds
CEM solve time: 52.6350 seconds
CEM solve time: 51.7550 seconds
CEM solve time: 51.1229 seconds
CEM solve time: 49.4038 seconds
CEM solve time: 47.0238 seconds
CEM solve time: 44.1990 seconds
CEM solve time: 41.2120 seconds
CEM solve time: 38.3641 seconds
CEM solve time: 36.1760 seconds
CEM solve time: 34.0484 seconds
CEM solve time: 32.9583 seconds
CEM solve time: 32.3369 seconds
CEM solve time: 31.9466 seconds
CEM solve time: 31.7428 seconds
CEM solve time: 30.2480 seconds
CEM solve time: 29.6133 seconds
CEM solve time: 29.1247 seconds
CEM solve time: 28.6815 seconds
CEM solve time: 28.4929 seconds
CEM solve time: 28.2614 seconds
CEM solve time: 28.2763 seconds
CEM solve time: 27.8392 seconds
CEM solve time: 27.6497 seconds
[RESULT] score=block angle=5deg  SR=50.00%  (128/256)
[specaccept] tau=0.2 gdm_steps=4 re-drafts=2986 advances=2652 rejects=2098 call_ratio=0.530 (every-step=1.000; lower = fewer diffusion calls)

==== FF-JEPA eval summary ====
mode=long subgoal=specaccept num_eval=256 seed=42 cem_seed=42 eval_filter=none
  score=block   20deg :  60.55%  (155/256)
  score=block    5deg :  50.00%  (128/256)
