/lustre/home/ha676/le-wm/.venv/lib/python3.11/site-packages/stable_worldmodel/envs/__init__.py:215: UserWarning: ale-py not found; ALE/* envs are unavailable. Install with: pip install 'stable-worldmodel[env]' or pip install ale-py.
  from stable_worldmodel.envs import ale  # noqa: F401
2026-07-12 21:23:24.082 | INFO     | stable_worldmodel.wm.utils:_resolve_hf:149 - Loading quentinll/lewm-pusht from local cache...
2026-07-12 21:23:24.083 | INFO     | stable_worldmodel.wm.utils:_resolve_folder:137 - Loading checkpoint from folder /lustre/home/ha676/.stable_worldmodel/checkpoints/models--quentinll--lewm-pusht...
/lustre/home/ha676/le-wm/.venv/lib/python3.11/site-packages/stable_worldmodel/wm/utils.py:80: FutureWarning: You are using `torch.load` with `weights_only=False` (the current default value), which uses the default pickle module implicitly. It is possible to construct malicious pickle data which will execute arbitrary code during unpickling (See https://github.com/pytorch/pytorch/blob/main/SECURITY.md#untrusted-models for more details). In a future release, the default value for `weights_only` will be flipped to `True`. This limits the functions that could be executed during unpickling. Arbitrary objects will no longer be allowed to be loaded via this mode unless they are explicitly allowlisted by the user via `torch.serialization.add_safe_globals`. We recommend you start setting `weights_only=True` for any use case where you don't have full control of the loaded file. Please open an issue on GitHub for any issues related to this experimental feature.
  state_dict = torch.load(checkpoint_path, map_location='cpu')
21:23:29 | INFO  | atomic_chec~| [atomic_save] installed crash-safe checkpoint plugin (write to sibling .tmp + fsync + atomic rename)
21:23:29 | INFO  | utils.py    | Created ViT-tiny from scratch with config: {'hidden_size': 192, 'num_hidden_layers': 12, 'num_attention_heads': 3, 'intermediate_size': 768, 'image_size': 224, 'patch_size': 14}
[model] frozen LeWM (18.03M), device=cuda, training=False, subgoal=gdm
[gdm] planner from gdm_stride25.pt: head=53.34M, N=3 WG=1 gamma=1.0 T=1000 sampler=ddim/50-steps param=eps schedule=linear norm=standardize
21:23:33 | INFO  | __init__.py | Cached 'action' from '/lustre/home/ha676/data/pusht/pusht_expert_train.h5'
21:23:36 | INFO  | __init__.py | Cached 'proprio' from '/lustre/home/ha676/data/pusht/pusht_expert_train.h5'
21:23:56 | INFO  | __init__.py | Cached 'state' from '/lustre/home/ha676/data/pusht/pusht_expert_train.h5'
/lustre/home/ha676/le-wm/.venv/lib/python3.11/site-packages/gymnasium/spaces/box.py:415: UserWarning: [33mWARN: Casting input x to numpy array.[0m
  gym.logger.warn("Casting input x to numpy array.")
/lustre/home/ha676/le-wm/.venv/lib/python3.11/site-packages/gymnasium/utils/passive_env_checker.py:157: UserWarning: [33mWARN: The obs returned by the `step()` method is not within the observation space.[0m
  logger.warn(f"{pre} is not within the observation space.")
/lustre/home/ha676/le-wm/.venv/lib/python3.11/site-packages/gymnasium/spaces/box.py:415: UserWarning: [33mWARN: Casting input x to numpy array.[0m
  gym.logger.warn("Casting input x to numpy array.")
/lustre/home/ha676/le-wm/.venv/lib/python3.11/site-packages/gymnasium/utils/passive_env_checker.py:157: UserWarning: [33mWARN: The obs returned by the `step()` method is not within the observation space.[0m
  logger.warn(f"{pre} is not within the observation space.")
[episodes-file] pusht.episodes150.json: 256 precomputed pairs (goal_offset=150, seed=42, eval_filter=None) -- sample_long/short bypassed
[eval] mode=long start=final num_eval=256 goal_offset=150 budget=300 eval_filter=none
[eval] episodes_idx[:5]=[636, 688, 700, 834, 850] start_steps[:5]=[7, 7, 7, 34, 34]
[PIN] success = pos_diff<20 [block xy only (paper)] AND angle<20deg
CEM solve time: 146.3525 seconds
CEM solve time: 142.2849 seconds
CEM solve time: 140.0040 seconds
CEM solve time: 131.3794 seconds
CEM solve time: 119.4371 seconds
CEM solve time: 98.8522 seconds
CEM solve time: 85.7133 seconds
CEM solve time: 75.9931 seconds
CEM solve time: 67.4188 seconds
CEM solve time: 63.9590 seconds
CEM solve time: 62.8255 seconds
CEM solve time: 61.7130 seconds
[RESULT] score=block angle=20deg  SR=58.20%  (149/256)
[timing] score=block angle=20deg drafter=5.109s cem=1257.088s total=1262.196s drafter_frac=0.40% per_episode_ms={'drafter_ms': 19.955175415816484, 'cem_ms': 4910.499675785104, 'total_ms': 4930.4548512009205} timed_steps=300
[PIN] success = pos_diff<20 [block xy only (paper)] AND angle<5deg
CEM solve time: 146.3772 seconds
CEM solve time: 142.8159 seconds
CEM solve time: 142.2757 seconds
CEM solve time: 141.0680 seconds
CEM solve time: 133.6969 seconds
CEM solve time: 122.8510 seconds
CEM solve time: 109.6879 seconds
CEM solve time: 99.4007 seconds
CEM solve time: 94.8057 seconds
CEM solve time: 89.6815 seconds
CEM solve time: 88.5484 seconds
CEM solve time: 85.6793 seconds
[RESULT] score=block angle=5deg  SR=42.97%  (110/256)
[timing] score=block angle=5deg drafter=5.552s cem=1462.249s total=1467.802s drafter_frac=0.38% per_episode_ms={'drafter_ms': 21.689377193979453, 'cem_ms': 5711.911914237135, 'total_ms': 5733.601291431114} timed_steps=300

==== FF-JEPA eval summary ====
mode=long subgoal=gdm num_eval=256 seed=42 cem_seed=42 eval_filter=none
  score=block   20deg :  58.20%  (149/256)
  score=block    5deg :  42.97%  (110/256)
