/lustre/home/ha676/le-wm/.venv/lib/python3.11/site-packages/stable_worldmodel/envs/__init__.py:215: UserWarning: ale-py not found; ALE/* envs are unavailable. Install with: pip install 'stable-worldmodel[env]' or pip install ale-py.
  from stable_worldmodel.envs import ale  # noqa: F401
2026-07-12 13:29:49.962 | INFO     | stable_worldmodel.wm.utils:_resolve_hf:149 - Loading quentinll/lewm-pusht from local cache...
2026-07-12 13:29:49.963 | INFO     | stable_worldmodel.wm.utils:_resolve_folder:137 - Loading checkpoint from folder /lustre/home/ha676/.stable_worldmodel/checkpoints/models--quentinll--lewm-pusht...
/lustre/home/ha676/le-wm/.venv/lib/python3.11/site-packages/stable_worldmodel/wm/utils.py:80: FutureWarning: You are using `torch.load` with `weights_only=False` (the current default value), which uses the default pickle module implicitly. It is possible to construct malicious pickle data which will execute arbitrary code during unpickling (See https://github.com/pytorch/pytorch/blob/main/SECURITY.md#untrusted-models for more details). In a future release, the default value for `weights_only` will be flipped to `True`. This limits the functions that could be executed during unpickling. Arbitrary objects will no longer be allowed to be loaded via this mode unless they are explicitly allowlisted by the user via `torch.serialization.add_safe_globals`. We recommend you start setting `weights_only=True` for any use case where you don't have full control of the loaded file. Please open an issue on GitHub for any issues related to this experimental feature.
  state_dict = torch.load(checkpoint_path, map_location='cpu')
13:29:57 | INFO  | atomic_chec~| [atomic_save] installed crash-safe checkpoint plugin (write to sibling .tmp + fsync + atomic rename)
13:29:57 | INFO  | utils.py    | Created ViT-tiny from scratch with config: {'hidden_size': 192, 'num_hidden_layers': 12, 'num_attention_heads': 3, 'intermediate_size': 768, 'image_size': 224, 'patch_size': 14}
[model] frozen LeWM (18.03M), device=cuda, training=False, subgoal=baseline
13:29:58 | INFO  | __init__.py | Cached 'action' from '/lustre/home/ha676/data/pusht/pusht_expert_train.h5'
13:29:58 | INFO  | __init__.py | Cached 'proprio' from '/lustre/home/ha676/data/pusht/pusht_expert_train.h5'
13:29:58 | INFO  | __init__.py | Cached 'state' from '/lustre/home/ha676/data/pusht/pusht_expert_train.h5'
/lustre/home/ha676/le-wm/.venv/lib/python3.11/site-packages/gymnasium/spaces/box.py:415: UserWarning: [33mWARN: Casting input x to numpy array.[0m
  gym.logger.warn("Casting input x to numpy array.")
/lustre/home/ha676/le-wm/.venv/lib/python3.11/site-packages/gymnasium/utils/passive_env_checker.py:157: UserWarning: [33mWARN: The obs returned by the `step()` method is not within the observation space.[0m
  logger.warn(f"{pre} is not within the observation space.")
/lustre/home/ha676/le-wm/.venv/lib/python3.11/site-packages/gymnasium/spaces/box.py:415: UserWarning: [33mWARN: Casting input x to numpy array.[0m
  gym.logger.warn("Casting input x to numpy array.")
/lustre/home/ha676/le-wm/.venv/lib/python3.11/site-packages/gymnasium/utils/passive_env_checker.py:157: UserWarning: [33mWARN: The obs returned by the `step()` method is not within the observation space.[0m
  logger.warn(f"{pre} is not within the observation space.")
[episodes-file] pusht.episodes150as75.json: 256 precomputed pairs (goal_offset=75, seed=42, eval_filter=None) -- sample_long/short bypassed
[eval] mode=long start=final num_eval=256 goal_offset=75 budget=150 eval_filter=none
[eval] episodes_idx[:5]=[636, 688, 700, 834, 850] start_steps[:5]=[82, 82, 82, 109, 109]
[PIN] success = pos_diff<20 [block xy only (paper)] AND angle<20deg
CEM solve time: 55.5911 seconds
CEM solve time: 32.0599 seconds
CEM solve time: 30.9716 seconds
CEM solve time: 29.9185 seconds
CEM solve time: 29.7102 seconds
CEM solve time: 29.7084 seconds
CEM solve time: 29.6955 seconds
CEM solve time: 29.7083 seconds
CEM solve time: 29.7016 seconds
CEM solve time: 29.6873 seconds
CEM solve time: 29.7034 seconds
CEM solve time: 29.7054 seconds
CEM solve time: 29.6989 seconds
CEM solve time: 29.6925 seconds
CEM solve time: 29.7113 seconds
[RESULT] score=block angle=20deg  SR=46.09%  (118/256)
[PIN] success = pos_diff<20 [block xy only (paper)] AND angle<5deg
CEM solve time: 55.1142 seconds
CEM solve time: 39.8947 seconds
CEM solve time: 38.6063 seconds
CEM solve time: 37.9446 seconds
CEM solve time: 37.3106 seconds
CEM solve time: 37.2406 seconds
CEM solve time: 37.2369 seconds
CEM solve time: 37.0198 seconds
CEM solve time: 37.0367 seconds
CEM solve time: 37.0071 seconds
CEM solve time: 37.0091 seconds
CEM solve time: 36.7740 seconds
CEM solve time: 36.7822 seconds
CEM solve time: 36.7885 seconds
CEM solve time: 36.7819 seconds
[RESULT] score=block angle=5deg  SR=33.20%  (85/256)

==== FF-JEPA eval summary ====
mode=long subgoal=baseline num_eval=256 seed=42 cem_seed=42 eval_filter=none
  score=block   20deg :  46.09%  (118/256)
  score=block    5deg :  33.20%  (85/256)
