/lustre/home/ha676/le-wm/.venv/lib/python3.11/site-packages/stable_worldmodel/envs/__init__.py:215: UserWarning: ale-py not found; ALE/* envs are unavailable. Install with: pip install 'stable-worldmodel[env]' or pip install ale-py.
  from stable_worldmodel.envs import ale  # noqa: F401
2026-07-12 19:33:44.358 | INFO     | stable_worldmodel.wm.utils:_resolve_hf:149 - Loading quentinll/lewm-pusht from local cache...
2026-07-12 19:33:44.358 | INFO     | stable_worldmodel.wm.utils:_resolve_folder:137 - Loading checkpoint from folder /lustre/home/ha676/.stable_worldmodel/checkpoints/models--quentinll--lewm-pusht...
/lustre/home/ha676/le-wm/.venv/lib/python3.11/site-packages/stable_worldmodel/wm/utils.py:80: FutureWarning: You are using `torch.load` with `weights_only=False` (the current default value), which uses the default pickle module implicitly. It is possible to construct malicious pickle data which will execute arbitrary code during unpickling (See https://github.com/pytorch/pytorch/blob/main/SECURITY.md#untrusted-models for more details). In a future release, the default value for `weights_only` will be flipped to `True`. This limits the functions that could be executed during unpickling. Arbitrary objects will no longer be allowed to be loaded via this mode unless they are explicitly allowlisted by the user via `torch.serialization.add_safe_globals`. We recommend you start setting `weights_only=True` for any use case where you don't have full control of the loaded file. Please open an issue on GitHub for any issues related to this experimental feature.
  state_dict = torch.load(checkpoint_path, map_location='cpu')
19:33:52 | INFO  | atomic_chec~| [atomic_save] installed crash-safe checkpoint plugin (write to sibling .tmp + fsync + atomic rename)
19:33:52 | INFO  | utils.py    | Created ViT-tiny from scratch with config: {'hidden_size': 192, 'num_hidden_layers': 12, 'num_attention_heads': 3, 'intermediate_size': 768, 'image_size': 224, 'patch_size': 14}
[model] frozen LeWM (18.03M), device=cuda, training=False, subgoal=gdm
[gdm] planner from gdm_stride10.pt: head=53.34M, N=3 WG=1 gamma=1.0 T=1000 sampler=ddim/50-steps param=eps schedule=linear norm=standardize
19:33:53 | INFO  | __init__.py | Cached 'action' from '/lustre/home/ha676/data/pusht/pusht_expert_train.h5'
19:33:53 | INFO  | __init__.py | Cached 'proprio' from '/lustre/home/ha676/data/pusht/pusht_expert_train.h5'
19:33:53 | INFO  | __init__.py | Cached 'state' from '/lustre/home/ha676/data/pusht/pusht_expert_train.h5'
/lustre/home/ha676/le-wm/.venv/lib/python3.11/site-packages/gymnasium/spaces/box.py:415: UserWarning: [33mWARN: Casting input x to numpy array.[0m
  gym.logger.warn("Casting input x to numpy array.")
/lustre/home/ha676/le-wm/.venv/lib/python3.11/site-packages/gymnasium/spaces/box.py:415: UserWarning: [33mWARN: Casting input x to numpy array.[0m
  gym.logger.warn("Casting input x to numpy array.")
[episodes-file] pusht.episodes150.json: 256 precomputed pairs (goal_offset=150, seed=42, eval_filter=None) -- sample_long/short bypassed
[eval] mode=long start=final num_eval=256 goal_offset=150 budget=300 eval_filter=none
[eval] episodes_idx[:5]=[636, 688, 700, 834, 850] start_steps[:5]=[7, 7, 7, 34, 34]
[PIN] success = pos_diff<20 [block xy only (paper)] AND angle<20deg
CEM solve time: 54.8115 seconds
CEM solve time: 53.5050 seconds
CEM solve time: 53.5016 seconds
CEM solve time: 53.1275 seconds
CEM solve time: 51.9783 seconds
CEM solve time: 51.5776 seconds
CEM solve time: 50.2943 seconds
CEM solve time: 49.6339 seconds
CEM solve time: 47.7582 seconds
CEM solve time: 45.7733 seconds
CEM solve time: 43.1759 seconds
CEM solve time: 39.5674 seconds
CEM solve time: 37.8257 seconds
CEM solve time: 35.8371 seconds
CEM solve time: 32.8755 seconds
CEM solve time: 30.7811 seconds
CEM solve time: 28.4288 seconds
CEM solve time: 26.9557 seconds
CEM solve time: 25.2121 seconds
CEM solve time: 24.7719 seconds
CEM solve time: 24.3619 seconds
CEM solve time: 24.1399 seconds
CEM solve time: 23.9342 seconds
CEM solve time: 23.5187 seconds
CEM solve time: 23.0875 seconds
CEM solve time: 22.4293 seconds
CEM solve time: 22.4273 seconds
CEM solve time: 22.4320 seconds
CEM solve time: 22.2237 seconds
CEM solve time: 22.2174 seconds
[RESULT] score=block angle=20deg  SR=59.38%  (152/256)
[PIN] success = pos_diff<20 [block xy only (paper)] AND angle<5deg
CEM solve time: 54.7541 seconds
CEM solve time: 53.9240 seconds
CEM solve time: 53.6485 seconds
CEM solve time: 53.4539 seconds
CEM solve time: 52.8612 seconds
CEM solve time: 52.8511 seconds
CEM solve time: 52.4163 seconds
CEM solve time: 51.5791 seconds
CEM solve time: 50.7155 seconds
CEM solve time: 49.3591 seconds
CEM solve time: 47.9238 seconds
CEM solve time: 46.6166 seconds
CEM solve time: 44.4900 seconds
CEM solve time: 43.1940 seconds
CEM solve time: 40.4216 seconds
CEM solve time: 38.5322 seconds
CEM solve time: 36.8085 seconds
CEM solve time: 35.2868 seconds
CEM solve time: 33.5942 seconds
CEM solve time: 32.0817 seconds
CEM solve time: 32.0711 seconds
CEM solve time: 31.6595 seconds
CEM solve time: 31.2280 seconds
CEM solve time: 31.0245 seconds
CEM solve time: 30.3712 seconds
CEM solve time: 29.7233 seconds
CEM solve time: 29.4924 seconds
CEM solve time: 29.2801 seconds
CEM solve time: 28.8345 seconds
CEM solve time: 28.4269 seconds
[RESULT] score=block angle=5deg  SR=48.05%  (123/256)

==== FF-JEPA eval summary ====
mode=long subgoal=gdm num_eval=256 seed=45 cem_seed=45 eval_filter=none
  score=block   20deg :  59.38%  (152/256)
  score=block    5deg :  48.05%  (123/256)
