/lustre/home/ha676/le-wm/.venv/lib/python3.11/site-packages/stable_worldmodel/envs/__init__.py:215: UserWarning: ale-py not found; ALE/* envs are unavailable. Install with: pip install 'stable-worldmodel[env]' or pip install ale-py.
  from stable_worldmodel.envs import ale  # noqa: F401
2026-07-12 21:16:53.645 | INFO     | stable_worldmodel.wm.utils:_resolve_hf:149 - Loading quentinll/lewm-pusht from local cache...
2026-07-12 21:16:53.645 | INFO     | stable_worldmodel.wm.utils:_resolve_folder:137 - Loading checkpoint from folder /lustre/home/ha676/.stable_worldmodel/checkpoints/models--quentinll--lewm-pusht...
/lustre/home/ha676/le-wm/.venv/lib/python3.11/site-packages/stable_worldmodel/wm/utils.py:80: FutureWarning: You are using `torch.load` with `weights_only=False` (the current default value), which uses the default pickle module implicitly. It is possible to construct malicious pickle data which will execute arbitrary code during unpickling (See https://github.com/pytorch/pytorch/blob/main/SECURITY.md#untrusted-models for more details). In a future release, the default value for `weights_only` will be flipped to `True`. This limits the functions that could be executed during unpickling. Arbitrary objects will no longer be allowed to be loaded via this mode unless they are explicitly allowlisted by the user via `torch.serialization.add_safe_globals`. We recommend you start setting `weights_only=True` for any use case where you don't have full control of the loaded file. Please open an issue on GitHub for any issues related to this experimental feature.
  state_dict = torch.load(checkpoint_path, map_location='cpu')
21:16:58 | INFO  | atomic_chec~| [atomic_save] installed crash-safe checkpoint plugin (write to sibling .tmp + fsync + atomic rename)
21:16:58 | INFO  | utils.py    | Created ViT-tiny from scratch with config: {'hidden_size': 192, 'num_hidden_layers': 12, 'num_attention_heads': 3, 'intermediate_size': 768, 'image_size': 224, 'patch_size': 14}
[model] frozen LeWM (18.03M), device=cuda, training=False, subgoal=specaccept
[gdm] planner from gdm_stride10.pt: head=53.34M, N=3 WG=1 gamma=1.0 T=1000 sampler=ddim/8-steps param=eps schedule=linear norm=standardize
21:16:59 | INFO  | __init__.py | Cached 'action' from '/lustre/home/ha676/data/pusht/pusht_expert_train.h5'
21:16:59 | INFO  | __init__.py | Cached 'proprio' from '/lustre/home/ha676/data/pusht/pusht_expert_train.h5'
21:16:59 | INFO  | __init__.py | Cached 'state' from '/lustre/home/ha676/data/pusht/pusht_expert_train.h5'
/lustre/home/ha676/le-wm/.venv/lib/python3.11/site-packages/gymnasium/spaces/box.py:415: UserWarning: [33mWARN: Casting input x to numpy array.[0m
  gym.logger.warn("Casting input x to numpy array.")
/lustre/home/ha676/le-wm/.venv/lib/python3.11/site-packages/gymnasium/spaces/box.py:415: UserWarning: [33mWARN: Casting input x to numpy array.[0m
  gym.logger.warn("Casting input x to numpy array.")
[episodes-file] pusht.episodes150.val.json: 256 precomputed pairs (goal_offset=150, seed=777, eval_filter=None) -- sample_long/short bypassed
[eval] mode=long start=final num_eval=256 goal_offset=150 budget=300 eval_filter=none
[eval] episodes_idx[:5]=[611, 612, 622, 629, 630] start_steps[:5]=[7, 7, 7, 7, 7]
[PIN] success = pos_diff<20 [block xy only (paper)] AND angle<20deg
CEM solve time: 54.5161 seconds
CEM solve time: 53.6233 seconds
CEM solve time: 53.4124 seconds
CEM solve time: 53.3819 seconds
CEM solve time: 53.2006 seconds
CEM solve time: 52.9875 seconds
CEM solve time: 51.7245 seconds
CEM solve time: 50.6311 seconds
CEM solve time: 49.6468 seconds
CEM solve time: 45.3146 seconds
CEM solve time: 40.6463 seconds
CEM solve time: 37.6680 seconds
CEM solve time: 32.7971 seconds
CEM solve time: 29.1855 seconds
CEM solve time: 27.6620 seconds
CEM solve time: 26.1573 seconds
CEM solve time: 23.8185 seconds
CEM solve time: 22.0892 seconds
CEM solve time: 21.6932 seconds
CEM solve time: 21.4397 seconds
CEM solve time: 20.4208 seconds
CEM solve time: 19.7541 seconds
CEM solve time: 19.5730 seconds
CEM solve time: 19.5433 seconds
CEM solve time: 19.3484 seconds
CEM solve time: 19.1108 seconds
CEM solve time: 19.1182 seconds
CEM solve time: 19.1210 seconds
CEM solve time: 19.1404 seconds
CEM solve time: 18.9253 seconds
[RESULT] score=block angle=20deg  SR=65.23%  (167/256)
[specaccept] tau=0.2 gdm_steps=8 re-drafts=2369 advances=2311 rejects=1533 call_ratio=0.506 (every-step=1.000; lower = fewer diffusion calls)
[PIN] success = pos_diff<20 [block xy only (paper)] AND angle<5deg
CEM solve time: 54.3601 seconds
CEM solve time: 53.7685 seconds
CEM solve time: 53.7664 seconds
CEM solve time: 53.8260 seconds
CEM solve time: 53.8240 seconds
CEM solve time: 53.8509 seconds
CEM solve time: 53.7914 seconds
CEM solve time: 52.9528 seconds
CEM solve time: 52.5612 seconds
CEM solve time: 51.8861 seconds
CEM solve time: 50.4160 seconds
CEM solve time: 46.5802 seconds
CEM solve time: 43.6038 seconds
CEM solve time: 40.4184 seconds
CEM solve time: 38.0667 seconds
CEM solve time: 33.3652 seconds
CEM solve time: 31.2813 seconds
CEM solve time: 29.5299 seconds
CEM solve time: 29.1075 seconds
CEM solve time: 27.6378 seconds
CEM solve time: 26.9777 seconds
CEM solve time: 26.5616 seconds
CEM solve time: 26.1783 seconds
CEM solve time: 25.9564 seconds
CEM solve time: 25.9505 seconds
CEM solve time: 25.7283 seconds
CEM solve time: 25.3076 seconds
CEM solve time: 25.3609 seconds
CEM solve time: 25.1376 seconds
CEM solve time: 25.1255 seconds
[RESULT] score=block angle=5deg  SR=54.30%  (139/256)
[specaccept] tau=0.2 gdm_steps=8 re-drafts=2780 advances=2688 rejects=1842 call_ratio=0.508 (every-step=1.000; lower = fewer diffusion calls)

==== FF-JEPA eval summary ====
mode=long subgoal=specaccept num_eval=256 seed=43 cem_seed=43 eval_filter=none
  score=block   20deg :  65.23%  (167/256)
  score=block    5deg :  54.30%  (139/256)
