=== s-curve eval: S=5 t150 seed=42 ===
/lustre/home/ha676/le-wm/.venv/lib/python3.11/site-packages/stable_worldmodel/envs/__init__.py:215: UserWarning: ale-py not found; ALE/* envs are unavailable. Install with: pip install 'stable-worldmodel[env]' or pip install ale-py.
  from stable_worldmodel.envs import ale  # noqa: F401
2026-07-13 02:08:48.263 | INFO     | stable_worldmodel.wm.utils:_resolve_hf:149 - Loading quentinll/lewm-pusht from local cache...
2026-07-13 02:08:48.263 | INFO     | stable_worldmodel.wm.utils:_resolve_folder:137 - Loading checkpoint from folder /lustre/home/ha676/.stable_worldmodel/checkpoints/models--quentinll--lewm-pusht...
/lustre/home/ha676/le-wm/.venv/lib/python3.11/site-packages/stable_worldmodel/wm/utils.py:80: FutureWarning: You are using `torch.load` with `weights_only=False` (the current default value), which uses the default pickle module implicitly. It is possible to construct malicious pickle data which will execute arbitrary code during unpickling (See https://github.com/pytorch/pytorch/blob/main/SECURITY.md#untrusted-models for more details). In a future release, the default value for `weights_only` will be flipped to `True`. This limits the functions that could be executed during unpickling. Arbitrary objects will no longer be allowed to be loaded via this mode unless they are explicitly allowlisted by the user via `torch.serialization.add_safe_globals`. We recommend you start setting `weights_only=True` for any use case where you don't have full control of the loaded file. Please open an issue on GitHub for any issues related to this experimental feature.
  state_dict = torch.load(checkpoint_path, map_location='cpu')
02:08:53 | INFO  | atomic_chec~| [atomic_save] installed crash-safe checkpoint plugin (write to sibling .tmp + fsync + atomic rename)
02:08:53 | INFO  | utils.py    | Created ViT-tiny from scratch with config: {'hidden_size': 192, 'num_hidden_layers': 12, 'num_attention_heads': 3, 'intermediate_size': 768, 'image_size': 224, 'patch_size': 14}
[model] frozen LeWM (18.03M), device=cuda, training=False, subgoal=gdm
[gdm] planner from gdm_stride5.pt: head=53.34M, N=3 WG=1 gamma=1.0 T=1000 sampler=ddim/50-steps param=eps schedule=linear norm=standardize
02:08:54 | INFO  | __init__.py | Cached 'action' from '/lustre/home/ha676/data/pusht/pusht_expert_train.h5'
02:08:55 | INFO  | __init__.py | Cached 'proprio' from '/lustre/home/ha676/data/pusht/pusht_expert_train.h5'
02:08:55 | INFO  | __init__.py | Cached 'state' from '/lustre/home/ha676/data/pusht/pusht_expert_train.h5'
/lustre/home/ha676/le-wm/.venv/lib/python3.11/site-packages/gymnasium/spaces/box.py:415: UserWarning: [33mWARN: Casting input x to numpy array.[0m
  gym.logger.warn("Casting input x to numpy array.")
/lustre/home/ha676/le-wm/.venv/lib/python3.11/site-packages/gymnasium/spaces/box.py:415: UserWarning: [33mWARN: Casting input x to numpy array.[0m
  gym.logger.warn("Casting input x to numpy array.")
[episodes-file] pusht.episodes150.json: 256 precomputed pairs (goal_offset=150, seed=42, eval_filter=None) -- sample_long/short bypassed
[eval] mode=long start=final num_eval=256 goal_offset=150 budget=300 eval_filter=none
[eval] episodes_idx[:5]=[636, 688, 700, 834, 850] start_steps[:5]=[7, 7, 7, 34, 34]
[PIN] success = pos_diff<20 [block xy only (paper)] AND angle<20deg
CEM solve time: 27.1171 seconds
CEM solve time: 26.5675 seconds
CEM solve time: 26.5609 seconds
CEM solve time: 26.3671 seconds
CEM solve time: 26.1541 seconds
CEM solve time: 26.1456 seconds
CEM solve time: 26.1576 seconds
CEM solve time: 25.9194 seconds
CEM solve time: 25.9301 seconds
CEM solve time: 25.7733 seconds
CEM solve time: 25.7675 seconds
CEM solve time: 25.2686 seconds
CEM solve time: 24.7358 seconds
CEM solve time: 24.7226 seconds
CEM solve time: 24.7285 seconds
CEM solve time: 24.5226 seconds
CEM solve time: 24.2970 seconds
CEM solve time: 23.9980 seconds
CEM solve time: 23.2411 seconds
CEM solve time: 22.5000 seconds
CEM solve time: 21.8750 seconds
CEM solve time: 21.4481 seconds
CEM solve time: 21.0289 seconds
CEM solve time: 20.2765 seconds
CEM solve time: 19.3172 seconds
CEM solve time: 18.7377 seconds
CEM solve time: 18.0539 seconds
CEM solve time: 17.0001 seconds
CEM solve time: 16.3054 seconds
CEM solve time: 16.0572 seconds
CEM solve time: 15.5465 seconds
CEM solve time: 14.9897 seconds
CEM solve time: 14.6572 seconds
CEM solve time: 14.5056 seconds
CEM solve time: 14.1991 seconds
CEM solve time: 14.1146 seconds
CEM solve time: 13.8467 seconds
CEM solve time: 13.8431 seconds
CEM solve time: 13.6267 seconds
CEM solve time: 13.6256 seconds
CEM solve time: 13.6249 seconds
CEM solve time: 13.3520 seconds
CEM solve time: 13.2612 seconds
CEM solve time: 13.0541 seconds
CEM solve time: 12.9555 seconds
CEM solve time: 12.9578 seconds
CEM solve time: 12.9586 seconds
CEM solve time: 12.9187 seconds
CEM solve time: 12.8002 seconds
CEM solve time: 12.8028 seconds
CEM solve time: 12.7987 seconds
CEM solve time: 12.5797 seconds
CEM solve time: 12.4647 seconds
CEM solve time: 12.4662 seconds
CEM solve time: 12.4691 seconds
CEM solve time: 12.3089 seconds
CEM solve time: 12.3030 seconds
CEM solve time: 12.3038 seconds
CEM solve time: 12.3013 seconds
CEM solve time: 12.3093 seconds
[RESULT] score=block angle=20deg  SR=54.30%  (139/256)
[PIN] success = pos_diff<20 [block xy only (paper)] AND angle<5deg
CEM solve time: 27.0065 seconds
CEM solve time: 26.5712 seconds
CEM solve time: 26.5637 seconds
CEM solve time: 26.4708 seconds
CEM solve time: 26.4719 seconds
CEM solve time: 26.3902 seconds
CEM solve time: 26.3863 seconds
CEM solve time: 26.3841 seconds
CEM solve time: 26.3878 seconds
CEM solve time: 26.1844 seconds
CEM solve time: 26.1683 seconds
CEM solve time: 26.1763 seconds
CEM solve time: 26.0543 seconds
CEM solve time: 25.8671 seconds
CEM solve time: 25.7283 seconds
CEM solve time: 25.6080 seconds
CEM solve time: 25.3221 seconds
CEM solve time: 24.7954 seconds
CEM solve time: 24.2494 seconds
CEM solve time: 23.9429 seconds
CEM solve time: 23.3430 seconds
CEM solve time: 22.7088 seconds
CEM solve time: 22.3805 seconds
CEM solve time: 21.4269 seconds
CEM solve time: 20.7057 seconds
CEM solve time: 20.4072 seconds
CEM solve time: 20.0052 seconds
CEM solve time: 19.4566 seconds
CEM solve time: 19.0619 seconds
CEM solve time: 18.4957 seconds
CEM solve time: 18.2977 seconds
CEM solve time: 17.9907 seconds
CEM solve time: 17.6829 seconds
CEM solve time: 17.5043 seconds
CEM solve time: 17.0656 seconds
CEM solve time: 17.0514 seconds
CEM solve time: 16.8427 seconds
CEM solve time: 16.5212 seconds
CEM solve time: 16.4296 seconds
CEM solve time: 16.4136 seconds
CEM solve time: 16.1012 seconds
CEM solve time: 16.1112 seconds
CEM solve time: 16.0077 seconds
CEM solve time: 15.7909 seconds
CEM solve time: 15.5817 seconds
CEM solve time: 15.4684 seconds
CEM solve time: 15.3663 seconds
CEM solve time: 14.9509 seconds
CEM solve time: 14.8335 seconds
CEM solve time: 14.8293 seconds
CEM solve time: 14.7177 seconds
CEM solve time: 14.6062 seconds
CEM solve time: 14.6022 seconds
CEM solve time: 14.5028 seconds
CEM solve time: 14.5031 seconds
CEM solve time: 14.4975 seconds
CEM solve time: 14.3931 seconds
CEM solve time: 14.4056 seconds
CEM solve time: 14.3952 seconds
CEM solve time: 14.3901 seconds
[RESULT] score=block angle=5deg  SR=46.88%  (120/256)

==== FF-JEPA eval summary ====
mode=long subgoal=gdm num_eval=256 seed=42 cem_seed=42 eval_filter=none
  score=block   20deg :  54.30%  (139/256)
  score=block    5deg :  46.88%  (120/256)
