=== gamma-sweep: gamma=1.5 S=10 RH=2 seed=43 (t150, budget 300, n=256) ===
/lustre/home/ha676/le-wm/.venv/lib/python3.11/site-packages/stable_worldmodel/envs/__init__.py:215: UserWarning: ale-py not found; ALE/* envs are unavailable. Install with: pip install 'stable-worldmodel[env]' or pip install ale-py.
  from stable_worldmodel.envs import ale  # noqa: F401
2026-07-12 19:50:21.678 | INFO     | stable_worldmodel.wm.utils:_resolve_hf:149 - Loading quentinll/lewm-pusht from local cache...
2026-07-12 19:50:21.679 | INFO     | stable_worldmodel.wm.utils:_resolve_folder:137 - Loading checkpoint from folder /lustre/home/ha676/.stable_worldmodel/checkpoints/models--quentinll--lewm-pusht...
/lustre/home/ha676/le-wm/.venv/lib/python3.11/site-packages/stable_worldmodel/wm/utils.py:80: FutureWarning: You are using `torch.load` with `weights_only=False` (the current default value), which uses the default pickle module implicitly. It is possible to construct malicious pickle data which will execute arbitrary code during unpickling (See https://github.com/pytorch/pytorch/blob/main/SECURITY.md#untrusted-models for more details). In a future release, the default value for `weights_only` will be flipped to `True`. This limits the functions that could be executed during unpickling. Arbitrary objects will no longer be allowed to be loaded via this mode unless they are explicitly allowlisted by the user via `torch.serialization.add_safe_globals`. We recommend you start setting `weights_only=True` for any use case where you don't have full control of the loaded file. Please open an issue on GitHub for any issues related to this experimental feature.
  state_dict = torch.load(checkpoint_path, map_location='cpu')
19:50:26 | INFO  | atomic_chec~| [atomic_save] installed crash-safe checkpoint plugin (write to sibling .tmp + fsync + atomic rename)
19:50:26 | INFO  | utils.py    | Created ViT-tiny from scratch with config: {'hidden_size': 192, 'num_hidden_layers': 12, 'num_attention_heads': 3, 'intermediate_size': 768, 'image_size': 224, 'patch_size': 14}
[model] frozen LeWM (18.03M), device=cuda, training=False, subgoal=gdm
[gdm] planner from gdm_stride10.pt: head=53.34M, N=3 WG=1 gamma=1.5 T=1000 sampler=ddim/50-steps param=eps schedule=linear norm=standardize
19:50:27 | INFO  | __init__.py | Cached 'action' from '/lustre/home/ha676/data/pusht/pusht_expert_train.h5'
19:50:27 | INFO  | __init__.py | Cached 'proprio' from '/lustre/home/ha676/data/pusht/pusht_expert_train.h5'
19:50:27 | INFO  | __init__.py | Cached 'state' from '/lustre/home/ha676/data/pusht/pusht_expert_train.h5'
/lustre/home/ha676/le-wm/.venv/lib/python3.11/site-packages/gymnasium/spaces/box.py:415: UserWarning: [33mWARN: Casting input x to numpy array.[0m
  gym.logger.warn("Casting input x to numpy array.")
/lustre/home/ha676/le-wm/.venv/lib/python3.11/site-packages/gymnasium/utils/passive_env_checker.py:157: UserWarning: [33mWARN: The obs returned by the `step()` method is not within the observation space.[0m
  logger.warn(f"{pre} is not within the observation space.")
/lustre/home/ha676/le-wm/.venv/lib/python3.11/site-packages/gymnasium/spaces/box.py:415: UserWarning: [33mWARN: Casting input x to numpy array.[0m
  gym.logger.warn("Casting input x to numpy array.")
/lustre/home/ha676/le-wm/.venv/lib/python3.11/site-packages/gymnasium/utils/passive_env_checker.py:157: UserWarning: [33mWARN: The obs returned by the `step()` method is not within the observation space.[0m
  logger.warn(f"{pre} is not within the observation space.")
[episodes-file] pusht.episodes150.json: 256 precomputed pairs (goal_offset=150, seed=42, eval_filter=None) -- sample_long/short bypassed
[eval] mode=long start=final num_eval=256 goal_offset=150 budget=300 eval_filter=none
[eval] episodes_idx[:5]=[636, 688, 700, 834, 850] start_steps[:5]=[7, 7, 7, 34, 34]
[PIN] success = pos_diff<20 [block xy only (paper)] AND angle<20deg
CEM solve time: 54.8393 seconds
CEM solve time: 53.4999 seconds
CEM solve time: 53.3348 seconds
CEM solve time: 53.3285 seconds
CEM solve time: 52.4415 seconds
CEM solve time: 52.2159 seconds
CEM solve time: 51.5844 seconds
CEM solve time: 50.5108 seconds
CEM solve time: 49.4359 seconds
CEM solve time: 47.7427 seconds
CEM solve time: 46.2240 seconds
CEM solve time: 44.9686 seconds
CEM solve time: 43.6583 seconds
CEM solve time: 42.5933 seconds
CEM solve time: 41.3187 seconds
CEM solve time: 39.9907 seconds
CEM solve time: 37.4481 seconds
CEM solve time: 36.1626 seconds
CEM solve time: 34.9008 seconds
CEM solve time: 32.7379 seconds
CEM solve time: 31.2517 seconds
CEM solve time: 30.3768 seconds
CEM solve time: 29.3447 seconds
CEM solve time: 29.1120 seconds
CEM solve time: 28.4685 seconds
CEM solve time: 28.0271 seconds
CEM solve time: 27.3957 seconds
CEM solve time: 26.9878 seconds
CEM solve time: 26.5519 seconds
CEM solve time: 26.1084 seconds
[RESULT] score=block angle=20deg  SR=53.12%  (136/256)
[PIN] success = pos_diff<20 [block xy only (paper)] AND angle<5deg
CEM solve time: 54.7968 seconds
CEM solve time: 53.9940 seconds
CEM solve time: 53.7769 seconds
CEM solve time: 53.3862 seconds
CEM solve time: 53.1160 seconds
CEM solve time: 52.9380 seconds
CEM solve time: 52.5098 seconds
CEM solve time: 52.2998 seconds
CEM solve time: 51.8806 seconds
CEM solve time: 51.2156 seconds
CEM solve time: 50.5505 seconds
CEM solve time: 49.8876 seconds
CEM solve time: 49.0170 seconds
CEM solve time: 47.9407 seconds
CEM solve time: 45.7872 seconds
CEM solve time: 43.6562 seconds
CEM solve time: 42.1528 seconds
CEM solve time: 40.6634 seconds
CEM solve time: 39.1917 seconds
CEM solve time: 38.9705 seconds
CEM solve time: 37.4798 seconds
CEM solve time: 36.3943 seconds
CEM solve time: 35.5278 seconds
CEM solve time: 34.4615 seconds
CEM solve time: 33.1749 seconds
CEM solve time: 32.1115 seconds
CEM solve time: 32.1069 seconds
CEM solve time: 31.8820 seconds
CEM solve time: 31.6856 seconds
CEM solve time: 31.4617 seconds
[RESULT] score=block angle=5deg  SR=42.97%  (110/256)

==== FF-JEPA eval summary ====
mode=long subgoal=gdm num_eval=256 seed=43 cem_seed=43 eval_filter=none
  score=block   20deg :  53.12%  (136/256)
  score=block    5deg :  42.97%  (110/256)
