/lustre/home/ha676/le-wm/.venv/lib/python3.11/site-packages/stable_worldmodel/envs/__init__.py:215: UserWarning: ale-py not found; ALE/* envs are unavailable. Install with: pip install 'stable-worldmodel[env]' or pip install ale-py.
  from stable_worldmodel.envs import ale  # noqa: F401
2026-07-12 18:55:52.289 | INFO     | stable_worldmodel.wm.utils:_resolve_hf:149 - Loading quentinll/lewm-pusht from local cache...
2026-07-12 18:55:52.289 | INFO     | stable_worldmodel.wm.utils:_resolve_folder:137 - Loading checkpoint from folder /lustre/home/ha676/.stable_worldmodel/checkpoints/models--quentinll--lewm-pusht...
/lustre/home/ha676/le-wm/.venv/lib/python3.11/site-packages/stable_worldmodel/wm/utils.py:80: FutureWarning: You are using `torch.load` with `weights_only=False` (the current default value), which uses the default pickle module implicitly. It is possible to construct malicious pickle data which will execute arbitrary code during unpickling (See https://github.com/pytorch/pytorch/blob/main/SECURITY.md#untrusted-models for more details). In a future release, the default value for `weights_only` will be flipped to `True`. This limits the functions that could be executed during unpickling. Arbitrary objects will no longer be allowed to be loaded via this mode unless they are explicitly allowlisted by the user via `torch.serialization.add_safe_globals`. We recommend you start setting `weights_only=True` for any use case where you don't have full control of the loaded file. Please open an issue on GitHub for any issues related to this experimental feature.
  state_dict = torch.load(checkpoint_path, map_location='cpu')
18:55:57 | INFO  | atomic_chec~| [atomic_save] installed crash-safe checkpoint plugin (write to sibling .tmp + fsync + atomic rename)
18:55:57 | INFO  | utils.py    | Created ViT-tiny from scratch with config: {'hidden_size': 192, 'num_hidden_layers': 12, 'num_attention_heads': 3, 'intermediate_size': 768, 'image_size': 224, 'patch_size': 14}
[model] frozen LeWM (18.03M), device=cuda, training=False, subgoal=gdm
[gdm] planner from gdm_stride10.pt: head=53.34M, N=3 WG=1 gamma=0.75 T=1000 sampler=ddim/50-steps param=eps schedule=linear norm=standardize
18:55:58 | INFO  | __init__.py | Cached 'action' from '/lustre/home/ha676/data/pusht/pusht_expert_train.h5'
18:55:58 | INFO  | __init__.py | Cached 'proprio' from '/lustre/home/ha676/data/pusht/pusht_expert_train.h5'
18:55:58 | INFO  | __init__.py | Cached 'state' from '/lustre/home/ha676/data/pusht/pusht_expert_train.h5'
/lustre/home/ha676/le-wm/.venv/lib/python3.11/site-packages/gymnasium/spaces/box.py:415: UserWarning: [33mWARN: Casting input x to numpy array.[0m
  gym.logger.warn("Casting input x to numpy array.")
/lustre/home/ha676/le-wm/.venv/lib/python3.11/site-packages/gymnasium/utils/passive_env_checker.py:157: UserWarning: [33mWARN: The obs returned by the `step()` method is not within the observation space.[0m
  logger.warn(f"{pre} is not within the observation space.")
/lustre/home/ha676/le-wm/.venv/lib/python3.11/site-packages/gymnasium/spaces/box.py:415: UserWarning: [33mWARN: Casting input x to numpy array.[0m
  gym.logger.warn("Casting input x to numpy array.")
/lustre/home/ha676/le-wm/.venv/lib/python3.11/site-packages/gymnasium/utils/passive_env_checker.py:157: UserWarning: [33mWARN: The obs returned by the `step()` method is not within the observation space.[0m
  logger.warn(f"{pre} is not within the observation space.")
[episodes-file] pusht.episodes150.json: 256 precomputed pairs (goal_offset=150, seed=42, eval_filter=None) -- sample_long/short bypassed
[eval] mode=long start=final num_eval=256 goal_offset=150 budget=300 eval_filter=none
[eval] episodes_idx[:5]=[636, 688, 700, 834, 850] start_steps[:5]=[7, 7, 7, 34, 34]
[PIN] success = pos_diff<20 [block xy only (paper)] AND angle<20deg
CEM solve time: 54.9903 seconds
CEM solve time: 53.6350 seconds
CEM solve time: 53.2856 seconds
CEM solve time: 53.0425 seconds
CEM solve time: 52.3312 seconds
CEM solve time: 51.7370 seconds
CEM solve time: 49.9766 seconds
CEM solve time: 48.5376 seconds
CEM solve time: 48.1074 seconds
CEM solve time: 45.5343 seconds
CEM solve time: 43.1624 seconds
CEM solve time: 39.8755 seconds
CEM solve time: 37.3805 seconds
CEM solve time: 34.7611 seconds
CEM solve time: 31.1215 seconds
CEM solve time: 27.6520 seconds
CEM solve time: 26.4048 seconds
CEM solve time: 24.6754 seconds
CEM solve time: 23.5955 seconds
CEM solve time: 23.3800 seconds
CEM solve time: 23.3760 seconds
CEM solve time: 23.3736 seconds
CEM solve time: 23.3680 seconds
CEM solve time: 23.3714 seconds
CEM solve time: 23.3719 seconds
CEM solve time: 23.3594 seconds
CEM solve time: 22.9418 seconds
CEM solve time: 22.7227 seconds
CEM solve time: 22.2915 seconds
CEM solve time: 22.2985 seconds
[RESULT] score=block angle=20deg  SR=59.38%  (152/256)
[PIN] success = pos_diff<20 [block xy only (paper)] AND angle<5deg
CEM solve time: 54.9265 seconds
CEM solve time: 54.0801 seconds
CEM solve time: 53.8276 seconds
CEM solve time: 53.6360 seconds
CEM solve time: 53.4366 seconds
CEM solve time: 53.4512 seconds
CEM solve time: 53.2072 seconds
CEM solve time: 52.3827 seconds
CEM solve time: 52.3877 seconds
CEM solve time: 50.4263 seconds
CEM solve time: 48.7025 seconds
CEM solve time: 47.2588 seconds
CEM solve time: 44.8154 seconds
CEM solve time: 43.1463 seconds
CEM solve time: 40.1564 seconds
CEM solve time: 37.8054 seconds
CEM solve time: 35.2011 seconds
CEM solve time: 34.1351 seconds
CEM solve time: 33.4885 seconds
CEM solve time: 32.6211 seconds
CEM solve time: 31.7645 seconds
CEM solve time: 31.5564 seconds
CEM solve time: 30.9080 seconds
CEM solve time: 30.4914 seconds
CEM solve time: 30.4822 seconds
CEM solve time: 30.4837 seconds
CEM solve time: 30.0420 seconds
CEM solve time: 30.0393 seconds
CEM solve time: 29.1472 seconds
CEM solve time: 28.5163 seconds
[RESULT] score=block angle=5deg  SR=48.05%  (123/256)

==== FF-JEPA eval summary ====
mode=long subgoal=gdm num_eval=256 seed=42 cem_seed=42 eval_filter=none
  score=block   20deg :  59.38%  (152/256)
  score=block    5deg :  48.05%  (123/256)
