=== pusht-hz-s5 arm=s10spec offset=75 budget=150 seed=42 ===
/lustre/home/ha676/le-wm/.venv/lib/python3.11/site-packages/stable_worldmodel/envs/__init__.py:215: UserWarning: ale-py not found; ALE/* envs are unavailable. Install with: pip install 'stable-worldmodel[env]' or pip install ale-py.
  from stable_worldmodel.envs import ale  # noqa: F401
2026-07-13 01:28:26.278 | INFO     | stable_worldmodel.wm.utils:_resolve_hf:149 - Loading quentinll/lewm-pusht from local cache...
2026-07-13 01:28:26.279 | INFO     | stable_worldmodel.wm.utils:_resolve_folder:137 - Loading checkpoint from folder /lustre/home/ha676/.stable_worldmodel/checkpoints/models--quentinll--lewm-pusht...
/lustre/home/ha676/le-wm/.venv/lib/python3.11/site-packages/stable_worldmodel/wm/utils.py:80: FutureWarning: You are using `torch.load` with `weights_only=False` (the current default value), which uses the default pickle module implicitly. It is possible to construct malicious pickle data which will execute arbitrary code during unpickling (See https://github.com/pytorch/pytorch/blob/main/SECURITY.md#untrusted-models for more details). In a future release, the default value for `weights_only` will be flipped to `True`. This limits the functions that could be executed during unpickling. Arbitrary objects will no longer be allowed to be loaded via this mode unless they are explicitly allowlisted by the user via `torch.serialization.add_safe_globals`. We recommend you start setting `weights_only=True` for any use case where you don't have full control of the loaded file. Please open an issue on GitHub for any issues related to this experimental feature.
  state_dict = torch.load(checkpoint_path, map_location='cpu')
01:28:31 | INFO  | atomic_chec~| [atomic_save] installed crash-safe checkpoint plugin (write to sibling .tmp + fsync + atomic rename)
01:28:31 | INFO  | utils.py    | Created ViT-tiny from scratch with config: {'hidden_size': 192, 'num_hidden_layers': 12, 'num_attention_heads': 3, 'intermediate_size': 768, 'image_size': 224, 'patch_size': 14}
[model] frozen LeWM (18.03M), device=cuda, training=False, subgoal=specaccept
[gdm] planner from gdm_stride10.pt: head=53.34M, N=3 WG=1 gamma=1.0 T=1000 sampler=ddim/8-steps param=eps schedule=linear norm=standardize
01:28:32 | INFO  | __init__.py | Cached 'action' from '/lustre/home/ha676/data/pusht/pusht_expert_train.h5'
01:28:32 | INFO  | __init__.py | Cached 'proprio' from '/lustre/home/ha676/data/pusht/pusht_expert_train.h5'
01:28:32 | INFO  | __init__.py | Cached 'state' from '/lustre/home/ha676/data/pusht/pusht_expert_train.h5'
/lustre/home/ha676/le-wm/.venv/lib/python3.11/site-packages/gymnasium/spaces/box.py:415: UserWarning: [33mWARN: Casting input x to numpy array.[0m
  gym.logger.warn("Casting input x to numpy array.")
/lustre/home/ha676/le-wm/.venv/lib/python3.11/site-packages/gymnasium/spaces/box.py:415: UserWarning: [33mWARN: Casting input x to numpy array.[0m
  gym.logger.warn("Casting input x to numpy array.")
[episodes-file] pusht.episodes150s5as75.json: 256 precomputed pairs (goal_offset=75, seed=42, eval_filter=success5) -- sample_long/short bypassed
[eval] mode=long start=final num_eval=256 goal_offset=75 budget=150 eval_filter=none
[eval] episodes_idx[:5]=[618, 812, 816, 843, 863] start_steps[:5]=[82, 109, 109, 109, 109]
[PIN] success = pos_diff<20 [block xy only (paper)] AND angle<20deg
CEM solve time: 54.5621 seconds
CEM solve time: 47.9418 seconds
CEM solve time: 39.8169 seconds
CEM solve time: 34.7131 seconds
CEM solve time: 27.0438 seconds
CEM solve time: 19.3708 seconds
CEM solve time: 11.7070 seconds
CEM solve time: 7.8779 seconds
CEM solve time: 5.1139 seconds
CEM solve time: 3.8345 seconds
CEM solve time: 2.9820 seconds
CEM solve time: 2.5569 seconds
CEM solve time: 2.3447 seconds
CEM solve time: 2.3443 seconds
CEM solve time: 1.7050 seconds
[RESULT] score=block angle=20deg  SR=97.66%  (250/256)
[specaccept] tau=0.2 gdm_steps=8 re-drafts=736 advances=503 rejects=424 call_ratio=0.594 (every-step=1.000; lower = fewer diffusion calls)
[PIN] success = pos_diff<20 [block xy only (paper)] AND angle<5deg
CEM solve time: 54.5624 seconds
CEM solve time: 53.2804 seconds
CEM solve time: 49.6425 seconds
CEM solve time: 45.2050 seconds
CEM solve time: 39.6960 seconds
CEM solve time: 29.2041 seconds
CEM solve time: 20.2552 seconds
CEM solve time: 15.5614 seconds
CEM solve time: 11.5117 seconds
CEM solve time: 8.7367 seconds
CEM solve time: 6.6047 seconds
CEM solve time: 6.1794 seconds
CEM solve time: 5.5451 seconds
CEM solve time: 4.6948 seconds
CEM solve time: 4.4740 seconds
[RESULT] score=block angle=5deg  SR=92.97%  (238/256)
[specaccept] tau=0.2 gdm_steps=8 re-drafts=931 advances=735 rejects=569 call_ratio=0.559 (every-step=1.000; lower = fewer diffusion calls)

==== FF-JEPA eval summary ====
mode=long subgoal=specaccept num_eval=256 seed=42 cem_seed=42 eval_filter=none
  score=block   20deg :  97.66%  (250/256)
  score=block    5deg :  92.97%  (238/256)
