/lustre/home/ha676/le-wm/.venv/lib/python3.11/site-packages/stable_worldmodel/envs/__init__.py:215: UserWarning: ale-py not found; ALE/* envs are unavailable. Install with: pip install 'stable-worldmodel[env]' or pip install ale-py.
  from stable_worldmodel.envs import ale  # noqa: F401
2026-07-12 21:23:53.894 | INFO     | stable_worldmodel.wm.utils:_resolve_hf:149 - Loading quentinll/lewm-pusht from local cache...
2026-07-12 21:23:53.895 | INFO     | stable_worldmodel.wm.utils:_resolve_folder:137 - Loading checkpoint from folder /lustre/home/ha676/.stable_worldmodel/checkpoints/models--quentinll--lewm-pusht...
/lustre/home/ha676/le-wm/.venv/lib/python3.11/site-packages/stable_worldmodel/wm/utils.py:80: FutureWarning: You are using `torch.load` with `weights_only=False` (the current default value), which uses the default pickle module implicitly. It is possible to construct malicious pickle data which will execute arbitrary code during unpickling (See https://github.com/pytorch/pytorch/blob/main/SECURITY.md#untrusted-models for more details). In a future release, the default value for `weights_only` will be flipped to `True`. This limits the functions that could be executed during unpickling. Arbitrary objects will no longer be allowed to be loaded via this mode unless they are explicitly allowlisted by the user via `torch.serialization.add_safe_globals`. We recommend you start setting `weights_only=True` for any use case where you don't have full control of the loaded file. Please open an issue on GitHub for any issues related to this experimental feature.
  state_dict = torch.load(checkpoint_path, map_location='cpu')
21:23:59 | INFO  | atomic_chec~| [atomic_save] installed crash-safe checkpoint plugin (write to sibling .tmp + fsync + atomic rename)
21:23:59 | INFO  | utils.py    | Created ViT-tiny from scratch with config: {'hidden_size': 192, 'num_hidden_layers': 12, 'num_attention_heads': 3, 'intermediate_size': 768, 'image_size': 224, 'patch_size': 14}
[model] frozen LeWM (18.03M), device=cuda, training=False, subgoal=gdm
[gdm] planner from gdm_stride10.pt: head=53.34M, N=3 WG=1 gamma=1.0 T=1000 sampler=ddim/50-steps param=eps schedule=linear norm=standardize
21:24:00 | INFO  | __init__.py | Cached 'action' from '/lustre/home/ha676/data/pusht/pusht_expert_train.h5'
21:24:00 | INFO  | __init__.py | Cached 'proprio' from '/lustre/home/ha676/data/pusht/pusht_expert_train.h5'
21:24:00 | INFO  | __init__.py | Cached 'state' from '/lustre/home/ha676/data/pusht/pusht_expert_train.h5'
/lustre/home/ha676/le-wm/.venv/lib/python3.11/site-packages/gymnasium/spaces/box.py:415: UserWarning: [33mWARN: Casting input x to numpy array.[0m
  gym.logger.warn("Casting input x to numpy array.")
/lustre/home/ha676/le-wm/.venv/lib/python3.11/site-packages/gymnasium/utils/passive_env_checker.py:157: UserWarning: [33mWARN: The obs returned by the `step()` method is not within the observation space.[0m
  logger.warn(f"{pre} is not within the observation space.")
/lustre/home/ha676/le-wm/.venv/lib/python3.11/site-packages/gymnasium/spaces/box.py:415: UserWarning: [33mWARN: Casting input x to numpy array.[0m
  gym.logger.warn("Casting input x to numpy array.")
/lustre/home/ha676/le-wm/.venv/lib/python3.11/site-packages/gymnasium/utils/passive_env_checker.py:157: UserWarning: [33mWARN: The obs returned by the `step()` method is not within the observation space.[0m
  logger.warn(f"{pre} is not within the observation space.")
[episodes-file] pusht.episodes150.json: 256 precomputed pairs (goal_offset=150, seed=42, eval_filter=None) -- sample_long/short bypassed
[eval] mode=long start=final num_eval=256 goal_offset=150 budget=300 eval_filter=none
[eval] episodes_idx[:5]=[636, 688, 700, 834, 850] start_steps[:5]=[7, 7, 7, 34, 34]
[PIN] success = pos_diff<20 [block xy only (paper)] AND angle<20deg
CEM solve time: 54.8608 seconds
CEM solve time: 53.4982 seconds
CEM solve time: 53.1208 seconds
CEM solve time: 52.8626 seconds
CEM solve time: 52.2104 seconds
CEM solve time: 50.9631 seconds
CEM solve time: 49.0227 seconds
CEM solve time: 47.9459 seconds
CEM solve time: 46.4289 seconds
CEM solve time: 44.7269 seconds
CEM solve time: 42.1252 seconds
CEM solve time: 38.0624 seconds
CEM solve time: 35.8828 seconds
CEM solve time: 33.4969 seconds
CEM solve time: 30.7652 seconds
CEM solve time: 27.3249 seconds
CEM solve time: 26.5043 seconds
CEM solve time: 24.5671 seconds
CEM solve time: 23.9209 seconds
CEM solve time: 23.5218 seconds
CEM solve time: 23.5161 seconds
CEM solve time: 23.0806 seconds
CEM solve time: 22.6482 seconds
CEM solve time: 22.6487 seconds
CEM solve time: 22.6490 seconds
CEM solve time: 22.4414 seconds
CEM solve time: 22.2251 seconds
CEM solve time: 22.0147 seconds
CEM solve time: 22.0242 seconds
CEM solve time: 22.0076 seconds
[RESULT] score=block angle=20deg  SR=59.77%  (153/256)
[timing] score=block angle=20deg drafter=12.005s cem=1098.766s total=1110.771s drafter_frac=1.08% per_episode_ms={'drafter_ms': 46.894290375348646, 'cem_ms': 4292.05353197176, 'total_ms': 4338.947822347109} timed_steps=300
[PIN] success = pos_diff<20 [block xy only (paper)] AND angle<5deg
CEM solve time: 54.6943 seconds
CEM solve time: 53.8737 seconds
CEM solve time: 53.6315 seconds
CEM solve time: 53.4303 seconds
CEM solve time: 53.4356 seconds
CEM solve time: 52.9739 seconds
CEM solve time: 52.9886 seconds
CEM solve time: 52.5838 seconds
CEM solve time: 52.3655 seconds
CEM solve time: 50.1279 seconds
CEM solve time: 48.4253 seconds
CEM solve time: 45.8411 seconds
CEM solve time: 43.5623 seconds
CEM solve time: 40.7701 seconds
CEM solve time: 38.2358 seconds
CEM solve time: 36.0947 seconds
CEM solve time: 34.7719 seconds
CEM solve time: 33.2902 seconds
CEM solve time: 33.0913 seconds
CEM solve time: 32.2236 seconds
CEM solve time: 31.5837 seconds
CEM solve time: 31.1544 seconds
CEM solve time: 30.5574 seconds
CEM solve time: 29.8856 seconds
CEM solve time: 28.8120 seconds
CEM solve time: 28.8077 seconds
CEM solve time: 28.5992 seconds
CEM solve time: 27.9646 seconds
CEM solve time: 27.9945 seconds
CEM solve time: 27.7568 seconds
[RESULT] score=block angle=5deg  SR=49.22%  (126/256)
[timing] score=block angle=5deg drafter=13.105s cem=1276.979s total=1290.084s drafter_frac=1.02% per_episode_ms={'drafter_ms': 51.192812228691764, 'cem_ms': 4988.197931852483, 'total_ms': 5039.3907440811745} timed_steps=300

==== FF-JEPA eval summary ====
mode=long subgoal=gdm num_eval=256 seed=42 cem_seed=42 eval_filter=none
  score=block   20deg :  59.77%  (153/256)
  score=block    5deg :  49.22%  (126/256)
