=== pusht k-anchor t100: speck8 seed=45 ===
/lustre/home/ha676/le-wm/.venv/lib/python3.11/site-packages/stable_worldmodel/envs/__init__.py:215: UserWarning: ale-py not found; ALE/* envs are unavailable. Install with: pip install 'stable-worldmodel[env]' or pip install ale-py.
  from stable_worldmodel.envs import ale  # noqa: F401
2026-07-12 22:59:51.260 | INFO     | stable_worldmodel.wm.utils:_resolve_hf:149 - Loading quentinll/lewm-pusht from local cache...
2026-07-12 22:59:51.261 | INFO     | stable_worldmodel.wm.utils:_resolve_folder:137 - Loading checkpoint from folder /lustre/home/ha676/.stable_worldmodel/checkpoints/models--quentinll--lewm-pusht...
/lustre/home/ha676/le-wm/.venv/lib/python3.11/site-packages/stable_worldmodel/wm/utils.py:80: FutureWarning: You are using `torch.load` with `weights_only=False` (the current default value), which uses the default pickle module implicitly. It is possible to construct malicious pickle data which will execute arbitrary code during unpickling (See https://github.com/pytorch/pytorch/blob/main/SECURITY.md#untrusted-models for more details). In a future release, the default value for `weights_only` will be flipped to `True`. This limits the functions that could be executed during unpickling. Arbitrary objects will no longer be allowed to be loaded via this mode unless they are explicitly allowlisted by the user via `torch.serialization.add_safe_globals`. We recommend you start setting `weights_only=True` for any use case where you don't have full control of the loaded file. Please open an issue on GitHub for any issues related to this experimental feature.
  state_dict = torch.load(checkpoint_path, map_location='cpu')
23:00:15 | INFO  | atomic_chec~| [atomic_save] installed crash-safe checkpoint plugin (write to sibling .tmp + fsync + atomic rename)
23:00:15 | INFO  | utils.py    | Created ViT-tiny from scratch with config: {'hidden_size': 192, 'num_hidden_layers': 12, 'num_attention_heads': 3, 'intermediate_size': 768, 'image_size': 224, 'patch_size': 14}
[model] frozen LeWM (18.03M), device=cuda, training=False, subgoal=specaccept
[gdm] planner from gdm_stride10.pt: head=53.34M, N=3 WG=1 gamma=1.0 T=1000 sampler=ddim/8-steps param=eps schedule=linear norm=standardize
23:00:19 | INFO  | __init__.py | Cached 'action' from '/lustre/home/ha676/data/pusht/pusht_expert_train.h5'
23:00:21 | INFO  | __init__.py | Cached 'proprio' from '/lustre/home/ha676/data/pusht/pusht_expert_train.h5'
23:00:23 | INFO  | __init__.py | Cached 'state' from '/lustre/home/ha676/data/pusht/pusht_expert_train.h5'
/lustre/home/ha676/le-wm/.venv/lib/python3.11/site-packages/gymnasium/spaces/box.py:415: UserWarning: [33mWARN: Casting input x to numpy array.[0m
  gym.logger.warn("Casting input x to numpy array.")
/lustre/home/ha676/le-wm/.venv/lib/python3.11/site-packages/gymnasium/utils/passive_env_checker.py:157: UserWarning: [33mWARN: The obs returned by the `step()` method is not within the observation space.[0m
  logger.warn(f"{pre} is not within the observation space.")
/lustre/home/ha676/le-wm/.venv/lib/python3.11/site-packages/gymnasium/spaces/box.py:415: UserWarning: [33mWARN: Casting input x to numpy array.[0m
  gym.logger.warn("Casting input x to numpy array.")
/lustre/home/ha676/le-wm/.venv/lib/python3.11/site-packages/gymnasium/utils/passive_env_checker.py:157: UserWarning: [33mWARN: The obs returned by the `step()` method is not within the observation space.[0m
  logger.warn(f"{pre} is not within the observation space.")
[episodes-file] pusht.episodes150as100.json: 256 precomputed pairs (goal_offset=100, seed=42, eval_filter=None) -- sample_long/short bypassed
[eval] mode=long start=final num_eval=256 goal_offset=100 budget=200 eval_filter=none
[eval] episodes_idx[:5]=[636, 688, 700, 834, 850] start_steps[:5]=[57, 57, 57, 84, 84]
[PIN] success = pos_diff<20 [block xy only (paper)] AND angle<20deg
CEM solve time: 54.6519 seconds
CEM solve time: 47.1220 seconds
CEM solve time: 46.0545 seconds
CEM solve time: 44.3678 seconds
CEM solve time: 41.7836 seconds
CEM solve time: 38.4134 seconds
CEM solve time: 36.0381 seconds
CEM solve time: 32.6793 seconds
CEM solve time: 29.9040 seconds
CEM solve time: 27.9368 seconds
CEM solve time: 25.8145 seconds
CEM solve time: 24.3623 seconds
CEM solve time: 22.8246 seconds
CEM solve time: 21.7452 seconds
CEM solve time: 21.5362 seconds
CEM solve time: 21.3268 seconds
CEM solve time: 20.9191 seconds
CEM solve time: 20.4911 seconds
CEM solve time: 20.4849 seconds
CEM solve time: 20.4845 seconds
[RESULT] score=block angle=20deg  SR=62.50%  (160/256)
[specaccept] tau=0.2 gdm_steps=8 re-drafts=1618 advances=1283 rejects=1128 call_ratio=0.558 (every-step=1.000; lower = fewer diffusion calls)
[PIN] success = pos_diff<20 [block xy only (paper)] AND angle<5deg
CEM solve time: 54.5129 seconds
CEM solve time: 50.6647 seconds
CEM solve time: 50.5254 seconds
CEM solve time: 50.0332 seconds
CEM solve time: 48.3600 seconds
CEM solve time: 46.5204 seconds
CEM solve time: 44.7574 seconds
CEM solve time: 41.8605 seconds
CEM solve time: 38.5426 seconds
CEM solve time: 35.5773 seconds
CEM solve time: 33.4423 seconds
CEM solve time: 31.9135 seconds
CEM solve time: 29.8104 seconds
CEM solve time: 28.9386 seconds
CEM solve time: 27.8942 seconds
CEM solve time: 27.5345 seconds
CEM solve time: 27.2459 seconds
CEM solve time: 27.0842 seconds
CEM solve time: 26.3960 seconds
CEM solve time: 26.1990 seconds
[RESULT] score=block angle=5deg  SR=52.34%  (134/256)
[specaccept] tau=0.2 gdm_steps=8 re-drafts=1987 advances=1523 rejects=1438 call_ratio=0.566 (every-step=1.000; lower = fewer diffusion calls)

==== FF-JEPA eval summary ====
mode=long subgoal=specaccept num_eval=256 seed=45 cem_seed=45 eval_filter=none
  score=block   20deg :  62.50%  (160/256)
  score=block    5deg :  52.34%  (134/256)
