/lustre/home/ha676/le-wm/.venv/lib/python3.11/site-packages/stable_worldmodel/envs/__init__.py:215: UserWarning: ale-py not found; ALE/* envs are unavailable. Install with: pip install 'stable-worldmodel[env]' or pip install ale-py.
  from stable_worldmodel.envs import ale  # noqa: F401
2026-07-13 02:11:00.974 | INFO     | stable_worldmodel.wm.utils:_resolve_hf:149 - Loading quentinll/lewm-pusht from local cache...
2026-07-13 02:11:00.975 | INFO     | stable_worldmodel.wm.utils:_resolve_folder:137 - Loading checkpoint from folder /lustre/home/ha676/.stable_worldmodel/checkpoints/models--quentinll--lewm-pusht...
/lustre/home/ha676/le-wm/.venv/lib/python3.11/site-packages/stable_worldmodel/wm/utils.py:80: FutureWarning: You are using `torch.load` with `weights_only=False` (the current default value), which uses the default pickle module implicitly. It is possible to construct malicious pickle data which will execute arbitrary code during unpickling (See https://github.com/pytorch/pytorch/blob/main/SECURITY.md#untrusted-models for more details). In a future release, the default value for `weights_only` will be flipped to `True`. This limits the functions that could be executed during unpickling. Arbitrary objects will no longer be allowed to be loaded via this mode unless they are explicitly allowlisted by the user via `torch.serialization.add_safe_globals`. We recommend you start setting `weights_only=True` for any use case where you don't have full control of the loaded file. Please open an issue on GitHub for any issues related to this experimental feature.
  state_dict = torch.load(checkpoint_path, map_location='cpu')
02:11:05 | INFO  | atomic_chec~| [atomic_save] installed crash-safe checkpoint plugin (write to sibling .tmp + fsync + atomic rename)
02:11:05 | INFO  | utils.py    | Created ViT-tiny from scratch with config: {'hidden_size': 192, 'num_hidden_layers': 12, 'num_attention_heads': 3, 'intermediate_size': 768, 'image_size': 224, 'patch_size': 14}
[model] frozen LeWM (18.03M), device=cuda, training=False, subgoal=gdm
[gdm] planner from gdm_stride5.pt: head=53.34M, N=3 WG=1 gamma=1.0 T=1000 sampler=ddim/50-steps param=eps schedule=linear norm=standardize
02:11:07 | INFO  | __init__.py | Cached 'action' from '/lustre/home/ha676/data/pusht/pusht_expert_train.h5'
02:11:07 | INFO  | __init__.py | Cached 'proprio' from '/lustre/home/ha676/data/pusht/pusht_expert_train.h5'
02:11:07 | INFO  | __init__.py | Cached 'state' from '/lustre/home/ha676/data/pusht/pusht_expert_train.h5'
/lustre/home/ha676/le-wm/.venv/lib/python3.11/site-packages/gymnasium/spaces/box.py:415: UserWarning: [33mWARN: Casting input x to numpy array.[0m
  gym.logger.warn("Casting input x to numpy array.")
/lustre/home/ha676/le-wm/.venv/lib/python3.11/site-packages/gymnasium/spaces/box.py:415: UserWarning: [33mWARN: Casting input x to numpy array.[0m
  gym.logger.warn("Casting input x to numpy array.")
[episodes-file] pusht.episodes150.json: 256 precomputed pairs (goal_offset=150, seed=42, eval_filter=None) -- sample_long/short bypassed
[eval] mode=long start=final num_eval=256 goal_offset=150 budget=300 eval_filter=none
[eval] episodes_idx[:5]=[636, 688, 700, 834, 850] start_steps[:5]=[7, 7, 7, 34, 34]
[PIN] success = pos_diff<20 [block xy only (paper)] AND angle<20deg
CEM solve time: 27.1307 seconds
CEM solve time: 26.4821 seconds
CEM solve time: 26.5023 seconds
CEM solve time: 26.5017 seconds
CEM solve time: 26.5273 seconds
CEM solve time: 26.4068 seconds
CEM solve time: 26.3984 seconds
CEM solve time: 26.1582 seconds
CEM solve time: 26.0869 seconds
CEM solve time: 25.6780 seconds
CEM solve time: 25.5935 seconds
CEM solve time: 25.4666 seconds
CEM solve time: 25.1334 seconds
CEM solve time: 24.7279 seconds
CEM solve time: 24.4155 seconds
CEM solve time: 24.2145 seconds
CEM solve time: 23.9117 seconds
CEM solve time: 23.3735 seconds
CEM solve time: 22.4679 seconds
CEM solve time: 22.3019 seconds
CEM solve time: 21.6705 seconds
CEM solve time: 20.9158 seconds
CEM solve time: 20.2966 seconds
CEM solve time: 19.7281 seconds
CEM solve time: 19.3139 seconds
CEM solve time: 18.1851 seconds
CEM solve time: 17.8095 seconds
CEM solve time: 16.8964 seconds
CEM solve time: 16.1561 seconds
CEM solve time: 15.8820 seconds
CEM solve time: 15.6002 seconds
CEM solve time: 14.8072 seconds
CEM solve time: 14.5617 seconds
CEM solve time: 14.0585 seconds
CEM solve time: 13.6404 seconds
CEM solve time: 13.5949 seconds
CEM solve time: 13.4882 seconds
CEM solve time: 13.3001 seconds
CEM solve time: 13.2888 seconds
CEM solve time: 13.1677 seconds
CEM solve time: 12.8934 seconds
CEM solve time: 12.8044 seconds
CEM solve time: 12.6798 seconds
CEM solve time: 12.4927 seconds
CEM solve time: 12.3371 seconds
CEM solve time: 12.2161 seconds
CEM solve time: 12.2127 seconds
CEM solve time: 12.2179 seconds
CEM solve time: 12.2237 seconds
CEM solve time: 12.0973 seconds
CEM solve time: 12.0961 seconds
CEM solve time: 12.1184 seconds
CEM solve time: 12.1213 seconds
CEM solve time: 12.1020 seconds
CEM solve time: 12.0976 seconds
CEM solve time: 12.1249 seconds
CEM solve time: 12.1039 seconds
CEM solve time: 12.1002 seconds
CEM solve time: 12.1119 seconds
CEM solve time: 12.0806 seconds
[RESULT] score=block angle=20deg  SR=55.47%  (142/256)
[PIN] success = pos_diff<20 [block xy only (paper)] AND angle<5deg
CEM solve time: 27.0488 seconds
CEM solve time: 26.6327 seconds
CEM solve time: 26.6558 seconds
CEM solve time: 26.6518 seconds
CEM solve time: 26.5081 seconds
CEM solve time: 26.3865 seconds
CEM solve time: 26.3766 seconds
CEM solve time: 26.3546 seconds
CEM solve time: 26.3480 seconds
CEM solve time: 26.2616 seconds
CEM solve time: 26.5840 seconds
CEM solve time: 26.1644 seconds
CEM solve time: 26.0574 seconds
CEM solve time: 25.7559 seconds
CEM solve time: 25.6609 seconds
CEM solve time: 25.4108 seconds
CEM solve time: 25.0873 seconds
CEM solve time: 24.2771 seconds
CEM solve time: 24.0572 seconds
CEM solve time: 23.9442 seconds
CEM solve time: 23.6362 seconds
CEM solve time: 22.8553 seconds
CEM solve time: 22.0311 seconds
CEM solve time: 21.5292 seconds
CEM solve time: 20.8919 seconds
CEM solve time: 20.6793 seconds
CEM solve time: 19.7942 seconds
CEM solve time: 19.5845 seconds
CEM solve time: 19.0613 seconds
CEM solve time: 18.7995 seconds
CEM solve time: 18.3894 seconds
CEM solve time: 17.8270 seconds
CEM solve time: 17.1490 seconds
CEM solve time: 16.5197 seconds
CEM solve time: 16.4184 seconds
CEM solve time: 16.2037 seconds
CEM solve time: 16.0959 seconds
CEM solve time: 15.6975 seconds
CEM solve time: 15.3601 seconds
CEM solve time: 15.0442 seconds
CEM solve time: 15.0400 seconds
CEM solve time: 15.0596 seconds
CEM solve time: 15.0402 seconds
CEM solve time: 15.0364 seconds
CEM solve time: 14.8619 seconds
CEM solve time: 14.8628 seconds
CEM solve time: 14.6370 seconds
CEM solve time: 14.5524 seconds
CEM solve time: 14.5328 seconds
CEM solve time: 14.2232 seconds
CEM solve time: 14.2301 seconds
CEM solve time: 14.2304 seconds
CEM solve time: 14.2172 seconds
CEM solve time: 14.0345 seconds
CEM solve time: 13.9306 seconds
CEM solve time: 13.9264 seconds
CEM solve time: 13.9430 seconds
CEM solve time: 13.8072 seconds
CEM solve time: 13.8190 seconds
CEM solve time: 13.8249 seconds
[RESULT] score=block angle=5deg  SR=49.22%  (126/256)

==== FF-JEPA eval summary ====
mode=long subgoal=gdm num_eval=256 seed=45 cem_seed=45 eval_filter=none
  score=block   20deg :  55.47%  (142/256)
  score=block    5deg :  49.22%  (126/256)
