/lustre/home/ha676/le-wm/.venv/lib/python3.11/site-packages/stable_worldmodel/envs/__init__.py:215: UserWarning: ale-py not found; ALE/* envs are unavailable. Install with: pip install 'stable-worldmodel[env]' or pip install ale-py.
  from stable_worldmodel.envs import ale  # noqa: F401
2026-07-13 02:10:31.364 | INFO     | stable_worldmodel.wm.utils:_resolve_hf:149 - Loading quentinll/lewm-pusht from local cache...
2026-07-13 02:10:31.364 | INFO     | stable_worldmodel.wm.utils:_resolve_folder:137 - Loading checkpoint from folder /lustre/home/ha676/.stable_worldmodel/checkpoints/models--quentinll--lewm-pusht...
/lustre/home/ha676/le-wm/.venv/lib/python3.11/site-packages/stable_worldmodel/wm/utils.py:80: FutureWarning: You are using `torch.load` with `weights_only=False` (the current default value), which uses the default pickle module implicitly. It is possible to construct malicious pickle data which will execute arbitrary code during unpickling (See https://github.com/pytorch/pytorch/blob/main/SECURITY.md#untrusted-models for more details). In a future release, the default value for `weights_only` will be flipped to `True`. This limits the functions that could be executed during unpickling. Arbitrary objects will no longer be allowed to be loaded via this mode unless they are explicitly allowlisted by the user via `torch.serialization.add_safe_globals`. We recommend you start setting `weights_only=True` for any use case where you don't have full control of the loaded file. Please open an issue on GitHub for any issues related to this experimental feature.
  state_dict = torch.load(checkpoint_path, map_location='cpu')
02:10:36 | INFO  | atomic_chec~| [atomic_save] installed crash-safe checkpoint plugin (write to sibling .tmp + fsync + atomic rename)
02:10:36 | INFO  | utils.py    | Created ViT-tiny from scratch with config: {'hidden_size': 192, 'num_hidden_layers': 12, 'num_attention_heads': 3, 'intermediate_size': 768, 'image_size': 224, 'patch_size': 14}
[model] frozen LeWM (18.03M), device=cuda, training=False, subgoal=gdm
[gdm] planner from gdm_stride5.pt: head=53.34M, N=3 WG=1 gamma=1.0 T=1000 sampler=ddim/50-steps param=eps schedule=linear norm=standardize
02:10:37 | INFO  | __init__.py | Cached 'action' from '/lustre/home/ha676/data/pusht/pusht_expert_train.h5'
02:10:37 | INFO  | __init__.py | Cached 'proprio' from '/lustre/home/ha676/data/pusht/pusht_expert_train.h5'
02:10:37 | INFO  | __init__.py | Cached 'state' from '/lustre/home/ha676/data/pusht/pusht_expert_train.h5'
/lustre/home/ha676/le-wm/.venv/lib/python3.11/site-packages/gymnasium/spaces/box.py:415: UserWarning: [33mWARN: Casting input x to numpy array.[0m
  gym.logger.warn("Casting input x to numpy array.")
/lustre/home/ha676/le-wm/.venv/lib/python3.11/site-packages/gymnasium/spaces/box.py:415: UserWarning: [33mWARN: Casting input x to numpy array.[0m
  gym.logger.warn("Casting input x to numpy array.")
[episodes-file] pusht.episodes150.json: 256 precomputed pairs (goal_offset=150, seed=42, eval_filter=None) -- sample_long/short bypassed
[eval] mode=long start=final num_eval=256 goal_offset=150 budget=300 eval_filter=none
[eval] episodes_idx[:5]=[636, 688, 700, 834, 850] start_steps[:5]=[7, 7, 7, 34, 34]
[PIN] success = pos_diff<20 [block xy only (paper)] AND angle<20deg
CEM solve time: 27.0622 seconds
CEM solve time: 26.4237 seconds
CEM solve time: 26.4156 seconds
CEM solve time: 26.4296 seconds
CEM solve time: 26.3204 seconds
CEM solve time: 26.2265 seconds
CEM solve time: 26.2299 seconds
CEM solve time: 26.2273 seconds
CEM solve time: 25.8554 seconds
CEM solve time: 25.5269 seconds
CEM solve time: 25.5213 seconds
CEM solve time: 25.3149 seconds
CEM solve time: 25.1068 seconds
CEM solve time: 24.8990 seconds
CEM solve time: 24.8893 seconds
CEM solve time: 24.3600 seconds
CEM solve time: 23.8727 seconds
CEM solve time: 23.1062 seconds
CEM solve time: 22.4661 seconds
CEM solve time: 22.3674 seconds
CEM solve time: 22.0369 seconds
CEM solve time: 21.4817 seconds
CEM solve time: 20.5582 seconds
CEM solve time: 19.5950 seconds
CEM solve time: 18.7296 seconds
CEM solve time: 18.1351 seconds
CEM solve time: 17.5724 seconds
CEM solve time: 16.7242 seconds
CEM solve time: 16.2358 seconds
CEM solve time: 15.3500 seconds
CEM solve time: 14.8697 seconds
CEM solve time: 14.6251 seconds
CEM solve time: 14.4294 seconds
CEM solve time: 13.7196 seconds
CEM solve time: 13.5628 seconds
CEM solve time: 13.4509 seconds
CEM solve time: 13.3741 seconds
CEM solve time: 13.1261 seconds
CEM solve time: 13.1240 seconds
CEM solve time: 13.0162 seconds
CEM solve time: 12.8571 seconds
CEM solve time: 12.7557 seconds
CEM solve time: 12.6536 seconds
CEM solve time: 12.5382 seconds
CEM solve time: 12.5411 seconds
CEM solve time: 12.5514 seconds
CEM solve time: 12.5498 seconds
CEM solve time: 12.5422 seconds
CEM solve time: 12.4663 seconds
CEM solve time: 12.3877 seconds
CEM solve time: 12.3872 seconds
CEM solve time: 12.3916 seconds
CEM solve time: 12.2990 seconds
CEM solve time: 12.3010 seconds
CEM solve time: 12.2993 seconds
CEM solve time: 12.3093 seconds
CEM solve time: 12.2957 seconds
CEM solve time: 12.1706 seconds
CEM solve time: 12.1825 seconds
CEM solve time: 12.1724 seconds
[RESULT] score=block angle=20deg  SR=55.08%  (141/256)
[PIN] success = pos_diff<20 [block xy only (paper)] AND angle<5deg
CEM solve time: 27.0277 seconds
CEM solve time: 26.6393 seconds
CEM solve time: 26.6737 seconds
CEM solve time: 26.5313 seconds
CEM solve time: 26.5235 seconds
CEM solve time: 26.4078 seconds
CEM solve time: 26.4152 seconds
CEM solve time: 26.4054 seconds
CEM solve time: 26.1852 seconds
CEM solve time: 26.0829 seconds
CEM solve time: 25.8721 seconds
CEM solve time: 25.7765 seconds
CEM solve time: 25.7979 seconds
CEM solve time: 25.6811 seconds
CEM solve time: 25.4051 seconds
CEM solve time: 25.0207 seconds
CEM solve time: 24.9085 seconds
CEM solve time: 24.9049 seconds
CEM solve time: 24.4042 seconds
CEM solve time: 23.6604 seconds
CEM solve time: 23.4176 seconds
CEM solve time: 22.8702 seconds
CEM solve time: 22.2727 seconds
CEM solve time: 21.6964 seconds
CEM solve time: 21.2728 seconds
CEM solve time: 20.8512 seconds
CEM solve time: 20.1990 seconds
CEM solve time: 19.4422 seconds
CEM solve time: 19.0241 seconds
CEM solve time: 18.3117 seconds
CEM solve time: 17.7711 seconds
CEM solve time: 17.6285 seconds
CEM solve time: 17.3646 seconds
CEM solve time: 17.3644 seconds
CEM solve time: 16.8701 seconds
CEM solve time: 16.6717 seconds
CEM solve time: 16.2412 seconds
CEM solve time: 16.0314 seconds
CEM solve time: 15.7344 seconds
CEM solve time: 15.4213 seconds
CEM solve time: 15.3128 seconds
CEM solve time: 14.8987 seconds
CEM solve time: 14.7977 seconds
CEM solve time: 14.6946 seconds
CEM solve time: 14.5942 seconds
CEM solve time: 14.5006 seconds
CEM solve time: 14.4933 seconds
CEM solve time: 14.3804 seconds
CEM solve time: 14.3826 seconds
CEM solve time: 14.3944 seconds
CEM solve time: 14.3839 seconds
CEM solve time: 14.3824 seconds
CEM solve time: 14.2785 seconds
CEM solve time: 14.2926 seconds
CEM solve time: 14.1718 seconds
CEM solve time: 14.0638 seconds
CEM solve time: 14.0676 seconds
CEM solve time: 14.0755 seconds
CEM solve time: 13.9616 seconds
CEM solve time: 13.9603 seconds
[RESULT] score=block angle=5deg  SR=48.44%  (124/256)

==== FF-JEPA eval summary ====
mode=long subgoal=gdm num_eval=256 seed=44 cem_seed=44 eval_filter=none
  score=block   20deg :  55.08%  (141/256)
  score=block    5deg :  48.44%  (124/256)
