/lustre/home/ha676/le-wm/.venv/lib/python3.11/site-packages/stable_worldmodel/envs/__init__.py:215: UserWarning: ale-py not found; ALE/* envs are unavailable. Install with: pip install 'stable-worldmodel[env]' or pip install ale-py.
  from stable_worldmodel.envs import ale  # noqa: F401
2026-07-12 20:28:33.315 | INFO     | stable_worldmodel.wm.utils:_resolve_hf:149 - Loading quentinll/lewm-pusht from local cache...
2026-07-12 20:28:33.316 | INFO     | stable_worldmodel.wm.utils:_resolve_folder:137 - Loading checkpoint from folder /lustre/home/ha676/.stable_worldmodel/checkpoints/models--quentinll--lewm-pusht...
/lustre/home/ha676/le-wm/.venv/lib/python3.11/site-packages/stable_worldmodel/wm/utils.py:80: FutureWarning: You are using `torch.load` with `weights_only=False` (the current default value), which uses the default pickle module implicitly. It is possible to construct malicious pickle data which will execute arbitrary code during unpickling (See https://github.com/pytorch/pytorch/blob/main/SECURITY.md#untrusted-models for more details). In a future release, the default value for `weights_only` will be flipped to `True`. This limits the functions that could be executed during unpickling. Arbitrary objects will no longer be allowed to be loaded via this mode unless they are explicitly allowlisted by the user via `torch.serialization.add_safe_globals`. We recommend you start setting `weights_only=True` for any use case where you don't have full control of the loaded file. Please open an issue on GitHub for any issues related to this experimental feature.
  state_dict = torch.load(checkpoint_path, map_location='cpu')
[gdm] N=3 WG=1 T=1000 sampler=ddim/50steps param=eps schedule=linear norm=standardize min_snr_gamma=0.0 head=53.3M
[GATE] A = teacher-forced x0_relerr (math check only). B = SAMPLED Probe B rel_err/cos_move (the fidelity arbiter).

[A: IN-DISTRIBUTION (stride-aligned condition)]
  rel_err  = 0.3179   (vs no-op baseline 0.7848; want << no-op)
  cos_pred = 0.9163   cos_move = 0.8936   (1.0 = perfect direction)
  collapse = 0.990   (<<1 => mode collapse)
  ||z_pred|| = 13.53   ||z_true|| = 13.67   (native ~13.9)

[C: TEACHER-FORCED DENOISING (true target + known noise @ t)] [param=eps schedule=linear]
   pred_mse -> 0 = perfect regression; x0_relerr = the latent CEM sees.
   eps-param: x0_relerr RISES with t (1/sqrt(acp) amplification, intrinsic).
   v-param:   x0_relerr stays flat-low across t BY CONSTRUCTION (GATE A only).
       t   eps_mse  x0_relerr(seq)  x0_relerr(next)
      50    0.0400          0.0354           0.0344
     200    0.0141          0.0849           0.0769
     400    0.0063          0.1568           0.1320
     600    0.0023          0.2744           0.2191
     800    0.0003          0.4341           0.3701
20:28:39 | INFO  | atomic_chec~| [atomic_save] installed crash-safe checkpoint plugin (write to sibling .tmp + fsync + atomic rename)
20:28:39 | INFO  | utils.py    | Created ViT-tiny from scratch with config: {'hidden_size': 192, 'num_hidden_layers': 12, 'num_attention_heads': 3, 'intermediate_size': 768, 'image_size': 224, 'patch_size': 14}

[B: EVAL-DISTRIBUTION (arbitrary-phase E(frame) condition)]
  rel_err  = 0.4339   (vs no-op baseline 0.7047; want << no-op)
  cos_pred = 0.8453   cos_move = 0.7251   (1.0 = perfect direction)
  collapse = 0.984   (<<1 => mode collapse)
  ||z_pred|| = 13.64   ||z_true|| = 13.87   (native ~13.9)

[B-success: episode passed the 20deg filter (n=163/256)]
  rel_err  = 0.3451   (vs no-op baseline 0.7416; want << no-op)
  cos_pred = 0.8984   cos_move = 0.8484   (1.0 = perfect direction)
  collapse = 0.988   (<<1 => mode collapse)
  ||z_pred|| = 13.69   ||z_true|| = 13.86   (native ~13.9)

[B-failed: FAILED demos, off the training population (n=93/256)]
  rel_err  = 0.5894   (vs no-op baseline 0.6399; want << no-op)
  cos_pred = 0.7523   cos_move = 0.5091   (1.0 = perfect direction)
  collapse = 0.976   (<<1 => mode collapse)
  ||z_pred|| = 13.56   ||z_true|| = 13.89   (native ~13.9)

==== verdict ====
GATE B (SAMPLED Probe B rel_err/cos_move) is the fidelity arbiter for EVERY
'did it help' call below. Probe C (teacher-forced x0_relerr) is GATE A: a MATH
wiring check only, read differently per parameterization:
  [eps-param] Probe C x0_relerr RISES with t (1/sqrt(acp) amplification, intrinsic);
    low-t eps_mse~0 but mid/high-t x0 poor => amplification, not necessarily a bug.
    x0_relerr large even at LOW t => schedule/inversion BUG (fix before training).
A good + B bad  => phase/sliding-condition issue (rebuild dataset, retrain).
A ~= B-success >> B-failed => eval-set CONTAMINATION (H8): the probe/eval mix
    ~34-37% FAILED demos the success-trained GDM rightly mispredicts.
    Fix the EVAL episode set (--eval-filter success20), not the model.
A and B bad     => capacity/undertraining (train longer / more data).
collapse << 1   => model predicts ~mean subgoal regardless of input.
