=== train gdm_stride25.pt (faithful recipe, subgoal-step 25 ) ===
[cfg] {'subgoals': 'subgoals_dense_full.pt', 'out': 'gdm_stride25.pt', 'device': 'cuda', 'seed': 42, 'mask': '5', 'custom_mask_file': None, 'window_rule': 'clamp', 'subgoal_step': 25, 'latent_dim': 192, 'n_future': 3, 'wg': 1, 'hidden': 512, 'depth': 11, 'heads': 8, 'mlp_ratio': 4.0, 'goal_cond': False, 'goal_rule': 'final', 'goal_gap': None, 'goal_gap_max': None, 'timesteps': 1000, 'parameterization': 'eps', 'schedule': 'linear', 'min_snr_gamma': 0.0, 'sampler': 'ddim', 'normalization': 'standardize', 'epochs': 20, 'batch_size': 128, 'lr': 5e-05, 'weight_decay': 0.001, 'grad_clip': 1.0, 'lr_schedule': 'warmup_cosine', 'warmup_frac': 0.01, 'amp': True, 'ema_decay': 0.0, 'num_workers': 0, 'log_every': 500}
[data] mask=5deg: 9094 episodes used; 1100325 (cond,target) pairs; window_rule=clamp; file_stride=1 subgoal_step=25 => subgoal horizon = 25 frames
[norm] native ||z|| mean=13.48 (sqrt(D)=13.86); standardize per-dim (mean|.|=0.133, std mean=0.956)
[model] GDM (DiT) head params = 53.34M (hidden=512 depth=11 heads=8); diffusion T=1000 param=eps schedule=linear sampler=ddim norm=standardize min_snr_gamma=0.0
[sched] warmup_cosine: total_steps=171940 warmup=1719 peak_lr=5.0e-05 -> 0 (eta_min)
  [iter 500] loss=0.20596 (run 0.78143, 57s, 115ms/it)
  [iter 1000] loss=0.15095 (run 0.47245, 87s, 87ms/it)
  [iter 1500] loss=0.14739 (run 0.36020, 116s, 78ms/it)
  [iter 2000] loss=0.11136 (run 0.29843, 146s, 73ms/it)
  [iter 2500] loss=0.09346 (run 0.25768, 176s, 70ms/it)
  [iter 3000] loss=0.09100 (run 0.22862, 205s, 68ms/it)
  [iter 3500] loss=0.06096 (run 0.20661, 235s, 67ms/it)
  [iter 4000] loss=0.06768 (run 0.18939, 265s, 66ms/it)
  [iter 4500] loss=0.03806 (run 0.17558, 295s, 66ms/it)
  [iter 5000] loss=0.05671 (run 0.16421, 324s, 65ms/it)
  [iter 5500] loss=0.05802 (run 0.15453, 354s, 64ms/it)
  [iter 6000] loss=0.04507 (run 0.14636, 384s, 64ms/it)
  [iter 6500] loss=0.05102 (run 0.13923, 414s, 64ms/it)
  [iter 7000] loss=0.04781 (run 0.13289, 444s, 63ms/it)
  [iter 7500] loss=0.06429 (run 0.12744, 474s, 63ms/it)
  [iter 8000] loss=0.05128 (run 0.12253, 504s, 63ms/it)
  [iter 8500] loss=0.06257 (run 0.11813, 533s, 63ms/it)
[epoch 01/20] loss=0.11734 iters=8597 (539s)
  [iter 9000] loss=0.03815 (run 0.04680, 563s, 63ms/it)
  [iter 9500] loss=0.02922 (run 0.04555, 592s, 62ms/it)
  [iter 10000] loss=0.04475 (run 0.04515, 622s, 62ms/it)
  [iter 10500] loss=0.04922 (run 0.04461, 653s, 62ms/it)
  [iter 11000] loss=0.03917 (run 0.04407, 684s, 62ms/it)
  [iter 11500] loss=0.03198 (run 0.04363, 714s, 62ms/it)
  [iter 12000] loss=0.04635 (run 0.04310, 745s, 62ms/it)
  [iter 12500] loss=0.04098 (run 0.04269, 775s, 62ms/it)
  [iter 13000] loss=0.04365 (run 0.04225, 806s, 62ms/it)
  [iter 13500] loss=0.05345 (run 0.04182, 837s, 62ms/it)
  [iter 14000] loss=0.03108 (run 0.04143, 868s, 62ms/it)
  [iter 14500] loss=0.03383 (run 0.04101, 898s, 62ms/it)
  [iter 15000] loss=0.03181 (run 0.04063, 929s, 62ms/it)
  [iter 15500] loss=0.04438 (run 0.04025, 959s, 62ms/it)
  [iter 16000] loss=0.03026 (run 0.03994, 990s, 62ms/it)
  [iter 16500] loss=0.03201 (run 0.03963, 1021s, 62ms/it)
  [iter 17000] loss=0.03970 (run 0.03930, 1052s, 62ms/it)
[epoch 02/20] loss=0.03919 iters=17194 (1064s)
  [iter 17500] loss=0.03391 (run 0.03348, 1082s, 62ms/it)
  [iter 18000] loss=0.04512 (run 0.03352, 1113s, 62ms/it)
  [iter 18500] loss=0.02862 (run 0.03330, 1144s, 62ms/it)
  [iter 19000] loss=0.03958 (run 0.03289, 1174s, 62ms/it)
  [iter 19500] loss=0.01784 (run 0.03277, 1204s, 62ms/it)
  [iter 20000] loss=0.03196 (run 0.03254, 1234s, 62ms/it)
  [iter 20500] loss=0.02825 (run 0.03243, 1265s, 62ms/it)
  [iter 21000] loss=0.03524 (run 0.03230, 1295s, 62ms/it)
  [iter 21500] loss=0.02915 (run 0.03213, 1326s, 62ms/it)
  [iter 22000] loss=0.03491 (run 0.03193, 1356s, 62ms/it)
  [iter 22500] loss=0.02280 (run 0.03175, 1386s, 62ms/it)
  [iter 23000] loss=0.02142 (run 0.03155, 1416s, 62ms/it)
  [iter 23500] loss=0.03035 (run 0.03140, 1446s, 62ms/it)
  [iter 24000] loss=0.02829 (run 0.03122, 1476s, 62ms/it)
  [iter 24500] loss=0.02293 (run 0.03110, 1506s, 61ms/it)
  [iter 25000] loss=0.02940 (run 0.03094, 1537s, 61ms/it)
  [iter 25500] loss=0.02196 (run 0.03077, 1567s, 61ms/it)
[epoch 03/20] loss=0.03069 iters=25791 (1585s)
  [iter 26000] loss=0.03754 (run 0.02839, 1598s, 61ms/it)
  [iter 26500] loss=0.01962 (run 0.02798, 1627s, 61ms/it)
  [iter 27000] loss=0.02143 (run 0.02797, 1657s, 61ms/it)
  [iter 27500] loss=0.03053 (run 0.02792, 1687s, 61ms/it)
  [iter 28000] loss=0.03197 (run 0.02768, 1717s, 61ms/it)
  [iter 28500] loss=0.02583 (run 0.02750, 1747s, 61ms/it)
  [iter 29000] loss=0.01757 (run 0.02734, 1778s, 61ms/it)
  [iter 29500] loss=0.03485 (run 0.02723, 1808s, 61ms/it)
  [iter 30000] loss=0.01376 (run 0.02718, 1839s, 61ms/it)
  [iter 30500] loss=0.02706 (run 0.02710, 1869s, 61ms/it)
  [iter 31000] loss=0.01785 (run 0.02699, 1900s, 61ms/it)
  [iter 31500] loss=0.02422 (run 0.02690, 1930s, 61ms/it)
  [iter 32000] loss=0.02836 (run 0.02680, 1960s, 61ms/it)
  [iter 32500] loss=0.02035 (run 0.02673, 1990s, 61ms/it)
  [iter 33000] loss=0.02612 (run 0.02663, 2021s, 61ms/it)
  [iter 33500] loss=0.02019 (run 0.02655, 2051s, 61ms/it)
  [iter 34000] loss=0.02330 (run 0.02647, 2081s, 61ms/it)
[epoch 04/20] loss=0.02639 iters=34388 (2104s)
  [iter 34500] loss=0.02030 (run 0.02442, 2111s, 61ms/it)
  [iter 35000] loss=0.02817 (run 0.02451, 2141s, 61ms/it)
  [iter 35500] loss=0.01822 (run 0.02428, 2171s, 61ms/it)
  [iter 36000] loss=0.01992 (run 0.02434, 2202s, 61ms/it)
  [iter 36500] loss=0.03498 (run 0.02431, 2233s, 61ms/it)
  [iter 37000] loss=0.02105 (run 0.02420, 2264s, 61ms/it)
  [iter 37500] loss=0.01952 (run 0.02421, 2294s, 61ms/it)
  [iter 38000] loss=0.01044 (run 0.02412, 2325s, 61ms/it)
  [iter 38500] loss=0.01832 (run 0.02401, 2355s, 61ms/it)
  [iter 39000] loss=0.01575 (run 0.02398, 2386s, 61ms/it)
  [iter 39500] loss=0.01732 (run 0.02393, 2417s, 61ms/it)
  [iter 40000] loss=0.03943 (run 0.02387, 2448s, 61ms/it)
  [iter 40500] loss=0.03854 (run 0.02381, 2478s, 61ms/it)
  [iter 41000] loss=0.02204 (run 0.02376, 2508s, 61ms/it)
  [iter 41500] loss=0.02048 (run 0.02370, 2539s, 61ms/it)
  [iter 42000] loss=0.02321 (run 0.02362, 2570s, 61ms/it)
  [iter 42500] loss=0.02084 (run 0.02359, 2600s, 61ms/it)
[epoch 05/20] loss=0.02352 iters=42985 (2630s)
  [iter 43000] loss=0.02141 (run 0.02187, 2631s, 61ms/it)
  [iter 43500] loss=0.01969 (run 0.02180, 2662s, 61ms/it)
  [iter 44000] loss=0.02547 (run 0.02216, 2692s, 61ms/it)
  [iter 44500] loss=0.02059 (run 0.02198, 2723s, 61ms/it)
  [iter 45000] loss=0.02232 (run 0.02192, 2753s, 61ms/it)
  [iter 45500] loss=0.02748 (run 0.02196, 2784s, 61ms/it)
  [iter 46000] loss=0.01715 (run 0.02195, 2814s, 61ms/it)
  [iter 46500] loss=0.02029 (run 0.02191, 2845s, 61ms/it)
  [iter 47000] loss=0.01677 (run 0.02188, 2875s, 61ms/it)
  [iter 47500] loss=0.02290 (run 0.02181, 2906s, 61ms/it)
  [iter 48000] loss=0.02598 (run 0.02176, 2936s, 61ms/it)
  [iter 48500] loss=0.01800 (run 0.02176, 2967s, 61ms/it)
  [iter 49000] loss=0.02476 (run 0.02172, 2997s, 61ms/it)
  [iter 49500] loss=0.02580 (run 0.02167, 3028s, 61ms/it)
  [iter 50000] loss=0.01768 (run 0.02162, 3058s, 61ms/it)
  [iter 50500] loss=0.03825 (run 0.02160, 3088s, 61ms/it)
  [iter 51000] loss=0.01576 (run 0.02156, 3119s, 61ms/it)
  [iter 51500] loss=0.02212 (run 0.02151, 3149s, 61ms/it)
[epoch 06/20] loss=0.02150 iters=51582 (3154s)
  [iter 52000] loss=0.02193 (run 0.01996, 3180s, 61ms/it)
  [iter 52500] loss=0.02946 (run 0.02019, 3210s, 61ms/it)
  [iter 53000] loss=0.02006 (run 0.02053, 3241s, 61ms/it)
  [iter 53500] loss=0.02451 (run 0.02044, 3271s, 61ms/it)
  [iter 54000] loss=0.01879 (run 0.02047, 3302s, 61ms/it)
  [iter 54500] loss=0.01386 (run 0.02044, 3332s, 61ms/it)
  [iter 55000] loss=0.01868 (run 0.02043, 3363s, 61ms/it)
  [iter 55500] loss=0.02759 (run 0.02046, 3393s, 61ms/it)
  [iter 56000] loss=0.01595 (run 0.02045, 3424s, 61ms/it)
  [iter 56500] loss=0.02083 (run 0.02041, 3455s, 61ms/it)
  [iter 57000] loss=0.01542 (run 0.02033, 3485s, 61ms/it)
  [iter 57500] loss=0.01743 (run 0.02029, 3515s, 61ms/it)
  [iter 58000] loss=0.01816 (run 0.02024, 3546s, 61ms/it)
  [iter 58500] loss=0.01472 (run 0.02019, 3576s, 61ms/it)
  [iter 59000] loss=0.01748 (run 0.02015, 3607s, 61ms/it)
  [iter 59500] loss=0.01609 (run 0.02011, 3638s, 61ms/it)
  [iter 60000] loss=0.01480 (run 0.02005, 3669s, 61ms/it)
[epoch 07/20] loss=0.02006 iters=60179 (3680s)
  [iter 60500] loss=0.02537 (run 0.01938, 3699s, 61ms/it)
  [iter 61000] loss=0.01688 (run 0.01944, 3730s, 61ms/it)
  [iter 61500] loss=0.01175 (run 0.01922, 3760s, 61ms/it)
  [iter 62000] loss=0.01193 (run 0.01917, 3791s, 61ms/it)
  [iter 62500] loss=0.02714 (run 0.01920, 3821s, 61ms/it)
  [iter 63000] loss=0.01939 (run 0.01918, 3852s, 61ms/it)
  [iter 63500] loss=0.02763 (run 0.01914, 3882s, 61ms/it)
  [iter 64000] loss=0.02394 (run 0.01917, 3913s, 61ms/it)
  [iter 64500] loss=0.01228 (run 0.01915, 3945s, 61ms/it)
  [iter 65000] loss=0.01987 (run 0.01911, 3975s, 61ms/it)
  [iter 65500] loss=0.01389 (run 0.01907, 4005s, 61ms/it)
  [iter 66000] loss=0.01341 (run 0.01901, 4035s, 61ms/it)
  [iter 66500] loss=0.01549 (run 0.01898, 4065s, 61ms/it)
  [iter 67000] loss=0.01502 (run 0.01896, 4095s, 61ms/it)
  [iter 67500] loss=0.02216 (run 0.01894, 4125s, 61ms/it)
  [iter 68000] loss=0.01478 (run 0.01890, 4155s, 61ms/it)
  [iter 68500] loss=0.01834 (run 0.01888, 4185s, 61ms/it)
[epoch 08/20] loss=0.01884 iters=68776 (4201s)
  [iter 69000] loss=0.01588 (run 0.01809, 4215s, 61ms/it)
  [iter 69500] loss=0.01564 (run 0.01806, 4245s, 61ms/it)
  [iter 70000] loss=0.02567 (run 0.01798, 4275s, 61ms/it)
  [iter 70500] loss=0.01380 (run 0.01806, 4305s, 61ms/it)
  [iter 71000] loss=0.01483 (run 0.01816, 4334s, 61ms/it)
  [iter 71500] loss=0.00943 (run 0.01802, 4364s, 61ms/it)
  [iter 72000] loss=0.02470 (run 0.01797, 4395s, 61ms/it)
  [iter 72500] loss=0.01515 (run 0.01798, 4425s, 61ms/it)
  [iter 73000] loss=0.01538 (run 0.01792, 4455s, 61ms/it)
  [iter 73500] loss=0.01422 (run 0.01791, 4485s, 61ms/it)
  [iter 74000] loss=0.01377 (run 0.01786, 4515s, 61ms/it)
  [iter 74500] loss=0.01353 (run 0.01780, 4545s, 61ms/it)
  [iter 75000] loss=0.01130 (run 0.01775, 4575s, 61ms/it)
  [iter 75500] loss=0.01543 (run 0.01773, 4605s, 61ms/it)
  [iter 76000] loss=0.01619 (run 0.01768, 4634s, 61ms/it)
  [iter 76500] loss=0.01702 (run 0.01766, 4664s, 61ms/it)
  [iter 77000] loss=0.02194 (run 0.01762, 4694s, 61ms/it)
[epoch 09/20] loss=0.01758 iters=77373 (4717s)
  [iter 77500] loss=0.01063 (run 0.01765, 4724s, 61ms/it)
  [iter 78000] loss=0.02122 (run 0.01729, 4755s, 61ms/it)
  [iter 78500] loss=0.01384 (run 0.01710, 4784s, 61ms/it)
  [iter 79000] loss=0.01208 (run 0.01708, 4814s, 61ms/it)
  [iter 79500] loss=0.01643 (run 0.01700, 4844s, 61ms/it)
  [iter 80000] loss=0.01462 (run 0.01698, 4874s, 61ms/it)
  [iter 80500] loss=0.02413 (run 0.01703, 4904s, 61ms/it)
  [iter 81000] loss=0.01735 (run 0.01705, 4934s, 61ms/it)
  [iter 81500] loss=0.00971 (run 0.01701, 4964s, 61ms/it)
  [iter 82000] loss=0.01313 (run 0.01694, 4994s, 61ms/it)
  [iter 82500] loss=0.01774 (run 0.01689, 5024s, 61ms/it)
  [iter 83000] loss=0.01449 (run 0.01682, 5053s, 61ms/it)
  [iter 83500] loss=0.01624 (run 0.01680, 5083s, 61ms/it)
  [iter 84000] loss=0.01317 (run 0.01674, 5113s, 61ms/it)
  [iter 84500] loss=0.00996 (run 0.01673, 5143s, 61ms/it)
  [iter 85000] loss=0.01534 (run 0.01671, 5173s, 61ms/it)
  [iter 85500] loss=0.01108 (run 0.01667, 5203s, 61ms/it)
[epoch 10/20] loss=0.01665 iters=85970 (5231s)
  [iter 86000] loss=0.01245 (run 0.01641, 5233s, 61ms/it)
  [iter 86500] loss=0.01145 (run 0.01654, 5263s, 61ms/it)
  [iter 87000] loss=0.01249 (run 0.01640, 5293s, 61ms/it)
  [iter 87500] loss=0.00980 (run 0.01626, 5323s, 61ms/it)
  [iter 88000] loss=0.01093 (run 0.01619, 5353s, 61ms/it)
  [iter 88500] loss=0.01405 (run 0.01609, 5383s, 61ms/it)
  [iter 89000] loss=0.01632 (run 0.01611, 5413s, 61ms/it)
  [iter 89500] loss=0.01370 (run 0.01607, 5443s, 61ms/it)
  [iter 90000] loss=0.01152 (run 0.01602, 5473s, 61ms/it)
  [iter 90500] loss=0.01004 (run 0.01598, 5503s, 61ms/it)
  [iter 91000] loss=0.01109 (run 0.01597, 5533s, 61ms/it)
  [iter 91500] loss=0.01328 (run 0.01593, 5563s, 61ms/it)
  [iter 92000] loss=0.01594 (run 0.01594, 5592s, 61ms/it)
  [iter 92500] loss=0.01625 (run 0.01589, 5622s, 61ms/it)
  [iter 93000] loss=0.01660 (run 0.01586, 5652s, 61ms/it)
  [iter 93500] loss=0.01062 (run 0.01582, 5682s, 61ms/it)
  [iter 94000] loss=0.01730 (run 0.01580, 5712s, 61ms/it)
  [iter 94500] loss=0.00945 (run 0.01578, 5741s, 61ms/it)
[epoch 11/20] loss=0.01578 iters=94567 (5745s)
  [iter 95000] loss=0.01124 (run 0.01556, 5771s, 61ms/it)
  [iter 95500] loss=0.01141 (run 0.01546, 5801s, 61ms/it)
  [iter 96000] loss=0.00855 (run 0.01547, 5831s, 61ms/it)
  [iter 96500] loss=0.01297 (run 0.01536, 5860s, 61ms/it)
  [iter 97000] loss=0.01179 (run 0.01532, 5890s, 61ms/it)
  [iter 97500] loss=0.01507 (run 0.01531, 5920s, 61ms/it)
  [iter 98000] loss=0.01222 (run 0.01524, 5950s, 61ms/it)
  [iter 98500] loss=0.02096 (run 0.01520, 5980s, 61ms/it)
  [iter 99000] loss=0.01773 (run 0.01513, 6010s, 61ms/it)
  [iter 99500] loss=0.01337 (run 0.01511, 6040s, 61ms/it)
  [iter 100000] loss=0.01505 (run 0.01508, 6069s, 61ms/it)
  [iter 100500] loss=0.01193 (run 0.01504, 6099s, 61ms/it)
  [iter 101000] loss=0.00895 (run 0.01499, 6129s, 61ms/it)
  [iter 101500] loss=0.01575 (run 0.01498, 6159s, 61ms/it)
  [iter 102000] loss=0.01470 (run 0.01496, 6189s, 61ms/it)
  [iter 102500] loss=0.02149 (run 0.01494, 6218s, 61ms/it)
  [iter 103000] loss=0.01357 (run 0.01492, 6248s, 61ms/it)
[epoch 12/20] loss=0.01492 iters=103164 (6258s)
  [iter 103500] loss=0.01183 (run 0.01446, 6278s, 61ms/it)
  [iter 104000] loss=0.01449 (run 0.01465, 6308s, 61ms/it)
  [iter 104500] loss=0.01508 (run 0.01455, 6337s, 61ms/it)
  [iter 105000] loss=0.01359 (run 0.01441, 6367s, 61ms/it)
  [iter 105500] loss=0.01366 (run 0.01433, 6397s, 61ms/it)
  [iter 106000] loss=0.01993 (run 0.01436, 6427s, 61ms/it)
  [iter 106500] loss=0.01673 (run 0.01433, 6457s, 61ms/it)
  [iter 107000] loss=0.01771 (run 0.01434, 6487s, 61ms/it)
  [iter 107500] loss=0.02193 (run 0.01431, 6517s, 61ms/it)
  [iter 108000] loss=0.01683 (run 0.01433, 6547s, 61ms/it)
  [iter 108500] loss=0.01426 (run 0.01429, 6577s, 61ms/it)
  [iter 109000] loss=0.02070 (run 0.01428, 6606s, 61ms/it)
  [iter 109500] loss=0.01204 (run 0.01425, 6636s, 61ms/it)
  [iter 110000] loss=0.01192 (run 0.01423, 6666s, 61ms/it)
  [iter 110500] loss=0.01410 (run 0.01423, 6696s, 61ms/it)
  [iter 111000] loss=0.01234 (run 0.01421, 6726s, 61ms/it)
  [iter 111500] loss=0.01346 (run 0.01420, 6756s, 61ms/it)
[epoch 13/20] loss=0.01418 iters=111761 (6772s)
  [iter 112000] loss=0.01567 (run 0.01353, 6786s, 61ms/it)
  [iter 112500] loss=0.01634 (run 0.01366, 6816s, 61ms/it)
  [iter 113000] loss=0.01211 (run 0.01383, 6846s, 61ms/it)
  [iter 113500] loss=0.01024 (run 0.01371, 6876s, 61ms/it)
  [iter 114000] loss=0.01692 (run 0.01367, 6905s, 61ms/it)
  [iter 114500] loss=0.01141 (run 0.01367, 6935s, 61ms/it)
  [iter 115000] loss=0.01805 (run 0.01367, 6965s, 61ms/it)
  [iter 115500] loss=0.00925 (run 0.01364, 6995s, 61ms/it)
  [iter 116000] loss=0.01772 (run 0.01363, 7024s, 61ms/it)
  [iter 116500] loss=0.01074 (run 0.01362, 7054s, 61ms/it)
  [iter 117000] loss=0.01736 (run 0.01361, 7084s, 61ms/it)
  [iter 117500] loss=0.01223 (run 0.01361, 7113s, 61ms/it)
  [iter 118000] loss=0.01220 (run 0.01361, 7143s, 61ms/it)
  [iter 118500] loss=0.01211 (run 0.01356, 7173s, 61ms/it)
  [iter 119000] loss=0.01196 (run 0.01354, 7202s, 61ms/it)
  [iter 119500] loss=0.01474 (run 0.01352, 7232s, 61ms/it)
  [iter 120000] loss=0.02415 (run 0.01350, 7262s, 61ms/it)
[epoch 14/20] loss=0.01347 iters=120358 (7283s)
  [iter 120500] loss=0.01552 (run 0.01335, 7292s, 61ms/it)
  [iter 121000] loss=0.01654 (run 0.01329, 7321s, 61ms/it)
  [iter 121500] loss=0.00895 (run 0.01330, 7351s, 61ms/it)
  [iter 122000] loss=0.01517 (run 0.01327, 7381s, 60ms/it)
  [iter 122500] loss=0.01412 (run 0.01321, 7410s, 60ms/it)
  [iter 123000] loss=0.01714 (run 0.01322, 7440s, 60ms/it)
  [iter 123500] loss=0.00858 (run 0.01318, 7470s, 60ms/it)
  [iter 124000] loss=0.02092 (run 0.01313, 7500s, 60ms/it)
  [iter 124500] loss=0.01185 (run 0.01310, 7530s, 60ms/it)
  [iter 125000] loss=0.00836 (run 0.01309, 7559s, 60ms/it)
  [iter 125500] loss=0.00988 (run 0.01305, 7589s, 60ms/it)
  [iter 126000] loss=0.01280 (run 0.01305, 7619s, 60ms/it)
  [iter 126500] loss=0.00951 (run 0.01303, 7649s, 60ms/it)
  [iter 127000] loss=0.00950 (run 0.01303, 7679s, 60ms/it)
  [iter 127500] loss=0.01872 (run 0.01302, 7709s, 60ms/it)
  [iter 128000] loss=0.01136 (run 0.01299, 7739s, 60ms/it)
  [iter 128500] loss=0.01799 (run 0.01298, 7769s, 60ms/it)
[epoch 15/20] loss=0.01295 iters=128955 (7796s)
  [iter 129000] loss=0.01157 (run 0.01163, 7798s, 60ms/it)
  [iter 129500] loss=0.01523 (run 0.01245, 7829s, 60ms/it)
  [iter 130000] loss=0.02354 (run 0.01260, 7859s, 60ms/it)
  [iter 130500] loss=0.01106 (run 0.01256, 7889s, 60ms/it)
  [iter 131000] loss=0.02160 (run 0.01258, 7919s, 60ms/it)
  [iter 131500] loss=0.00773 (run 0.01254, 7949s, 60ms/it)
  [iter 132000] loss=0.01408 (run 0.01253, 7978s, 60ms/it)
  [iter 132500] loss=0.01579 (run 0.01253, 8009s, 60ms/it)
  [iter 133000] loss=0.01367 (run 0.01252, 8039s, 60ms/it)
  [iter 133500] loss=0.01099 (run 0.01253, 8069s, 60ms/it)
  [iter 134000] loss=0.02547 (run 0.01250, 8099s, 60ms/it)
  [iter 134500] loss=0.01077 (run 0.01250, 8129s, 60ms/it)
  [iter 135000] loss=0.01566 (run 0.01249, 8159s, 60ms/it)
  [iter 135500] loss=0.01332 (run 0.01250, 8189s, 60ms/it)
  [iter 136000] loss=0.00958 (run 0.01250, 8219s, 60ms/it)
  [iter 136500] loss=0.01812 (run 0.01249, 8249s, 60ms/it)
  [iter 137000] loss=0.00920 (run 0.01246, 8279s, 60ms/it)
  [iter 137500] loss=0.01365 (run 0.01245, 8309s, 60ms/it)
[epoch 16/20] loss=0.01245 iters=137552 (8312s)
  [iter 138000] loss=0.01339 (run 0.01222, 8339s, 60ms/it)
  [iter 138500] loss=0.01233 (run 0.01216, 8369s, 60ms/it)
  [iter 139000] loss=0.01499 (run 0.01222, 8399s, 60ms/it)
  [iter 139500] loss=0.00854 (run 0.01223, 8429s, 60ms/it)
  [iter 140000] loss=0.00910 (run 0.01221, 8460s, 60ms/it)
  [iter 140500] loss=0.01108 (run 0.01220, 8489s, 60ms/it)
  [iter 141000] loss=0.01103 (run 0.01216, 8519s, 60ms/it)
  [iter 141500] loss=0.01772 (run 0.01216, 8549s, 60ms/it)
  [iter 142000] loss=0.00924 (run 0.01213, 8579s, 60ms/it)
  [iter 142500] loss=0.00973 (run 0.01213, 8610s, 60ms/it)
  [iter 143000] loss=0.00981 (run 0.01211, 8639s, 60ms/it)
  [iter 143500] loss=0.01812 (run 0.01209, 8670s, 60ms/it)
  [iter 144000] loss=0.01077 (run 0.01209, 8700s, 60ms/it)
  [iter 144500] loss=0.01197 (run 0.01209, 8730s, 60ms/it)
  [iter 145000] loss=0.01893 (run 0.01207, 8760s, 60ms/it)
  [iter 145500] loss=0.01087 (run 0.01206, 8790s, 60ms/it)
  [iter 146000] loss=0.01790 (run 0.01206, 8820s, 60ms/it)
[epoch 17/20] loss=0.01206 iters=146149 (8829s)
  [iter 146500] loss=0.01283 (run 0.01171, 8850s, 60ms/it)
  [iter 147000] loss=0.01084 (run 0.01171, 8880s, 60ms/it)
  [iter 147500] loss=0.00804 (run 0.01172, 8910s, 60ms/it)
  [iter 148000] loss=0.01321 (run 0.01176, 8940s, 60ms/it)
  [iter 148500] loss=0.00980 (run 0.01176, 8970s, 60ms/it)
  [iter 149000] loss=0.01311 (run 0.01175, 9000s, 60ms/it)
  [iter 149500] loss=0.00912 (run 0.01176, 9030s, 60ms/it)
  [iter 150000] loss=0.01104 (run 0.01178, 9060s, 60ms/it)
  [iter 150500] loss=0.01249 (run 0.01177, 9091s, 60ms/it)
  [iter 151000] loss=0.01014 (run 0.01176, 9121s, 60ms/it)
  [iter 151500] loss=0.00921 (run 0.01176, 9151s, 60ms/it)
  [iter 152000] loss=0.01432 (run 0.01178, 9181s, 60ms/it)
  [iter 152500] loss=0.01409 (run 0.01176, 9211s, 60ms/it)
  [iter 153000] loss=0.01294 (run 0.01177, 9241s, 60ms/it)
  [iter 153500] loss=0.00856 (run 0.01177, 9271s, 60ms/it)
  [iter 154000] loss=0.00799 (run 0.01176, 9301s, 60ms/it)
  [iter 154500] loss=0.01459 (run 0.01176, 9331s, 60ms/it)
[epoch 18/20] loss=0.01175 iters=154746 (9346s)
  [iter 155000] loss=0.01647 (run 0.01200, 9361s, 60ms/it)
  [iter 155500] loss=0.01481 (run 0.01172, 9391s, 60ms/it)
  [iter 156000] loss=0.00832 (run 0.01169, 9421s, 60ms/it)
  [iter 156500] loss=0.00838 (run 0.01169, 9451s, 60ms/it)
  [iter 157000] loss=0.00968 (run 0.01167, 9481s, 60ms/it)
  [iter 157500] loss=0.01046 (run 0.01169, 9512s, 60ms/it)
  [iter 158000] loss=0.01389 (run 0.01169, 9541s, 60ms/it)
  [iter 158500] loss=0.01131 (run 0.01168, 9571s, 60ms/it)
  [iter 159000] loss=0.00895 (run 0.01166, 9601s, 60ms/it)
  [iter 159500] loss=0.01210 (run 0.01167, 9631s, 60ms/it)
  [iter 160000] loss=0.00906 (run 0.01166, 9660s, 60ms/it)
  [iter 160500] loss=0.01252 (run 0.01164, 9690s, 60ms/it)
  [iter 161000] loss=0.00795 (run 0.01163, 9720s, 60ms/it)
  [iter 161500] loss=0.00786 (run 0.01162, 9750s, 60ms/it)
  [iter 162000] loss=0.00863 (run 0.01160, 9780s, 60ms/it)
  [iter 162500] loss=0.00875 (run 0.01160, 9810s, 60ms/it)
  [iter 163000] loss=0.01181 (run 0.01159, 9840s, 60ms/it)
[epoch 19/20] loss=0.01160 iters=163343 (9860s)
  [iter 163500] loss=0.01061 (run 0.01138, 9870s, 60ms/it)
  [iter 164000] loss=0.01100 (run 0.01152, 9900s, 60ms/it)
  [iter 164500] loss=0.01245 (run 0.01156, 9930s, 60ms/it)
  [iter 165000] loss=0.01412 (run 0.01158, 9960s, 60ms/it)
  [iter 165500] loss=0.00857 (run 0.01157, 9990s, 60ms/it)
  [iter 166000] loss=0.01623 (run 0.01163, 10020s, 60ms/it)
  [iter 166500] loss=0.01864 (run 0.01160, 10050s, 60ms/it)
  [iter 167000] loss=0.01072 (run 0.01158, 10080s, 60ms/it)
  [iter 167500] loss=0.01000 (run 0.01155, 10110s, 60ms/it)
  [iter 168000] loss=0.01341 (run 0.01152, 10139s, 60ms/it)
  [iter 168500] loss=0.01264 (run 0.01150, 10169s, 60ms/it)
  [iter 169000] loss=0.00778 (run 0.01150, 10198s, 60ms/it)
  [iter 169500] loss=0.01907 (run 0.01149, 10228s, 60ms/it)
  [iter 170000] loss=0.00788 (run 0.01148, 10258s, 60ms/it)
  [iter 170500] loss=0.01088 (run 0.01147, 10288s, 60ms/it)
  [iter 171000] loss=0.01414 (run 0.01147, 10317s, 60ms/it)
  [iter 171500] loss=0.01364 (run 0.01147, 10347s, 60ms/it)
[epoch 20/20] loss=0.01147 iters=171940 (10373s)
[save] gdm_stride25.pt  (213.4 MB)
[done] 10374s; 171940 iters over 20 epochs
=== Stage 2 offline gate: diag at subgoal-step 25 ===
/lustre/home/ha676/le-wm/.venv/lib/python3.11/site-packages/stable_worldmodel/envs/__init__.py:215: UserWarning: ale-py not found; ALE/* envs are unavailable. Install with: pip install 'stable-worldmodel[env]' or pip install ale-py.
  from stable_worldmodel.envs import ale  # noqa: F401
2026-07-12 15:36:57.771 | INFO     | stable_worldmodel.wm.utils:_resolve_hf:149 - Loading quentinll/lewm-pusht from local cache...
2026-07-12 15:36:57.773 | INFO     | stable_worldmodel.wm.utils:_resolve_folder:137 - Loading checkpoint from folder /lustre/home/ha676/.stable_worldmodel/checkpoints/models--quentinll--lewm-pusht...
/lustre/home/ha676/le-wm/.venv/lib/python3.11/site-packages/stable_worldmodel/wm/utils.py:80: FutureWarning: You are using `torch.load` with `weights_only=False` (the current default value), which uses the default pickle module implicitly. It is possible to construct malicious pickle data which will execute arbitrary code during unpickling (See https://github.com/pytorch/pytorch/blob/main/SECURITY.md#untrusted-models for more details). In a future release, the default value for `weights_only` will be flipped to `True`. This limits the functions that could be executed during unpickling. Arbitrary objects will no longer be allowed to be loaded via this mode unless they are explicitly allowlisted by the user via `torch.serialization.add_safe_globals`. We recommend you start setting `weights_only=True` for any use case where you don't have full control of the loaded file. Please open an issue on GitHub for any issues related to this experimental feature.
  state_dict = torch.load(checkpoint_path, map_location='cpu')
[gdm] N=3 WG=1 T=1000 sampler=ddim/50steps param=eps schedule=linear norm=standardize min_snr_gamma=0.0 head=53.3M
[GATE] A = teacher-forced x0_relerr (math check only). B = SAMPLED Probe B rel_err/cos_move (the fidelity arbiter).

[A: IN-DISTRIBUTION (stride-aligned condition)]
  rel_err  = 0.4338   (vs no-op baseline 1.2534; want << no-op)
  cos_pred = 0.8428   cos_move = 0.9006   (1.0 = perfect direction)
  collapse = 0.991   (<<1 => mode collapse)
  ||z_pred|| = 13.29   ||z_true|| = 13.39   (native ~13.9)

[C: TEACHER-FORCED DENOISING (true target + known noise @ t)] [param=eps schedule=linear]
   pred_mse -> 0 = perfect regression; x0_relerr = the latent CEM sees.
   eps-param: x0_relerr RISES with t (1/sqrt(acp) amplification, intrinsic).
   v-param:   x0_relerr stays flat-low across t BY CONSTRUCTION (GATE A only).
       t   eps_mse  x0_relerr(seq)  x0_relerr(next)
      50    0.0345          0.0330           0.0333
     200    0.0145          0.0871           0.0819
     400    0.0073          0.1719           0.1549
     600    0.0029          0.3156           0.2790
     800    0.0004          0.4921           0.4493
15:37:27 | INFO  | atomic_chec~| [atomic_save] installed crash-safe checkpoint plugin (write to sibling .tmp + fsync + atomic rename)
15:37:28 | INFO  | utils.py    | Created ViT-tiny from scratch with config: {'hidden_size': 192, 'num_hidden_layers': 12, 'num_attention_heads': 3, 'intermediate_size': 768, 'image_size': 224, 'patch_size': 14}

[B: EVAL-DISTRIBUTION (arbitrary-phase E(frame) condition)]
  rel_err  = 0.5809   (vs no-op baseline 1.1405; want << no-op)
  cos_pred = 0.7334   cos_move = 0.7891   (1.0 = perfect direction)
  collapse = 0.990   (<<1 => mode collapse)
  ||z_pred|| = 13.70   ||z_true|| = 13.83   (native ~13.9)

[B-success: episode passed the 20deg filter (n=160/256)]
  rel_err  = 0.3904   (vs no-op baseline 1.2281; want << no-op)
  cos_pred = 0.8643   cos_move = 0.9139   (1.0 = perfect direction)
  collapse = 0.992   (<<1 => mode collapse)
  ||z_pred|| = 13.72   ||z_true|| = 13.84   (native ~13.9)

[B-failed: FAILED demos, off the training population (n=96/256)]
  rel_err  = 0.8985   (vs no-op baseline 0.9944; want << no-op)
  cos_pred = 0.5154   cos_move = 0.5811   (1.0 = perfect direction)
  collapse = 0.990   (<<1 => mode collapse)
  ||z_pred|| = 13.65   ||z_true|| = 13.81   (native ~13.9)

==== verdict ====
GATE B (SAMPLED Probe B rel_err/cos_move) is the fidelity arbiter for EVERY
'did it help' call below. Probe C (teacher-forced x0_relerr) is GATE A: a MATH
wiring check only, read differently per parameterization:
  [eps-param] Probe C x0_relerr RISES with t (1/sqrt(acp) amplification, intrinsic);
    low-t eps_mse~0 but mid/high-t x0 poor => amplification, not necessarily a bug.
    x0_relerr large even at LOW t => schedule/inversion BUG (fix before training).
A good + B bad  => phase/sliding-condition issue (rebuild dataset, retrain).
A ~= B-success >> B-failed => eval-set CONTAMINATION (H8): the probe/eval mix
    ~34-37% FAILED demos the success-trained GDM rightly mispredicts.
    Fix the EVAL episode set (--eval-filter success20), not the model.
A and B bad     => capacity/undertraining (train longer / more data).
collapse << 1   => model predicts ~mean subgoal regardless of input.
