/lustre/home/ha676/le-wm/.venv/lib/python3.11/site-packages/stable_worldmodel/envs/__init__.py:215: UserWarning: ale-py not found; ALE/* envs are unavailable. Install with: pip install 'stable-worldmodel[env]' or pip install ale-py.
  from stable_worldmodel.envs import ale  # noqa: F401
2026-07-12 19:47:35.222 | INFO     | stable_worldmodel.wm.utils:_resolve_hf:149 - Loading quentinll/lewm-pusht from local cache...
2026-07-12 19:47:35.222 | INFO     | stable_worldmodel.wm.utils:_resolve_folder:137 - Loading checkpoint from folder /lustre/home/ha676/.stable_worldmodel/checkpoints/models--quentinll--lewm-pusht...
/lustre/home/ha676/le-wm/.venv/lib/python3.11/site-packages/stable_worldmodel/wm/utils.py:80: FutureWarning: You are using `torch.load` with `weights_only=False` (the current default value), which uses the default pickle module implicitly. It is possible to construct malicious pickle data which will execute arbitrary code during unpickling (See https://github.com/pytorch/pytorch/blob/main/SECURITY.md#untrusted-models for more details). In a future release, the default value for `weights_only` will be flipped to `True`. This limits the functions that could be executed during unpickling. Arbitrary objects will no longer be allowed to be loaded via this mode unless they are explicitly allowlisted by the user via `torch.serialization.add_safe_globals`. We recommend you start setting `weights_only=True` for any use case where you don't have full control of the loaded file. Please open an issue on GitHub for any issues related to this experimental feature.
  state_dict = torch.load(checkpoint_path, map_location='cpu')
19:47:41 | INFO  | atomic_chec~| [atomic_save] installed crash-safe checkpoint plugin (write to sibling .tmp + fsync + atomic rename)
19:47:41 | INFO  | utils.py    | Created ViT-tiny from scratch with config: {'hidden_size': 192, 'num_hidden_layers': 12, 'num_attention_heads': 3, 'intermediate_size': 768, 'image_size': 224, 'patch_size': 14}
[model] frozen LeWM (18.03M), device=cuda, training=False, subgoal=gdm
[gdm] planner from gdm_stride10.pt: head=53.34M, N=3 WG=1 gamma=1.5 T=1000 sampler=ddim/50-steps param=eps schedule=linear norm=standardize
19:47:42 | INFO  | __init__.py | Cached 'action' from '/lustre/home/ha676/data/pusht/pusht_expert_train.h5'
19:47:42 | INFO  | __init__.py | Cached 'proprio' from '/lustre/home/ha676/data/pusht/pusht_expert_train.h5'
19:47:42 | INFO  | __init__.py | Cached 'state' from '/lustre/home/ha676/data/pusht/pusht_expert_train.h5'
/lustre/home/ha676/le-wm/.venv/lib/python3.11/site-packages/gymnasium/spaces/box.py:415: UserWarning: [33mWARN: Casting input x to numpy array.[0m
  gym.logger.warn("Casting input x to numpy array.")
/lustre/home/ha676/le-wm/.venv/lib/python3.11/site-packages/gymnasium/spaces/box.py:415: UserWarning: [33mWARN: Casting input x to numpy array.[0m
  gym.logger.warn("Casting input x to numpy array.")
[episodes-file] pusht.episodes150.json: 256 precomputed pairs (goal_offset=150, seed=42, eval_filter=None) -- sample_long/short bypassed
[eval] mode=long start=final num_eval=256 goal_offset=150 budget=300 eval_filter=none
[eval] episodes_idx[:5]=[636, 688, 700, 834, 850] start_steps[:5]=[7, 7, 7, 34, 34]
[PIN] success = pos_diff<20 [block xy only (paper)] AND angle<20deg
CEM solve time: 54.6220 seconds
CEM solve time: 53.2626 seconds
CEM solve time: 53.0221 seconds
CEM solve time: 52.7709 seconds
CEM solve time: 52.4271 seconds
CEM solve time: 51.9973 seconds
CEM solve time: 49.9606 seconds
CEM solve time: 48.4473 seconds
CEM solve time: 47.3820 seconds
CEM solve time: 47.0088 seconds
CEM solve time: 45.7993 seconds
CEM solve time: 43.8474 seconds
CEM solve time: 40.8085 seconds
CEM solve time: 39.3413 seconds
CEM solve time: 37.6650 seconds
CEM solve time: 36.1930 seconds
CEM solve time: 34.2656 seconds
CEM solve time: 32.7562 seconds
CEM solve time: 32.1797 seconds
CEM solve time: 31.2427 seconds
CEM solve time: 30.6540 seconds
CEM solve time: 30.2820 seconds
CEM solve time: 29.5776 seconds
CEM solve time: 28.7160 seconds
CEM solve time: 28.5162 seconds
CEM solve time: 27.9250 seconds
CEM solve time: 27.0216 seconds
CEM solve time: 26.3867 seconds
CEM solve time: 24.8924 seconds
CEM solve time: 24.4566 seconds
[RESULT] score=block angle=20deg  SR=55.47%  (142/256)
[PIN] success = pos_diff<20 [block xy only (paper)] AND angle<5deg
CEM solve time: 54.4604 seconds
CEM solve time: 53.6374 seconds
CEM solve time: 53.5145 seconds
CEM solve time: 53.2574 seconds
CEM solve time: 53.2504 seconds
CEM solve time: 53.0496 seconds
CEM solve time: 52.5745 seconds
CEM solve time: 52.3491 seconds
CEM solve time: 51.7347 seconds
CEM solve time: 50.7367 seconds
CEM solve time: 49.2212 seconds
CEM solve time: 48.1209 seconds
CEM solve time: 47.0447 seconds
CEM solve time: 46.0232 seconds
CEM solve time: 44.5246 seconds
CEM solve time: 43.0342 seconds
CEM solve time: 41.5677 seconds
CEM solve time: 40.4290 seconds
CEM solve time: 40.4085 seconds
CEM solve time: 39.7720 seconds
CEM solve time: 39.2083 seconds
CEM solve time: 38.5406 seconds
CEM solve time: 37.6975 seconds
CEM solve time: 37.7027 seconds
CEM solve time: 36.8567 seconds
CEM solve time: 36.1984 seconds
CEM solve time: 34.9355 seconds
CEM solve time: 34.2937 seconds
CEM solve time: 33.6444 seconds
CEM solve time: 32.3599 seconds
[RESULT] score=block angle=5deg  SR=42.19%  (108/256)

==== FF-JEPA eval summary ====
mode=long subgoal=gdm num_eval=256 seed=42 cem_seed=42 eval_filter=none
  score=block   20deg :  55.47%  (142/256)
  score=block    5deg :  42.19%  (108/256)
