/lustre/home/ha676/le-wm/.venv/lib/python3.11/site-packages/stable_worldmodel/envs/__init__.py:215: UserWarning: ale-py not found; ALE/* envs are unavailable. Install with: pip install 'stable-worldmodel[env]' or pip install ale-py.
  from stable_worldmodel.envs import ale  # noqa: F401
2026-07-12 17:12:52.683 | INFO     | stable_worldmodel.wm.utils:_resolve_hf:149 - Loading quentinll/lewm-pusht from local cache...
2026-07-12 17:12:52.683 | INFO     | stable_worldmodel.wm.utils:_resolve_folder:137 - Loading checkpoint from folder /lustre/home/ha676/.stable_worldmodel/checkpoints/models--quentinll--lewm-pusht...
/lustre/home/ha676/le-wm/.venv/lib/python3.11/site-packages/stable_worldmodel/wm/utils.py:80: FutureWarning: You are using `torch.load` with `weights_only=False` (the current default value), which uses the default pickle module implicitly. It is possible to construct malicious pickle data which will execute arbitrary code during unpickling (See https://github.com/pytorch/pytorch/blob/main/SECURITY.md#untrusted-models for more details). In a future release, the default value for `weights_only` will be flipped to `True`. This limits the functions that could be executed during unpickling. Arbitrary objects will no longer be allowed to be loaded via this mode unless they are explicitly allowlisted by the user via `torch.serialization.add_safe_globals`. We recommend you start setting `weights_only=True` for any use case where you don't have full control of the loaded file. Please open an issue on GitHub for any issues related to this experimental feature.
  state_dict = torch.load(checkpoint_path, map_location='cpu')
17:12:58 | INFO  | atomic_chec~| [atomic_save] installed crash-safe checkpoint plugin (write to sibling .tmp + fsync + atomic rename)
17:12:58 | INFO  | utils.py    | Created ViT-tiny from scratch with config: {'hidden_size': 192, 'num_hidden_layers': 12, 'num_attention_heads': 3, 'intermediate_size': 768, 'image_size': 224, 'patch_size': 14}
[model] frozen LeWM (18.03M), device=cuda, training=False, subgoal=gdm
[gdm] planner from gdm_stride10.pt: head=53.34M, N=3 WG=1 gamma=1.0 T=1000 sampler=ddim/50-steps param=eps schedule=linear norm=standardize
17:12:59 | INFO  | __init__.py | Cached 'action' from '/lustre/home/ha676/data/pusht/pusht_expert_train.h5'
17:12:59 | INFO  | __init__.py | Cached 'proprio' from '/lustre/home/ha676/data/pusht/pusht_expert_train.h5'
17:12:59 | INFO  | __init__.py | Cached 'state' from '/lustre/home/ha676/data/pusht/pusht_expert_train.h5'
/lustre/home/ha676/le-wm/.venv/lib/python3.11/site-packages/gymnasium/spaces/box.py:415: UserWarning: [33mWARN: Casting input x to numpy array.[0m
  gym.logger.warn("Casting input x to numpy array.")
/lustre/home/ha676/le-wm/.venv/lib/python3.11/site-packages/gymnasium/utils/passive_env_checker.py:157: UserWarning: [33mWARN: The obs returned by the `step()` method is not within the observation space.[0m
  logger.warn(f"{pre} is not within the observation space.")
/lustre/home/ha676/le-wm/.venv/lib/python3.11/site-packages/gymnasium/spaces/box.py:415: UserWarning: [33mWARN: Casting input x to numpy array.[0m
  gym.logger.warn("Casting input x to numpy array.")
/lustre/home/ha676/le-wm/.venv/lib/python3.11/site-packages/gymnasium/utils/passive_env_checker.py:157: UserWarning: [33mWARN: The obs returned by the `step()` method is not within the observation space.[0m
  logger.warn(f"{pre} is not within the observation space.")
[episodes-file] pusht.episodes150.json: 256 precomputed pairs (goal_offset=150, seed=42, eval_filter=None) -- sample_long/short bypassed
[eval] mode=long start=final num_eval=256 goal_offset=150 budget=300 eval_filter=none
[eval] episodes_idx[:5]=[636, 688, 700, 834, 850] start_steps[:5]=[7, 7, 7, 34, 34]
[PIN] success = pos_diff<20 [block xy only (paper)] AND angle<20deg
CEM solve time: 54.8856 seconds
CEM solve time: 53.5325 seconds
CEM solve time: 53.0302 seconds
CEM solve time: 52.8647 seconds
CEM solve time: 52.2771 seconds
CEM solve time: 51.1678 seconds
CEM solve time: 50.0787 seconds
CEM solve time: 49.0478 seconds
CEM solve time: 47.9433 seconds
CEM solve time: 44.6675 seconds
CEM solve time: 42.5739 seconds
CEM solve time: 39.8264 seconds
CEM solve time: 36.3736 seconds
CEM solve time: 33.6301 seconds
CEM solve time: 30.6180 seconds
CEM solve time: 27.3693 seconds
CEM solve time: 26.2944 seconds
CEM solve time: 25.4381 seconds
CEM solve time: 24.5798 seconds
CEM solve time: 24.3743 seconds
CEM solve time: 23.7169 seconds
CEM solve time: 23.5038 seconds
CEM solve time: 23.0818 seconds
CEM solve time: 22.8581 seconds
CEM solve time: 22.8520 seconds
CEM solve time: 22.4399 seconds
CEM solve time: 22.4374 seconds
CEM solve time: 22.2298 seconds
CEM solve time: 22.2295 seconds
CEM solve time: 22.2197 seconds
[RESULT] score=block angle=20deg  SR=59.77%  (153/256)
[PIN] success = pos_diff<20 [block xy only (paper)] AND angle<5deg
CEM solve time: 54.6991 seconds
CEM solve time: 53.8445 seconds
CEM solve time: 53.6786 seconds
CEM solve time: 53.4552 seconds
CEM solve time: 53.5967 seconds
CEM solve time: 53.0192 seconds
CEM solve time: 52.8070 seconds
CEM solve time: 52.3363 seconds
CEM solve time: 52.1353 seconds
CEM solve time: 50.0043 seconds
CEM solve time: 48.3028 seconds
CEM solve time: 45.5663 seconds
CEM solve time: 43.3744 seconds
CEM solve time: 40.8257 seconds
CEM solve time: 37.5628 seconds
CEM solve time: 35.2509 seconds
CEM solve time: 34.1877 seconds
CEM solve time: 33.7522 seconds
CEM solve time: 32.0283 seconds
CEM solve time: 31.4178 seconds
CEM solve time: 30.9983 seconds
CEM solve time: 30.1504 seconds
CEM solve time: 30.1570 seconds
CEM solve time: 30.1465 seconds
CEM solve time: 29.9280 seconds
CEM solve time: 29.9395 seconds
CEM solve time: 29.5079 seconds
CEM solve time: 29.3109 seconds
CEM solve time: 28.8679 seconds
CEM solve time: 28.2316 seconds
[RESULT] score=block angle=5deg  SR=49.22%  (126/256)

==== FF-JEPA eval summary ====
mode=long subgoal=gdm num_eval=256 seed=42 cem_seed=42 eval_filter=none
  score=block   20deg :  59.77%  (153/256)
  score=block    5deg :  49.22%  (126/256)
