/lustre/home/ha676/le-wm/.venv/lib/python3.11/site-packages/stable_worldmodel/envs/__init__.py:215: UserWarning: ale-py not found; ALE/* envs are unavailable. Install with: pip install 'stable-worldmodel[env]' or pip install ale-py.
  from stable_worldmodel.envs import ale  # noqa: F401
2026-07-12 22:06:22.516 | INFO     | stable_worldmodel.wm.utils:_resolve_hf:149 - Loading quentinll/lewm-pusht from local cache...
2026-07-12 22:06:22.517 | INFO     | stable_worldmodel.wm.utils:_resolve_folder:137 - Loading checkpoint from folder /lustre/home/ha676/.stable_worldmodel/checkpoints/models--quentinll--lewm-pusht...
/lustre/home/ha676/le-wm/.venv/lib/python3.11/site-packages/stable_worldmodel/wm/utils.py:80: FutureWarning: You are using `torch.load` with `weights_only=False` (the current default value), which uses the default pickle module implicitly. It is possible to construct malicious pickle data which will execute arbitrary code during unpickling (See https://github.com/pytorch/pytorch/blob/main/SECURITY.md#untrusted-models for more details). In a future release, the default value for `weights_only` will be flipped to `True`. This limits the functions that could be executed during unpickling. Arbitrary objects will no longer be allowed to be loaded via this mode unless they are explicitly allowlisted by the user via `torch.serialization.add_safe_globals`. We recommend you start setting `weights_only=True` for any use case where you don't have full control of the loaded file. Please open an issue on GitHub for any issues related to this experimental feature.
  state_dict = torch.load(checkpoint_path, map_location='cpu')
22:06:27 | INFO  | atomic_chec~| [atomic_save] installed crash-safe checkpoint plugin (write to sibling .tmp + fsync + atomic rename)
22:06:27 | INFO  | utils.py    | Created ViT-tiny from scratch with config: {'hidden_size': 192, 'num_hidden_layers': 12, 'num_attention_heads': 3, 'intermediate_size': 768, 'image_size': 224, 'patch_size': 14}
[model] frozen LeWM (18.03M), device=cuda, training=False, subgoal=gdm
[gdm] planner from gdm_stride10.pt: head=53.34M, N=3 WG=1 gamma=1.0 T=1000 sampler=ddim/4-steps param=eps schedule=linear norm=standardize
22:06:28 | INFO  | __init__.py | Cached 'action' from '/lustre/home/ha676/data/pusht/pusht_expert_train.h5'
22:06:28 | INFO  | __init__.py | Cached 'proprio' from '/lustre/home/ha676/data/pusht/pusht_expert_train.h5'
22:06:28 | INFO  | __init__.py | Cached 'state' from '/lustre/home/ha676/data/pusht/pusht_expert_train.h5'
/lustre/home/ha676/le-wm/.venv/lib/python3.11/site-packages/gymnasium/spaces/box.py:415: UserWarning: [33mWARN: Casting input x to numpy array.[0m
  gym.logger.warn("Casting input x to numpy array.")
/lustre/home/ha676/le-wm/.venv/lib/python3.11/site-packages/gymnasium/spaces/box.py:415: UserWarning: [33mWARN: Casting input x to numpy array.[0m
  gym.logger.warn("Casting input x to numpy array.")
[episodes-file] pusht.episodes150.json: 256 precomputed pairs (goal_offset=150, seed=42, eval_filter=None) -- sample_long/short bypassed
[eval] mode=long start=final num_eval=256 goal_offset=150 budget=300 eval_filter=none
[eval] episodes_idx[:5]=[636, 688, 700, 834, 850] start_steps[:5]=[7, 7, 7, 34, 34]
[PIN] success = pos_diff<20 [block xy only (paper)] AND angle<20deg
CEM solve time: 54.7742 seconds
CEM solve time: 53.4972 seconds
CEM solve time: 53.1858 seconds
CEM solve time: 53.1843 seconds
CEM solve time: 52.6447 seconds
CEM solve time: 52.0219 seconds
CEM solve time: 50.5993 seconds
CEM solve time: 49.3954 seconds
CEM solve time: 48.5229 seconds
CEM solve time: 46.5579 seconds
CEM solve time: 43.8144 seconds
CEM solve time: 40.5961 seconds
CEM solve time: 37.1064 seconds
CEM solve time: 33.9592 seconds
CEM solve time: 30.7743 seconds
CEM solve time: 29.0579 seconds
CEM solve time: 28.2381 seconds
CEM solve time: 27.3643 seconds
CEM solve time: 25.4309 seconds
CEM solve time: 24.8077 seconds
CEM solve time: 24.5879 seconds
CEM solve time: 24.3602 seconds
CEM solve time: 24.1343 seconds
CEM solve time: 23.9377 seconds
CEM solve time: 23.4928 seconds
CEM solve time: 23.4915 seconds
CEM solve time: 23.2811 seconds
CEM solve time: 22.8479 seconds
CEM solve time: 22.8511 seconds
CEM solve time: 22.8496 seconds
[RESULT] score=block angle=20deg  SR=58.59%  (150/256)
[PIN] success = pos_diff<20 [block xy only (paper)] AND angle<5deg
CEM solve time: 54.7056 seconds
CEM solve time: 53.9032 seconds
CEM solve time: 53.7000 seconds
CEM solve time: 53.5057 seconds
CEM solve time: 53.2812 seconds
CEM solve time: 53.2822 seconds
CEM solve time: 52.7955 seconds
CEM solve time: 52.5785 seconds
CEM solve time: 51.6602 seconds
CEM solve time: 50.0231 seconds
CEM solve time: 48.1207 seconds
CEM solve time: 46.1962 seconds
CEM solve time: 43.3870 seconds
CEM solve time: 41.0656 seconds
CEM solve time: 38.6452 seconds
CEM solve time: 36.5190 seconds
CEM solve time: 35.4616 seconds
CEM solve time: 33.5777 seconds
CEM solve time: 32.4756 seconds
CEM solve time: 32.0519 seconds
CEM solve time: 31.6543 seconds
CEM solve time: 31.6471 seconds
CEM solve time: 31.4473 seconds
CEM solve time: 31.0108 seconds
CEM solve time: 31.0045 seconds
CEM solve time: 31.0247 seconds
CEM solve time: 30.5993 seconds
CEM solve time: 30.6031 seconds
CEM solve time: 30.1698 seconds
CEM solve time: 30.1743 seconds
[RESULT] score=block angle=5deg  SR=45.31%  (116/256)

==== FF-JEPA eval summary ====
mode=long subgoal=gdm num_eval=256 seed=43 cem_seed=43 eval_filter=none
  score=block   20deg :  58.59%  (150/256)
  score=block    5deg :  45.31%  (116/256)
