=== audit tau-selection on VAL: tau=0.30 seed=43 ===
/lustre/home/ha676/le-wm/.venv/lib/python3.11/site-packages/stable_worldmodel/envs/__init__.py:215: UserWarning: ale-py not found; ALE/* envs are unavailable. Install with: pip install 'stable-worldmodel[env]' or pip install ale-py.
  from stable_worldmodel.envs import ale  # noqa: F401
2026-07-12 21:22:53.231 | INFO     | stable_worldmodel.wm.utils:_resolve_hf:149 - Loading quentinll/lewm-pusht from local cache...
2026-07-12 21:22:53.232 | INFO     | stable_worldmodel.wm.utils:_resolve_folder:137 - Loading checkpoint from folder /lustre/home/ha676/.stable_worldmodel/checkpoints/models--quentinll--lewm-pusht...
/lustre/home/ha676/le-wm/.venv/lib/python3.11/site-packages/stable_worldmodel/wm/utils.py:80: FutureWarning: You are using `torch.load` with `weights_only=False` (the current default value), which uses the default pickle module implicitly. It is possible to construct malicious pickle data which will execute arbitrary code during unpickling (See https://github.com/pytorch/pytorch/blob/main/SECURITY.md#untrusted-models for more details). In a future release, the default value for `weights_only` will be flipped to `True`. This limits the functions that could be executed during unpickling. Arbitrary objects will no longer be allowed to be loaded via this mode unless they are explicitly allowlisted by the user via `torch.serialization.add_safe_globals`. We recommend you start setting `weights_only=True` for any use case where you don't have full control of the loaded file. Please open an issue on GitHub for any issues related to this experimental feature.
  state_dict = torch.load(checkpoint_path, map_location='cpu')
21:22:58 | INFO  | atomic_chec~| [atomic_save] installed crash-safe checkpoint plugin (write to sibling .tmp + fsync + atomic rename)
21:22:58 | INFO  | utils.py    | Created ViT-tiny from scratch with config: {'hidden_size': 192, 'num_hidden_layers': 12, 'num_attention_heads': 3, 'intermediate_size': 768, 'image_size': 224, 'patch_size': 14}
[model] frozen LeWM (18.03M), device=cuda, training=False, subgoal=specaccept
[gdm] planner from gdm_stride10.pt: head=53.34M, N=3 WG=1 gamma=1.0 T=1000 sampler=ddim/8-steps param=eps schedule=linear norm=standardize
21:22:59 | INFO  | __init__.py | Cached 'action' from '/lustre/home/ha676/data/pusht/pusht_expert_train.h5'
21:22:59 | INFO  | __init__.py | Cached 'proprio' from '/lustre/home/ha676/data/pusht/pusht_expert_train.h5'
21:22:59 | INFO  | __init__.py | Cached 'state' from '/lustre/home/ha676/data/pusht/pusht_expert_train.h5'
/lustre/home/ha676/le-wm/.venv/lib/python3.11/site-packages/gymnasium/spaces/box.py:415: UserWarning: [33mWARN: Casting input x to numpy array.[0m
  gym.logger.warn("Casting input x to numpy array.")
/lustre/home/ha676/le-wm/.venv/lib/python3.11/site-packages/gymnasium/spaces/box.py:415: UserWarning: [33mWARN: Casting input x to numpy array.[0m
  gym.logger.warn("Casting input x to numpy array.")
[episodes-file] pusht.episodes150.val.json: 256 precomputed pairs (goal_offset=150, seed=777, eval_filter=None) -- sample_long/short bypassed
[eval] mode=long start=final num_eval=256 goal_offset=150 budget=300 eval_filter=none
[eval] episodes_idx[:5]=[611, 612, 622, 629, 630] start_steps[:5]=[7, 7, 7, 7, 7]
[PIN] success = pos_diff<20 [block xy only (paper)] AND angle<20deg
CEM solve time: 54.8555 seconds
CEM solve time: 53.9310 seconds
CEM solve time: 53.6994 seconds
CEM solve time: 53.7176 seconds
CEM solve time: 53.5047 seconds
CEM solve time: 53.2760 seconds
CEM solve time: 51.8841 seconds
CEM solve time: 50.9091 seconds
CEM solve time: 48.9672 seconds
CEM solve time: 45.7264 seconds
CEM solve time: 42.7295 seconds
CEM solve time: 38.3182 seconds
CEM solve time: 33.5922 seconds
CEM solve time: 31.1464 seconds
CEM solve time: 28.5934 seconds
CEM solve time: 25.6915 seconds
CEM solve time: 23.3114 seconds
CEM solve time: 22.6622 seconds
CEM solve time: 21.7765 seconds
CEM solve time: 21.1435 seconds
CEM solve time: 20.2809 seconds
CEM solve time: 20.1028 seconds
CEM solve time: 20.0987 seconds
CEM solve time: 20.1014 seconds
CEM solve time: 20.0675 seconds
CEM solve time: 19.6387 seconds
CEM solve time: 19.6918 seconds
CEM solve time: 19.6786 seconds
CEM solve time: 19.6586 seconds
CEM solve time: 19.6645 seconds
[RESULT] score=block angle=20deg  SR=64.06%  (164/256)
[specaccept] tau=0.3 gdm_steps=8 re-drafts=2017 advances=2699 rejects=904 call_ratio=0.428 (every-step=1.000; lower = fewer diffusion calls)
[PIN] success = pos_diff<20 [block xy only (paper)] AND angle<5deg
CEM solve time: 54.7079 seconds
CEM solve time: 54.0800 seconds
CEM solve time: 54.1310 seconds
CEM solve time: 54.1157 seconds
CEM solve time: 54.1112 seconds
CEM solve time: 54.1115 seconds
CEM solve time: 54.0890 seconds
CEM solve time: 54.1022 seconds
CEM solve time: 53.4966 seconds
CEM solve time: 52.6333 seconds
CEM solve time: 50.8140 seconds
CEM solve time: 47.1424 seconds
CEM solve time: 41.7784 seconds
CEM solve time: 38.7134 seconds
CEM solve time: 34.1942 seconds
CEM solve time: 31.6507 seconds
CEM solve time: 30.1751 seconds
CEM solve time: 29.3233 seconds
CEM solve time: 28.4714 seconds
CEM solve time: 27.2041 seconds
CEM solve time: 27.2425 seconds
CEM solve time: 26.7703 seconds
CEM solve time: 25.6919 seconds
CEM solve time: 25.6667 seconds
CEM solve time: 25.0440 seconds
CEM solve time: 24.5997 seconds
CEM solve time: 24.1880 seconds
CEM solve time: 23.7513 seconds
CEM solve time: 23.7625 seconds
CEM solve time: 23.5482 seconds
[RESULT] score=block angle=5deg  SR=57.81%  (148/256)
[specaccept] tau=0.3 gdm_steps=8 re-drafts=2245 advances=3127 rejects=948 call_ratio=0.418 (every-step=1.000; lower = fewer diffusion calls)

==== FF-JEPA eval summary ====
mode=long subgoal=specaccept num_eval=256 seed=43 cem_seed=43 eval_filter=none
  score=block   20deg :  64.06%  (164/256)
  score=block    5deg :  57.81%  (148/256)
