=== audit tau-selection on VAL: tau=0.25 seed=42 ===
/lustre/home/ha676/le-wm/.venv/lib/python3.11/site-packages/stable_worldmodel/envs/__init__.py:215: UserWarning: ale-py not found; ALE/* envs are unavailable. Install with: pip install 'stable-worldmodel[env]' or pip install ale-py.
  from stable_worldmodel.envs import ale  # noqa: F401
2026-07-12 21:17:35.483 | INFO     | stable_worldmodel.wm.utils:_resolve_hf:149 - Loading quentinll/lewm-pusht from local cache...
2026-07-12 21:17:35.484 | INFO     | stable_worldmodel.wm.utils:_resolve_folder:137 - Loading checkpoint from folder /lustre/home/ha676/.stable_worldmodel/checkpoints/models--quentinll--lewm-pusht...
/lustre/home/ha676/le-wm/.venv/lib/python3.11/site-packages/stable_worldmodel/wm/utils.py:80: FutureWarning: You are using `torch.load` with `weights_only=False` (the current default value), which uses the default pickle module implicitly. It is possible to construct malicious pickle data which will execute arbitrary code during unpickling (See https://github.com/pytorch/pytorch/blob/main/SECURITY.md#untrusted-models for more details). In a future release, the default value for `weights_only` will be flipped to `True`. This limits the functions that could be executed during unpickling. Arbitrary objects will no longer be allowed to be loaded via this mode unless they are explicitly allowlisted by the user via `torch.serialization.add_safe_globals`. We recommend you start setting `weights_only=True` for any use case where you don't have full control of the loaded file. Please open an issue on GitHub for any issues related to this experimental feature.
  state_dict = torch.load(checkpoint_path, map_location='cpu')
21:17:40 | INFO  | atomic_chec~| [atomic_save] installed crash-safe checkpoint plugin (write to sibling .tmp + fsync + atomic rename)
21:17:40 | INFO  | utils.py    | Created ViT-tiny from scratch with config: {'hidden_size': 192, 'num_hidden_layers': 12, 'num_attention_heads': 3, 'intermediate_size': 768, 'image_size': 224, 'patch_size': 14}
[model] frozen LeWM (18.03M), device=cuda, training=False, subgoal=specaccept
[gdm] planner from gdm_stride10.pt: head=53.34M, N=3 WG=1 gamma=1.0 T=1000 sampler=ddim/8-steps param=eps schedule=linear norm=standardize
21:17:41 | INFO  | __init__.py | Cached 'action' from '/lustre/home/ha676/data/pusht/pusht_expert_train.h5'
21:17:41 | INFO  | __init__.py | Cached 'proprio' from '/lustre/home/ha676/data/pusht/pusht_expert_train.h5'
21:17:41 | INFO  | __init__.py | Cached 'state' from '/lustre/home/ha676/data/pusht/pusht_expert_train.h5'
/lustre/home/ha676/le-wm/.venv/lib/python3.11/site-packages/gymnasium/spaces/box.py:415: UserWarning: [33mWARN: Casting input x to numpy array.[0m
  gym.logger.warn("Casting input x to numpy array.")
/lustre/home/ha676/le-wm/.venv/lib/python3.11/site-packages/gymnasium/spaces/box.py:415: UserWarning: [33mWARN: Casting input x to numpy array.[0m
  gym.logger.warn("Casting input x to numpy array.")
[episodes-file] pusht.episodes150.val.json: 256 precomputed pairs (goal_offset=150, seed=777, eval_filter=None) -- sample_long/short bypassed
[eval] mode=long start=final num_eval=256 goal_offset=150 budget=300 eval_filter=none
[eval] episodes_idx[:5]=[611, 612, 622, 629, 630] start_steps[:5]=[7, 7, 7, 7, 7]
[PIN] success = pos_diff<20 [block xy only (paper)] AND angle<20deg
CEM solve time: 54.8112 seconds
CEM solve time: 53.9243 seconds
CEM solve time: 53.6703 seconds
CEM solve time: 53.6043 seconds
CEM solve time: 53.7112 seconds
CEM solve time: 53.4854 seconds
CEM solve time: 51.9634 seconds
CEM solve time: 50.6418 seconds
CEM solve time: 47.6815 seconds
CEM solve time: 44.4122 seconds
CEM solve time: 40.3460 seconds
CEM solve time: 35.8765 seconds
CEM solve time: 32.6975 seconds
CEM solve time: 29.4596 seconds
CEM solve time: 27.7580 seconds
CEM solve time: 25.8391 seconds
CEM solve time: 23.4957 seconds
CEM solve time: 23.0630 seconds
CEM solve time: 22.4075 seconds
CEM solve time: 21.9623 seconds
CEM solve time: 21.5505 seconds
CEM solve time: 21.1616 seconds
CEM solve time: 20.7262 seconds
CEM solve time: 20.5173 seconds
CEM solve time: 20.2786 seconds
CEM solve time: 20.0429 seconds
CEM solve time: 19.8571 seconds
CEM solve time: 19.8802 seconds
CEM solve time: 19.8842 seconds
CEM solve time: 19.8670 seconds
[RESULT] score=block angle=20deg  SR=63.67%  (163/256)
[specaccept] tau=0.25 gdm_steps=8 re-drafts=2119 advances=2582 rejects=1114 call_ratio=0.451 (every-step=1.000; lower = fewer diffusion calls)
[PIN] success = pos_diff<20 [block xy only (paper)] AND angle<5deg
CEM solve time: 54.7561 seconds
CEM solve time: 54.1028 seconds
CEM solve time: 54.0401 seconds
CEM solve time: 54.0383 seconds
CEM solve time: 54.0702 seconds
CEM solve time: 54.0733 seconds
CEM solve time: 54.0377 seconds
CEM solve time: 53.6017 seconds
CEM solve time: 52.8064 seconds
CEM solve time: 51.7071 seconds
CEM solve time: 49.8645 seconds
CEM solve time: 46.8340 seconds
CEM solve time: 42.3692 seconds
CEM solve time: 40.0174 seconds
CEM solve time: 37.0248 seconds
CEM solve time: 34.2070 seconds
CEM solve time: 30.7699 seconds
CEM solve time: 29.7013 seconds
CEM solve time: 28.4574 seconds
CEM solve time: 28.0141 seconds
CEM solve time: 27.3577 seconds
CEM solve time: 27.1364 seconds
CEM solve time: 25.8808 seconds
CEM solve time: 25.6427 seconds
CEM solve time: 25.4301 seconds
CEM solve time: 25.0055 seconds
CEM solve time: 25.0371 seconds
CEM solve time: 24.8292 seconds
CEM solve time: 24.3916 seconds
CEM solve time: 24.3953 seconds
[RESULT] score=block angle=5deg  SR=55.47%  (142/256)
[specaccept] tau=0.25 gdm_steps=8 re-drafts=2473 advances=2951 rejects=1316 call_ratio=0.456 (every-step=1.000; lower = fewer diffusion calls)

==== FF-JEPA eval summary ====
mode=long subgoal=specaccept num_eval=256 seed=42 cem_seed=42 eval_filter=none
  score=block   20deg :  63.67%  (163/256)
  score=block    5deg :  55.47%  (142/256)
