=== s-curve eval: S=5 t150 seed=43 ===
/lustre/home/ha676/le-wm/.venv/lib/python3.11/site-packages/stable_worldmodel/envs/__init__.py:215: UserWarning: ale-py not found; ALE/* envs are unavailable. Install with: pip install 'stable-worldmodel[env]' or pip install ale-py.
  from stable_worldmodel.envs import ale  # noqa: F401
2026-07-13 02:09:19.231 | INFO     | stable_worldmodel.wm.utils:_resolve_hf:149 - Loading quentinll/lewm-pusht from local cache...
2026-07-13 02:09:19.231 | INFO     | stable_worldmodel.wm.utils:_resolve_folder:137 - Loading checkpoint from folder /lustre/home/ha676/.stable_worldmodel/checkpoints/models--quentinll--lewm-pusht...
/lustre/home/ha676/le-wm/.venv/lib/python3.11/site-packages/stable_worldmodel/wm/utils.py:80: FutureWarning: You are using `torch.load` with `weights_only=False` (the current default value), which uses the default pickle module implicitly. It is possible to construct malicious pickle data which will execute arbitrary code during unpickling (See https://github.com/pytorch/pytorch/blob/main/SECURITY.md#untrusted-models for more details). In a future release, the default value for `weights_only` will be flipped to `True`. This limits the functions that could be executed during unpickling. Arbitrary objects will no longer be allowed to be loaded via this mode unless they are explicitly allowlisted by the user via `torch.serialization.add_safe_globals`. We recommend you start setting `weights_only=True` for any use case where you don't have full control of the loaded file. Please open an issue on GitHub for any issues related to this experimental feature.
  state_dict = torch.load(checkpoint_path, map_location='cpu')
02:09:24 | INFO  | atomic_chec~| [atomic_save] installed crash-safe checkpoint plugin (write to sibling .tmp + fsync + atomic rename)
02:09:24 | INFO  | utils.py    | Created ViT-tiny from scratch with config: {'hidden_size': 192, 'num_hidden_layers': 12, 'num_attention_heads': 3, 'intermediate_size': 768, 'image_size': 224, 'patch_size': 14}
[model] frozen LeWM (18.03M), device=cuda, training=False, subgoal=gdm
[gdm] planner from gdm_stride5.pt: head=53.34M, N=3 WG=1 gamma=1.0 T=1000 sampler=ddim/50-steps param=eps schedule=linear norm=standardize
02:09:25 | INFO  | __init__.py | Cached 'action' from '/lustre/home/ha676/data/pusht/pusht_expert_train.h5'
02:09:25 | INFO  | __init__.py | Cached 'proprio' from '/lustre/home/ha676/data/pusht/pusht_expert_train.h5'
02:09:25 | INFO  | __init__.py | Cached 'state' from '/lustre/home/ha676/data/pusht/pusht_expert_train.h5'
/lustre/home/ha676/le-wm/.venv/lib/python3.11/site-packages/gymnasium/spaces/box.py:415: UserWarning: [33mWARN: Casting input x to numpy array.[0m
  gym.logger.warn("Casting input x to numpy array.")
/lustre/home/ha676/le-wm/.venv/lib/python3.11/site-packages/gymnasium/spaces/box.py:415: UserWarning: [33mWARN: Casting input x to numpy array.[0m
  gym.logger.warn("Casting input x to numpy array.")
[episodes-file] pusht.episodes150.json: 256 precomputed pairs (goal_offset=150, seed=42, eval_filter=None) -- sample_long/short bypassed
[eval] mode=long start=final num_eval=256 goal_offset=150 budget=300 eval_filter=none
[eval] episodes_idx[:5]=[636, 688, 700, 834, 850] start_steps[:5]=[7, 7, 7, 34, 34]
[PIN] success = pos_diff<20 [block xy only (paper)] AND angle<20deg
CEM solve time: 27.0096 seconds
CEM solve time: 26.3906 seconds
CEM solve time: 26.3770 seconds
CEM solve time: 26.3946 seconds
CEM solve time: 26.3783 seconds
CEM solve time: 26.2648 seconds
CEM solve time: 26.2613 seconds
CEM solve time: 26.2743 seconds
CEM solve time: 25.7983 seconds
CEM solve time: 25.5704 seconds
CEM solve time: 25.2649 seconds
CEM solve time: 25.0155 seconds
CEM solve time: 24.4228 seconds
CEM solve time: 24.3047 seconds
CEM solve time: 24.0803 seconds
CEM solve time: 23.9819 seconds
CEM solve time: 23.4615 seconds
CEM solve time: 23.0520 seconds
CEM solve time: 22.3875 seconds
CEM solve time: 21.9977 seconds
CEM solve time: 21.5562 seconds
CEM solve time: 20.8011 seconds
CEM solve time: 19.7717 seconds
CEM solve time: 18.8817 seconds
CEM solve time: 17.8388 seconds
CEM solve time: 17.6153 seconds
CEM solve time: 17.0510 seconds
CEM solve time: 16.4560 seconds
CEM solve time: 15.7327 seconds
CEM solve time: 15.6322 seconds
CEM solve time: 14.8244 seconds
CEM solve time: 14.4879 seconds
CEM solve time: 13.9863 seconds
CEM solve time: 13.6690 seconds
CEM solve time: 13.5774 seconds
CEM solve time: 13.3310 seconds
CEM solve time: 13.0962 seconds
CEM solve time: 13.1065 seconds
CEM solve time: 13.1065 seconds
CEM solve time: 12.9892 seconds
CEM solve time: 12.5174 seconds
CEM solve time: 12.4397 seconds
CEM solve time: 12.3577 seconds
CEM solve time: 12.3811 seconds
CEM solve time: 12.2735 seconds
CEM solve time: 12.0464 seconds
CEM solve time: 12.0406 seconds
CEM solve time: 12.0453 seconds
CEM solve time: 12.0619 seconds
CEM solve time: 12.0476 seconds
CEM solve time: 12.0462 seconds
CEM solve time: 12.0539 seconds
CEM solve time: 11.7806 seconds
CEM solve time: 11.7827 seconds
CEM solve time: 11.7903 seconds
CEM solve time: 11.7802 seconds
CEM solve time: 11.7839 seconds
CEM solve time: 11.7829 seconds
CEM solve time: 11.7914 seconds
CEM solve time: 11.7866 seconds
[RESULT] score=block angle=20deg  SR=56.25%  (144/256)
[PIN] success = pos_diff<20 [block xy only (paper)] AND angle<5deg
CEM solve time: 26.9358 seconds
CEM solve time: 26.5593 seconds
CEM solve time: 26.5685 seconds
CEM solve time: 26.5855 seconds
CEM solve time: 26.4675 seconds
CEM solve time: 26.3250 seconds
CEM solve time: 26.3363 seconds
CEM solve time: 26.2302 seconds
CEM solve time: 26.2446 seconds
CEM solve time: 26.1310 seconds
CEM solve time: 26.0356 seconds
CEM solve time: 25.9330 seconds
CEM solve time: 25.7959 seconds
CEM solve time: 25.6361 seconds
CEM solve time: 25.5545 seconds
CEM solve time: 25.3432 seconds
CEM solve time: 25.0411 seconds
CEM solve time: 24.9650 seconds
CEM solve time: 24.3475 seconds
CEM solve time: 24.0033 seconds
CEM solve time: 23.4367 seconds
CEM solve time: 22.8227 seconds
CEM solve time: 21.4786 seconds
CEM solve time: 20.5772 seconds
CEM solve time: 20.1582 seconds
CEM solve time: 19.7221 seconds
CEM solve time: 19.1947 seconds
CEM solve time: 19.2010 seconds
CEM solve time: 19.1075 seconds
CEM solve time: 18.4184 seconds
CEM solve time: 18.0998 seconds
CEM solve time: 17.8749 seconds
CEM solve time: 17.3742 seconds
CEM solve time: 16.8799 seconds
CEM solve time: 16.5659 seconds
CEM solve time: 16.3669 seconds
CEM solve time: 16.0424 seconds
CEM solve time: 15.7385 seconds
CEM solve time: 15.4180 seconds
CEM solve time: 15.3139 seconds
CEM solve time: 15.1010 seconds
CEM solve time: 15.0987 seconds
CEM solve time: 14.9963 seconds
CEM solve time: 14.9919 seconds
CEM solve time: 14.5942 seconds
CEM solve time: 14.4780 seconds
CEM solve time: 14.4874 seconds
CEM solve time: 14.2717 seconds
CEM solve time: 14.1625 seconds
CEM solve time: 14.1761 seconds
CEM solve time: 13.9549 seconds
CEM solve time: 13.6457 seconds
CEM solve time: 13.6457 seconds
CEM solve time: 13.5359 seconds
CEM solve time: 13.5387 seconds
CEM solve time: 13.4255 seconds
CEM solve time: 13.4286 seconds
CEM solve time: 13.4395 seconds
CEM solve time: 13.4245 seconds
CEM solve time: 13.4222 seconds
[RESULT] score=block angle=5deg  SR=50.39%  (129/256)

==== FF-JEPA eval summary ====
mode=long subgoal=gdm num_eval=256 seed=43 cem_seed=43 eval_filter=none
  score=block   20deg :  56.25%  (144/256)
  score=block    5deg :  50.39%  (129/256)
