=== audit tau-selection on VAL: tau=0.15 seed=43 ===
/lustre/home/ha676/le-wm/.venv/lib/python3.11/site-packages/stable_worldmodel/envs/__init__.py:215: UserWarning: ale-py not found; ALE/* envs are unavailable. Install with: pip install 'stable-worldmodel[env]' or pip install ale-py.
  from stable_worldmodel.envs import ale  # noqa: F401
2026-07-12 20:40:21.800 | INFO     | stable_worldmodel.wm.utils:_resolve_hf:149 - Loading quentinll/lewm-pusht from local cache...
2026-07-12 20:40:21.801 | INFO     | stable_worldmodel.wm.utils:_resolve_folder:137 - Loading checkpoint from folder /lustre/home/ha676/.stable_worldmodel/checkpoints/models--quentinll--lewm-pusht...
/lustre/home/ha676/le-wm/.venv/lib/python3.11/site-packages/stable_worldmodel/wm/utils.py:80: FutureWarning: You are using `torch.load` with `weights_only=False` (the current default value), which uses the default pickle module implicitly. It is possible to construct malicious pickle data which will execute arbitrary code during unpickling (See https://github.com/pytorch/pytorch/blob/main/SECURITY.md#untrusted-models for more details). In a future release, the default value for `weights_only` will be flipped to `True`. This limits the functions that could be executed during unpickling. Arbitrary objects will no longer be allowed to be loaded via this mode unless they are explicitly allowlisted by the user via `torch.serialization.add_safe_globals`. We recommend you start setting `weights_only=True` for any use case where you don't have full control of the loaded file. Please open an issue on GitHub for any issues related to this experimental feature.
  state_dict = torch.load(checkpoint_path, map_location='cpu')
20:40:26 | INFO  | atomic_chec~| [atomic_save] installed crash-safe checkpoint plugin (write to sibling .tmp + fsync + atomic rename)
20:40:26 | INFO  | utils.py    | Created ViT-tiny from scratch with config: {'hidden_size': 192, 'num_hidden_layers': 12, 'num_attention_heads': 3, 'intermediate_size': 768, 'image_size': 224, 'patch_size': 14}
[model] frozen LeWM (18.03M), device=cuda, training=False, subgoal=specaccept
[gdm] planner from gdm_stride10.pt: head=53.34M, N=3 WG=1 gamma=1.0 T=1000 sampler=ddim/8-steps param=eps schedule=linear norm=standardize
20:40:27 | INFO  | __init__.py | Cached 'action' from '/lustre/home/ha676/data/pusht/pusht_expert_train.h5'
20:40:27 | INFO  | __init__.py | Cached 'proprio' from '/lustre/home/ha676/data/pusht/pusht_expert_train.h5'
20:40:27 | INFO  | __init__.py | Cached 'state' from '/lustre/home/ha676/data/pusht/pusht_expert_train.h5'
/lustre/home/ha676/le-wm/.venv/lib/python3.11/site-packages/gymnasium/spaces/box.py:415: UserWarning: [33mWARN: Casting input x to numpy array.[0m
  gym.logger.warn("Casting input x to numpy array.")
/lustre/home/ha676/le-wm/.venv/lib/python3.11/site-packages/gymnasium/spaces/box.py:415: UserWarning: [33mWARN: Casting input x to numpy array.[0m
  gym.logger.warn("Casting input x to numpy array.")
[episodes-file] pusht.episodes150.val.json: 256 precomputed pairs (goal_offset=150, seed=777, eval_filter=None) -- sample_long/short bypassed
[eval] mode=long start=final num_eval=256 goal_offset=150 budget=300 eval_filter=none
[eval] episodes_idx[:5]=[611, 612, 622, 629, 630] start_steps[:5]=[7, 7, 7, 7, 7]
[PIN] success = pos_diff<20 [block xy only (paper)] AND angle<20deg
CEM solve time: 54.7463 seconds
CEM solve time: 53.8355 seconds
CEM solve time: 53.6228 seconds
CEM solve time: 53.5589 seconds
CEM solve time: 53.3619 seconds
CEM solve time: 53.1629 seconds
CEM solve time: 51.2116 seconds
CEM solve time: 49.7689 seconds
CEM solve time: 48.6461 seconds
CEM solve time: 45.2832 seconds
CEM solve time: 41.0672 seconds
CEM solve time: 34.8201 seconds
CEM solve time: 29.2659 seconds
CEM solve time: 27.1548 seconds
CEM solve time: 25.8884 seconds
CEM solve time: 24.7886 seconds
CEM solve time: 23.4916 seconds
CEM solve time: 22.8391 seconds
CEM solve time: 22.8565 seconds
CEM solve time: 22.2042 seconds
CEM solve time: 22.2419 seconds
CEM solve time: 21.7984 seconds
CEM solve time: 21.8022 seconds
CEM solve time: 21.1691 seconds
CEM solve time: 20.9389 seconds
CEM solve time: 20.7499 seconds
CEM solve time: 20.5231 seconds
CEM solve time: 20.5206 seconds
CEM solve time: 20.0977 seconds
CEM solve time: 20.0945 seconds
[RESULT] score=block angle=20deg  SR=63.28%  (162/256)
[specaccept] tau=0.15 gdm_steps=8 re-drafts=2894 advances=1794 rejects=2329 call_ratio=0.617 (every-step=1.000; lower = fewer diffusion calls)
[PIN] success = pos_diff<20 [block xy only (paper)] AND angle<5deg
CEM solve time: 54.6517 seconds
CEM solve time: 54.0072 seconds
CEM solve time: 54.0441 seconds
CEM solve time: 54.0249 seconds
CEM solve time: 53.7746 seconds
CEM solve time: 53.8688 seconds
CEM solve time: 53.7074 seconds
CEM solve time: 52.9876 seconds
CEM solve time: 52.6342 seconds
CEM solve time: 51.9804 seconds
CEM solve time: 50.2219 seconds
CEM solve time: 46.1535 seconds
CEM solve time: 42.3128 seconds
CEM solve time: 40.3939 seconds
CEM solve time: 38.0742 seconds
CEM solve time: 34.3747 seconds
CEM solve time: 32.4684 seconds
CEM solve time: 31.3947 seconds
CEM solve time: 30.5565 seconds
CEM solve time: 29.3135 seconds
CEM solve time: 27.8191 seconds
CEM solve time: 26.9115 seconds
CEM solve time: 26.5277 seconds
CEM solve time: 26.0898 seconds
CEM solve time: 25.8779 seconds
CEM solve time: 25.6309 seconds
CEM solve time: 25.6701 seconds
CEM solve time: 25.2430 seconds
CEM solve time: 25.1505 seconds
CEM solve time: 25.0620 seconds
[RESULT] score=block angle=5deg  SR=54.30%  (139/256)
[specaccept] tau=0.15 gdm_steps=8 re-drafts=3381 advances=2097 rejects=2773 call_ratio=0.617 (every-step=1.000; lower = fewer diffusion calls)

==== FF-JEPA eval summary ====
mode=long subgoal=specaccept num_eval=256 seed=43 cem_seed=43 eval_filter=none
  score=block   20deg :  63.28%  (162/256)
  score=block    5deg :  54.30%  (139/256)
