/lustre/home/ha676/le-wm/.venv/lib/python3.11/site-packages/stable_worldmodel/envs/__init__.py:215: UserWarning: ale-py not found; ALE/* envs are unavailable. Install with: pip install 'stable-worldmodel[env]' or pip install ale-py.
  from stable_worldmodel.envs import ale  # noqa: F401
2026-07-12 23:58:26.055 | INFO     | stable_worldmodel.wm.utils:_resolve_hf:149 - Loading quentinll/lewm-pusht from local cache...
2026-07-12 23:58:26.055 | INFO     | stable_worldmodel.wm.utils:_resolve_folder:137 - Loading checkpoint from folder /lustre/home/ha676/.stable_worldmodel/checkpoints/models--quentinll--lewm-pusht...
/lustre/home/ha676/le-wm/.venv/lib/python3.11/site-packages/stable_worldmodel/wm/utils.py:80: FutureWarning: You are using `torch.load` with `weights_only=False` (the current default value), which uses the default pickle module implicitly. It is possible to construct malicious pickle data which will execute arbitrary code during unpickling (See https://github.com/pytorch/pytorch/blob/main/SECURITY.md#untrusted-models for more details). In a future release, the default value for `weights_only` will be flipped to `True`. This limits the functions that could be executed during unpickling. Arbitrary objects will no longer be allowed to be loaded via this mode unless they are explicitly allowlisted by the user via `torch.serialization.add_safe_globals`. We recommend you start setting `weights_only=True` for any use case where you don't have full control of the loaded file. Please open an issue on GitHub for any issues related to this experimental feature.
  state_dict = torch.load(checkpoint_path, map_location='cpu')
23:58:30 | INFO  | atomic_chec~| [atomic_save] installed crash-safe checkpoint plugin (write to sibling .tmp + fsync + atomic rename)
23:58:30 | INFO  | utils.py    | Created ViT-tiny from scratch with config: {'hidden_size': 192, 'num_hidden_layers': 12, 'num_attention_heads': 3, 'intermediate_size': 768, 'image_size': 224, 'patch_size': 14}
[model] frozen LeWM (18.03M), device=cuda, training=False, subgoal=specaccept
[gdm] planner from gdm_stride10.pt: head=53.34M, N=3 WG=1 gamma=1.0 T=1000 sampler=ddim/4-steps param=eps schedule=linear norm=standardize
23:58:31 | INFO  | __init__.py | Cached 'action' from '/lustre/home/ha676/data/pusht/pusht_expert_train.h5'
23:58:31 | INFO  | __init__.py | Cached 'proprio' from '/lustre/home/ha676/data/pusht/pusht_expert_train.h5'
23:58:31 | INFO  | __init__.py | Cached 'state' from '/lustre/home/ha676/data/pusht/pusht_expert_train.h5'
/lustre/home/ha676/le-wm/.venv/lib/python3.11/site-packages/gymnasium/spaces/box.py:415: UserWarning: [33mWARN: Casting input x to numpy array.[0m
  gym.logger.warn("Casting input x to numpy array.")
/lustre/home/ha676/le-wm/.venv/lib/python3.11/site-packages/gymnasium/utils/passive_env_checker.py:157: UserWarning: [33mWARN: The obs returned by the `step()` method is not within the observation space.[0m
  logger.warn(f"{pre} is not within the observation space.")
/lustre/home/ha676/le-wm/.venv/lib/python3.11/site-packages/gymnasium/spaces/box.py:415: UserWarning: [33mWARN: Casting input x to numpy array.[0m
  gym.logger.warn("Casting input x to numpy array.")
/lustre/home/ha676/le-wm/.venv/lib/python3.11/site-packages/gymnasium/utils/passive_env_checker.py:157: UserWarning: [33mWARN: The obs returned by the `step()` method is not within the observation space.[0m
  logger.warn(f"{pre} is not within the observation space.")
[episodes-file] pusht.episodes150as100.json: 256 precomputed pairs (goal_offset=100, seed=42, eval_filter=None) -- sample_long/short bypassed
[eval] mode=long start=final num_eval=256 goal_offset=100 budget=200 eval_filter=none
[eval] episodes_idx[:5]=[636, 688, 700, 834, 850] start_steps[:5]=[57, 57, 57, 84, 84]
[PIN] success = pos_diff<20 [block xy only (paper)] AND angle<20deg
CEM solve time: 54.7899 seconds
CEM solve time: 47.7275 seconds
CEM solve time: 46.8128 seconds
CEM solve time: 45.5833 seconds
CEM solve time: 41.8871 seconds
CEM solve time: 39.7878 seconds
CEM solve time: 36.1421 seconds
CEM solve time: 33.7847 seconds
CEM solve time: 28.6748 seconds
CEM solve time: 26.3029 seconds
CEM solve time: 24.5903 seconds
CEM solve time: 22.8550 seconds
CEM solve time: 22.4316 seconds
CEM solve time: 21.3586 seconds
CEM solve time: 20.7266 seconds
CEM solve time: 19.9083 seconds
CEM solve time: 19.8740 seconds
CEM solve time: 19.6528 seconds
CEM solve time: 19.6173 seconds
CEM solve time: 19.6265 seconds
[RESULT] score=block angle=20deg  SR=64.06%  (164/256)
[specaccept] tau=0.1 gdm_steps=4 re-drafts=2515 advances=348 rejects=2239 call_ratio=0.878 (every-step=1.000; lower = fewer diffusion calls)
[PIN] success = pos_diff<20 [block xy only (paper)] AND angle<5deg
CEM solve time: 54.5612 seconds
CEM solve time: 50.4877 seconds
CEM solve time: 49.9657 seconds
CEM solve time: 49.4904 seconds
CEM solve time: 48.3983 seconds
CEM solve time: 47.3501 seconds
CEM solve time: 43.7033 seconds
CEM solve time: 40.9008 seconds
CEM solve time: 37.7474 seconds
CEM solve time: 35.1521 seconds
CEM solve time: 33.0325 seconds
CEM solve time: 30.0387 seconds
CEM solve time: 29.6107 seconds
CEM solve time: 29.4629 seconds
CEM solve time: 28.5265 seconds
CEM solve time: 28.3270 seconds
CEM solve time: 27.9001 seconds
CEM solve time: 27.7167 seconds
CEM solve time: 27.5236 seconds
CEM solve time: 27.2803 seconds
[RESULT] score=block angle=5deg  SR=50.39%  (129/256)
[specaccept] tau=0.1 gdm_steps=4 re-drafts=3069 advances=436 rejects=2791 call_ratio=0.876 (every-step=1.000; lower = fewer diffusion calls)

==== FF-JEPA eval summary ====
mode=long subgoal=specaccept num_eval=256 seed=43 cem_seed=43 eval_filter=none
  score=block   20deg :  64.06%  (164/256)
  score=block    5deg :  50.39%  (129/256)
