=== gamma-sweep: gamma=1.0 S=10 RH=2 seed=44 (t150, budget 300, n=256) ===
/lustre/home/ha676/le-wm/.venv/lib/python3.11/site-packages/stable_worldmodel/envs/__init__.py:215: UserWarning: ale-py not found; ALE/* envs are unavailable. Install with: pip install 'stable-worldmodel[env]' or pip install ale-py.
  from stable_worldmodel.envs import ale  # noqa: F401
2026-07-12 19:27:27.909 | INFO     | stable_worldmodel.wm.utils:_resolve_hf:149 - Loading quentinll/lewm-pusht from local cache...
2026-07-12 19:27:27.909 | INFO     | stable_worldmodel.wm.utils:_resolve_folder:137 - Loading checkpoint from folder /lustre/home/ha676/.stable_worldmodel/checkpoints/models--quentinll--lewm-pusht...
/lustre/home/ha676/le-wm/.venv/lib/python3.11/site-packages/stable_worldmodel/wm/utils.py:80: FutureWarning: You are using `torch.load` with `weights_only=False` (the current default value), which uses the default pickle module implicitly. It is possible to construct malicious pickle data which will execute arbitrary code during unpickling (See https://github.com/pytorch/pytorch/blob/main/SECURITY.md#untrusted-models for more details). In a future release, the default value for `weights_only` will be flipped to `True`. This limits the functions that could be executed during unpickling. Arbitrary objects will no longer be allowed to be loaded via this mode unless they are explicitly allowlisted by the user via `torch.serialization.add_safe_globals`. We recommend you start setting `weights_only=True` for any use case where you don't have full control of the loaded file. Please open an issue on GitHub for any issues related to this experimental feature.
  state_dict = torch.load(checkpoint_path, map_location='cpu')
19:27:34 | INFO  | atomic_chec~| [atomic_save] installed crash-safe checkpoint plugin (write to sibling .tmp + fsync + atomic rename)
19:27:34 | INFO  | utils.py    | Created ViT-tiny from scratch with config: {'hidden_size': 192, 'num_hidden_layers': 12, 'num_attention_heads': 3, 'intermediate_size': 768, 'image_size': 224, 'patch_size': 14}
[model] frozen LeWM (18.03M), device=cuda, training=False, subgoal=gdm
[gdm] planner from gdm_stride10.pt: head=53.34M, N=3 WG=1 gamma=1.0 T=1000 sampler=ddim/50-steps param=eps schedule=linear norm=standardize
19:27:36 | INFO  | __init__.py | Cached 'action' from '/lustre/home/ha676/data/pusht/pusht_expert_train.h5'
19:27:36 | INFO  | __init__.py | Cached 'proprio' from '/lustre/home/ha676/data/pusht/pusht_expert_train.h5'
19:27:37 | INFO  | __init__.py | Cached 'state' from '/lustre/home/ha676/data/pusht/pusht_expert_train.h5'
/lustre/home/ha676/le-wm/.venv/lib/python3.11/site-packages/gymnasium/spaces/box.py:415: UserWarning: [33mWARN: Casting input x to numpy array.[0m
  gym.logger.warn("Casting input x to numpy array.")
/lustre/home/ha676/le-wm/.venv/lib/python3.11/site-packages/gymnasium/utils/passive_env_checker.py:157: UserWarning: [33mWARN: The obs returned by the `step()` method is not within the observation space.[0m
  logger.warn(f"{pre} is not within the observation space.")
/lustre/home/ha676/le-wm/.venv/lib/python3.11/site-packages/gymnasium/spaces/box.py:415: UserWarning: [33mWARN: Casting input x to numpy array.[0m
  gym.logger.warn("Casting input x to numpy array.")
/lustre/home/ha676/le-wm/.venv/lib/python3.11/site-packages/gymnasium/utils/passive_env_checker.py:157: UserWarning: [33mWARN: The obs returned by the `step()` method is not within the observation space.[0m
  logger.warn(f"{pre} is not within the observation space.")
[episodes-file] pusht.episodes150.json: 256 precomputed pairs (goal_offset=150, seed=42, eval_filter=None) -- sample_long/short bypassed
[eval] mode=long start=final num_eval=256 goal_offset=150 budget=300 eval_filter=none
[eval] episodes_idx[:5]=[636, 688, 700, 834, 850] start_steps[:5]=[7, 7, 7, 34, 34]
[PIN] success = pos_diff<20 [block xy only (paper)] AND angle<20deg
CEM solve time: 54.9296 seconds
CEM solve time: 53.6289 seconds
CEM solve time: 53.5190 seconds
CEM solve time: 53.0178 seconds
CEM solve time: 51.9326 seconds
CEM solve time: 51.5538 seconds
CEM solve time: 50.4262 seconds
CEM solve time: 49.5632 seconds
CEM solve time: 48.2965 seconds
CEM solve time: 45.6882 seconds
CEM solve time: 43.5515 seconds
CEM solve time: 40.0817 seconds
CEM solve time: 37.5455 seconds
CEM solve time: 34.7865 seconds
CEM solve time: 31.1345 seconds
CEM solve time: 28.0852 seconds
CEM solve time: 26.8406 seconds
CEM solve time: 25.7676 seconds
CEM solve time: 25.1089 seconds
CEM solve time: 24.4718 seconds
CEM solve time: 23.8285 seconds
CEM solve time: 23.8326 seconds
CEM solve time: 23.4286 seconds
CEM solve time: 23.2061 seconds
CEM solve time: 22.9474 seconds
CEM solve time: 22.9613 seconds
CEM solve time: 22.5181 seconds
CEM solve time: 22.3019 seconds
CEM solve time: 22.0896 seconds
CEM solve time: 22.0933 seconds
[RESULT] score=block angle=20deg  SR=59.77%  (153/256)
[PIN] success = pos_diff<20 [block xy only (paper)] AND angle<5deg
CEM solve time: 54.8620 seconds
CEM solve time: 54.0353 seconds
CEM solve time: 53.7935 seconds
CEM solve time: 53.5990 seconds
CEM solve time: 53.5925 seconds
CEM solve time: 52.9726 seconds
CEM solve time: 52.5312 seconds
CEM solve time: 52.3353 seconds
CEM solve time: 51.5293 seconds
CEM solve time: 49.9621 seconds
CEM solve time: 48.4403 seconds
CEM solve time: 46.9510 seconds
CEM solve time: 43.9558 seconds
CEM solve time: 41.7715 seconds
CEM solve time: 38.6479 seconds
CEM solve time: 37.1496 seconds
CEM solve time: 34.9348 seconds
CEM solve time: 33.6780 seconds
CEM solve time: 32.3735 seconds
CEM solve time: 30.8757 seconds
CEM solve time: 30.4530 seconds
CEM solve time: 29.7991 seconds
CEM solve time: 28.9186 seconds
CEM solve time: 28.7267 seconds
CEM solve time: 28.4933 seconds
CEM solve time: 28.1039 seconds
CEM solve time: 27.6553 seconds
CEM solve time: 27.4415 seconds
CEM solve time: 27.2196 seconds
CEM solve time: 27.2220 seconds
[RESULT] score=block angle=5deg  SR=50.39%  (129/256)

==== FF-JEPA eval summary ====
mode=long subgoal=gdm num_eval=256 seed=44 cem_seed=44 eval_filter=none
  score=block   20deg :  59.77%  (153/256)
  score=block    5deg :  50.39%  (129/256)
