/lustre/home/ha676/le-wm/.venv/lib/python3.11/site-packages/stable_worldmodel/envs/__init__.py:215: UserWarning: ale-py not found; ALE/* envs are unavailable. Install with: pip install 'stable-worldmodel[env]' or pip install ale-py.
  from stable_worldmodel.envs import ale  # noqa: F401
2026-07-12 18:02:21.529 | INFO     | stable_worldmodel.wm.utils:_resolve_hf:149 - Loading quentinll/lewm-pusht from local cache...
2026-07-12 18:02:21.529 | INFO     | stable_worldmodel.wm.utils:_resolve_folder:137 - Loading checkpoint from folder /lustre/home/ha676/.stable_worldmodel/checkpoints/models--quentinll--lewm-pusht...
/lustre/home/ha676/le-wm/.venv/lib/python3.11/site-packages/stable_worldmodel/wm/utils.py:80: FutureWarning: You are using `torch.load` with `weights_only=False` (the current default value), which uses the default pickle module implicitly. It is possible to construct malicious pickle data which will execute arbitrary code during unpickling (See https://github.com/pytorch/pytorch/blob/main/SECURITY.md#untrusted-models for more details). In a future release, the default value for `weights_only` will be flipped to `True`. This limits the functions that could be executed during unpickling. Arbitrary objects will no longer be allowed to be loaded via this mode unless they are explicitly allowlisted by the user via `torch.serialization.add_safe_globals`. We recommend you start setting `weights_only=True` for any use case where you don't have full control of the loaded file. Please open an issue on GitHub for any issues related to this experimental feature.
  state_dict = torch.load(checkpoint_path, map_location='cpu')
18:02:26 | INFO  | atomic_chec~| [atomic_save] installed crash-safe checkpoint plugin (write to sibling .tmp + fsync + atomic rename)
18:02:26 | INFO  | utils.py    | Created ViT-tiny from scratch with config: {'hidden_size': 192, 'num_hidden_layers': 12, 'num_attention_heads': 3, 'intermediate_size': 768, 'image_size': 224, 'patch_size': 14}
[model] frozen LeWM (18.03M), device=cuda, training=False, subgoal=gdm
[gdm] planner from gdm_stride10.pt: head=53.34M, N=3 WG=1 gamma=0.0 T=1000 sampler=ddim/50-steps param=eps schedule=linear norm=standardize
18:02:28 | INFO  | __init__.py | Cached 'action' from '/lustre/home/ha676/data/pusht/pusht_expert_train.h5'
18:02:28 | INFO  | __init__.py | Cached 'proprio' from '/lustre/home/ha676/data/pusht/pusht_expert_train.h5'
18:02:28 | INFO  | __init__.py | Cached 'state' from '/lustre/home/ha676/data/pusht/pusht_expert_train.h5'
/lustre/home/ha676/le-wm/.venv/lib/python3.11/site-packages/gymnasium/spaces/box.py:415: UserWarning: [33mWARN: Casting input x to numpy array.[0m
  gym.logger.warn("Casting input x to numpy array.")
/lustre/home/ha676/le-wm/.venv/lib/python3.11/site-packages/gymnasium/utils/passive_env_checker.py:157: UserWarning: [33mWARN: The obs returned by the `step()` method is not within the observation space.[0m
  logger.warn(f"{pre} is not within the observation space.")
/lustre/home/ha676/le-wm/.venv/lib/python3.11/site-packages/gymnasium/spaces/box.py:415: UserWarning: [33mWARN: Casting input x to numpy array.[0m
  gym.logger.warn("Casting input x to numpy array.")
/lustre/home/ha676/le-wm/.venv/lib/python3.11/site-packages/gymnasium/utils/passive_env_checker.py:157: UserWarning: [33mWARN: The obs returned by the `step()` method is not within the observation space.[0m
  logger.warn(f"{pre} is not within the observation space.")
[episodes-file] pusht.episodes150.json: 256 precomputed pairs (goal_offset=150, seed=42, eval_filter=None) -- sample_long/short bypassed
[eval] mode=long start=final num_eval=256 goal_offset=150 budget=300 eval_filter=none
[eval] episodes_idx[:5]=[636, 688, 700, 834, 850] start_steps[:5]=[7, 7, 7, 34, 34]
[PIN] success = pos_diff<20 [block xy only (paper)] AND angle<20deg
CEM solve time: 54.8546 seconds
CEM solve time: 53.5641 seconds
CEM solve time: 53.5621 seconds
CEM solve time: 53.2882 seconds
CEM solve time: 52.6974 seconds
CEM solve time: 52.1346 seconds
CEM solve time: 50.3320 seconds
CEM solve time: 49.4982 seconds
CEM solve time: 48.3615 seconds
CEM solve time: 46.4252 seconds
CEM solve time: 44.4702 seconds
CEM solve time: 42.1427 seconds
CEM solve time: 38.3092 seconds
CEM solve time: 35.0339 seconds
CEM solve time: 30.8181 seconds
CEM solve time: 28.4618 seconds
CEM solve time: 27.3920 seconds
CEM solve time: 26.1299 seconds
CEM solve time: 25.4600 seconds
CEM solve time: 25.0335 seconds
CEM solve time: 25.0385 seconds
CEM solve time: 24.6096 seconds
CEM solve time: 24.6074 seconds
CEM solve time: 24.1558 seconds
CEM solve time: 23.9606 seconds
CEM solve time: 23.9649 seconds
CEM solve time: 23.9603 seconds
CEM solve time: 23.9613 seconds
CEM solve time: 23.7415 seconds
CEM solve time: 23.7451 seconds
[RESULT] score=block angle=20deg  SR=56.64%  (145/256)
[PIN] success = pos_diff<20 [block xy only (paper)] AND angle<5deg
CEM solve time: 54.7423 seconds
CEM solve time: 53.9059 seconds
CEM solve time: 53.7212 seconds
CEM solve time: 53.5035 seconds
CEM solve time: 53.0721 seconds
CEM solve time: 53.1876 seconds
CEM solve time: 52.5822 seconds
CEM solve time: 52.1890 seconds
CEM solve time: 51.6764 seconds
CEM solve time: 50.4497 seconds
CEM solve time: 49.6448 seconds
CEM solve time: 46.8265 seconds
CEM solve time: 44.6764 seconds
CEM solve time: 42.7185 seconds
CEM solve time: 40.1393 seconds
CEM solve time: 37.7611 seconds
CEM solve time: 35.6197 seconds
CEM solve time: 34.8221 seconds
CEM solve time: 33.9576 seconds
CEM solve time: 33.9864 seconds
CEM solve time: 33.4287 seconds
CEM solve time: 33.3829 seconds
CEM solve time: 33.3818 seconds
CEM solve time: 33.1663 seconds
CEM solve time: 33.1677 seconds
CEM solve time: 33.1732 seconds
CEM solve time: 32.9339 seconds
CEM solve time: 32.7378 seconds
CEM solve time: 32.7385 seconds
CEM solve time: 32.5137 seconds
[RESULT] score=block angle=5deg  SR=41.41%  (106/256)

==== FF-JEPA eval summary ====
mode=long subgoal=gdm num_eval=256 seed=44 cem_seed=44 eval_filter=none
  score=block   20deg :  56.64%  (145/256)
  score=block    5deg :  41.41%  (106/256)
