=== gamma-sweep: gamma=1.5 S=25 RH=5 seed=42 (t150, budget 300, n=256) ===
/lustre/home/ha676/le-wm/.venv/lib/python3.11/site-packages/stable_worldmodel/envs/__init__.py:215: UserWarning: ale-py not found; ALE/* envs are unavailable. Install with: pip install 'stable-worldmodel[env]' or pip install ale-py.
  from stable_worldmodel.envs import ale  # noqa: F401
2026-07-12 20:12:24.330 | INFO     | stable_worldmodel.wm.utils:_resolve_hf:149 - Loading quentinll/lewm-pusht from local cache...
2026-07-12 20:12:24.331 | INFO     | stable_worldmodel.wm.utils:_resolve_folder:137 - Loading checkpoint from folder /lustre/home/ha676/.stable_worldmodel/checkpoints/models--quentinll--lewm-pusht...
/lustre/home/ha676/le-wm/.venv/lib/python3.11/site-packages/stable_worldmodel/wm/utils.py:80: FutureWarning: You are using `torch.load` with `weights_only=False` (the current default value), which uses the default pickle module implicitly. It is possible to construct malicious pickle data which will execute arbitrary code during unpickling (See https://github.com/pytorch/pytorch/blob/main/SECURITY.md#untrusted-models for more details). In a future release, the default value for `weights_only` will be flipped to `True`. This limits the functions that could be executed during unpickling. Arbitrary objects will no longer be allowed to be loaded via this mode unless they are explicitly allowlisted by the user via `torch.serialization.add_safe_globals`. We recommend you start setting `weights_only=True` for any use case where you don't have full control of the loaded file. Please open an issue on GitHub for any issues related to this experimental feature.
  state_dict = torch.load(checkpoint_path, map_location='cpu')
20:12:34 | INFO  | atomic_chec~| [atomic_save] installed crash-safe checkpoint plugin (write to sibling .tmp + fsync + atomic rename)
20:12:34 | INFO  | utils.py    | Created ViT-tiny from scratch with config: {'hidden_size': 192, 'num_hidden_layers': 12, 'num_attention_heads': 3, 'intermediate_size': 768, 'image_size': 224, 'patch_size': 14}
[model] frozen LeWM (18.03M), device=cuda, training=False, subgoal=gdm
[gdm] planner from gdm_stride25.pt: head=53.34M, N=3 WG=1 gamma=1.5 T=1000 sampler=ddim/50-steps param=eps schedule=linear norm=standardize
20:12:35 | INFO  | __init__.py | Cached 'action' from '/lustre/home/ha676/data/pusht/pusht_expert_train.h5'
20:12:35 | INFO  | __init__.py | Cached 'proprio' from '/lustre/home/ha676/data/pusht/pusht_expert_train.h5'
20:12:35 | INFO  | __init__.py | Cached 'state' from '/lustre/home/ha676/data/pusht/pusht_expert_train.h5'
/lustre/home/ha676/le-wm/.venv/lib/python3.11/site-packages/gymnasium/spaces/box.py:415: UserWarning: [33mWARN: Casting input x to numpy array.[0m
  gym.logger.warn("Casting input x to numpy array.")
/lustre/home/ha676/le-wm/.venv/lib/python3.11/site-packages/gymnasium/utils/passive_env_checker.py:157: UserWarning: [33mWARN: The obs returned by the `step()` method is not within the observation space.[0m
  logger.warn(f"{pre} is not within the observation space.")
/lustre/home/ha676/le-wm/.venv/lib/python3.11/site-packages/gymnasium/spaces/box.py:415: UserWarning: [33mWARN: Casting input x to numpy array.[0m
  gym.logger.warn("Casting input x to numpy array.")
/lustre/home/ha676/le-wm/.venv/lib/python3.11/site-packages/gymnasium/utils/passive_env_checker.py:157: UserWarning: [33mWARN: The obs returned by the `step()` method is not within the observation space.[0m
  logger.warn(f"{pre} is not within the observation space.")
[episodes-file] pusht.episodes150.json: 256 precomputed pairs (goal_offset=150, seed=42, eval_filter=None) -- sample_long/short bypassed
[eval] mode=long start=final num_eval=256 goal_offset=150 budget=300 eval_filter=none
[eval] episodes_idx[:5]=[636, 688, 700, 834, 850] start_steps[:5]=[7, 7, 7, 34, 34]
[PIN] success = pos_diff<20 [block xy only (paper)] AND angle<20deg
CEM solve time: 146.8979 seconds
CEM solve time: 142.2046 seconds
CEM solve time: 140.0103 seconds
CEM solve time: 137.0919 seconds
CEM solve time: 131.2688 seconds
CEM solve time: 126.7796 seconds
CEM solve time: 122.1622 seconds
CEM solve time: 117.5660 seconds
CEM solve time: 115.2623 seconds
CEM solve time: 113.5198 seconds
CEM solve time: 110.1728 seconds
CEM solve time: 107.2918 seconds
[RESULT] score=block angle=20deg  SR=28.52%  (73/256)
[PIN] success = pos_diff<20 [block xy only (paper)] AND angle<5deg
CEM solve time: 146.8834 seconds
CEM solve time: 143.9920 seconds
CEM solve time: 143.4763 seconds
CEM solve time: 141.7676 seconds
CEM solve time: 140.0150 seconds
CEM solve time: 136.4917 seconds
CEM solve time: 133.1733 seconds
CEM solve time: 129.6142 seconds
CEM solve time: 127.3988 seconds
CEM solve time: 123.3011 seconds
CEM solve time: 120.5311 seconds
CEM solve time: 117.6231 seconds
[RESULT] score=block angle=5deg  SR=21.88%  (56/256)

==== FF-JEPA eval summary ====
mode=long subgoal=gdm num_eval=256 seed=42 cem_seed=42 eval_filter=none
  score=block   20deg :  28.52%  (73/256)
  score=block    5deg :  21.88%  (56/256)
=== offline diag at gamma=1.5 (joint-plot x-axis; seed-42 task only) ===
/lustre/home/ha676/le-wm/.venv/lib/python3.11/site-packages/stable_worldmodel/envs/__init__.py:215: UserWarning: ale-py not found; ALE/* envs are unavailable. Install with: pip install 'stable-worldmodel[env]' or pip install ale-py.
  from stable_worldmodel.envs import ale  # noqa: F401
2026-07-12 21:12:32.430 | INFO     | stable_worldmodel.wm.utils:_resolve_hf:149 - Loading quentinll/lewm-pusht from local cache...
2026-07-12 21:12:32.431 | INFO     | stable_worldmodel.wm.utils:_resolve_folder:137 - Loading checkpoint from folder /lustre/home/ha676/.stable_worldmodel/checkpoints/models--quentinll--lewm-pusht...
/lustre/home/ha676/le-wm/.venv/lib/python3.11/site-packages/stable_worldmodel/wm/utils.py:80: FutureWarning: You are using `torch.load` with `weights_only=False` (the current default value), which uses the default pickle module implicitly. It is possible to construct malicious pickle data which will execute arbitrary code during unpickling (See https://github.com/pytorch/pytorch/blob/main/SECURITY.md#untrusted-models for more details). In a future release, the default value for `weights_only` will be flipped to `True`. This limits the functions that could be executed during unpickling. Arbitrary objects will no longer be allowed to be loaded via this mode unless they are explicitly allowlisted by the user via `torch.serialization.add_safe_globals`. We recommend you start setting `weights_only=True` for any use case where you don't have full control of the loaded file. Please open an issue on GitHub for any issues related to this experimental feature.
  state_dict = torch.load(checkpoint_path, map_location='cpu')
[gdm] N=3 WG=1 T=1000 sampler=ddim/50steps param=eps schedule=linear norm=standardize min_snr_gamma=0.0 head=53.3M
[GATE] A = teacher-forced x0_relerr (math check only). B = SAMPLED Probe B rel_err/cos_move (the fidelity arbiter).

[A: IN-DISTRIBUTION (stride-aligned condition)]
  rel_err  = 0.7045   (vs no-op baseline 1.2534; want << no-op)
  cos_pred = 0.6335   cos_move = 0.7885   (1.0 = perfect direction)
  collapse = 0.871   (<<1 => mode collapse)
  ||z_pred|| = 11.52   ||z_true|| = 13.39   (native ~13.9)

[C: TEACHER-FORCED DENOISING (true target + known noise @ t)] [param=eps schedule=linear]
   pred_mse -> 0 = perfect regression; x0_relerr = the latent CEM sees.
   eps-param: x0_relerr RISES with t (1/sqrt(acp) amplification, intrinsic).
   v-param:   x0_relerr stays flat-low across t BY CONSTRUCTION (GATE A only).
       t   eps_mse  x0_relerr(seq)  x0_relerr(next)
      50    0.0345          0.0330           0.0333
     200    0.0145          0.0871           0.0819
     400    0.0073          0.1719           0.1549
     600    0.0029          0.3156           0.2790
     800    0.0004          0.4921           0.4493
21:12:39 | INFO  | atomic_chec~| [atomic_save] installed crash-safe checkpoint plugin (write to sibling .tmp + fsync + atomic rename)
21:12:39 | INFO  | utils.py    | Created ViT-tiny from scratch with config: {'hidden_size': 192, 'num_hidden_layers': 12, 'num_attention_heads': 3, 'intermediate_size': 768, 'image_size': 224, 'patch_size': 14}

[B: EVAL-DISTRIBUTION (arbitrary-phase E(frame) condition)]
  rel_err  = 0.7488   (vs no-op baseline 1.1405; want << no-op)
  cos_pred = 0.5814   cos_move = 0.7114   (1.0 = perfect direction)
  collapse = 0.849   (<<1 => mode collapse)
  ||z_pred|| = 11.46   ||z_true|| = 13.83   (native ~13.9)

[B-success: episode passed the 20deg filter (n=160/256)]
  rel_err  = 0.6502   (vs no-op baseline 1.2281; want << no-op)
  cos_pred = 0.6635   cos_move = 0.8107   (1.0 = perfect direction)
  collapse = 0.870   (<<1 => mode collapse)
  ||z_pred|| = 11.78   ||z_true|| = 13.84   (native ~13.9)

[B-failed: FAILED demos, off the training population (n=96/256)]
  rel_err  = 0.9132   (vs no-op baseline 0.9944; want << no-op)
  cos_pred = 0.4446   cos_move = 0.5459   (1.0 = perfect direction)
  collapse = 0.814   (<<1 => mode collapse)
  ||z_pred|| = 10.93   ||z_true|| = 13.81   (native ~13.9)

==== verdict ====
GATE B (SAMPLED Probe B rel_err/cos_move) is the fidelity arbiter for EVERY
'did it help' call below. Probe C (teacher-forced x0_relerr) is GATE A: a MATH
wiring check only, read differently per parameterization:
  [eps-param] Probe C x0_relerr RISES with t (1/sqrt(acp) amplification, intrinsic);
    low-t eps_mse~0 but mid/high-t x0 poor => amplification, not necessarily a bug.
    x0_relerr large even at LOW t => schedule/inversion BUG (fix before training).
A good + B bad  => phase/sliding-condition issue (rebuild dataset, retrain).
A ~= B-success >> B-failed => eval-set CONTAMINATION (H8): the probe/eval mix
    ~34-37% FAILED demos the success-trained GDM rightly mispredicts.
    Fix the EVAL episode set (--eval-filter success20), not the model.
A and B bad     => capacity/undertraining (train longer / more data).
collapse << 1   => model predicts ~mean subgoal regardless of input.
