/lustre/home/ha676/le-wm/.venv/lib/python3.11/site-packages/stable_worldmodel/envs/__init__.py:215: UserWarning: ale-py not found; ALE/* envs are unavailable. Install with: pip install 'stable-worldmodel[env]' or pip install ale-py.
  from stable_worldmodel.envs import ale  # noqa: F401
2026-07-13 01:08:57.657 | INFO     | stable_worldmodel.wm.utils:_resolve_hf:149 - Loading quentinll/lewm-pusht from local cache...
2026-07-13 01:08:57.658 | INFO     | stable_worldmodel.wm.utils:_resolve_folder:137 - Loading checkpoint from folder /lustre/home/ha676/.stable_worldmodel/checkpoints/models--quentinll--lewm-pusht...
/lustre/home/ha676/le-wm/.venv/lib/python3.11/site-packages/stable_worldmodel/wm/utils.py:80: FutureWarning: You are using `torch.load` with `weights_only=False` (the current default value), which uses the default pickle module implicitly. It is possible to construct malicious pickle data which will execute arbitrary code during unpickling (See https://github.com/pytorch/pytorch/blob/main/SECURITY.md#untrusted-models for more details). In a future release, the default value for `weights_only` will be flipped to `True`. This limits the functions that could be executed during unpickling. Arbitrary objects will no longer be allowed to be loaded via this mode unless they are explicitly allowlisted by the user via `torch.serialization.add_safe_globals`. We recommend you start setting `weights_only=True` for any use case where you don't have full control of the loaded file. Please open an issue on GitHub for any issues related to this experimental feature.
  state_dict = torch.load(checkpoint_path, map_location='cpu')
01:09:04 | INFO  | atomic_chec~| [atomic_save] installed crash-safe checkpoint plugin (write to sibling .tmp + fsync + atomic rename)
01:09:04 | INFO  | utils.py    | Created ViT-tiny from scratch with config: {'hidden_size': 192, 'num_hidden_layers': 12, 'num_attention_heads': 3, 'intermediate_size': 768, 'image_size': 224, 'patch_size': 14}
[model] frozen LeWM (18.03M), device=cuda, training=False, subgoal=gdm
[gdm] planner from gdm_stride10.pt: head=53.34M, N=3 WG=1 gamma=1.0 T=1000 sampler=ddim/50-steps param=eps schedule=linear norm=standardize
01:09:05 | INFO  | __init__.py | Cached 'action' from '/lustre/home/ha676/data/pusht/pusht_expert_train.h5'
01:09:05 | INFO  | __init__.py | Cached 'proprio' from '/lustre/home/ha676/data/pusht/pusht_expert_train.h5'
01:09:05 | INFO  | __init__.py | Cached 'state' from '/lustre/home/ha676/data/pusht/pusht_expert_train.h5'
/lustre/home/ha676/le-wm/.venv/lib/python3.11/site-packages/gymnasium/spaces/box.py:415: UserWarning: [33mWARN: Casting input x to numpy array.[0m
  gym.logger.warn("Casting input x to numpy array.")
/lustre/home/ha676/le-wm/.venv/lib/python3.11/site-packages/gymnasium/spaces/box.py:415: UserWarning: [33mWARN: Casting input x to numpy array.[0m
  gym.logger.warn("Casting input x to numpy array.")
[episodes-file] pusht.episodes150s5as100.json: 256 precomputed pairs (goal_offset=100, seed=42, eval_filter=success5) -- sample_long/short bypassed
[eval] mode=long start=final num_eval=256 goal_offset=100 budget=200 eval_filter=none
[eval] episodes_idx[:5]=[618, 812, 816, 843, 863] start_steps[:5]=[57, 84, 84, 84, 84]
[PIN] success = pos_diff<20 [block xy only (paper)] AND angle<20deg
CEM solve time: 54.8159 seconds
CEM solve time: 53.2448 seconds
CEM solve time: 52.8755 seconds
CEM solve time: 51.8538 seconds
CEM solve time: 46.4530 seconds
CEM solve time: 40.6584 seconds
CEM solve time: 34.4511 seconds
CEM solve time: 27.1497 seconds
CEM solve time: 22.0323 seconds
CEM solve time: 15.3959 seconds
CEM solve time: 10.4831 seconds
CEM solve time: 7.9137 seconds
CEM solve time: 6.2099 seconds
CEM solve time: 4.9226 seconds
CEM solve time: 3.4246 seconds
CEM solve time: 2.5705 seconds
CEM solve time: 1.9260 seconds
CEM solve time: 1.7116 seconds
CEM solve time: 1.7124 seconds
CEM solve time: 1.2856 seconds
[RESULT] score=block angle=20deg  SR=97.66%  (250/256)
[PIN] success = pos_diff<20 [block xy only (paper)] AND angle<5deg
CEM solve time: 54.7544 seconds
CEM solve time: 54.5115 seconds
CEM solve time: 54.5211 seconds
CEM solve time: 53.7094 seconds
CEM solve time: 51.6657 seconds
CEM solve time: 47.1770 seconds
CEM solve time: 42.7608 seconds
CEM solve time: 36.3080 seconds
CEM solve time: 29.3085 seconds
CEM solve time: 23.7148 seconds
CEM solve time: 19.6593 seconds
CEM solve time: 16.6800 seconds
CEM solve time: 14.1029 seconds
CEM solve time: 11.9661 seconds
CEM solve time: 10.0308 seconds
CEM solve time: 7.7033 seconds
CEM solve time: 6.8395 seconds
CEM solve time: 5.7642 seconds
CEM solve time: 5.5636 seconds
CEM solve time: 4.7093 seconds
[RESULT] score=block angle=5deg  SR=92.58%  (237/256)

==== FF-JEPA eval summary ====
mode=long subgoal=gdm num_eval=256 seed=43 cem_seed=43 eval_filter=none
  score=block   20deg :  97.66%  (250/256)
  score=block    5deg :  92.58%  (237/256)
