/lustre/home/ha676/le-wm/.venv/lib/python3.11/site-packages/stable_worldmodel/envs/__init__.py:215: UserWarning: ale-py not found; ALE/* envs are unavailable. Install with: pip install 'stable-worldmodel[env]' or pip install ale-py.
  from stable_worldmodel.envs import ale  # noqa: F401
2026-07-12 18:57:21.830 | INFO     | stable_worldmodel.wm.utils:_resolve_hf:149 - Loading quentinll/lewm-pusht from local cache...
2026-07-12 18:57:21.831 | INFO     | stable_worldmodel.wm.utils:_resolve_folder:137 - Loading checkpoint from folder /lustre/home/ha676/.stable_worldmodel/checkpoints/models--quentinll--lewm-pusht...
/lustre/home/ha676/le-wm/.venv/lib/python3.11/site-packages/stable_worldmodel/wm/utils.py:80: FutureWarning: You are using `torch.load` with `weights_only=False` (the current default value), which uses the default pickle module implicitly. It is possible to construct malicious pickle data which will execute arbitrary code during unpickling (See https://github.com/pytorch/pytorch/blob/main/SECURITY.md#untrusted-models for more details). In a future release, the default value for `weights_only` will be flipped to `True`. This limits the functions that could be executed during unpickling. Arbitrary objects will no longer be allowed to be loaded via this mode unless they are explicitly allowlisted by the user via `torch.serialization.add_safe_globals`. We recommend you start setting `weights_only=True` for any use case where you don't have full control of the loaded file. Please open an issue on GitHub for any issues related to this experimental feature.
  state_dict = torch.load(checkpoint_path, map_location='cpu')
18:57:27 | INFO  | atomic_chec~| [atomic_save] installed crash-safe checkpoint plugin (write to sibling .tmp + fsync + atomic rename)
18:57:27 | INFO  | utils.py    | Created ViT-tiny from scratch with config: {'hidden_size': 192, 'num_hidden_layers': 12, 'num_attention_heads': 3, 'intermediate_size': 768, 'image_size': 224, 'patch_size': 14}
[model] frozen LeWM (18.03M), device=cuda, training=False, subgoal=gdm
[gdm] planner from gdm_stride10.pt: head=53.34M, N=3 WG=1 gamma=1.0 T=1000 sampler=ddim/50-steps param=eps schedule=linear norm=standardize
18:57:28 | INFO  | __init__.py | Cached 'action' from '/lustre/home/ha676/data/pusht/pusht_expert_train.h5'
18:57:28 | INFO  | __init__.py | Cached 'proprio' from '/lustre/home/ha676/data/pusht/pusht_expert_train.h5'
18:57:28 | INFO  | __init__.py | Cached 'state' from '/lustre/home/ha676/data/pusht/pusht_expert_train.h5'
/lustre/home/ha676/le-wm/.venv/lib/python3.11/site-packages/gymnasium/spaces/box.py:415: UserWarning: [33mWARN: Casting input x to numpy array.[0m
  gym.logger.warn("Casting input x to numpy array.")
/lustre/home/ha676/le-wm/.venv/lib/python3.11/site-packages/gymnasium/utils/passive_env_checker.py:157: UserWarning: [33mWARN: The obs returned by the `step()` method is not within the observation space.[0m
  logger.warn(f"{pre} is not within the observation space.")
/lustre/home/ha676/le-wm/.venv/lib/python3.11/site-packages/gymnasium/spaces/box.py:415: UserWarning: [33mWARN: Casting input x to numpy array.[0m
  gym.logger.warn("Casting input x to numpy array.")
/lustre/home/ha676/le-wm/.venv/lib/python3.11/site-packages/gymnasium/utils/passive_env_checker.py:157: UserWarning: [33mWARN: The obs returned by the `step()` method is not within the observation space.[0m
  logger.warn(f"{pre} is not within the observation space.")
[episodes-file] pusht.episodes150.json: 256 precomputed pairs (goal_offset=150, seed=42, eval_filter=None) -- sample_long/short bypassed
[eval] mode=long start=final num_eval=256 goal_offset=150 budget=300 eval_filter=none
[eval] episodes_idx[:5]=[636, 688, 700, 834, 850] start_steps[:5]=[7, 7, 7, 34, 34]
[PIN] success = pos_diff<20 [block xy only (paper)] AND angle<20deg
CEM solve time: 54.8147 seconds
CEM solve time: 53.5336 seconds
CEM solve time: 52.9997 seconds
CEM solve time: 52.8627 seconds
CEM solve time: 52.2705 seconds
CEM solve time: 51.3778 seconds
CEM solve time: 49.6687 seconds
CEM solve time: 48.9934 seconds
CEM solve time: 47.9013 seconds
CEM solve time: 44.2556 seconds
CEM solve time: 42.3703 seconds
CEM solve time: 41.4206 seconds
CEM solve time: 38.5317 seconds
CEM solve time: 35.3050 seconds
CEM solve time: 32.2342 seconds
CEM solve time: 28.8827 seconds
CEM solve time: 28.2537 seconds
CEM solve time: 26.5250 seconds
CEM solve time: 25.4632 seconds
CEM solve time: 24.6053 seconds
CEM solve time: 24.6068 seconds
CEM solve time: 24.1793 seconds
CEM solve time: 23.9666 seconds
CEM solve time: 23.7432 seconds
CEM solve time: 23.3153 seconds
CEM solve time: 23.3245 seconds
CEM solve time: 23.3205 seconds
CEM solve time: 23.3171 seconds
CEM solve time: 23.0926 seconds
CEM solve time: 23.0926 seconds
[RESULT] score=block angle=20deg  SR=57.81%  (148/256)
[PIN] success = pos_diff<20 [block xy only (paper)] AND angle<5deg
CEM solve time: 54.7792 seconds
CEM solve time: 53.9298 seconds
CEM solve time: 53.7393 seconds
CEM solve time: 53.5092 seconds
CEM solve time: 53.5174 seconds
CEM solve time: 53.0896 seconds
CEM solve time: 53.0989 seconds
CEM solve time: 52.6473 seconds
CEM solve time: 52.4318 seconds
CEM solve time: 50.1077 seconds
CEM solve time: 47.2521 seconds
CEM solve time: 44.7367 seconds
CEM solve time: 42.4133 seconds
CEM solve time: 39.7518 seconds
CEM solve time: 37.1956 seconds
CEM solve time: 35.2969 seconds
CEM solve time: 32.9356 seconds
CEM solve time: 31.8611 seconds
CEM solve time: 31.2462 seconds
CEM solve time: 31.0285 seconds
CEM solve time: 30.3819 seconds
CEM solve time: 29.9648 seconds
CEM solve time: 29.9627 seconds
CEM solve time: 29.9640 seconds
CEM solve time: 29.7484 seconds
CEM solve time: 29.3210 seconds
CEM solve time: 28.8926 seconds
CEM solve time: 28.6809 seconds
CEM solve time: 28.6739 seconds
CEM solve time: 28.6783 seconds
[RESULT] score=block angle=5deg  SR=47.66%  (122/256)

==== FF-JEPA eval summary ====
mode=long subgoal=gdm num_eval=256 seed=42 cem_seed=42 eval_filter=none
  score=block   20deg :  57.81%  (148/256)
  score=block    5deg :  47.66%  (122/256)
