=== pusht-hz-s5 arm=s10spec offset=150 budget=300 seed=43 ===
/lustre/home/ha676/le-wm/.venv/lib/python3.11/site-packages/stable_worldmodel/envs/__init__.py:215: UserWarning: ale-py not found; ALE/* envs are unavailable. Install with: pip install 'stable-worldmodel[env]' or pip install ale-py.
  from stable_worldmodel.envs import ale  # noqa: F401
2026-07-13 01:32:45.423 | INFO     | stable_worldmodel.wm.utils:_resolve_hf:149 - Loading quentinll/lewm-pusht from local cache...
2026-07-13 01:32:45.424 | INFO     | stable_worldmodel.wm.utils:_resolve_folder:137 - Loading checkpoint from folder /lustre/home/ha676/.stable_worldmodel/checkpoints/models--quentinll--lewm-pusht...
/lustre/home/ha676/le-wm/.venv/lib/python3.11/site-packages/stable_worldmodel/wm/utils.py:80: FutureWarning: You are using `torch.load` with `weights_only=False` (the current default value), which uses the default pickle module implicitly. It is possible to construct malicious pickle data which will execute arbitrary code during unpickling (See https://github.com/pytorch/pytorch/blob/main/SECURITY.md#untrusted-models for more details). In a future release, the default value for `weights_only` will be flipped to `True`. This limits the functions that could be executed during unpickling. Arbitrary objects will no longer be allowed to be loaded via this mode unless they are explicitly allowlisted by the user via `torch.serialization.add_safe_globals`. We recommend you start setting `weights_only=True` for any use case where you don't have full control of the loaded file. Please open an issue on GitHub for any issues related to this experimental feature.
  state_dict = torch.load(checkpoint_path, map_location='cpu')
01:33:02 | INFO  | atomic_chec~| [atomic_save] installed crash-safe checkpoint plugin (write to sibling .tmp + fsync + atomic rename)
01:33:02 | INFO  | utils.py    | Created ViT-tiny from scratch with config: {'hidden_size': 192, 'num_hidden_layers': 12, 'num_attention_heads': 3, 'intermediate_size': 768, 'image_size': 224, 'patch_size': 14}
[model] frozen LeWM (18.03M), device=cuda, training=False, subgoal=specaccept
[gdm] planner from gdm_stride10.pt: head=53.34M, N=3 WG=1 gamma=1.0 T=1000 sampler=ddim/8-steps param=eps schedule=linear norm=standardize
01:33:23 | INFO  | __init__.py | Cached 'action' from '/lustre/home/ha676/data/pusht/pusht_expert_train.h5'
01:33:43 | INFO  | __init__.py | Cached 'proprio' from '/lustre/home/ha676/data/pusht/pusht_expert_train.h5'
01:34:04 | INFO  | __init__.py | Cached 'state' from '/lustre/home/ha676/data/pusht/pusht_expert_train.h5'
/lustre/home/ha676/le-wm/.venv/lib/python3.11/site-packages/gymnasium/spaces/box.py:415: UserWarning: [33mWARN: Casting input x to numpy array.[0m
  gym.logger.warn("Casting input x to numpy array.")
/lustre/home/ha676/le-wm/.venv/lib/python3.11/site-packages/gymnasium/spaces/box.py:415: UserWarning: [33mWARN: Casting input x to numpy array.[0m
  gym.logger.warn("Casting input x to numpy array.")
[episodes-file] pusht.episodes150s5.json: 256 precomputed pairs (goal_offset=150, seed=42, eval_filter=success5) -- sample_long/short bypassed
[eval] mode=long start=final num_eval=256 goal_offset=150 budget=300 eval_filter=none
[eval] episodes_idx[:5]=[618, 812, 816, 843, 863] start_steps[:5]=[7, 34, 34, 34, 34]
[PIN] success = pos_diff<20 [block xy only (paper)] AND angle<20deg
CEM solve time: 54.7033 seconds
CEM solve time: 54.6509 seconds
CEM solve time: 54.6140 seconds
CEM solve time: 54.6083 seconds
CEM solve time: 54.0619 seconds
CEM solve time: 54.0286 seconds
CEM solve time: 52.2571 seconds
CEM solve time: 50.6386 seconds
CEM solve time: 48.0745 seconds
CEM solve time: 43.9219 seconds
CEM solve time: 37.9828 seconds
CEM solve time: 30.9197 seconds
CEM solve time: 25.1648 seconds
CEM solve time: 18.3597 seconds
CEM solve time: 13.8610 seconds
CEM solve time: 11.2916 seconds
CEM solve time: 8.1077 seconds
CEM solve time: 6.8226 seconds
CEM solve time: 5.5493 seconds
CEM solve time: 5.3329 seconds
CEM solve time: 4.6896 seconds
CEM solve time: 3.1994 seconds
CEM solve time: 2.5620 seconds
CEM solve time: 2.5620 seconds
CEM solve time: 1.4944 seconds
CEM solve time: 1.0682 seconds
CEM solve time: 1.0680 seconds
CEM solve time: 1.0697 seconds
CEM solve time: 0.8559 seconds
CEM solve time: 0.8555 seconds
[RESULT] score=block angle=20deg  SR=98.83%  (253/256)
[specaccept] tau=0.2 gdm_steps=8 re-drafts=1747 advances=1553 rejects=1159 call_ratio=0.529 (every-step=1.000; lower = fewer diffusion calls)
[PIN] success = pos_diff<20 [block xy only (paper)] AND angle<5deg
CEM solve time: 54.5670 seconds
CEM solve time: 54.5613 seconds
CEM solve time: 54.5367 seconds
CEM solve time: 54.5969 seconds
CEM solve time: 54.6222 seconds
CEM solve time: 54.4231 seconds
CEM solve time: 53.9057 seconds
CEM solve time: 53.1571 seconds
CEM solve time: 52.4789 seconds
CEM solve time: 50.3116 seconds
CEM solve time: 48.5134 seconds
CEM solve time: 43.5766 seconds
CEM solve time: 37.3482 seconds
CEM solve time: 32.0728 seconds
CEM solve time: 25.0024 seconds
CEM solve time: 20.6938 seconds
CEM solve time: 16.0288 seconds
CEM solve time: 13.0062 seconds
CEM solve time: 11.5251 seconds
CEM solve time: 9.8154 seconds
CEM solve time: 7.4707 seconds
CEM solve time: 6.4107 seconds
CEM solve time: 5.5511 seconds
CEM solve time: 4.4832 seconds
CEM solve time: 3.8490 seconds
CEM solve time: 3.6338 seconds
CEM solve time: 2.7805 seconds
CEM solve time: 2.1401 seconds
CEM solve time: 1.7126 seconds
CEM solve time: 1.7111 seconds
[RESULT] score=block angle=5deg  SR=96.88%  (248/256)
[specaccept] tau=0.2 gdm_steps=8 re-drafts=2106 advances=1805 rejects=1450 call_ratio=0.538 (every-step=1.000; lower = fewer diffusion calls)

==== FF-JEPA eval summary ====
mode=long subgoal=specaccept num_eval=256 seed=43 cem_seed=43 eval_filter=none
  score=block   20deg :  98.83%  (253/256)
  score=block    5deg :  96.88%  (248/256)
