=== pusht rh-sweep: horizon RH=2 t=150 budget=300 seed=43 ===
/lustre/home/ha676/le-wm/.venv/lib/python3.11/site-packages/stable_worldmodel/envs/__init__.py:215: UserWarning: ale-py not found; ALE/* envs are unavailable. Install with: pip install 'stable-worldmodel[env]' or pip install ale-py.
  from stable_worldmodel.envs import ale  # noqa: F401
2026-07-12 13:43:22.669 | INFO     | stable_worldmodel.wm.utils:_resolve_hf:149 - Loading quentinll/lewm-pusht from local cache...
2026-07-12 13:43:22.669 | INFO     | stable_worldmodel.wm.utils:_resolve_folder:137 - Loading checkpoint from folder /lustre/home/ha676/.stable_worldmodel/checkpoints/models--quentinll--lewm-pusht...
/lustre/home/ha676/le-wm/.venv/lib/python3.11/site-packages/stable_worldmodel/wm/utils.py:80: FutureWarning: You are using `torch.load` with `weights_only=False` (the current default value), which uses the default pickle module implicitly. It is possible to construct malicious pickle data which will execute arbitrary code during unpickling (See https://github.com/pytorch/pytorch/blob/main/SECURITY.md#untrusted-models for more details). In a future release, the default value for `weights_only` will be flipped to `True`. This limits the functions that could be executed during unpickling. Arbitrary objects will no longer be allowed to be loaded via this mode unless they are explicitly allowlisted by the user via `torch.serialization.add_safe_globals`. We recommend you start setting `weights_only=True` for any use case where you don't have full control of the loaded file. Please open an issue on GitHub for any issues related to this experimental feature.
  state_dict = torch.load(checkpoint_path, map_location='cpu')
13:43:30 | INFO  | atomic_chec~| [atomic_save] installed crash-safe checkpoint plugin (write to sibling .tmp + fsync + atomic rename)
13:43:30 | INFO  | utils.py    | Created ViT-tiny from scratch with config: {'hidden_size': 192, 'num_hidden_layers': 12, 'num_attention_heads': 3, 'intermediate_size': 768, 'image_size': 224, 'patch_size': 14}
[model] frozen LeWM (18.03M), device=cuda, training=False, subgoal=baseline
13:43:31 | INFO  | __init__.py | Cached 'action' from '/lustre/home/ha676/data/pusht/pusht_expert_train.h5'
13:43:31 | INFO  | __init__.py | Cached 'proprio' from '/lustre/home/ha676/data/pusht/pusht_expert_train.h5'
13:43:31 | INFO  | __init__.py | Cached 'state' from '/lustre/home/ha676/data/pusht/pusht_expert_train.h5'
/lustre/home/ha676/le-wm/.venv/lib/python3.11/site-packages/gymnasium/spaces/box.py:415: UserWarning: [33mWARN: Casting input x to numpy array.[0m
  gym.logger.warn("Casting input x to numpy array.")
/lustre/home/ha676/le-wm/.venv/lib/python3.11/site-packages/gymnasium/utils/passive_env_checker.py:157: UserWarning: [33mWARN: The obs returned by the `step()` method is not within the observation space.[0m
  logger.warn(f"{pre} is not within the observation space.")
/lustre/home/ha676/le-wm/.venv/lib/python3.11/site-packages/gymnasium/spaces/box.py:415: UserWarning: [33mWARN: Casting input x to numpy array.[0m
  gym.logger.warn("Casting input x to numpy array.")
/lustre/home/ha676/le-wm/.venv/lib/python3.11/site-packages/gymnasium/utils/passive_env_checker.py:157: UserWarning: [33mWARN: The obs returned by the `step()` method is not within the observation space.[0m
  logger.warn(f"{pre} is not within the observation space.")
[episodes-file] pusht.episodes150.json: 256 precomputed pairs (goal_offset=150, seed=42, eval_filter=None) -- sample_long/short bypassed
[eval] mode=long start=final num_eval=256 goal_offset=150 budget=300 eval_filter=none
[eval] episodes_idx[:5]=[636, 688, 700, 834, 850] start_steps[:5]=[7, 7, 7, 34, 34]
[PIN] success = pos_diff<20 [block xy only (paper)] AND angle<20deg
CEM solve time: 55.3679 seconds
CEM solve time: 53.0409 seconds
CEM solve time: 51.9310 seconds
CEM solve time: 51.4634 seconds
CEM solve time: 51.2362 seconds
CEM solve time: 50.3416 seconds
CEM solve time: 50.1198 seconds
CEM solve time: 50.1797 seconds
CEM solve time: 50.1696 seconds
CEM solve time: 50.1577 seconds
CEM solve time: 50.1697 seconds
CEM solve time: 50.1234 seconds
CEM solve time: 49.9084 seconds
CEM solve time: 49.6717 seconds
CEM solve time: 49.6781 seconds
CEM solve time: 49.6821 seconds
CEM solve time: 49.6904 seconds
CEM solve time: 49.4812 seconds
CEM solve time: 49.4482 seconds
CEM solve time: 49.4335 seconds
CEM solve time: 49.4545 seconds
CEM solve time: 49.4811 seconds
CEM solve time: 49.4654 seconds
CEM solve time: 49.4796 seconds
CEM solve time: 49.2426 seconds
CEM solve time: 49.2754 seconds
CEM solve time: 49.2766 seconds
CEM solve time: 49.2517 seconds
CEM solve time: 49.2430 seconds
CEM solve time: 49.2878 seconds
[RESULT] score=block angle=20deg  SR=10.55%  (27/256)
[PIN] success = pos_diff<20 [block xy only (paper)] AND angle<5deg
CEM solve time: 55.4287 seconds
CEM solve time: 53.4380 seconds
CEM solve time: 52.7885 seconds
CEM solve time: 52.5622 seconds
CEM solve time: 52.5419 seconds
CEM solve time: 52.3762 seconds
CEM solve time: 52.0904 seconds
CEM solve time: 51.9617 seconds
CEM solve time: 51.9105 seconds
CEM solve time: 51.6918 seconds
CEM solve time: 51.6896 seconds
CEM solve time: 51.6889 seconds
CEM solve time: 51.6967 seconds
CEM solve time: 51.6875 seconds
CEM solve time: 51.7215 seconds
CEM solve time: 51.7066 seconds
CEM solve time: 51.6975 seconds
CEM solve time: 51.7139 seconds
CEM solve time: 51.6742 seconds
CEM solve time: 51.6811 seconds
CEM solve time: 51.7163 seconds
CEM solve time: 51.6789 seconds
CEM solve time: 51.6968 seconds
CEM solve time: 51.7091 seconds
CEM solve time: 51.7309 seconds
CEM solve time: 51.7277 seconds
CEM solve time: 51.7167 seconds
CEM solve time: 51.6931 seconds
CEM solve time: 51.7458 seconds
CEM solve time: 51.7064 seconds
[RESULT] score=block angle=5deg  SR=6.25%  (16/256)

==== FF-JEPA eval summary ====
mode=long subgoal=baseline num_eval=256 seed=43 cem_seed=43 eval_filter=none
  score=block   20deg :  10.55%  (27/256)
  score=block    5deg :   6.25%  (16/256)
