=== train gdm_stride10_gc.pt (faithful recipe, subgoal-step 10 --goal-cond --goal-rule final) ===
[cfg] {'subgoals': 'subgoals_dense_full.pt', 'out': 'gdm_stride10_gc.pt', 'device': 'cuda', 'seed': 42, 'mask': '5', 'custom_mask_file': None, 'window_rule': 'clamp', 'subgoal_step': 10, 'latent_dim': 192, 'n_future': 3, 'wg': 1, 'hidden': 512, 'depth': 11, 'heads': 8, 'mlp_ratio': 4.0, 'goal_cond': True, 'goal_rule': 'final', 'goal_gap': None, 'goal_gap_max': None, 'timesteps': 1000, 'parameterization': 'eps', 'schedule': 'linear', 'min_snr_gamma': 0.0, 'sampler': 'ddim', 'normalization': 'standardize', 'epochs': 20, 'batch_size': 128, 'lr': 5e-05, 'weight_decay': 0.001, 'grad_clip': 1.0, 'lr_schedule': 'warmup_cosine', 'warmup_frac': 0.01, 'amp': True, 'ema_decay': 0.0, 'num_workers': 0, 'log_every': 500}
[data] mask=5deg: 9094 episodes used; 1100325 (cond,target) pairs; window_rule=clamp; file_stride=1 subgoal_step=10 => subgoal horizon = 10 frames  [GOAL-COND ablation, goal_rule=final gap=None]
[norm] native ||z|| mean=13.71 (sqrt(D)=13.86); standardize per-dim (mean|.|=0.072, std mean=0.985)
[model] GDM (DiT) head params = 53.44M (hidden=512 depth=11 heads=8); diffusion T=1000 param=eps schedule=linear sampler=ddim norm=standardize min_snr_gamma=0.0
[sched] warmup_cosine: total_steps=171940 warmup=1719 peak_lr=5.0e-05 -> 0 (eta_min)
  [iter 500] loss=0.22202 (run 0.77942, 56s, 113ms/it)
  [iter 1000] loss=0.14670 (run 0.47467, 85s, 85ms/it)
  [iter 1500] loss=0.14956 (run 0.36203, 114s, 76ms/it)
  [iter 2000] loss=0.11576 (run 0.29968, 144s, 72ms/it)
  [iter 2500] loss=0.09502 (run 0.25881, 172s, 69ms/it)
  [iter 3000] loss=0.08799 (run 0.22990, 201s, 67ms/it)
  [iter 3500] loss=0.06246 (run 0.20814, 230s, 66ms/it)
  [iter 4000] loss=0.07213 (run 0.19114, 259s, 65ms/it)
  [iter 4500] loss=0.04067 (run 0.17751, 288s, 64ms/it)
  [iter 5000] loss=0.05657 (run 0.16634, 317s, 63ms/it)
  [iter 5500] loss=0.06443 (run 0.15677, 346s, 63ms/it)
  [iter 6000] loss=0.04532 (run 0.14870, 375s, 63ms/it)
  [iter 6500] loss=0.05601 (run 0.14165, 404s, 62ms/it)
  [iter 7000] loss=0.05156 (run 0.13537, 433s, 62ms/it)
  [iter 7500] loss=0.07118 (run 0.12999, 462s, 62ms/it)
  [iter 8000] loss=0.05770 (run 0.12510, 491s, 61ms/it)
  [iter 8500] loss=0.06476 (run 0.12073, 520s, 61ms/it)
[epoch 01/20] loss=0.11995 iters=8597 (526s)
  [iter 9000] loss=0.03915 (run 0.04977, 548s, 61ms/it)
  [iter 9500] loss=0.03027 (run 0.04853, 577s, 61ms/it)
  [iter 10000] loss=0.04426 (run 0.04809, 605s, 60ms/it)
  [iter 10500] loss=0.04920 (run 0.04756, 633s, 60ms/it)
  [iter 11000] loss=0.04123 (run 0.04704, 661s, 60ms/it)
  [iter 11500] loss=0.03674 (run 0.04658, 689s, 60ms/it)
  [iter 12000] loss=0.04729 (run 0.04602, 718s, 60ms/it)
  [iter 12500] loss=0.04396 (run 0.04563, 746s, 60ms/it)
  [iter 13000] loss=0.05200 (run 0.04522, 775s, 60ms/it)
  [iter 13500] loss=0.06311 (run 0.04478, 804s, 60ms/it)
  [iter 14000] loss=0.03321 (run 0.04439, 834s, 60ms/it)
  [iter 14500] loss=0.03718 (run 0.04396, 863s, 60ms/it)
  [iter 15000] loss=0.03205 (run 0.04357, 892s, 59ms/it)
  [iter 15500] loss=0.05145 (run 0.04317, 920s, 59ms/it)
  [iter 16000] loss=0.03357 (run 0.04285, 948s, 59ms/it)
  [iter 16500] loss=0.03371 (run 0.04254, 976s, 59ms/it)
  [iter 17000] loss=0.04660 (run 0.04219, 1005s, 59ms/it)
[epoch 02/20] loss=0.04208 iters=17194 (1017s)
  [iter 17500] loss=0.03416 (run 0.03615, 1035s, 59ms/it)
  [iter 18000] loss=0.04877 (run 0.03627, 1064s, 59ms/it)
  [iter 18500] loss=0.03075 (run 0.03608, 1092s, 59ms/it)
  [iter 19000] loss=0.04368 (run 0.03561, 1120s, 59ms/it)
  [iter 19500] loss=0.02060 (run 0.03547, 1148s, 59ms/it)
  [iter 20000] loss=0.03519 (run 0.03524, 1177s, 59ms/it)
  [iter 20500] loss=0.03072 (run 0.03509, 1207s, 59ms/it)
  [iter 21000] loss=0.03346 (run 0.03494, 1235s, 59ms/it)
  [iter 21500] loss=0.03441 (run 0.03476, 1264s, 59ms/it)
  [iter 22000] loss=0.03709 (run 0.03454, 1292s, 59ms/it)
  [iter 22500] loss=0.02396 (run 0.03433, 1320s, 59ms/it)
  [iter 23000] loss=0.02284 (run 0.03413, 1348s, 59ms/it)
  [iter 23500] loss=0.03244 (run 0.03396, 1376s, 59ms/it)
  [iter 24000] loss=0.02863 (run 0.03375, 1404s, 59ms/it)
  [iter 24500] loss=0.02418 (run 0.03362, 1433s, 59ms/it)
  [iter 25000] loss=0.03169 (run 0.03345, 1461s, 58ms/it)
  [iter 25500] loss=0.02517 (run 0.03324, 1489s, 58ms/it)
[epoch 03/20] loss=0.03316 iters=25791 (1506s)
  [iter 26000] loss=0.04042 (run 0.03046, 1518s, 58ms/it)
  [iter 26500] loss=0.01906 (run 0.03004, 1547s, 58ms/it)
  [iter 27000] loss=0.02260 (run 0.03015, 1575s, 58ms/it)
  [iter 27500] loss=0.03346 (run 0.03012, 1603s, 58ms/it)
  [iter 28000] loss=0.03549 (run 0.02983, 1632s, 58ms/it)
  [iter 28500] loss=0.02833 (run 0.02962, 1661s, 58ms/it)
  [iter 29000] loss=0.01904 (run 0.02944, 1689s, 58ms/it)
  [iter 29500] loss=0.03501 (run 0.02932, 1718s, 58ms/it)
  [iter 30000] loss=0.01406 (run 0.02924, 1746s, 58ms/it)
  [iter 30500] loss=0.02938 (run 0.02915, 1775s, 58ms/it)
  [iter 31000] loss=0.01793 (run 0.02902, 1803s, 58ms/it)
  [iter 31500] loss=0.02522 (run 0.02893, 1831s, 58ms/it)
  [iter 32000] loss=0.03142 (run 0.02880, 1859s, 58ms/it)
  [iter 32500] loss=0.02302 (run 0.02871, 1887s, 58ms/it)
  [iter 33000] loss=0.02652 (run 0.02859, 1915s, 58ms/it)
  [iter 33500] loss=0.01961 (run 0.02849, 1943s, 58ms/it)
  [iter 34000] loss=0.02546 (run 0.02839, 1971s, 58ms/it)
[epoch 04/20] loss=0.02831 iters=34388 (1993s)
  [iter 34500] loss=0.02081 (run 0.02604, 2000s, 58ms/it)
  [iter 35000] loss=0.02729 (run 0.02616, 2028s, 58ms/it)
  [iter 35500] loss=0.01984 (run 0.02586, 2056s, 58ms/it)
  [iter 36000] loss=0.02224 (run 0.02593, 2085s, 58ms/it)
  [iter 36500] loss=0.03598 (run 0.02587, 2113s, 58ms/it)
  [iter 37000] loss=0.02421 (run 0.02576, 2141s, 58ms/it)
  [iter 37500] loss=0.02120 (run 0.02579, 2169s, 58ms/it)
  [iter 38000] loss=0.00963 (run 0.02568, 2198s, 58ms/it)
  [iter 38500] loss=0.01799 (run 0.02555, 2226s, 58ms/it)
  [iter 39000] loss=0.01671 (run 0.02552, 2255s, 58ms/it)
  [iter 39500] loss=0.01821 (run 0.02546, 2283s, 58ms/it)
  [iter 40000] loss=0.04165 (run 0.02538, 2311s, 58ms/it)
  [iter 40500] loss=0.04141 (run 0.02531, 2340s, 58ms/it)
  [iter 41000] loss=0.02451 (run 0.02525, 2368s, 58ms/it)
  [iter 41500] loss=0.02009 (run 0.02518, 2396s, 58ms/it)
  [iter 42000] loss=0.02719 (run 0.02509, 2425s, 58ms/it)
  [iter 42500] loss=0.01999 (run 0.02505, 2453s, 58ms/it)
[epoch 05/20] loss=0.02496 iters=42985 (2480s)
  [iter 43000] loss=0.02230 (run 0.02374, 2481s, 58ms/it)
  [iter 43500] loss=0.02290 (run 0.02318, 2510s, 58ms/it)
  [iter 44000] loss=0.02486 (run 0.02347, 2538s, 58ms/it)
  [iter 44500] loss=0.02384 (run 0.02325, 2566s, 58ms/it)
  [iter 45000] loss=0.02333 (run 0.02316, 2595s, 58ms/it)
  [iter 45500] loss=0.02925 (run 0.02317, 2624s, 58ms/it)
  [iter 46000] loss=0.01640 (run 0.02315, 2652s, 58ms/it)
  [iter 46500] loss=0.02082 (run 0.02311, 2680s, 58ms/it)
  [iter 47000] loss=0.01797 (run 0.02306, 2709s, 58ms/it)
  [iter 47500] loss=0.02130 (run 0.02296, 2737s, 58ms/it)
  [iter 48000] loss=0.02736 (run 0.02289, 2766s, 58ms/it)
  [iter 48500] loss=0.01991 (run 0.02289, 2794s, 58ms/it)
  [iter 49000] loss=0.02570 (run 0.02285, 2822s, 58ms/it)
  [iter 49500] loss=0.02850 (run 0.02279, 2851s, 58ms/it)
  [iter 50000] loss=0.02004 (run 0.02273, 2881s, 58ms/it)
  [iter 50500] loss=0.04148 (run 0.02270, 2911s, 58ms/it)
  [iter 51000] loss=0.01564 (run 0.02266, 2941s, 58ms/it)
  [iter 51500] loss=0.02356 (run 0.02260, 2969s, 58ms/it)
[epoch 06/20] loss=0.02259 iters=51582 (2974s)
  [iter 52000] loss=0.02251 (run 0.02074, 2998s, 58ms/it)
  [iter 52500] loss=0.03281 (run 0.02107, 3026s, 58ms/it)
  [iter 53000] loss=0.02103 (run 0.02146, 3054s, 58ms/it)
  [iter 53500] loss=0.02714 (run 0.02139, 3082s, 58ms/it)
  [iter 54000] loss=0.01975 (run 0.02138, 3111s, 58ms/it)
  [iter 54500] loss=0.01495 (run 0.02135, 3139s, 58ms/it)
  [iter 55000] loss=0.01879 (run 0.02133, 3168s, 58ms/it)
  [iter 55500] loss=0.02989 (run 0.02137, 3196s, 58ms/it)
  [iter 56000] loss=0.01763 (run 0.02135, 3224s, 58ms/it)
  [iter 56500] loss=0.02234 (run 0.02130, 3252s, 58ms/it)
  [iter 57000] loss=0.01569 (run 0.02122, 3280s, 58ms/it)
  [iter 57500] loss=0.01766 (run 0.02117, 3310s, 58ms/it)
  [iter 58000] loss=0.01843 (run 0.02112, 3339s, 58ms/it)
  [iter 58500] loss=0.01413 (run 0.02106, 3368s, 58ms/it)
  [iter 59000] loss=0.01970 (run 0.02102, 3397s, 58ms/it)
  [iter 59500] loss=0.01690 (run 0.02097, 3426s, 58ms/it)
  [iter 60000] loss=0.01533 (run 0.02091, 3455s, 58ms/it)
[epoch 07/20] loss=0.02091 iters=60179 (3466s)
  [iter 60500] loss=0.02472 (run 0.02005, 3485s, 58ms/it)
  [iter 61000] loss=0.01701 (run 0.02005, 3513s, 58ms/it)
  [iter 61500] loss=0.01192 (run 0.01987, 3543s, 58ms/it)
  [iter 62000] loss=0.01094 (run 0.01983, 3572s, 58ms/it)
  [iter 62500] loss=0.02658 (run 0.01985, 3601s, 58ms/it)
  [iter 63000] loss=0.02182 (run 0.01983, 3630s, 58ms/it)
  [iter 63500] loss=0.02989 (run 0.01981, 3658s, 58ms/it)
  [iter 64000] loss=0.02553 (run 0.01985, 3687s, 58ms/it)
  [iter 64500] loss=0.01066 (run 0.01981, 3716s, 58ms/it)
  [iter 65000] loss=0.01876 (run 0.01976, 3745s, 58ms/it)
  [iter 65500] loss=0.01443 (run 0.01971, 3775s, 58ms/it)
  [iter 66000] loss=0.01498 (run 0.01964, 3804s, 58ms/it)
  [iter 66500] loss=0.01570 (run 0.01961, 3833s, 58ms/it)
  [iter 67000] loss=0.01476 (run 0.01960, 3862s, 58ms/it)
  [iter 67500] loss=0.02279 (run 0.01957, 3891s, 58ms/it)
  [iter 68000] loss=0.01452 (run 0.01953, 3920s, 58ms/it)
  [iter 68500] loss=0.01823 (run 0.01950, 3950s, 58ms/it)
[epoch 08/20] loss=0.01946 iters=68776 (3966s)
  [iter 69000] loss=0.01535 (run 0.01864, 3979s, 58ms/it)
  [iter 69500] loss=0.01442 (run 0.01852, 4007s, 58ms/it)
  [iter 70000] loss=0.02518 (run 0.01845, 4035s, 58ms/it)
  [iter 70500] loss=0.01352 (run 0.01854, 4063s, 58ms/it)
  [iter 71000] loss=0.01817 (run 0.01866, 4092s, 58ms/it)
  [iter 71500] loss=0.00990 (run 0.01852, 4120s, 58ms/it)
  [iter 72000] loss=0.02429 (run 0.01845, 4148s, 58ms/it)
  [iter 72500] loss=0.01415 (run 0.01845, 4176s, 58ms/it)
  [iter 73000] loss=0.01647 (run 0.01840, 4204s, 58ms/it)
  [iter 73500] loss=0.01518 (run 0.01839, 4233s, 58ms/it)
  [iter 74000] loss=0.01330 (run 0.01833, 4261s, 58ms/it)
  [iter 74500] loss=0.01431 (run 0.01825, 4289s, 58ms/it)
  [iter 75000] loss=0.01022 (run 0.01821, 4317s, 58ms/it)
  [iter 75500] loss=0.01434 (run 0.01818, 4346s, 58ms/it)
  [iter 76000] loss=0.01590 (run 0.01812, 4374s, 58ms/it)
  [iter 76500] loss=0.01899 (run 0.01809, 4403s, 58ms/it)
  [iter 77000] loss=0.02350 (run 0.01804, 4432s, 58ms/it)
[epoch 09/20] loss=0.01799 iters=77373 (4454s)
  [iter 77500] loss=0.01051 (run 0.01808, 4461s, 58ms/it)
  [iter 78000] loss=0.02240 (run 0.01768, 4490s, 58ms/it)
  [iter 78500] loss=0.01440 (run 0.01743, 4519s, 58ms/it)
  [iter 79000] loss=0.01139 (run 0.01744, 4547s, 58ms/it)
  [iter 79500] loss=0.01465 (run 0.01735, 4577s, 58ms/it)
  [iter 80000] loss=0.01507 (run 0.01731, 4606s, 58ms/it)
  [iter 80500] loss=0.02265 (run 0.01735, 4635s, 58ms/it)
  [iter 81000] loss=0.01555 (run 0.01736, 4664s, 58ms/it)
  [iter 81500] loss=0.00918 (run 0.01731, 4693s, 58ms/it)
  [iter 82000] loss=0.01331 (run 0.01723, 4723s, 58ms/it)
  [iter 82500] loss=0.01684 (run 0.01717, 4751s, 58ms/it)
  [iter 83000] loss=0.01423 (run 0.01710, 4781s, 58ms/it)
  [iter 83500] loss=0.01819 (run 0.01708, 4810s, 58ms/it)
  [iter 84000] loss=0.01324 (run 0.01701, 4839s, 58ms/it)
  [iter 84500] loss=0.00992 (run 0.01699, 4868s, 58ms/it)
  [iter 85000] loss=0.01817 (run 0.01697, 4898s, 58ms/it)
  [iter 85500] loss=0.01013 (run 0.01694, 4928s, 58ms/it)
[epoch 10/20] loss=0.01690 iters=85970 (4955s)
  [iter 86000] loss=0.01314 (run 0.01685, 4957s, 58ms/it)
  [iter 86500] loss=0.01073 (run 0.01686, 4987s, 58ms/it)
  [iter 87000] loss=0.01246 (run 0.01660, 5016s, 58ms/it)
  [iter 87500] loss=0.01007 (run 0.01645, 5046s, 58ms/it)
  [iter 88000] loss=0.01141 (run 0.01635, 5076s, 58ms/it)
  [iter 88500] loss=0.01577 (run 0.01624, 5105s, 58ms/it)
  [iter 89000] loss=0.01877 (run 0.01626, 5135s, 58ms/it)
  [iter 89500] loss=0.01556 (run 0.01622, 5165s, 58ms/it)
  [iter 90000] loss=0.01141 (run 0.01616, 5195s, 58ms/it)
  [iter 90500] loss=0.00969 (run 0.01610, 5225s, 58ms/it)
  [iter 91000] loss=0.01110 (run 0.01608, 5255s, 58ms/it)
  [iter 91500] loss=0.01369 (run 0.01604, 5284s, 58ms/it)
  [iter 92000] loss=0.01356 (run 0.01604, 5314s, 58ms/it)
  [iter 92500] loss=0.01607 (run 0.01599, 5344s, 58ms/it)
  [iter 93000] loss=0.01675 (run 0.01596, 5373s, 58ms/it)
  [iter 93500] loss=0.01052 (run 0.01591, 5403s, 58ms/it)
  [iter 94000] loss=0.01638 (run 0.01588, 5433s, 58ms/it)
  [iter 94500] loss=0.00913 (run 0.01586, 5462s, 58ms/it)
[epoch 11/20] loss=0.01585 iters=94567 (5466s)
  [iter 95000] loss=0.01133 (run 0.01570, 5492s, 58ms/it)
  [iter 95500] loss=0.01214 (run 0.01551, 5521s, 58ms/it)
  [iter 96000] loss=0.00753 (run 0.01554, 5551s, 58ms/it)
  [iter 96500] loss=0.01341 (run 0.01541, 5581s, 58ms/it)
  [iter 97000] loss=0.01160 (run 0.01538, 5610s, 58ms/it)
  [iter 97500] loss=0.01837 (run 0.01536, 5640s, 58ms/it)
  [iter 98000] loss=0.01175 (run 0.01527, 5670s, 58ms/it)
  [iter 98500] loss=0.01898 (run 0.01523, 5699s, 58ms/it)
  [iter 99000] loss=0.01737 (run 0.01515, 5729s, 58ms/it)
  [iter 99500] loss=0.01467 (run 0.01511, 5759s, 58ms/it)
  [iter 100000] loss=0.01380 (run 0.01508, 5788s, 58ms/it)
  [iter 100500] loss=0.01259 (run 0.01503, 5818s, 58ms/it)
  [iter 101000] loss=0.00989 (run 0.01498, 5848s, 58ms/it)
  [iter 101500] loss=0.01740 (run 0.01496, 5877s, 58ms/it)
  [iter 102000] loss=0.01302 (run 0.01493, 5906s, 58ms/it)
  [iter 102500] loss=0.02070 (run 0.01491, 5936s, 58ms/it)
  [iter 103000] loss=0.01489 (run 0.01488, 5965s, 58ms/it)
[epoch 12/20] loss=0.01489 iters=103164 (5975s)
  [iter 103500] loss=0.01042 (run 0.01430, 5995s, 58ms/it)
  [iter 104000] loss=0.01499 (run 0.01455, 6025s, 58ms/it)
  [iter 104500] loss=0.01573 (run 0.01446, 6054s, 58ms/it)
  [iter 105000] loss=0.01353 (run 0.01431, 6083s, 58ms/it)
  [iter 105500] loss=0.01438 (run 0.01420, 6113s, 58ms/it)
  [iter 106000] loss=0.02054 (run 0.01423, 6143s, 58ms/it)
  [iter 106500] loss=0.01652 (run 0.01420, 6173s, 58ms/it)
  [iter 107000] loss=0.01955 (run 0.01421, 6202s, 58ms/it)
  [iter 107500] loss=0.02312 (run 0.01419, 6232s, 58ms/it)
  [iter 108000] loss=0.01705 (run 0.01420, 6262s, 58ms/it)
  [iter 108500] loss=0.01370 (run 0.01417, 6291s, 58ms/it)
  [iter 109000] loss=0.02272 (run 0.01416, 6321s, 58ms/it)
  [iter 109500] loss=0.01151 (run 0.01413, 6350s, 58ms/it)
  [iter 110000] loss=0.01104 (run 0.01410, 6380s, 58ms/it)
  [iter 110500] loss=0.01427 (run 0.01410, 6409s, 58ms/it)
  [iter 111000] loss=0.01188 (run 0.01407, 6439s, 58ms/it)
  [iter 111500] loss=0.01273 (run 0.01405, 6468s, 58ms/it)
[epoch 13/20] loss=0.01404 iters=111761 (6484s)
  [iter 112000] loss=0.01563 (run 0.01332, 6498s, 58ms/it)
  [iter 112500] loss=0.01414 (run 0.01343, 6527s, 58ms/it)
  [iter 113000] loss=0.01155 (run 0.01358, 6557s, 58ms/it)
  [iter 113500] loss=0.00909 (run 0.01344, 6586s, 58ms/it)
  [iter 114000] loss=0.01735 (run 0.01340, 6616s, 58ms/it)
  [iter 114500] loss=0.01332 (run 0.01340, 6646s, 58ms/it)
  [iter 115000] loss=0.02049 (run 0.01342, 6675s, 58ms/it)
  [iter 115500] loss=0.00890 (run 0.01339, 6705s, 58ms/it)
  [iter 116000] loss=0.01685 (run 0.01337, 6734s, 58ms/it)
  [iter 116500] loss=0.00917 (run 0.01335, 6764s, 58ms/it)
  [iter 117000] loss=0.01938 (run 0.01334, 6793s, 58ms/it)
  [iter 117500] loss=0.01123 (run 0.01335, 6823s, 58ms/it)
  [iter 118000] loss=0.01215 (run 0.01333, 6852s, 58ms/it)
  [iter 118500] loss=0.01201 (run 0.01328, 6882s, 58ms/it)
  [iter 119000] loss=0.01214 (run 0.01326, 6912s, 58ms/it)
  [iter 119500] loss=0.01569 (run 0.01325, 6941s, 58ms/it)
  [iter 120000] loss=0.02309 (run 0.01322, 6970s, 58ms/it)
[epoch 14/20] loss=0.01319 iters=120358 (6991s)
  [iter 120500] loss=0.01659 (run 0.01302, 6999s, 58ms/it)
  [iter 121000] loss=0.02005 (run 0.01294, 7028s, 58ms/it)
  [iter 121500] loss=0.00686 (run 0.01298, 7057s, 58ms/it)
  [iter 122000] loss=0.01572 (run 0.01292, 7086s, 58ms/it)
  [iter 122500] loss=0.01296 (run 0.01285, 7115s, 58ms/it)
  [iter 123000] loss=0.01566 (run 0.01285, 7144s, 58ms/it)
  [iter 123500] loss=0.00732 (run 0.01282, 7174s, 58ms/it)
  [iter 124000] loss=0.02124 (run 0.01276, 7203s, 58ms/it)
  [iter 124500] loss=0.01100 (run 0.01272, 7232s, 58ms/it)
  [iter 125000] loss=0.00664 (run 0.01271, 7261s, 58ms/it)
  [iter 125500] loss=0.00923 (run 0.01267, 7291s, 58ms/it)
  [iter 126000] loss=0.01342 (run 0.01267, 7320s, 58ms/it)
  [iter 126500] loss=0.00922 (run 0.01265, 7349s, 58ms/it)
  [iter 127000] loss=0.00950 (run 0.01264, 7379s, 58ms/it)
  [iter 127500] loss=0.01707 (run 0.01263, 7408s, 58ms/it)
  [iter 128000] loss=0.01079 (run 0.01259, 7438s, 58ms/it)
  [iter 128500] loss=0.01938 (run 0.01259, 7468s, 58ms/it)
[epoch 15/20] loss=0.01255 iters=128955 (7495s)
  [iter 129000] loss=0.01197 (run 0.01121, 7498s, 58ms/it)
  [iter 129500] loss=0.01599 (run 0.01199, 7527s, 58ms/it)
  [iter 130000] loss=0.02179 (run 0.01216, 7556s, 58ms/it)
  [iter 130500] loss=0.01203 (run 0.01215, 7586s, 58ms/it)
  [iter 131000] loss=0.02145 (run 0.01216, 7616s, 58ms/it)
  [iter 131500] loss=0.00584 (run 0.01212, 7645s, 58ms/it)
  [iter 132000] loss=0.01437 (run 0.01212, 7675s, 58ms/it)
  [iter 132500] loss=0.01361 (run 0.01211, 7704s, 58ms/it)
  [iter 133000] loss=0.01303 (run 0.01210, 7734s, 58ms/it)
  [iter 133500] loss=0.01075 (run 0.01210, 7764s, 58ms/it)
  [iter 134000] loss=0.02505 (run 0.01207, 7794s, 58ms/it)
  [iter 134500] loss=0.01104 (run 0.01207, 7824s, 58ms/it)
  [iter 135000] loss=0.01780 (run 0.01205, 7853s, 58ms/it)
  [iter 135500] loss=0.01272 (run 0.01205, 7882s, 58ms/it)
  [iter 136000] loss=0.00977 (run 0.01206, 7912s, 58ms/it)
  [iter 136500] loss=0.01914 (run 0.01205, 7941s, 58ms/it)
  [iter 137000] loss=0.00879 (run 0.01202, 7970s, 58ms/it)
  [iter 137500] loss=0.01357 (run 0.01199, 7999s, 58ms/it)
[epoch 16/20] loss=0.01199 iters=137552 (8002s)
  [iter 138000] loss=0.01102 (run 0.01181, 8027s, 58ms/it)
  [iter 138500] loss=0.01208 (run 0.01171, 8057s, 58ms/it)
  [iter 139000] loss=0.01353 (run 0.01177, 8086s, 58ms/it)
  [iter 139500] loss=0.00763 (run 0.01177, 8115s, 58ms/it)
  [iter 140000] loss=0.00804 (run 0.01174, 8145s, 58ms/it)
  [iter 140500] loss=0.01054 (run 0.01172, 8174s, 58ms/it)
  [iter 141000] loss=0.01107 (run 0.01168, 8203s, 58ms/it)
  [iter 141500] loss=0.01642 (run 0.01168, 8232s, 58ms/it)
  [iter 142000] loss=0.00842 (run 0.01164, 8262s, 58ms/it)
  [iter 142500] loss=0.00779 (run 0.01164, 8291s, 58ms/it)
  [iter 143000] loss=0.00760 (run 0.01162, 8320s, 58ms/it)
  [iter 143500] loss=0.01979 (run 0.01160, 8350s, 58ms/it)
  [iter 144000] loss=0.00989 (run 0.01161, 8380s, 58ms/it)
  [iter 144500] loss=0.01215 (run 0.01160, 8410s, 58ms/it)
  [iter 145000] loss=0.01920 (run 0.01158, 8439s, 58ms/it)
  [iter 145500] loss=0.00905 (run 0.01156, 8469s, 58ms/it)
  [iter 146000] loss=0.01696 (run 0.01156, 8498s, 58ms/it)
[epoch 17/20] loss=0.01156 iters=146149 (8507s)
  [iter 146500] loss=0.01205 (run 0.01116, 8528s, 58ms/it)
  [iter 147000] loss=0.01077 (run 0.01115, 8558s, 58ms/it)
  [iter 147500] loss=0.00754 (run 0.01116, 8588s, 58ms/it)
  [iter 148000] loss=0.01285 (run 0.01120, 8618s, 58ms/it)
  [iter 148500] loss=0.00843 (run 0.01119, 8648s, 58ms/it)
  [iter 149000] loss=0.01161 (run 0.01119, 8677s, 58ms/it)
  [iter 149500] loss=0.00866 (run 0.01119, 8707s, 58ms/it)
  [iter 150000] loss=0.01056 (run 0.01121, 8736s, 58ms/it)
  [iter 150500] loss=0.01206 (run 0.01120, 8766s, 58ms/it)
  [iter 151000] loss=0.00827 (run 0.01120, 8796s, 58ms/it)
  [iter 151500] loss=0.00804 (run 0.01121, 8826s, 58ms/it)
  [iter 152000] loss=0.01515 (run 0.01122, 8856s, 58ms/it)
  [iter 152500] loss=0.01365 (run 0.01120, 8886s, 58ms/it)
  [iter 153000] loss=0.01298 (run 0.01122, 8915s, 58ms/it)
  [iter 153500] loss=0.00691 (run 0.01121, 8945s, 58ms/it)
  [iter 154000] loss=0.00631 (run 0.01120, 8975s, 58ms/it)
  [iter 154500] loss=0.01535 (run 0.01120, 9005s, 58ms/it)
[epoch 18/20] loss=0.01119 iters=154746 (9019s)
  [iter 155000] loss=0.01499 (run 0.01145, 9034s, 58ms/it)
  [iter 155500] loss=0.01474 (run 0.01115, 9064s, 58ms/it)
  [iter 156000] loss=0.00710 (run 0.01110, 9094s, 58ms/it)
  [iter 156500] loss=0.00750 (run 0.01112, 9124s, 58ms/it)
  [iter 157000] loss=0.00732 (run 0.01111, 9153s, 58ms/it)
  [iter 157500] loss=0.00967 (run 0.01112, 9183s, 58ms/it)
  [iter 158000] loss=0.01435 (run 0.01112, 9213s, 58ms/it)
  [iter 158500] loss=0.01055 (run 0.01111, 9243s, 58ms/it)
  [iter 159000] loss=0.00817 (run 0.01109, 9273s, 58ms/it)
  [iter 159500] loss=0.01355 (run 0.01110, 9303s, 58ms/it)
  [iter 160000] loss=0.00737 (run 0.01109, 9332s, 58ms/it)
  [iter 160500] loss=0.01080 (run 0.01107, 9362s, 58ms/it)
  [iter 161000] loss=0.00625 (run 0.01105, 9392s, 58ms/it)
  [iter 161500] loss=0.00716 (run 0.01104, 9422s, 58ms/it)
  [iter 162000] loss=0.00817 (run 0.01102, 9452s, 58ms/it)
  [iter 162500] loss=0.00761 (run 0.01101, 9482s, 58ms/it)
  [iter 163000] loss=0.01012 (run 0.01100, 9512s, 58ms/it)
[epoch 19/20] loss=0.01102 iters=163343 (9532s)
  [iter 163500] loss=0.00949 (run 0.01068, 9542s, 58ms/it)
  [iter 164000] loss=0.00933 (run 0.01087, 9571s, 58ms/it)
  [iter 164500] loss=0.01179 (run 0.01098, 9601s, 58ms/it)
  [iter 165000] loss=0.01420 (run 0.01101, 9631s, 58ms/it)
  [iter 165500] loss=0.00776 (run 0.01099, 9660s, 58ms/it)
  [iter 166000] loss=0.01426 (run 0.01106, 9690s, 58ms/it)
  [iter 166500] loss=0.01974 (run 0.01102, 9720s, 58ms/it)
  [iter 167000] loss=0.01010 (run 0.01099, 9750s, 58ms/it)
  [iter 167500] loss=0.01072 (run 0.01097, 9780s, 58ms/it)
  [iter 168000] loss=0.01636 (run 0.01094, 9809s, 58ms/it)
  [iter 168500] loss=0.01191 (run 0.01090, 9839s, 58ms/it)
  [iter 169000] loss=0.00703 (run 0.01091, 9869s, 58ms/it)
  [iter 169500] loss=0.01939 (run 0.01090, 9899s, 58ms/it)
  [iter 170000] loss=0.00653 (run 0.01089, 9928s, 58ms/it)
  [iter 170500] loss=0.01064 (run 0.01088, 9958s, 58ms/it)
  [iter 171000] loss=0.01253 (run 0.01087, 9988s, 58ms/it)
  [iter 171500] loss=0.01438 (run 0.01087, 10018s, 58ms/it)
[epoch 20/20] loss=0.01088 iters=171940 (10044s)
[save] gdm_stride10_gc.pt  (213.8 MB)
[done] 10044s; 171940 iters over 20 epochs
=== Stage 2 offline gate: diag at subgoal-step 10 ===
Traceback (most recent call last):
  File "<frozen runpy>", line 198, in _run_module_as_main
  File "<frozen runpy>", line 88, in _run_code
  File "/lustre/home/ha676/le-wm/specaccept/diag_gdm.py", line 275, in <module>
    main()
  File "/lustre/home/ha676/le-wm/.venv/lib/python3.11/site-packages/torch/utils/_contextlib.py", line 116, in decorate_context
    return func(*args, **kwargs)
           ^^^^^^^^^^^^^^^^^^^^^
  File "/lustre/home/ha676/le-wm/specaccept/diag_gdm.py", line 198, in main
    pred_a = planner.sample_next(cond_a, n_steps=args.gdm_steps, generator=gen())
             ^^^^^^^^^^^^^^^^^^^^^^^^^^^^^^^^^^^^^^^^^^^^^^^^^^^^^^^^^^^^^^^^^^^^
  File "/lustre/home/ha676/le-wm/.venv/lib/python3.11/site-packages/torch/utils/_contextlib.py", line 116, in decorate_context
    return func(*args, **kwargs)
           ^^^^^^^^^^^^^^^^^^^^^
  File "/lustre/home/ha676/le-wm/specaccept/drafter.py", line 432, in sample_next
    return self.sample_sequence(z_cond_native, n_steps=n_steps, generator=generator,
           ^^^^^^^^^^^^^^^^^^^^^^^^^^^^^^^^^^^^^^^^^^^^^^^^^^^^^^^^^^^^^^^^^^^^^^^^^
  File "/lustre/home/ha676/le-wm/.venv/lib/python3.11/site-packages/torch/utils/_contextlib.py", line 116, in decorate_context
    return func(*args, **kwargs)
           ^^^^^^^^^^^^^^^^^^^^^
  File "/lustre/home/ha676/le-wm/specaccept/drafter.py", line 422, in sample_sequence
    seq_std = self.diffusion.ddim_sample(self.model, cond, shape, n_steps=n_steps,
              ^^^^^^^^^^^^^^^^^^^^^^^^^^^^^^^^^^^^^^^^^^^^^^^^^^^^^^^^^^^^^^^^^^^^
  File "/lustre/home/ha676/le-wm/.venv/lib/python3.11/site-packages/torch/utils/_contextlib.py", line 116, in decorate_context
    return func(*args, **kwargs)
           ^^^^^^^^^^^^^^^^^^^^^
  File "/lustre/home/ha676/le-wm/specaccept/drafter.py", line 312, in ddim_sample
    model_out = model(x, cond, t_batch, goal=goal)
                ^^^^^^^^^^^^^^^^^^^^^^^^^^^^^^^^^^
  File "/lustre/home/ha676/le-wm/.venv/lib/python3.11/site-packages/torch/nn/modules/module.py", line 1736, in _wrapped_call_impl
    return self._call_impl(*args, **kwargs)
           ^^^^^^^^^^^^^^^^^^^^^^^^^^^^^^^^
  File "/lustre/home/ha676/le-wm/.venv/lib/python3.11/site-packages/torch/nn/modules/module.py", line 1747, in _call_impl
    return forward_call(*args, **kwargs)
           ^^^^^^^^^^^^^^^^^^^^^^^^^^^^^
  File "/lustre/home/ha676/le-wm/specaccept/drafter.py", line 159, in forward
    assert goal is not None, "goal_cond=True but no goal latent passed"
           ^^^^^^^^^^^^^^^^
AssertionError: goal_cond=True but no goal latent passed
[gdm] N=3 WG=1 T=1000 sampler=ddim/50steps param=eps schedule=linear norm=standardize min_snr_gamma=0.0 head=53.4M
[GATE] A = teacher-forced x0_relerr (math check only). B = SAMPLED Probe B rel_err/cos_move (the fidelity arbiter).
