=== gamma-sweep: gamma=0.25 S=10 RH=2 seed=42 (t150, budget 300, n=256) ===
/lustre/home/ha676/le-wm/.venv/lib/python3.11/site-packages/stable_worldmodel/envs/__init__.py:215: UserWarning: ale-py not found; ALE/* envs are unavailable. Install with: pip install 'stable-worldmodel[env]' or pip install ale-py.
  from stable_worldmodel.envs import ale  # noqa: F401
2026-07-12 18:05:18.512 | INFO     | stable_worldmodel.wm.utils:_resolve_hf:149 - Loading quentinll/lewm-pusht from local cache...
2026-07-12 18:05:18.512 | INFO     | stable_worldmodel.wm.utils:_resolve_folder:137 - Loading checkpoint from folder /lustre/home/ha676/.stable_worldmodel/checkpoints/models--quentinll--lewm-pusht...
/lustre/home/ha676/le-wm/.venv/lib/python3.11/site-packages/stable_worldmodel/wm/utils.py:80: FutureWarning: You are using `torch.load` with `weights_only=False` (the current default value), which uses the default pickle module implicitly. It is possible to construct malicious pickle data which will execute arbitrary code during unpickling (See https://github.com/pytorch/pytorch/blob/main/SECURITY.md#untrusted-models for more details). In a future release, the default value for `weights_only` will be flipped to `True`. This limits the functions that could be executed during unpickling. Arbitrary objects will no longer be allowed to be loaded via this mode unless they are explicitly allowlisted by the user via `torch.serialization.add_safe_globals`. We recommend you start setting `weights_only=True` for any use case where you don't have full control of the loaded file. Please open an issue on GitHub for any issues related to this experimental feature.
  state_dict = torch.load(checkpoint_path, map_location='cpu')
18:05:23 | INFO  | atomic_chec~| [atomic_save] installed crash-safe checkpoint plugin (write to sibling .tmp + fsync + atomic rename)
18:05:23 | INFO  | utils.py    | Created ViT-tiny from scratch with config: {'hidden_size': 192, 'num_hidden_layers': 12, 'num_attention_heads': 3, 'intermediate_size': 768, 'image_size': 224, 'patch_size': 14}
[model] frozen LeWM (18.03M), device=cuda, training=False, subgoal=gdm
[gdm] planner from gdm_stride10.pt: head=53.34M, N=3 WG=1 gamma=0.25 T=1000 sampler=ddim/50-steps param=eps schedule=linear norm=standardize
18:05:24 | INFO  | __init__.py | Cached 'action' from '/lustre/home/ha676/data/pusht/pusht_expert_train.h5'
18:05:24 | INFO  | __init__.py | Cached 'proprio' from '/lustre/home/ha676/data/pusht/pusht_expert_train.h5'
18:05:24 | INFO  | __init__.py | Cached 'state' from '/lustre/home/ha676/data/pusht/pusht_expert_train.h5'
/lustre/home/ha676/le-wm/.venv/lib/python3.11/site-packages/gymnasium/spaces/box.py:415: UserWarning: [33mWARN: Casting input x to numpy array.[0m
  gym.logger.warn("Casting input x to numpy array.")
/lustre/home/ha676/le-wm/.venv/lib/python3.11/site-packages/gymnasium/utils/passive_env_checker.py:157: UserWarning: [33mWARN: The obs returned by the `step()` method is not within the observation space.[0m
  logger.warn(f"{pre} is not within the observation space.")
/lustre/home/ha676/le-wm/.venv/lib/python3.11/site-packages/gymnasium/spaces/box.py:415: UserWarning: [33mWARN: Casting input x to numpy array.[0m
  gym.logger.warn("Casting input x to numpy array.")
/lustre/home/ha676/le-wm/.venv/lib/python3.11/site-packages/gymnasium/utils/passive_env_checker.py:157: UserWarning: [33mWARN: The obs returned by the `step()` method is not within the observation space.[0m
  logger.warn(f"{pre} is not within the observation space.")
[episodes-file] pusht.episodes150.json: 256 precomputed pairs (goal_offset=150, seed=42, eval_filter=None) -- sample_long/short bypassed
[eval] mode=long start=final num_eval=256 goal_offset=150 budget=300 eval_filter=none
[eval] episodes_idx[:5]=[636, 688, 700, 834, 850] start_steps[:5]=[7, 7, 7, 34, 34]
[PIN] success = pos_diff<20 [block xy only (paper)] AND angle<20deg
CEM solve time: 54.8081 seconds
CEM solve time: 53.4453 seconds
CEM solve time: 53.0316 seconds
CEM solve time: 52.7515 seconds
CEM solve time: 51.8412 seconds
CEM solve time: 51.0219 seconds
CEM solve time: 49.3122 seconds
CEM solve time: 48.4946 seconds
CEM solve time: 47.6136 seconds
CEM solve time: 45.0868 seconds
CEM solve time: 42.2615 seconds
CEM solve time: 39.4975 seconds
CEM solve time: 36.5100 seconds
CEM solve time: 33.7036 seconds
CEM solve time: 28.8291 seconds
CEM solve time: 27.9474 seconds
CEM solve time: 26.9400 seconds
CEM solve time: 26.2590 seconds
CEM solve time: 25.3879 seconds
CEM solve time: 25.1954 seconds
CEM solve time: 24.9872 seconds
CEM solve time: 24.9823 seconds
CEM solve time: 24.7633 seconds
CEM solve time: 24.5662 seconds
CEM solve time: 24.3341 seconds
CEM solve time: 23.9019 seconds
CEM solve time: 23.9122 seconds
CEM solve time: 23.9048 seconds
CEM solve time: 23.9185 seconds
CEM solve time: 23.8990 seconds
[RESULT] score=block angle=20deg  SR=56.64%  (145/256)
[PIN] success = pos_diff<20 [block xy only (paper)] AND angle<5deg
CEM solve time: 54.6309 seconds
CEM solve time: 53.8125 seconds
CEM solve time: 53.5828 seconds
CEM solve time: 53.3788 seconds
CEM solve time: 53.1655 seconds
CEM solve time: 52.7559 seconds
CEM solve time: 52.5460 seconds
CEM solve time: 52.1181 seconds
CEM solve time: 51.4923 seconds
CEM solve time: 49.9928 seconds
CEM solve time: 48.6931 seconds
CEM solve time: 46.2796 seconds
CEM solve time: 44.3812 seconds
CEM solve time: 42.0142 seconds
CEM solve time: 40.3455 seconds
CEM solve time: 36.5415 seconds
CEM solve time: 36.1159 seconds
CEM solve time: 34.5729 seconds
CEM solve time: 34.1531 seconds
CEM solve time: 33.9411 seconds
CEM solve time: 33.9359 seconds
CEM solve time: 32.8449 seconds
CEM solve time: 32.6460 seconds
CEM solve time: 32.4321 seconds
CEM solve time: 32.2150 seconds
CEM solve time: 31.9949 seconds
CEM solve time: 32.0038 seconds
CEM solve time: 31.7820 seconds
CEM solve time: 31.7810 seconds
CEM solve time: 31.5743 seconds
[RESULT] score=block angle=5deg  SR=42.58%  (109/256)

==== FF-JEPA eval summary ====
mode=long subgoal=gdm num_eval=256 seed=42 cem_seed=42 eval_filter=none
  score=block   20deg :  56.64%  (145/256)
  score=block    5deg :  42.58%  (109/256)
=== offline diag at gamma=0.25 (joint-plot x-axis; seed-42 task only) ===
/lustre/home/ha676/le-wm/.venv/lib/python3.11/site-packages/stable_worldmodel/envs/__init__.py:215: UserWarning: ale-py not found; ALE/* envs are unavailable. Install with: pip install 'stable-worldmodel[env]' or pip install ale-py.
  from stable_worldmodel.envs import ale  # noqa: F401
2026-07-12 18:50:57.732 | INFO     | stable_worldmodel.wm.utils:_resolve_hf:149 - Loading quentinll/lewm-pusht from local cache...
2026-07-12 18:50:57.733 | INFO     | stable_worldmodel.wm.utils:_resolve_folder:137 - Loading checkpoint from folder /lustre/home/ha676/.stable_worldmodel/checkpoints/models--quentinll--lewm-pusht...
/lustre/home/ha676/le-wm/.venv/lib/python3.11/site-packages/stable_worldmodel/wm/utils.py:80: FutureWarning: You are using `torch.load` with `weights_only=False` (the current default value), which uses the default pickle module implicitly. It is possible to construct malicious pickle data which will execute arbitrary code during unpickling (See https://github.com/pytorch/pytorch/blob/main/SECURITY.md#untrusted-models for more details). In a future release, the default value for `weights_only` will be flipped to `True`. This limits the functions that could be executed during unpickling. Arbitrary objects will no longer be allowed to be loaded via this mode unless they are explicitly allowlisted by the user via `torch.serialization.add_safe_globals`. We recommend you start setting `weights_only=True` for any use case where you don't have full control of the loaded file. Please open an issue on GitHub for any issues related to this experimental feature.
  state_dict = torch.load(checkpoint_path, map_location='cpu')
[gdm] N=3 WG=1 T=1000 sampler=ddim/50steps param=eps schedule=linear norm=standardize min_snr_gamma=0.0 head=53.3M
[GATE] A = teacher-forced x0_relerr (math check only). B = SAMPLED Probe B rel_err/cos_move (the fidelity arbiter).

[A: IN-DISTRIBUTION (stride-aligned condition)]
  rel_err  = 0.2139   (vs no-op baseline 0.7848; want << no-op)
  cos_pred = 0.9553   cos_move = 0.9461   (1.0 = perfect direction)
  collapse = 1.000   (<<1 => mode collapse)
  ||z_pred|| = 13.67   ||z_true|| = 13.67   (native ~13.9)

[C: TEACHER-FORCED DENOISING (true target + known noise @ t)] [param=eps schedule=linear]
   pred_mse -> 0 = perfect regression; x0_relerr = the latent CEM sees.
   eps-param: x0_relerr RISES with t (1/sqrt(acp) amplification, intrinsic).
   v-param:   x0_relerr stays flat-low across t BY CONSTRUCTION (GATE A only).
       t   eps_mse  x0_relerr(seq)  x0_relerr(next)
      50    0.0400          0.0354           0.0344
     200    0.0141          0.0849           0.0769
     400    0.0063          0.1568           0.1320
     600    0.0023          0.2744           0.2191
     800    0.0003          0.4341           0.3701
18:51:05 | INFO  | atomic_chec~| [atomic_save] installed crash-safe checkpoint plugin (write to sibling .tmp + fsync + atomic rename)
18:51:05 | INFO  | utils.py    | Created ViT-tiny from scratch with config: {'hidden_size': 192, 'num_hidden_layers': 12, 'num_attention_heads': 3, 'intermediate_size': 768, 'image_size': 224, 'patch_size': 14}

[B: EVAL-DISTRIBUTION (arbitrary-phase E(frame) condition)]
  rel_err  = 0.3601   (vs no-op baseline 0.7047; want << no-op)
  cos_pred = 0.8732   cos_move = 0.7733   (1.0 = perfect direction)
  collapse = 0.999   (<<1 => mode collapse)
  ||z_pred|| = 13.86   ||z_true|| = 13.87   (native ~13.9)

[B-success: episode passed the 20deg filter (n=163/256)]
  rel_err  = 0.2375   (vs no-op baseline 0.7416; want << no-op)
  cos_pred = 0.9407   cos_move = 0.9165   (1.0 = perfect direction)
  collapse = 0.998   (<<1 => mode collapse)
  ||z_pred|| = 13.85   ||z_true|| = 13.86   (native ~13.9)

[B-failed: FAILED demos, off the training population (n=93/256)]
  rel_err  = 0.5750   (vs no-op baseline 0.6399; want << no-op)
  cos_pred = 0.7550   cos_move = 0.5223   (1.0 = perfect direction)
  collapse = 1.000   (<<1 => mode collapse)
  ||z_pred|| = 13.88   ||z_true|| = 13.89   (native ~13.9)

==== verdict ====
GATE B (SAMPLED Probe B rel_err/cos_move) is the fidelity arbiter for EVERY
'did it help' call below. Probe C (teacher-forced x0_relerr) is GATE A: a MATH
wiring check only, read differently per parameterization:
  [eps-param] Probe C x0_relerr RISES with t (1/sqrt(acp) amplification, intrinsic);
    low-t eps_mse~0 but mid/high-t x0 poor => amplification, not necessarily a bug.
    x0_relerr large even at LOW t => schedule/inversion BUG (fix before training).
A good + B bad  => phase/sliding-condition issue (rebuild dataset, retrain).
A ~= B-success >> B-failed => eval-set CONTAMINATION (H8): the probe/eval mix
    ~34-37% FAILED demos the success-trained GDM rightly mispredicts.
    Fix the EVAL episode set (--eval-filter success20), not the model.
A and B bad     => capacity/undertraining (train longer / more data).
collapse << 1   => model predicts ~mean subgoal regardless of input.
