/lustre/home/ha676/le-wm/.venv/lib/python3.11/site-packages/stable_worldmodel/envs/__init__.py:215: UserWarning: ale-py not found; ALE/* envs are unavailable. Install with: pip install 'stable-worldmodel[env]' or pip install ale-py.
  from stable_worldmodel.envs import ale  # noqa: F401
2026-07-12 22:10:46.390 | INFO     | stable_worldmodel.wm.utils:_resolve_hf:149 - Loading quentinll/lewm-pusht from local cache...
2026-07-12 22:10:46.391 | INFO     | stable_worldmodel.wm.utils:_resolve_folder:137 - Loading checkpoint from folder /lustre/home/ha676/.stable_worldmodel/checkpoints/models--quentinll--lewm-pusht...
/lustre/home/ha676/le-wm/.venv/lib/python3.11/site-packages/stable_worldmodel/wm/utils.py:80: FutureWarning: You are using `torch.load` with `weights_only=False` (the current default value), which uses the default pickle module implicitly. It is possible to construct malicious pickle data which will execute arbitrary code during unpickling (See https://github.com/pytorch/pytorch/blob/main/SECURITY.md#untrusted-models for more details). In a future release, the default value for `weights_only` will be flipped to `True`. This limits the functions that could be executed during unpickling. Arbitrary objects will no longer be allowed to be loaded via this mode unless they are explicitly allowlisted by the user via `torch.serialization.add_safe_globals`. We recommend you start setting `weights_only=True` for any use case where you don't have full control of the loaded file. Please open an issue on GitHub for any issues related to this experimental feature.
  state_dict = torch.load(checkpoint_path, map_location='cpu')
22:10:51 | INFO  | atomic_chec~| [atomic_save] installed crash-safe checkpoint plugin (write to sibling .tmp + fsync + atomic rename)
22:10:52 | INFO  | utils.py    | Created ViT-tiny from scratch with config: {'hidden_size': 192, 'num_hidden_layers': 12, 'num_attention_heads': 3, 'intermediate_size': 768, 'image_size': 224, 'patch_size': 14}
[model] frozen LeWM (18.03M), device=cuda, training=False, subgoal=specaccept
[gdm] planner from gdm_stride10.pt: head=53.34M, N=3 WG=1 gamma=1.0 T=1000 sampler=ddim/4-steps param=eps schedule=linear norm=standardize
22:10:53 | INFO  | __init__.py | Cached 'action' from '/lustre/home/ha676/data/pusht/pusht_expert_train.h5'
22:10:53 | INFO  | __init__.py | Cached 'proprio' from '/lustre/home/ha676/data/pusht/pusht_expert_train.h5'
22:10:53 | INFO  | __init__.py | Cached 'state' from '/lustre/home/ha676/data/pusht/pusht_expert_train.h5'
/lustre/home/ha676/le-wm/.venv/lib/python3.11/site-packages/gymnasium/spaces/box.py:415: UserWarning: [33mWARN: Casting input x to numpy array.[0m
  gym.logger.warn("Casting input x to numpy array.")
/lustre/home/ha676/le-wm/.venv/lib/python3.11/site-packages/gymnasium/spaces/box.py:415: UserWarning: [33mWARN: Casting input x to numpy array.[0m
  gym.logger.warn("Casting input x to numpy array.")
[episodes-file] pusht.episodes150.json: 256 precomputed pairs (goal_offset=150, seed=42, eval_filter=None) -- sample_long/short bypassed
[eval] mode=long start=final num_eval=256 goal_offset=150 budget=300 eval_filter=none
[eval] episodes_idx[:5]=[636, 688, 700, 834, 850] start_steps[:5]=[7, 7, 7, 34, 34]
[PIN] success = pos_diff<20 [block xy only (paper)] AND angle<20deg
CEM solve time: 54.7963 seconds
CEM solve time: 53.4305 seconds
CEM solve time: 53.2237 seconds
CEM solve time: 52.9518 seconds
CEM solve time: 52.7996 seconds
CEM solve time: 51.8794 seconds
CEM solve time: 50.3014 seconds
CEM solve time: 49.6378 seconds
CEM solve time: 48.0468 seconds
CEM solve time: 46.3912 seconds
CEM solve time: 44.0705 seconds
CEM solve time: 41.0953 seconds
CEM solve time: 38.7187 seconds
CEM solve time: 36.5896 seconds
CEM solve time: 33.1630 seconds
CEM solve time: 29.4886 seconds
CEM solve time: 27.1377 seconds
CEM solve time: 26.4991 seconds
CEM solve time: 25.4666 seconds
CEM solve time: 24.8264 seconds
CEM solve time: 24.1858 seconds
CEM solve time: 24.1490 seconds
CEM solve time: 24.1844 seconds
CEM solve time: 24.1274 seconds
CEM solve time: 23.9377 seconds
CEM solve time: 23.9521 seconds
CEM solve time: 23.9637 seconds
CEM solve time: 23.9263 seconds
CEM solve time: 23.9720 seconds
CEM solve time: 23.9627 seconds
[RESULT] score=block angle=20deg  SR=56.25%  (144/256)
[specaccept] tau=0.2 gdm_steps=4 re-drafts=2728 advances=2327 rejects=1916 call_ratio=0.540 (every-step=1.000; lower = fewer diffusion calls)
[PIN] success = pos_diff<20 [block xy only (paper)] AND angle<5deg
CEM solve time: 54.7832 seconds
CEM solve time: 53.9113 seconds
CEM solve time: 53.7100 seconds
CEM solve time: 53.4411 seconds
CEM solve time: 53.4584 seconds
CEM solve time: 53.2347 seconds
CEM solve time: 53.0675 seconds
CEM solve time: 52.6539 seconds
CEM solve time: 52.0058 seconds
CEM solve time: 50.1200 seconds
CEM solve time: 48.3677 seconds
CEM solve time: 46.0173 seconds
CEM solve time: 43.2323 seconds
CEM solve time: 41.3027 seconds
CEM solve time: 38.0826 seconds
CEM solve time: 35.9242 seconds
CEM solve time: 34.1885 seconds
CEM solve time: 33.4883 seconds
CEM solve time: 32.8898 seconds
CEM solve time: 32.7087 seconds
CEM solve time: 31.6340 seconds
CEM solve time: 31.2097 seconds
CEM solve time: 30.5783 seconds
CEM solve time: 30.5415 seconds
CEM solve time: 30.3125 seconds
CEM solve time: 29.4811 seconds
CEM solve time: 28.8273 seconds
CEM solve time: 28.8310 seconds
CEM solve time: 28.4115 seconds
CEM solve time: 28.1456 seconds
[RESULT] score=block angle=5deg  SR=48.83%  (125/256)
[specaccept] tau=0.2 gdm_steps=4 re-drafts=2986 advances=2694 rejects=2092 call_ratio=0.526 (every-step=1.000; lower = fewer diffusion calls)

==== FF-JEPA eval summary ====
mode=long subgoal=specaccept num_eval=256 seed=43 cem_seed=43 eval_filter=none
  score=block   20deg :  56.25%  (144/256)
  score=block    5deg :  48.83%  (125/256)
