/lustre/home/ha676/le-wm/.venv/lib/python3.11/site-packages/stable_worldmodel/envs/__init__.py:215: UserWarning: ale-py not found; ALE/* envs are unavailable. Install with: pip install 'stable-worldmodel[env]' or pip install ale-py.
  from stable_worldmodel.envs import ale  # noqa: F401
2026-07-12 20:38:21.864 | INFO     | stable_worldmodel.wm.utils:_resolve_hf:149 - Loading quentinll/lewm-pusht from local cache...
2026-07-12 20:38:21.865 | INFO     | stable_worldmodel.wm.utils:_resolve_folder:137 - Loading checkpoint from folder /lustre/home/ha676/.stable_worldmodel/checkpoints/models--quentinll--lewm-pusht...
/lustre/home/ha676/le-wm/.venv/lib/python3.11/site-packages/stable_worldmodel/wm/utils.py:80: FutureWarning: You are using `torch.load` with `weights_only=False` (the current default value), which uses the default pickle module implicitly. It is possible to construct malicious pickle data which will execute arbitrary code during unpickling (See https://github.com/pytorch/pytorch/blob/main/SECURITY.md#untrusted-models for more details). In a future release, the default value for `weights_only` will be flipped to `True`. This limits the functions that could be executed during unpickling. Arbitrary objects will no longer be allowed to be loaded via this mode unless they are explicitly allowlisted by the user via `torch.serialization.add_safe_globals`. We recommend you start setting `weights_only=True` for any use case where you don't have full control of the loaded file. Please open an issue on GitHub for any issues related to this experimental feature.
  state_dict = torch.load(checkpoint_path, map_location='cpu')
20:38:26 | INFO  | atomic_chec~| [atomic_save] installed crash-safe checkpoint plugin (write to sibling .tmp + fsync + atomic rename)
20:38:26 | INFO  | utils.py    | Created ViT-tiny from scratch with config: {'hidden_size': 192, 'num_hidden_layers': 12, 'num_attention_heads': 3, 'intermediate_size': 768, 'image_size': 224, 'patch_size': 14}
[model] frozen LeWM (18.03M), device=cuda, training=False, subgoal=gdm
[gdm] planner from gdm_stride10.pt: head=53.34M, N=3 WG=1 gamma=1.0 T=1000 sampler=ddim/8-steps param=eps schedule=linear norm=standardize
20:38:27 | INFO  | __init__.py | Cached 'action' from '/lustre/home/ha676/data/pusht/pusht_expert_train.h5'
20:38:27 | INFO  | __init__.py | Cached 'proprio' from '/lustre/home/ha676/data/pusht/pusht_expert_train.h5'
20:38:28 | INFO  | __init__.py | Cached 'state' from '/lustre/home/ha676/data/pusht/pusht_expert_train.h5'
/lustre/home/ha676/le-wm/.venv/lib/python3.11/site-packages/gymnasium/spaces/box.py:415: UserWarning: [33mWARN: Casting input x to numpy array.[0m
  gym.logger.warn("Casting input x to numpy array.")
/lustre/home/ha676/le-wm/.venv/lib/python3.11/site-packages/gymnasium/utils/passive_env_checker.py:157: UserWarning: [33mWARN: The obs returned by the `step()` method is not within the observation space.[0m
  logger.warn(f"{pre} is not within the observation space.")
/lustre/home/ha676/le-wm/.venv/lib/python3.11/site-packages/gymnasium/spaces/box.py:415: UserWarning: [33mWARN: Casting input x to numpy array.[0m
  gym.logger.warn("Casting input x to numpy array.")
/lustre/home/ha676/le-wm/.venv/lib/python3.11/site-packages/gymnasium/utils/passive_env_checker.py:157: UserWarning: [33mWARN: The obs returned by the `step()` method is not within the observation space.[0m
  logger.warn(f"{pre} is not within the observation space.")
[episodes-file] pusht.episodes150.json: 256 precomputed pairs (goal_offset=150, seed=42, eval_filter=None) -- sample_long/short bypassed
[eval] mode=long start=final num_eval=256 goal_offset=150 budget=300 eval_filter=none
[eval] episodes_idx[:5]=[636, 688, 700, 834, 850] start_steps[:5]=[7, 7, 7, 34, 34]
[PIN] success = pos_diff<20 [block xy only (paper)] AND angle<20deg
CEM solve time: 54.6502 seconds
CEM solve time: 53.3276 seconds
CEM solve time: 53.0650 seconds
CEM solve time: 52.8502 seconds
CEM solve time: 51.6058 seconds
CEM solve time: 50.7138 seconds
CEM solve time: 50.1022 seconds
CEM solve time: 49.5536 seconds
CEM solve time: 47.7767 seconds
CEM solve time: 45.4530 seconds
CEM solve time: 42.8528 seconds
CEM solve time: 40.7105 seconds
CEM solve time: 37.5374 seconds
CEM solve time: 35.1907 seconds
CEM solve time: 31.9766 seconds
CEM solve time: 29.6507 seconds
CEM solve time: 27.7309 seconds
CEM solve time: 26.0554 seconds
CEM solve time: 25.8366 seconds
CEM solve time: 25.1770 seconds
CEM solve time: 24.0996 seconds
CEM solve time: 23.4503 seconds
CEM solve time: 23.0226 seconds
CEM solve time: 22.8163 seconds
CEM solve time: 22.8238 seconds
CEM solve time: 22.6173 seconds
CEM solve time: 22.1792 seconds
CEM solve time: 22.1933 seconds
CEM solve time: 22.1877 seconds
CEM solve time: 22.1847 seconds
[RESULT] score=block angle=20deg  SR=59.38%  (152/256)
[PIN] success = pos_diff<20 [block xy only (paper)] AND angle<5deg
CEM solve time: 54.5832 seconds
CEM solve time: 53.7628 seconds
CEM solve time: 53.5821 seconds
CEM solve time: 53.3548 seconds
CEM solve time: 52.8914 seconds
CEM solve time: 52.6196 seconds
CEM solve time: 52.6653 seconds
CEM solve time: 52.1200 seconds
CEM solve time: 51.4457 seconds
CEM solve time: 50.0539 seconds
CEM solve time: 48.7606 seconds
CEM solve time: 46.6409 seconds
CEM solve time: 43.2064 seconds
CEM solve time: 40.0072 seconds
CEM solve time: 37.8390 seconds
CEM solve time: 35.7203 seconds
CEM solve time: 34.0589 seconds
CEM solve time: 33.2059 seconds
CEM solve time: 32.1155 seconds
CEM solve time: 30.6549 seconds
CEM solve time: 30.0132 seconds
CEM solve time: 29.8262 seconds
CEM solve time: 29.8105 seconds
CEM solve time: 29.6092 seconds
CEM solve time: 29.4091 seconds
CEM solve time: 29.3914 seconds
CEM solve time: 29.3874 seconds
CEM solve time: 29.3824 seconds
CEM solve time: 28.9726 seconds
CEM solve time: 28.7487 seconds
[RESULT] score=block angle=5deg  SR=47.66%  (122/256)

==== FF-JEPA eval summary ====
mode=long subgoal=gdm num_eval=256 seed=45 cem_seed=45 eval_filter=none
  score=block   20deg :  59.38%  (152/256)
  score=block    5deg :  47.66%  (122/256)
