=== pusht rh-sweep: horizon RH=1 t=75 budget=150 seed=43 ===
/lustre/home/ha676/le-wm/.venv/lib/python3.11/site-packages/stable_worldmodel/envs/__init__.py:215: UserWarning: ale-py not found; ALE/* envs are unavailable. Install with: pip install 'stable-worldmodel[env]' or pip install ale-py.
  from stable_worldmodel.envs import ale  # noqa: F401
2026-07-12 13:05:53.074 | INFO     | stable_worldmodel.wm.utils:_resolve_hf:149 - Loading quentinll/lewm-pusht from local cache...
2026-07-12 13:05:53.075 | INFO     | stable_worldmodel.wm.utils:_resolve_folder:137 - Loading checkpoint from folder /lustre/home/ha676/.stable_worldmodel/checkpoints/models--quentinll--lewm-pusht...
/lustre/home/ha676/le-wm/.venv/lib/python3.11/site-packages/stable_worldmodel/wm/utils.py:80: FutureWarning: You are using `torch.load` with `weights_only=False` (the current default value), which uses the default pickle module implicitly. It is possible to construct malicious pickle data which will execute arbitrary code during unpickling (See https://github.com/pytorch/pytorch/blob/main/SECURITY.md#untrusted-models for more details). In a future release, the default value for `weights_only` will be flipped to `True`. This limits the functions that could be executed during unpickling. Arbitrary objects will no longer be allowed to be loaded via this mode unless they are explicitly allowlisted by the user via `torch.serialization.add_safe_globals`. We recommend you start setting `weights_only=True` for any use case where you don't have full control of the loaded file. Please open an issue on GitHub for any issues related to this experimental feature.
  state_dict = torch.load(checkpoint_path, map_location='cpu')
13:05:58 | INFO  | atomic_chec~| [atomic_save] installed crash-safe checkpoint plugin (write to sibling .tmp + fsync + atomic rename)
13:05:59 | INFO  | utils.py    | Created ViT-tiny from scratch with config: {'hidden_size': 192, 'num_hidden_layers': 12, 'num_attention_heads': 3, 'intermediate_size': 768, 'image_size': 224, 'patch_size': 14}
[model] frozen LeWM (18.03M), device=cuda, training=False, subgoal=baseline
13:05:59 | INFO  | __init__.py | Cached 'action' from '/lustre/home/ha676/data/pusht/pusht_expert_train.h5'
13:05:59 | INFO  | __init__.py | Cached 'proprio' from '/lustre/home/ha676/data/pusht/pusht_expert_train.h5'
13:05:59 | INFO  | __init__.py | Cached 'state' from '/lustre/home/ha676/data/pusht/pusht_expert_train.h5'
/lustre/home/ha676/le-wm/.venv/lib/python3.11/site-packages/gymnasium/spaces/box.py:415: UserWarning: [33mWARN: Casting input x to numpy array.[0m
  gym.logger.warn("Casting input x to numpy array.")
/lustre/home/ha676/le-wm/.venv/lib/python3.11/site-packages/gymnasium/utils/passive_env_checker.py:157: UserWarning: [33mWARN: The obs returned by the `step()` method is not within the observation space.[0m
  logger.warn(f"{pre} is not within the observation space.")
/lustre/home/ha676/le-wm/.venv/lib/python3.11/site-packages/gymnasium/spaces/box.py:415: UserWarning: [33mWARN: Casting input x to numpy array.[0m
  gym.logger.warn("Casting input x to numpy array.")
/lustre/home/ha676/le-wm/.venv/lib/python3.11/site-packages/gymnasium/utils/passive_env_checker.py:157: UserWarning: [33mWARN: The obs returned by the `step()` method is not within the observation space.[0m
  logger.warn(f"{pre} is not within the observation space.")
[episodes-file] pusht.episodes150as75.json: 256 precomputed pairs (goal_offset=75, seed=42, eval_filter=None) -- sample_long/short bypassed
[eval] mode=long start=final num_eval=256 goal_offset=75 budget=150 eval_filter=none
[eval] episodes_idx[:5]=[636, 688, 700, 834, 850] start_steps[:5]=[82, 82, 82, 109, 109]
[PIN] success = pos_diff<20 [block xy only (paper)] AND angle<20deg
CEM solve time: 27.9811 seconds
CEM solve time: 18.5488 seconds
CEM solve time: 18.1114 seconds
CEM solve time: 18.0037 seconds
CEM solve time: 17.8931 seconds
CEM solve time: 17.8935 seconds
CEM solve time: 17.8920 seconds
CEM solve time: 17.8862 seconds
CEM solve time: 17.8942 seconds
CEM solve time: 17.9001 seconds
CEM solve time: 17.9046 seconds
CEM solve time: 17.9008 seconds
CEM solve time: 17.9009 seconds
CEM solve time: 17.8878 seconds
CEM solve time: 17.8917 seconds
CEM solve time: 17.8905 seconds
CEM solve time: 17.8903 seconds
CEM solve time: 17.8843 seconds
CEM solve time: 17.8825 seconds
CEM solve time: 17.8810 seconds
CEM solve time: 17.8748 seconds
CEM solve time: 17.8649 seconds
CEM solve time: 17.8675 seconds
CEM solve time: 17.8646 seconds
CEM solve time: 17.8622 seconds
CEM solve time: 17.7400 seconds
CEM solve time: 17.7516 seconds
CEM solve time: 17.7557 seconds
CEM solve time: 17.7522 seconds
CEM solve time: 17.7562 seconds
[RESULT] score=block angle=20deg  SR=35.55%  (91/256)
[PIN] success = pos_diff<20 [block xy only (paper)] AND angle<5deg
CEM solve time: 27.6549 seconds
CEM solve time: 22.6643 seconds
CEM solve time: 22.3529 seconds
CEM solve time: 22.3560 seconds
CEM solve time: 22.2357 seconds
CEM solve time: 22.2373 seconds
CEM solve time: 22.2622 seconds
CEM solve time: 22.2552 seconds
CEM solve time: 22.2570 seconds
CEM solve time: 22.2590 seconds
CEM solve time: 22.3062 seconds
CEM solve time: 22.2568 seconds
CEM solve time: 22.1575 seconds
CEM solve time: 22.1459 seconds
CEM solve time: 22.1513 seconds
CEM solve time: 22.1700 seconds
CEM solve time: 22.1564 seconds
CEM solve time: 22.1478 seconds
CEM solve time: 22.1514 seconds
CEM solve time: 22.1549 seconds
CEM solve time: 22.1455 seconds
CEM solve time: 22.1542 seconds
CEM solve time: 22.1470 seconds
CEM solve time: 22.1604 seconds
CEM solve time: 22.1510 seconds
CEM solve time: 22.1532 seconds
CEM solve time: 22.1545 seconds
CEM solve time: 22.1637 seconds
CEM solve time: 22.1474 seconds
CEM solve time: 22.0209 seconds
[RESULT] score=block angle=5deg  SR=20.31%  (52/256)

==== FF-JEPA eval summary ====
mode=long subgoal=baseline num_eval=256 seed=43 cem_seed=43 eval_filter=none
  score=block   20deg :  35.55%  (91/256)
  score=block    5deg :  20.31%  (52/256)
