/lustre/home/ha676/le-wm/.venv/lib/python3.11/site-packages/stable_worldmodel/envs/__init__.py:215: UserWarning: ale-py not found; ALE/* envs are unavailable. Install with: pip install 'stable-worldmodel[env]' or pip install ale-py.
  from stable_worldmodel.envs import ale  # noqa: F401
2026-07-12 23:27:27.223 | INFO     | stable_worldmodel.wm.utils:_resolve_hf:149 - Loading quentinll/lewm-pusht from local cache...
2026-07-12 23:27:27.224 | INFO     | stable_worldmodel.wm.utils:_resolve_folder:137 - Loading checkpoint from folder /lustre/home/ha676/.stable_worldmodel/checkpoints/models--quentinll--lewm-pusht...
/lustre/home/ha676/le-wm/.venv/lib/python3.11/site-packages/stable_worldmodel/wm/utils.py:80: FutureWarning: You are using `torch.load` with `weights_only=False` (the current default value), which uses the default pickle module implicitly. It is possible to construct malicious pickle data which will execute arbitrary code during unpickling (See https://github.com/pytorch/pytorch/blob/main/SECURITY.md#untrusted-models for more details). In a future release, the default value for `weights_only` will be flipped to `True`. This limits the functions that could be executed during unpickling. Arbitrary objects will no longer be allowed to be loaded via this mode unless they are explicitly allowlisted by the user via `torch.serialization.add_safe_globals`. We recommend you start setting `weights_only=True` for any use case where you don't have full control of the loaded file. Please open an issue on GitHub for any issues related to this experimental feature.
  state_dict = torch.load(checkpoint_path, map_location='cpu')
23:27:34 | INFO  | atomic_chec~| [atomic_save] installed crash-safe checkpoint plugin (write to sibling .tmp + fsync + atomic rename)
23:27:35 | INFO  | utils.py    | Created ViT-tiny from scratch with config: {'hidden_size': 192, 'num_hidden_layers': 12, 'num_attention_heads': 3, 'intermediate_size': 768, 'image_size': 224, 'patch_size': 14}
[model] frozen LeWM (18.03M), device=cuda, training=False, subgoal=gdm
[gdm] planner from gdm_stride10.pt: head=53.34M, N=3 WG=1 gamma=1.0 T=1000 sampler=ddim/2-steps param=eps schedule=linear norm=standardize
23:27:36 | INFO  | __init__.py | Cached 'action' from '/lustre/home/ha676/data/pusht/pusht_expert_train.h5'
23:27:36 | INFO  | __init__.py | Cached 'proprio' from '/lustre/home/ha676/data/pusht/pusht_expert_train.h5'
23:27:36 | INFO  | __init__.py | Cached 'state' from '/lustre/home/ha676/data/pusht/pusht_expert_train.h5'
/lustre/home/ha676/le-wm/.venv/lib/python3.11/site-packages/gymnasium/spaces/box.py:415: UserWarning: [33mWARN: Casting input x to numpy array.[0m
  gym.logger.warn("Casting input x to numpy array.")
/lustre/home/ha676/le-wm/.venv/lib/python3.11/site-packages/gymnasium/utils/passive_env_checker.py:157: UserWarning: [33mWARN: The obs returned by the `step()` method is not within the observation space.[0m
  logger.warn(f"{pre} is not within the observation space.")
/lustre/home/ha676/le-wm/.venv/lib/python3.11/site-packages/gymnasium/spaces/box.py:415: UserWarning: [33mWARN: Casting input x to numpy array.[0m
  gym.logger.warn("Casting input x to numpy array.")
/lustre/home/ha676/le-wm/.venv/lib/python3.11/site-packages/gymnasium/utils/passive_env_checker.py:157: UserWarning: [33mWARN: The obs returned by the `step()` method is not within the observation space.[0m
  logger.warn(f"{pre} is not within the observation space.")
[episodes-file] pusht.episodes150as100.json: 256 precomputed pairs (goal_offset=100, seed=42, eval_filter=None) -- sample_long/short bypassed
[eval] mode=long start=final num_eval=256 goal_offset=100 budget=200 eval_filter=none
[eval] episodes_idx[:5]=[636, 688, 700, 834, 850] start_steps[:5]=[57, 57, 57, 84, 84]
[PIN] success = pos_diff<20 [block xy only (paper)] AND angle<20deg
CEM solve time: 54.6868 seconds
CEM solve time: 47.3463 seconds
CEM solve time: 46.8864 seconds
CEM solve time: 45.2424 seconds
CEM solve time: 42.0784 seconds
CEM solve time: 39.7725 seconds
CEM solve time: 36.8961 seconds
CEM solve time: 34.3589 seconds
CEM solve time: 32.6420 seconds
CEM solve time: 30.7463 seconds
CEM solve time: 29.8849 seconds
CEM solve time: 29.4118 seconds
CEM solve time: 28.8122 seconds
CEM solve time: 28.1909 seconds
CEM solve time: 26.8289 seconds
CEM solve time: 26.8514 seconds
CEM solve time: 26.4617 seconds
CEM solve time: 26.0758 seconds
CEM solve time: 25.3761 seconds
CEM solve time: 24.0980 seconds
[RESULT] score=block angle=20deg  SR=55.86%  (143/256)
[PIN] success = pos_diff<20 [block xy only (paper)] AND angle<5deg
CEM solve time: 54.6118 seconds
CEM solve time: 50.3974 seconds
CEM solve time: 50.1426 seconds
CEM solve time: 49.1480 seconds
CEM solve time: 47.7543 seconds
CEM solve time: 45.9307 seconds
CEM solve time: 43.9762 seconds
CEM solve time: 41.4623 seconds
CEM solve time: 40.3316 seconds
CEM solve time: 38.7986 seconds
CEM solve time: 38.1770 seconds
CEM solve time: 37.7632 seconds
CEM solve time: 36.6807 seconds
CEM solve time: 35.5922 seconds
CEM solve time: 34.5308 seconds
CEM solve time: 33.6957 seconds
CEM solve time: 33.0547 seconds
CEM solve time: 32.8130 seconds
CEM solve time: 32.5951 seconds
CEM solve time: 32.3947 seconds
[RESULT] score=block angle=5deg  SR=41.80%  (107/256)

==== FF-JEPA eval summary ====
mode=long subgoal=gdm num_eval=256 seed=43 cem_seed=43 eval_filter=none
  score=block   20deg :  55.86%  (143/256)
  score=block    5deg :  41.80%  (107/256)
