/lustre/home/ha676/le-wm/.venv/lib/python3.11/site-packages/stable_worldmodel/envs/__init__.py:215: UserWarning: ale-py not found; ALE/* envs are unavailable. Install with: pip install 'stable-worldmodel[env]' or pip install ale-py.
  from stable_worldmodel.envs import ale  # noqa: F401
2026-07-12 20:26:49.028 | INFO     | stable_worldmodel.wm.utils:_resolve_hf:149 - Loading quentinll/lewm-pusht from local cache...
2026-07-12 20:26:49.029 | INFO     | stable_worldmodel.wm.utils:_resolve_folder:137 - Loading checkpoint from folder /lustre/home/ha676/.stable_worldmodel/checkpoints/models--quentinll--lewm-pusht...
/lustre/home/ha676/le-wm/.venv/lib/python3.11/site-packages/stable_worldmodel/wm/utils.py:80: FutureWarning: You are using `torch.load` with `weights_only=False` (the current default value), which uses the default pickle module implicitly. It is possible to construct malicious pickle data which will execute arbitrary code during unpickling (See https://github.com/pytorch/pytorch/blob/main/SECURITY.md#untrusted-models for more details). In a future release, the default value for `weights_only` will be flipped to `True`. This limits the functions that could be executed during unpickling. Arbitrary objects will no longer be allowed to be loaded via this mode unless they are explicitly allowlisted by the user via `torch.serialization.add_safe_globals`. We recommend you start setting `weights_only=True` for any use case where you don't have full control of the loaded file. Please open an issue on GitHub for any issues related to this experimental feature.
  state_dict = torch.load(checkpoint_path, map_location='cpu')
20:26:54 | INFO  | atomic_chec~| [atomic_save] installed crash-safe checkpoint plugin (write to sibling .tmp + fsync + atomic rename)
20:26:54 | INFO  | utils.py    | Created ViT-tiny from scratch with config: {'hidden_size': 192, 'num_hidden_layers': 12, 'num_attention_heads': 3, 'intermediate_size': 768, 'image_size': 224, 'patch_size': 14}
[model] frozen LeWM (18.03M), device=cuda, training=False, subgoal=gdm
[gdm] planner from gdm_stride10.pt: head=53.34M, N=3 WG=1 gamma=2.0 T=1000 sampler=ddim/50-steps param=eps schedule=linear norm=standardize
20:26:55 | INFO  | __init__.py | Cached 'action' from '/lustre/home/ha676/data/pusht/pusht_expert_train.h5'
20:26:55 | INFO  | __init__.py | Cached 'proprio' from '/lustre/home/ha676/data/pusht/pusht_expert_train.h5'
20:26:55 | INFO  | __init__.py | Cached 'state' from '/lustre/home/ha676/data/pusht/pusht_expert_train.h5'
/lustre/home/ha676/le-wm/.venv/lib/python3.11/site-packages/gymnasium/spaces/box.py:415: UserWarning: [33mWARN: Casting input x to numpy array.[0m
  gym.logger.warn("Casting input x to numpy array.")
/lustre/home/ha676/le-wm/.venv/lib/python3.11/site-packages/gymnasium/utils/passive_env_checker.py:157: UserWarning: [33mWARN: The obs returned by the `step()` method is not within the observation space.[0m
  logger.warn(f"{pre} is not within the observation space.")
/lustre/home/ha676/le-wm/.venv/lib/python3.11/site-packages/gymnasium/spaces/box.py:415: UserWarning: [33mWARN: Casting input x to numpy array.[0m
  gym.logger.warn("Casting input x to numpy array.")
/lustre/home/ha676/le-wm/.venv/lib/python3.11/site-packages/gymnasium/utils/passive_env_checker.py:157: UserWarning: [33mWARN: The obs returned by the `step()` method is not within the observation space.[0m
  logger.warn(f"{pre} is not within the observation space.")
[episodes-file] pusht.episodes150.json: 256 precomputed pairs (goal_offset=150, seed=42, eval_filter=None) -- sample_long/short bypassed
[eval] mode=long start=final num_eval=256 goal_offset=150 budget=300 eval_filter=none
[eval] episodes_idx[:5]=[636, 688, 700, 834, 850] start_steps[:5]=[7, 7, 7, 34, 34]
[PIN] success = pos_diff<20 [block xy only (paper)] AND angle<20deg
CEM solve time: 54.8126 seconds
CEM solve time: 53.4292 seconds
CEM solve time: 52.8377 seconds
CEM solve time: 52.6400 seconds
CEM solve time: 52.4227 seconds
CEM solve time: 52.3428 seconds
CEM solve time: 51.6718 seconds
CEM solve time: 51.6707 seconds
CEM solve time: 51.6156 seconds
CEM solve time: 51.6050 seconds
CEM solve time: 51.1989 seconds
CEM solve time: 50.9645 seconds
CEM solve time: 50.9649 seconds
CEM solve time: 50.8161 seconds
CEM solve time: 50.8085 seconds
CEM solve time: 50.3561 seconds
CEM solve time: 50.1295 seconds
CEM solve time: 50.1525 seconds
CEM solve time: 50.1549 seconds
CEM solve time: 50.1499 seconds
CEM solve time: 50.1334 seconds
CEM solve time: 50.1643 seconds
CEM solve time: 49.9534 seconds
CEM solve time: 49.9679 seconds
CEM solve time: 49.9829 seconds
CEM solve time: 49.9968 seconds
CEM solve time: 49.9614 seconds
CEM solve time: 49.7073 seconds
CEM solve time: 49.6999 seconds
CEM solve time: 49.6965 seconds
[RESULT] score=block angle=20deg  SR=8.98%  (23/256)
[PIN] success = pos_diff<20 [block xy only (paper)] AND angle<5deg
CEM solve time: 54.6623 seconds
CEM solve time: 53.8161 seconds
CEM solve time: 53.8279 seconds
CEM solve time: 53.8635 seconds
CEM solve time: 53.6030 seconds
CEM solve time: 53.3953 seconds
CEM solve time: 53.4227 seconds
CEM solve time: 53.4402 seconds
CEM solve time: 52.9750 seconds
CEM solve time: 53.0066 seconds
CEM solve time: 52.9738 seconds
CEM solve time: 52.9819 seconds
CEM solve time: 52.9760 seconds
CEM solve time: 52.9736 seconds
CEM solve time: 52.8342 seconds
CEM solve time: 52.8302 seconds
CEM solve time: 52.8024 seconds
CEM solve time: 52.8022 seconds
CEM solve time: 52.7966 seconds
CEM solve time: 52.7917 seconds
CEM solve time: 52.8210 seconds
CEM solve time: 52.8162 seconds
CEM solve time: 52.8089 seconds
CEM solve time: 52.7939 seconds
CEM solve time: 52.8061 seconds
CEM solve time: 52.8236 seconds
CEM solve time: 52.8100 seconds
CEM solve time: 52.8071 seconds
CEM solve time: 52.7952 seconds
CEM solve time: 52.7809 seconds
[RESULT] score=block angle=5deg  SR=3.52%  (9/256)

==== FF-JEPA eval summary ====
mode=long subgoal=gdm num_eval=256 seed=42 cem_seed=42 eval_filter=none
  score=block   20deg :   8.98%  (23/256)
  score=block    5deg :   3.52%  (9/256)
