=== train gdm_stride5.pt (faithful recipe, subgoal-step 5) ===
[cfg] {'subgoals': 'subgoals_dense_full.pt', 'out': 'gdm_stride5.pt', 'device': 'cuda', 'seed': 42, 'mask': '5', 'custom_mask_file': None, 'window_rule': 'clamp', 'subgoal_step': 5, 'latent_dim': 192, 'n_future': 3, 'wg': 1, 'hidden': 512, 'depth': 11, 'heads': 8, 'mlp_ratio': 4.0, 'goal_cond': False, 'goal_rule': 'final', 'goal_gap': None, 'goal_gap_max': None, 'timesteps': 1000, 'parameterization': 'eps', 'schedule': 'linear', 'min_snr_gamma': 0.0, 'sampler': 'ddim', 'normalization': 'standardize', 'epochs': 20, 'batch_size': 128, 'lr': 5e-05, 'weight_decay': 0.001, 'grad_clip': 1.0, 'lr_schedule': 'warmup_cosine', 'warmup_frac': 0.01, 'amp': True, 'ema_decay': 0.0, 'num_workers': 0, 'log_every': 500}
[data] mask=5deg: 9094 episodes used; 1100325 (cond,target) pairs; window_rule=clamp; file_stride=1 subgoal_step=5 => subgoal horizon = 5 frames
[norm] native ||z|| mean=13.81 (sqrt(D)=13.86); standardize per-dim (mean|.|=0.055, std mean=0.994)
[model] GDM (DiT) head params = 53.34M (hidden=512 depth=11 heads=8); diffusion T=1000 param=eps schedule=linear sampler=ddim norm=standardize min_snr_gamma=0.0
[sched] warmup_cosine: total_steps=171940 warmup=1719 peak_lr=5.0e-05 -> 0 (eta_min)
  [iter 500] loss=0.19608 (run 0.78408, 58s, 117ms/it)
  [iter 1000] loss=0.12708 (run 0.46680, 89s, 89ms/it)
  [iter 1500] loss=0.13680 (run 0.35219, 120s, 80ms/it)
  [iter 2000] loss=0.10788 (run 0.29017, 151s, 75ms/it)
  [iter 2500] loss=0.09260 (run 0.24998, 181s, 73ms/it)
  [iter 3000] loss=0.07776 (run 0.22163, 212s, 71ms/it)
  [iter 3500] loss=0.05802 (run 0.20037, 243s, 69ms/it)
  [iter 4000] loss=0.07051 (run 0.18375, 273s, 68ms/it)
  [iter 4500] loss=0.03874 (run 0.17043, 303s, 67ms/it)
  [iter 5000] loss=0.05475 (run 0.15953, 334s, 67ms/it)
  [iter 5500] loss=0.05776 (run 0.15020, 364s, 66ms/it)
  [iter 6000] loss=0.04105 (run 0.14236, 394s, 66ms/it)
  [iter 6500] loss=0.05577 (run 0.13552, 425s, 65ms/it)
  [iter 7000] loss=0.04901 (run 0.12943, 455s, 65ms/it)
  [iter 7500] loss=0.06970 (run 0.12425, 485s, 65ms/it)
  [iter 8000] loss=0.05613 (run 0.11954, 516s, 64ms/it)
  [iter 8500] loss=0.06387 (run 0.11536, 546s, 64ms/it)
[epoch 01/20] loss=0.11462 iters=8597 (552s)
  [iter 9000] loss=0.03695 (run 0.04740, 576s, 64ms/it)
  [iter 9500] loss=0.02756 (run 0.04632, 607s, 64ms/it)
  [iter 10000] loss=0.04224 (run 0.04589, 637s, 64ms/it)
  [iter 10500] loss=0.04670 (run 0.04542, 667s, 64ms/it)
  [iter 11000] loss=0.03996 (run 0.04497, 698s, 63ms/it)
  [iter 11500] loss=0.03752 (run 0.04457, 728s, 63ms/it)
  [iter 12000] loss=0.04551 (run 0.04406, 758s, 63ms/it)
  [iter 12500] loss=0.04542 (run 0.04374, 789s, 63ms/it)
  [iter 13000] loss=0.05312 (run 0.04336, 819s, 63ms/it)
  [iter 13500] loss=0.06166 (run 0.04298, 849s, 63ms/it)
  [iter 14000] loss=0.03102 (run 0.04264, 880s, 63ms/it)
  [iter 14500] loss=0.03710 (run 0.04225, 910s, 63ms/it)
  [iter 15000] loss=0.03136 (run 0.04190, 941s, 63ms/it)
  [iter 15500] loss=0.05114 (run 0.04154, 971s, 63ms/it)
  [iter 16000] loss=0.03353 (run 0.04126, 1001s, 63ms/it)
  [iter 16500] loss=0.03161 (run 0.04098, 1031s, 63ms/it)
  [iter 17000] loss=0.04640 (run 0.04067, 1062s, 62ms/it)
[epoch 02/20] loss=0.04057 iters=17194 (1074s)
  [iter 17500] loss=0.03360 (run 0.03519, 1092s, 62ms/it)
  [iter 18000] loss=0.04863 (run 0.03536, 1122s, 62ms/it)
  [iter 18500] loss=0.03002 (run 0.03521, 1152s, 62ms/it)
  [iter 19000] loss=0.04090 (run 0.03475, 1183s, 62ms/it)
  [iter 19500] loss=0.02008 (run 0.03465, 1213s, 62ms/it)
  [iter 20000] loss=0.03566 (run 0.03446, 1243s, 62ms/it)
  [iter 20500] loss=0.02896 (run 0.03431, 1274s, 62ms/it)
  [iter 21000] loss=0.03326 (run 0.03417, 1304s, 62ms/it)
  [iter 21500] loss=0.03376 (run 0.03400, 1334s, 62ms/it)
  [iter 22000] loss=0.03610 (run 0.03381, 1365s, 62ms/it)
  [iter 22500] loss=0.02213 (run 0.03363, 1395s, 62ms/it)
  [iter 23000] loss=0.02235 (run 0.03344, 1425s, 62ms/it)
  [iter 23500] loss=0.03333 (run 0.03328, 1456s, 62ms/it)
  [iter 24000] loss=0.02936 (run 0.03309, 1486s, 62ms/it)
  [iter 24500] loss=0.02403 (run 0.03298, 1516s, 62ms/it)
  [iter 25000] loss=0.03177 (run 0.03281, 1547s, 62ms/it)
  [iter 25500] loss=0.02460 (run 0.03261, 1577s, 62ms/it)
[epoch 03/20] loss=0.03254 iters=25791 (1594s)
  [iter 26000] loss=0.04001 (run 0.02992, 1607s, 62ms/it)
  [iter 26500] loss=0.01806 (run 0.02964, 1637s, 62ms/it)
  [iter 27000] loss=0.02323 (run 0.02974, 1668s, 62ms/it)
  [iter 27500] loss=0.03140 (run 0.02975, 1698s, 62ms/it)
  [iter 28000] loss=0.03739 (run 0.02949, 1728s, 62ms/it)
  [iter 28500] loss=0.02563 (run 0.02929, 1758s, 62ms/it)
  [iter 29000] loss=0.01907 (run 0.02912, 1787s, 62ms/it)
  [iter 29500] loss=0.03345 (run 0.02900, 1817s, 62ms/it)
  [iter 30000] loss=0.01425 (run 0.02894, 1848s, 62ms/it)
  [iter 30500] loss=0.02911 (run 0.02886, 1878s, 62ms/it)
  [iter 31000] loss=0.01846 (run 0.02874, 1908s, 62ms/it)
  [iter 31500] loss=0.02484 (run 0.02866, 1939s, 62ms/it)
  [iter 32000] loss=0.03006 (run 0.02855, 1969s, 62ms/it)
  [iter 32500] loss=0.02553 (run 0.02845, 1999s, 62ms/it)
  [iter 33000] loss=0.02547 (run 0.02834, 2030s, 62ms/it)
  [iter 33500] loss=0.02085 (run 0.02825, 2060s, 61ms/it)
  [iter 34000] loss=0.02603 (run 0.02816, 2090s, 61ms/it)
[epoch 04/20] loss=0.02809 iters=34388 (2114s)
  [iter 34500] loss=0.02064 (run 0.02594, 2121s, 61ms/it)
  [iter 35000] loss=0.02703 (run 0.02613, 2151s, 61ms/it)
  [iter 35500] loss=0.01900 (run 0.02580, 2181s, 61ms/it)
  [iter 36000] loss=0.02274 (run 0.02586, 2211s, 61ms/it)
  [iter 36500] loss=0.03701 (run 0.02579, 2241s, 61ms/it)
  [iter 37000] loss=0.02445 (run 0.02570, 2270s, 61ms/it)
  [iter 37500] loss=0.02177 (run 0.02573, 2301s, 61ms/it)
  [iter 38000] loss=0.00893 (run 0.02565, 2331s, 61ms/it)
  [iter 38500] loss=0.01899 (run 0.02553, 2361s, 61ms/it)
  [iter 39000] loss=0.01699 (run 0.02550, 2392s, 61ms/it)
  [iter 39500] loss=0.01754 (run 0.02544, 2422s, 61ms/it)
  [iter 40000] loss=0.04273 (run 0.02537, 2452s, 61ms/it)
  [iter 40500] loss=0.04050 (run 0.02530, 2481s, 61ms/it)
  [iter 41000] loss=0.02672 (run 0.02523, 2510s, 61ms/it)
  [iter 41500] loss=0.02048 (run 0.02517, 2539s, 61ms/it)
  [iter 42000] loss=0.02722 (run 0.02509, 2569s, 61ms/it)
  [iter 42500] loss=0.01909 (run 0.02505, 2600s, 61ms/it)
[epoch 05/20] loss=0.02498 iters=42985 (2629s)
  [iter 43000] loss=0.02124 (run 0.02391, 2630s, 61ms/it)
  [iter 43500] loss=0.02395 (run 0.02323, 2660s, 61ms/it)
  [iter 44000] loss=0.02559 (run 0.02351, 2690s, 61ms/it)
  [iter 44500] loss=0.02418 (run 0.02333, 2721s, 61ms/it)
  [iter 45000] loss=0.02456 (run 0.02325, 2751s, 61ms/it)
  [iter 45500] loss=0.02927 (run 0.02327, 2781s, 61ms/it)
  [iter 46000] loss=0.01667 (run 0.02326, 2812s, 61ms/it)
  [iter 46500] loss=0.02178 (run 0.02323, 2842s, 61ms/it)
  [iter 47000] loss=0.01904 (run 0.02319, 2872s, 61ms/it)
  [iter 47500] loss=0.02206 (run 0.02308, 2902s, 61ms/it)
  [iter 48000] loss=0.02916 (run 0.02302, 2932s, 61ms/it)
  [iter 48500] loss=0.02031 (run 0.02302, 2962s, 61ms/it)
  [iter 49000] loss=0.02517 (run 0.02298, 2993s, 61ms/it)
  [iter 49500] loss=0.02861 (run 0.02292, 3023s, 61ms/it)
  [iter 50000] loss=0.02079 (run 0.02287, 3053s, 61ms/it)
  [iter 50500] loss=0.04172 (run 0.02284, 3084s, 61ms/it)
  [iter 51000] loss=0.01554 (run 0.02280, 3114s, 61ms/it)
  [iter 51500] loss=0.02255 (run 0.02274, 3144s, 61ms/it)
[epoch 06/20] loss=0.02273 iters=51582 (3149s)
  [iter 52000] loss=0.02317 (run 0.02093, 3175s, 61ms/it)
  [iter 52500] loss=0.03471 (run 0.02123, 3205s, 61ms/it)
  [iter 53000] loss=0.02055 (run 0.02160, 3235s, 61ms/it)
  [iter 53500] loss=0.02699 (run 0.02155, 3266s, 61ms/it)
  [iter 54000] loss=0.02011 (run 0.02155, 3296s, 61ms/it)
  [iter 54500] loss=0.01486 (run 0.02153, 3326s, 61ms/it)
  [iter 55000] loss=0.01913 (run 0.02152, 3357s, 61ms/it)
  [iter 55500] loss=0.02933 (run 0.02156, 3387s, 61ms/it)
  [iter 56000] loss=0.01835 (run 0.02156, 3417s, 61ms/it)
  [iter 56500] loss=0.02235 (run 0.02152, 3448s, 61ms/it)
  [iter 57000] loss=0.01490 (run 0.02144, 3478s, 61ms/it)
  [iter 57500] loss=0.01920 (run 0.02139, 3508s, 61ms/it)
  [iter 58000] loss=0.01911 (run 0.02135, 3539s, 61ms/it)
  [iter 58500] loss=0.01425 (run 0.02130, 3569s, 61ms/it)
  [iter 59000] loss=0.02078 (run 0.02126, 3599s, 61ms/it)
  [iter 59500] loss=0.01633 (run 0.02121, 3630s, 61ms/it)
  [iter 60000] loss=0.01479 (run 0.02116, 3660s, 61ms/it)
[epoch 07/20] loss=0.02116 iters=60179 (3671s)
  [iter 60500] loss=0.02382 (run 0.02039, 3690s, 61ms/it)
  [iter 61000] loss=0.01690 (run 0.02037, 3721s, 61ms/it)
  [iter 61500] loss=0.01293 (run 0.02016, 3751s, 61ms/it)
  [iter 62000] loss=0.01185 (run 0.02010, 3781s, 61ms/it)
  [iter 62500] loss=0.02734 (run 0.02014, 3812s, 61ms/it)
  [iter 63000] loss=0.02180 (run 0.02012, 3842s, 61ms/it)
  [iter 63500] loss=0.02983 (run 0.02011, 3872s, 61ms/it)
  [iter 64000] loss=0.02606 (run 0.02014, 3903s, 61ms/it)
  [iter 64500] loss=0.01088 (run 0.02012, 3933s, 61ms/it)
  [iter 65000] loss=0.01897 (run 0.02008, 3963s, 61ms/it)
  [iter 65500] loss=0.01346 (run 0.02002, 3994s, 61ms/it)
  [iter 66000] loss=0.01497 (run 0.01997, 4024s, 61ms/it)
  [iter 66500] loss=0.01634 (run 0.01994, 4054s, 61ms/it)
  [iter 67000] loss=0.01513 (run 0.01993, 4085s, 61ms/it)
  [iter 67500] loss=0.02333 (run 0.01991, 4115s, 61ms/it)
  [iter 68000] loss=0.01592 (run 0.01986, 4145s, 61ms/it)
  [iter 68500] loss=0.01800 (run 0.01984, 4176s, 61ms/it)
[epoch 08/20] loss=0.01980 iters=68776 (4193s)
  [iter 69000] loss=0.01619 (run 0.01889, 4206s, 61ms/it)
  [iter 69500] loss=0.01535 (run 0.01892, 4237s, 61ms/it)
  [iter 70000] loss=0.02571 (run 0.01887, 4267s, 61ms/it)
  [iter 70500] loss=0.01420 (run 0.01896, 4297s, 61ms/it)
  [iter 71000] loss=0.01767 (run 0.01907, 4328s, 61ms/it)
  [iter 71500] loss=0.00927 (run 0.01893, 4358s, 61ms/it)
  [iter 72000] loss=0.02675 (run 0.01886, 4388s, 61ms/it)
  [iter 72500] loss=0.01461 (run 0.01886, 4419s, 61ms/it)
  [iter 73000] loss=0.01694 (run 0.01880, 4449s, 61ms/it)
  [iter 73500] loss=0.01637 (run 0.01879, 4479s, 61ms/it)
  [iter 74000] loss=0.01510 (run 0.01873, 4510s, 61ms/it)
  [iter 74500] loss=0.01470 (run 0.01866, 4540s, 61ms/it)
  [iter 75000] loss=0.01076 (run 0.01862, 4570s, 61ms/it)
  [iter 75500] loss=0.01556 (run 0.01859, 4601s, 61ms/it)
  [iter 76000] loss=0.01644 (run 0.01854, 4631s, 61ms/it)
  [iter 76500] loss=0.01979 (run 0.01850, 4661s, 61ms/it)
  [iter 77000] loss=0.02389 (run 0.01846, 4691s, 61ms/it)
[epoch 09/20] loss=0.01842 iters=77373 (4713s)
  [iter 77500] loss=0.01097 (run 0.01848, 4721s, 61ms/it)
  [iter 78000] loss=0.02693 (run 0.01808, 4751s, 61ms/it)
  [iter 78500] loss=0.01458 (run 0.01787, 4781s, 61ms/it)
  [iter 79000] loss=0.01247 (run 0.01789, 4812s, 61ms/it)
  [iter 79500] loss=0.01588 (run 0.01779, 4842s, 61ms/it)
  [iter 80000] loss=0.01594 (run 0.01775, 4872s, 61ms/it)
  [iter 80500] loss=0.02319 (run 0.01779, 4903s, 61ms/it)
  [iter 81000] loss=0.01572 (run 0.01780, 4933s, 61ms/it)
  [iter 81500] loss=0.00849 (run 0.01776, 4964s, 61ms/it)
  [iter 82000] loss=0.01352 (run 0.01768, 4994s, 61ms/it)
  [iter 82500] loss=0.01788 (run 0.01762, 5024s, 61ms/it)
  [iter 83000] loss=0.01441 (run 0.01756, 5055s, 61ms/it)
  [iter 83500] loss=0.01901 (run 0.01754, 5085s, 61ms/it)
  [iter 84000] loss=0.01478 (run 0.01747, 5115s, 61ms/it)
  [iter 84500] loss=0.01074 (run 0.01745, 5146s, 61ms/it)
  [iter 85000] loss=0.01962 (run 0.01743, 5176s, 61ms/it)
  [iter 85500] loss=0.01035 (run 0.01739, 5206s, 61ms/it)
[epoch 10/20] loss=0.01736 iters=85970 (5234s)
  [iter 86000] loss=0.01379 (run 0.01726, 5236s, 61ms/it)
  [iter 86500] loss=0.01116 (run 0.01740, 5267s, 61ms/it)
  [iter 87000] loss=0.01333 (run 0.01710, 5297s, 61ms/it)
  [iter 87500] loss=0.01061 (run 0.01695, 5327s, 61ms/it)
  [iter 88000] loss=0.01175 (run 0.01685, 5358s, 61ms/it)
  [iter 88500] loss=0.01768 (run 0.01674, 5388s, 61ms/it)
  [iter 89000] loss=0.01842 (run 0.01677, 5418s, 61ms/it)
  [iter 89500] loss=0.02006 (run 0.01673, 5449s, 61ms/it)
  [iter 90000] loss=0.01256 (run 0.01666, 5479s, 61ms/it)
  [iter 90500] loss=0.01094 (run 0.01661, 5509s, 61ms/it)
  [iter 91000] loss=0.01157 (run 0.01659, 5540s, 61ms/it)
  [iter 91500] loss=0.01446 (run 0.01655, 5570s, 61ms/it)
  [iter 92000] loss=0.01358 (run 0.01655, 5600s, 61ms/it)
  [iter 92500] loss=0.01692 (run 0.01650, 5631s, 61ms/it)
  [iter 93000] loss=0.01912 (run 0.01647, 5661s, 61ms/it)
  [iter 93500] loss=0.01052 (run 0.01642, 5691s, 61ms/it)
  [iter 94000] loss=0.01791 (run 0.01640, 5722s, 61ms/it)
  [iter 94500] loss=0.01055 (run 0.01637, 5752s, 61ms/it)
[epoch 11/20] loss=0.01637 iters=94567 (5756s)
  [iter 95000] loss=0.01196 (run 0.01622, 5783s, 61ms/it)
  [iter 95500] loss=0.01280 (run 0.01606, 5812s, 61ms/it)
  [iter 96000] loss=0.00867 (run 0.01609, 5843s, 61ms/it)
  [iter 96500] loss=0.01406 (run 0.01596, 5873s, 61ms/it)
  [iter 97000] loss=0.01191 (run 0.01592, 5903s, 61ms/it)
  [iter 97500] loss=0.02093 (run 0.01590, 5934s, 61ms/it)
  [iter 98000] loss=0.01191 (run 0.01582, 5964s, 61ms/it)
  [iter 98500] loss=0.01922 (run 0.01579, 5994s, 61ms/it)
  [iter 99000] loss=0.01689 (run 0.01570, 6025s, 61ms/it)
  [iter 99500] loss=0.01622 (run 0.01567, 6055s, 61ms/it)
  [iter 100000] loss=0.01390 (run 0.01563, 6085s, 61ms/it)
  [iter 100500] loss=0.01462 (run 0.01558, 6116s, 61ms/it)
  [iter 101000] loss=0.01110 (run 0.01553, 6146s, 61ms/it)
  [iter 101500] loss=0.01880 (run 0.01552, 6176s, 61ms/it)
  [iter 102000] loss=0.01328 (run 0.01549, 6206s, 61ms/it)
  [iter 102500] loss=0.02042 (run 0.01547, 6236s, 61ms/it)
  [iter 103000] loss=0.01584 (run 0.01544, 6266s, 61ms/it)
[epoch 12/20] loss=0.01544 iters=103164 (6276s)
  [iter 103500] loss=0.01199 (run 0.01490, 6296s, 61ms/it)
  [iter 104000] loss=0.01655 (run 0.01513, 6326s, 61ms/it)
  [iter 104500] loss=0.01762 (run 0.01504, 6357s, 61ms/it)
  [iter 105000] loss=0.01437 (run 0.01489, 6387s, 61ms/it)
  [iter 105500] loss=0.01466 (run 0.01478, 6417s, 61ms/it)
  [iter 106000] loss=0.01984 (run 0.01481, 6448s, 61ms/it)
  [iter 106500] loss=0.01741 (run 0.01479, 6478s, 61ms/it)
  [iter 107000] loss=0.02016 (run 0.01479, 6508s, 61ms/it)
  [iter 107500] loss=0.02508 (run 0.01477, 6539s, 61ms/it)
  [iter 108000] loss=0.01799 (run 0.01478, 6569s, 61ms/it)
  [iter 108500] loss=0.01396 (run 0.01475, 6600s, 61ms/it)
  [iter 109000] loss=0.02281 (run 0.01475, 6629s, 61ms/it)
  [iter 109500] loss=0.01428 (run 0.01472, 6659s, 61ms/it)
  [iter 110000] loss=0.01225 (run 0.01469, 6690s, 61ms/it)
  [iter 110500] loss=0.01457 (run 0.01468, 6720s, 61ms/it)
  [iter 111000] loss=0.01120 (run 0.01465, 6750s, 61ms/it)
  [iter 111500] loss=0.01419 (run 0.01464, 6781s, 61ms/it)
[epoch 13/20] loss=0.01462 iters=111761 (6797s)
  [iter 112000] loss=0.01579 (run 0.01388, 6811s, 61ms/it)
  [iter 112500] loss=0.01424 (run 0.01400, 6841s, 61ms/it)
  [iter 113000] loss=0.01102 (run 0.01415, 6872s, 61ms/it)
  [iter 113500] loss=0.00970 (run 0.01402, 6902s, 61ms/it)
  [iter 114000] loss=0.01783 (run 0.01399, 6932s, 61ms/it)
  [iter 114500] loss=0.01360 (run 0.01397, 6963s, 61ms/it)
  [iter 115000] loss=0.02094 (run 0.01399, 6993s, 61ms/it)
  [iter 115500] loss=0.00880 (run 0.01397, 7023s, 61ms/it)
  [iter 116000] loss=0.01800 (run 0.01395, 7054s, 61ms/it)
  [iter 116500] loss=0.00938 (run 0.01394, 7084s, 61ms/it)
  [iter 117000] loss=0.01940 (run 0.01393, 7114s, 61ms/it)
  [iter 117500] loss=0.01332 (run 0.01393, 7144s, 61ms/it)
  [iter 118000] loss=0.01341 (run 0.01392, 7174s, 61ms/it)
  [iter 118500] loss=0.01178 (run 0.01388, 7204s, 61ms/it)
  [iter 119000] loss=0.01270 (run 0.01385, 7234s, 61ms/it)
  [iter 119500] loss=0.01451 (run 0.01384, 7265s, 61ms/it)
  [iter 120000] loss=0.02357 (run 0.01382, 7295s, 61ms/it)
[epoch 14/20] loss=0.01379 iters=120358 (7317s)
  [iter 120500] loss=0.01536 (run 0.01369, 7325s, 61ms/it)
  [iter 121000] loss=0.02168 (run 0.01352, 7355s, 61ms/it)
  [iter 121500] loss=0.00784 (run 0.01357, 7386s, 61ms/it)
  [iter 122000] loss=0.01606 (run 0.01351, 7416s, 61ms/it)
  [iter 122500] loss=0.01337 (run 0.01344, 7447s, 61ms/it)
  [iter 123000] loss=0.01461 (run 0.01344, 7477s, 61ms/it)
  [iter 123500] loss=0.00837 (run 0.01341, 7507s, 61ms/it)
  [iter 124000] loss=0.02287 (run 0.01337, 7537s, 61ms/it)
  [iter 124500] loss=0.01243 (run 0.01332, 7567s, 61ms/it)
  [iter 125000] loss=0.00694 (run 0.01331, 7598s, 61ms/it)
  [iter 125500] loss=0.01037 (run 0.01327, 7628s, 61ms/it)
  [iter 126000] loss=0.01377 (run 0.01327, 7658s, 61ms/it)
  [iter 126500] loss=0.01026 (run 0.01326, 7687s, 61ms/it)
  [iter 127000] loss=0.00991 (run 0.01326, 7717s, 61ms/it)
  [iter 127500] loss=0.01806 (run 0.01324, 7746s, 61ms/it)
  [iter 128000] loss=0.01234 (run 0.01321, 7776s, 61ms/it)
  [iter 128500] loss=0.02061 (run 0.01320, 7805s, 61ms/it)
[epoch 15/20] loss=0.01317 iters=128955 (7833s)
  [iter 129000] loss=0.01314 (run 0.01188, 7836s, 61ms/it)
  [iter 129500] loss=0.01692 (run 0.01264, 7866s, 61ms/it)
  [iter 130000] loss=0.02318 (run 0.01279, 7896s, 61ms/it)
  [iter 130500] loss=0.01318 (run 0.01279, 7926s, 61ms/it)
  [iter 131000] loss=0.02139 (run 0.01279, 7957s, 61ms/it)
  [iter 131500] loss=0.00627 (run 0.01276, 7987s, 61ms/it)
  [iter 132000] loss=0.01471 (run 0.01276, 8017s, 61ms/it)
  [iter 132500] loss=0.01389 (run 0.01274, 8047s, 61ms/it)
  [iter 133000] loss=0.01326 (run 0.01273, 8078s, 61ms/it)
  [iter 133500] loss=0.01123 (run 0.01273, 8108s, 61ms/it)
  [iter 134000] loss=0.02524 (run 0.01270, 8138s, 61ms/it)
  [iter 134500] loss=0.01195 (run 0.01271, 8169s, 61ms/it)
  [iter 135000] loss=0.01869 (run 0.01270, 8198s, 61ms/it)
  [iter 135500] loss=0.01334 (run 0.01270, 8228s, 61ms/it)
  [iter 136000] loss=0.01040 (run 0.01269, 8258s, 61ms/it)
  [iter 136500] loss=0.02144 (run 0.01268, 8289s, 61ms/it)
  [iter 137000] loss=0.00943 (run 0.01266, 8319s, 61ms/it)
  [iter 137500] loss=0.01404 (run 0.01264, 8349s, 61ms/it)
[epoch 16/20] loss=0.01264 iters=137552 (8352s)
  [iter 138000] loss=0.01106 (run 0.01252, 8380s, 61ms/it)
  [iter 138500] loss=0.01294 (run 0.01238, 8410s, 61ms/it)
  [iter 139000] loss=0.01395 (run 0.01243, 8440s, 61ms/it)
  [iter 139500] loss=0.00818 (run 0.01244, 8470s, 61ms/it)
  [iter 140000] loss=0.00927 (run 0.01240, 8501s, 61ms/it)
  [iter 140500] loss=0.01079 (run 0.01237, 8531s, 61ms/it)
  [iter 141000] loss=0.01187 (run 0.01234, 8566s, 61ms/it)
  [iter 141500] loss=0.01694 (run 0.01233, 8597s, 61ms/it)
  [iter 142000] loss=0.01018 (run 0.01229, 8627s, 61ms/it)
  [iter 142500] loss=0.00901 (run 0.01229, 8657s, 61ms/it)
  [iter 143000] loss=0.00917 (run 0.01226, 8688s, 61ms/it)
  [iter 143500] loss=0.01973 (run 0.01225, 8718s, 61ms/it)
  [iter 144000] loss=0.01096 (run 0.01226, 8747s, 61ms/it)
  [iter 144500] loss=0.01309 (run 0.01225, 8777s, 61ms/it)
  [iter 145000] loss=0.02014 (run 0.01222, 8807s, 61ms/it)
  [iter 145500] loss=0.01029 (run 0.01221, 8837s, 61ms/it)
  [iter 146000] loss=0.01707 (run 0.01222, 8866s, 61ms/it)
[epoch 17/20] loss=0.01221 iters=146149 (8875s)
  [iter 146500] loss=0.01247 (run 0.01189, 8896s, 61ms/it)
  [iter 147000] loss=0.01221 (run 0.01185, 8926s, 61ms/it)
  [iter 147500] loss=0.00816 (run 0.01185, 8956s, 61ms/it)
  [iter 148000] loss=0.01329 (run 0.01190, 8986s, 61ms/it)
  [iter 148500] loss=0.00906 (run 0.01187, 9017s, 61ms/it)
  [iter 149000] loss=0.01039 (run 0.01187, 9047s, 61ms/it)
  [iter 149500] loss=0.01013 (run 0.01187, 9077s, 61ms/it)
  [iter 150000] loss=0.01167 (run 0.01188, 9108s, 61ms/it)
  [iter 150500] loss=0.01387 (run 0.01187, 9138s, 61ms/it)
  [iter 151000] loss=0.00869 (run 0.01188, 9168s, 61ms/it)
  [iter 151500] loss=0.00888 (run 0.01188, 9198s, 61ms/it)
  [iter 152000] loss=0.01634 (run 0.01189, 9228s, 61ms/it)
  [iter 152500] loss=0.01435 (run 0.01187, 9258s, 61ms/it)
  [iter 153000] loss=0.01441 (run 0.01189, 9288s, 61ms/it)
  [iter 153500] loss=0.00806 (run 0.01188, 9318s, 61ms/it)
  [iter 154000] loss=0.00672 (run 0.01187, 9349s, 61ms/it)
  [iter 154500] loss=0.01580 (run 0.01187, 9379s, 61ms/it)
[epoch 18/20] loss=0.01186 iters=154746 (9394s)
  [iter 155000] loss=0.01538 (run 0.01205, 9409s, 61ms/it)
  [iter 155500] loss=0.01586 (run 0.01179, 9440s, 61ms/it)
  [iter 156000] loss=0.00824 (run 0.01176, 9470s, 61ms/it)
  [iter 156500] loss=0.00830 (run 0.01178, 9500s, 61ms/it)
  [iter 157000] loss=0.00766 (run 0.01177, 9531s, 61ms/it)
  [iter 157500] loss=0.01182 (run 0.01179, 9561s, 61ms/it)
  [iter 158000] loss=0.01569 (run 0.01179, 9592s, 61ms/it)
  [iter 158500] loss=0.01088 (run 0.01177, 9622s, 61ms/it)
  [iter 159000] loss=0.00795 (run 0.01176, 9652s, 61ms/it)
  [iter 159500] loss=0.01518 (run 0.01177, 9683s, 61ms/it)
  [iter 160000] loss=0.00736 (run 0.01176, 9713s, 61ms/it)
  [iter 160500] loss=0.01209 (run 0.01174, 9743s, 61ms/it)
  [iter 161000] loss=0.00805 (run 0.01172, 9774s, 61ms/it)
  [iter 161500] loss=0.00742 (run 0.01171, 9804s, 61ms/it)
  [iter 162000] loss=0.00914 (run 0.01169, 9834s, 61ms/it)
  [iter 162500] loss=0.00921 (run 0.01169, 9865s, 61ms/it)
  [iter 163000] loss=0.01160 (run 0.01168, 9895s, 61ms/it)
[epoch 19/20] loss=0.01169 iters=163343 (9916s)
  [iter 163500] loss=0.01036 (run 0.01132, 9925s, 61ms/it)
  [iter 164000] loss=0.01030 (run 0.01153, 9956s, 61ms/it)
  [iter 164500] loss=0.01280 (run 0.01163, 9986s, 61ms/it)
  [iter 165000] loss=0.01577 (run 0.01166, 10016s, 61ms/it)
  [iter 165500] loss=0.00834 (run 0.01165, 10047s, 61ms/it)
  [iter 166000] loss=0.01561 (run 0.01170, 10077s, 61ms/it)
  [iter 166500] loss=0.01846 (run 0.01166, 10107s, 61ms/it)
  [iter 167000] loss=0.01031 (run 0.01164, 10138s, 61ms/it)
  [iter 167500] loss=0.01187 (run 0.01163, 10168s, 61ms/it)
  [iter 168000] loss=0.01668 (run 0.01160, 10198s, 61ms/it)
  [iter 168500] loss=0.01218 (run 0.01158, 10229s, 61ms/it)
  [iter 169000] loss=0.00806 (run 0.01158, 10259s, 61ms/it)
  [iter 169500] loss=0.02088 (run 0.01157, 10290s, 61ms/it)
  [iter 170000] loss=0.00777 (run 0.01156, 10320s, 61ms/it)
  [iter 170500] loss=0.01118 (run 0.01155, 10350s, 61ms/it)
  [iter 171000] loss=0.01214 (run 0.01154, 10381s, 61ms/it)
  [iter 171500] loss=0.01367 (run 0.01154, 10411s, 61ms/it)
[epoch 20/20] loss=0.01154 iters=171940 (10438s)
[save] gdm_stride5.pt  (213.4 MB)
[done] 10438s; 171940 iters over 20 epochs
