=== pusht rh-sweep: horizon RH=1 t=150 budget=300 seed=42 ===
/lustre/home/ha676/le-wm/.venv/lib/python3.11/site-packages/stable_worldmodel/envs/__init__.py:215: UserWarning: ale-py not found; ALE/* envs are unavailable. Install with: pip install 'stable-worldmodel[env]' or pip install ale-py.
  from stable_worldmodel.envs import ale  # noqa: F401
2026-07-12 13:08:44.623 | INFO     | stable_worldmodel.wm.utils:_resolve_hf:149 - Loading quentinll/lewm-pusht from local cache...
2026-07-12 13:08:44.623 | INFO     | stable_worldmodel.wm.utils:_resolve_folder:137 - Loading checkpoint from folder /lustre/home/ha676/.stable_worldmodel/checkpoints/models--quentinll--lewm-pusht...
/lustre/home/ha676/le-wm/.venv/lib/python3.11/site-packages/stable_worldmodel/wm/utils.py:80: FutureWarning: You are using `torch.load` with `weights_only=False` (the current default value), which uses the default pickle module implicitly. It is possible to construct malicious pickle data which will execute arbitrary code during unpickling (See https://github.com/pytorch/pytorch/blob/main/SECURITY.md#untrusted-models for more details). In a future release, the default value for `weights_only` will be flipped to `True`. This limits the functions that could be executed during unpickling. Arbitrary objects will no longer be allowed to be loaded via this mode unless they are explicitly allowlisted by the user via `torch.serialization.add_safe_globals`. We recommend you start setting `weights_only=True` for any use case where you don't have full control of the loaded file. Please open an issue on GitHub for any issues related to this experimental feature.
  state_dict = torch.load(checkpoint_path, map_location='cpu')
13:08:52 | INFO  | atomic_chec~| [atomic_save] installed crash-safe checkpoint plugin (write to sibling .tmp + fsync + atomic rename)
13:08:52 | INFO  | utils.py    | Created ViT-tiny from scratch with config: {'hidden_size': 192, 'num_hidden_layers': 12, 'num_attention_heads': 3, 'intermediate_size': 768, 'image_size': 224, 'patch_size': 14}
[model] frozen LeWM (18.03M), device=cuda, training=False, subgoal=baseline
13:08:53 | INFO  | __init__.py | Cached 'action' from '/lustre/home/ha676/data/pusht/pusht_expert_train.h5'
13:08:53 | INFO  | __init__.py | Cached 'proprio' from '/lustre/home/ha676/data/pusht/pusht_expert_train.h5'
13:08:53 | INFO  | __init__.py | Cached 'state' from '/lustre/home/ha676/data/pusht/pusht_expert_train.h5'
/lustre/home/ha676/le-wm/.venv/lib/python3.11/site-packages/gymnasium/spaces/box.py:415: UserWarning: [33mWARN: Casting input x to numpy array.[0m
  gym.logger.warn("Casting input x to numpy array.")
/lustre/home/ha676/le-wm/.venv/lib/python3.11/site-packages/gymnasium/utils/passive_env_checker.py:157: UserWarning: [33mWARN: The obs returned by the `step()` method is not within the observation space.[0m
  logger.warn(f"{pre} is not within the observation space.")
/lustre/home/ha676/le-wm/.venv/lib/python3.11/site-packages/gymnasium/spaces/box.py:415: UserWarning: [33mWARN: Casting input x to numpy array.[0m
  gym.logger.warn("Casting input x to numpy array.")
/lustre/home/ha676/le-wm/.venv/lib/python3.11/site-packages/gymnasium/utils/passive_env_checker.py:157: UserWarning: [33mWARN: The obs returned by the `step()` method is not within the observation space.[0m
  logger.warn(f"{pre} is not within the observation space.")
[episodes-file] pusht.episodes150.json: 256 precomputed pairs (goal_offset=150, seed=42, eval_filter=None) -- sample_long/short bypassed
[eval] mode=long start=final num_eval=256 goal_offset=150 budget=300 eval_filter=none
[eval] episodes_idx[:5]=[636, 688, 700, 834, 850] start_steps[:5]=[7, 7, 7, 34, 34]
[PIN] success = pos_diff<20 [block xy only (paper)] AND angle<20deg
CEM solve time: 28.1811 seconds
CEM solve time: 26.8154 seconds
CEM solve time: 26.5915 seconds
CEM solve time: 26.3688 seconds
CEM solve time: 26.3702 seconds
CEM solve time: 26.3640 seconds
CEM solve time: 26.3593 seconds
CEM solve time: 26.3786 seconds
CEM solve time: 26.3688 seconds
CEM solve time: 26.3511 seconds
CEM solve time: 26.3492 seconds
CEM solve time: 26.3384 seconds
CEM solve time: 26.3433 seconds
CEM solve time: 26.2278 seconds
CEM solve time: 26.2278 seconds
CEM solve time: 26.2264 seconds
CEM solve time: 26.2337 seconds
CEM solve time: 26.2318 seconds
CEM solve time: 26.2930 seconds
CEM solve time: 26.2261 seconds
CEM solve time: 26.2359 seconds
CEM solve time: 26.2305 seconds
CEM solve time: 26.2310 seconds
CEM solve time: 26.2320 seconds
CEM solve time: 26.2198 seconds
CEM solve time: 26.2452 seconds
CEM solve time: 26.2380 seconds
CEM solve time: 26.2377 seconds
CEM solve time: 26.2398 seconds
CEM solve time: 26.2401 seconds
CEM solve time: 26.2325 seconds
CEM solve time: 26.2403 seconds
CEM solve time: 26.2438 seconds
CEM solve time: 26.2582 seconds
CEM solve time: 26.2325 seconds
CEM solve time: 26.2302 seconds
CEM solve time: 26.2296 seconds
CEM solve time: 26.2295 seconds
CEM solve time: 26.2366 seconds
CEM solve time: 26.2313 seconds
CEM solve time: 26.2363 seconds
CEM solve time: 26.2323 seconds
CEM solve time: 26.2325 seconds
CEM solve time: 26.2348 seconds
CEM solve time: 26.2353 seconds
CEM solve time: 26.2358 seconds
CEM solve time: 26.2340 seconds
CEM solve time: 26.2350 seconds
CEM solve time: 26.2398 seconds
CEM solve time: 26.2606 seconds
CEM solve time: 26.2402 seconds
CEM solve time: 26.2453 seconds
CEM solve time: 26.2293 seconds
CEM solve time: 26.2593 seconds
CEM solve time: 26.2465 seconds
CEM solve time: 26.2381 seconds
CEM solve time: 26.2391 seconds
CEM solve time: 26.2343 seconds
CEM solve time: 26.2415 seconds
CEM solve time: 26.2383 seconds
[RESULT] score=block angle=20deg  SR=4.30%  (11/256)
[PIN] success = pos_diff<20 [block xy only (paper)] AND angle<5deg
CEM solve time: 27.4499 seconds
CEM solve time: 27.0583 seconds
CEM solve time: 26.8411 seconds
CEM solve time: 26.7294 seconds
CEM solve time: 26.7318 seconds
CEM solve time: 26.7211 seconds
CEM solve time: 26.7209 seconds
CEM solve time: 26.7296 seconds
CEM solve time: 26.7346 seconds
CEM solve time: 26.7507 seconds
CEM solve time: 26.7308 seconds
CEM solve time: 26.7380 seconds
CEM solve time: 26.7218 seconds
CEM solve time: 26.7309 seconds
CEM solve time: 26.7235 seconds
CEM solve time: 26.7288 seconds
CEM solve time: 26.7292 seconds
CEM solve time: 26.7025 seconds
CEM solve time: 26.7309 seconds
CEM solve time: 26.7282 seconds
CEM solve time: 26.7171 seconds
CEM solve time: 26.7443 seconds
CEM solve time: 26.7396 seconds
CEM solve time: 26.7224 seconds
CEM solve time: 26.7113 seconds
CEM solve time: 26.7280 seconds
CEM solve time: 26.7119 seconds
CEM solve time: 26.7357 seconds
CEM solve time: 26.7343 seconds
CEM solve time: 26.7093 seconds
CEM solve time: 26.7273 seconds
CEM solve time: 26.7273 seconds
CEM solve time: 26.7291 seconds
CEM solve time: 26.7291 seconds
CEM solve time: 26.7367 seconds
CEM solve time: 26.7471 seconds
CEM solve time: 26.7467 seconds
CEM solve time: 26.7371 seconds
CEM solve time: 26.7480 seconds
CEM solve time: 26.7525 seconds
CEM solve time: 26.7520 seconds
CEM solve time: 26.7356 seconds
CEM solve time: 26.7312 seconds
CEM solve time: 26.7364 seconds
CEM solve time: 26.7283 seconds
CEM solve time: 26.7479 seconds
CEM solve time: 26.7349 seconds
CEM solve time: 26.7424 seconds
CEM solve time: 26.7413 seconds
CEM solve time: 26.7442 seconds
CEM solve time: 26.7188 seconds
CEM solve time: 26.7467 seconds
CEM solve time: 26.7377 seconds
CEM solve time: 26.7361 seconds
CEM solve time: 26.7300 seconds
CEM solve time: 26.7326 seconds
CEM solve time: 26.7044 seconds
CEM solve time: 26.7252 seconds
CEM solve time: 26.7420 seconds
CEM solve time: 26.7808 seconds
[RESULT] score=block angle=5deg  SR=2.73%  (7/256)

==== FF-JEPA eval summary ====
mode=long subgoal=baseline num_eval=256 seed=42 cem_seed=42 eval_filter=none
  score=block   20deg :   4.30%  (11/256)
  score=block    5deg :   2.73%  (7/256)
