/lustre/home/ha676/le-wm/.venv/lib/python3.11/site-packages/stable_worldmodel/envs/__init__.py:215: UserWarning: ale-py not found; ALE/* envs are unavailable. Install with: pip install 'stable-worldmodel[env]' or pip install ale-py.
  from stable_worldmodel.envs import ale  # noqa: F401
2026-07-12 23:54:56.608 | INFO     | stable_worldmodel.wm.utils:_resolve_hf:149 - Loading quentinll/lewm-pusht from local cache...
2026-07-12 23:54:56.608 | INFO     | stable_worldmodel.wm.utils:_resolve_folder:137 - Loading checkpoint from folder /lustre/home/ha676/.stable_worldmodel/checkpoints/models--quentinll--lewm-pusht...
/lustre/home/ha676/le-wm/.venv/lib/python3.11/site-packages/stable_worldmodel/wm/utils.py:80: FutureWarning: You are using `torch.load` with `weights_only=False` (the current default value), which uses the default pickle module implicitly. It is possible to construct malicious pickle data which will execute arbitrary code during unpickling (See https://github.com/pytorch/pytorch/blob/main/SECURITY.md#untrusted-models for more details). In a future release, the default value for `weights_only` will be flipped to `True`. This limits the functions that could be executed during unpickling. Arbitrary objects will no longer be allowed to be loaded via this mode unless they are explicitly allowlisted by the user via `torch.serialization.add_safe_globals`. We recommend you start setting `weights_only=True` for any use case where you don't have full control of the loaded file. Please open an issue on GitHub for any issues related to this experimental feature.
  state_dict = torch.load(checkpoint_path, map_location='cpu')
23:55:01 | INFO  | atomic_chec~| [atomic_save] installed crash-safe checkpoint plugin (write to sibling .tmp + fsync + atomic rename)
23:55:01 | INFO  | utils.py    | Created ViT-tiny from scratch with config: {'hidden_size': 192, 'num_hidden_layers': 12, 'num_attention_heads': 3, 'intermediate_size': 768, 'image_size': 224, 'patch_size': 14}
[model] frozen LeWM (18.03M), device=cuda, training=False, subgoal=specaccept
[gdm] planner from gdm_stride10.pt: head=53.34M, N=3 WG=1 gamma=1.0 T=1000 sampler=ddim/2-steps param=eps schedule=linear norm=standardize
23:55:02 | INFO  | __init__.py | Cached 'action' from '/lustre/home/ha676/data/pusht/pusht_expert_train.h5'
23:55:02 | INFO  | __init__.py | Cached 'proprio' from '/lustre/home/ha676/data/pusht/pusht_expert_train.h5'
23:55:02 | INFO  | __init__.py | Cached 'state' from '/lustre/home/ha676/data/pusht/pusht_expert_train.h5'
/lustre/home/ha676/le-wm/.venv/lib/python3.11/site-packages/gymnasium/spaces/box.py:415: UserWarning: [33mWARN: Casting input x to numpy array.[0m
  gym.logger.warn("Casting input x to numpy array.")
/lustre/home/ha676/le-wm/.venv/lib/python3.11/site-packages/gymnasium/utils/passive_env_checker.py:157: UserWarning: [33mWARN: The obs returned by the `step()` method is not within the observation space.[0m
  logger.warn(f"{pre} is not within the observation space.")
/lustre/home/ha676/le-wm/.venv/lib/python3.11/site-packages/gymnasium/spaces/box.py:415: UserWarning: [33mWARN: Casting input x to numpy array.[0m
  gym.logger.warn("Casting input x to numpy array.")
/lustre/home/ha676/le-wm/.venv/lib/python3.11/site-packages/gymnasium/utils/passive_env_checker.py:157: UserWarning: [33mWARN: The obs returned by the `step()` method is not within the observation space.[0m
  logger.warn(f"{pre} is not within the observation space.")
[episodes-file] pusht.episodes150as100.json: 256 precomputed pairs (goal_offset=100, seed=42, eval_filter=None) -- sample_long/short bypassed
[eval] mode=long start=final num_eval=256 goal_offset=100 budget=200 eval_filter=none
[eval] episodes_idx[:5]=[636, 688, 700, 834, 850] start_steps[:5]=[57, 57, 57, 84, 84]
[PIN] success = pos_diff<20 [block xy only (paper)] AND angle<20deg
CEM solve time: 54.8243 seconds
CEM solve time: 47.9447 seconds
CEM solve time: 47.4628 seconds
CEM solve time: 46.3528 seconds
CEM solve time: 44.5087 seconds
CEM solve time: 42.3073 seconds
CEM solve time: 39.9467 seconds
CEM solve time: 37.5847 seconds
CEM solve time: 36.6792 seconds
CEM solve time: 36.0569 seconds
CEM solve time: 34.1360 seconds
CEM solve time: 33.3357 seconds
CEM solve time: 32.0195 seconds
CEM solve time: 30.9534 seconds
CEM solve time: 29.6638 seconds
CEM solve time: 29.4397 seconds
CEM solve time: 28.6145 seconds
CEM solve time: 27.7675 seconds
CEM solve time: 27.3592 seconds
CEM solve time: 26.9539 seconds
[RESULT] score=block angle=20deg  SR=51.56%  (132/256)
[specaccept] tau=0.2 gdm_steps=2 re-drafts=3435 advances=0 rejects=3179 call_ratio=1.000 (every-step=1.000; lower = fewer diffusion calls)
[PIN] success = pos_diff<20 [block xy only (paper)] AND angle<5deg
CEM solve time: 54.6982 seconds
CEM solve time: 50.4804 seconds
CEM solve time: 50.2588 seconds
CEM solve time: 49.4056 seconds
CEM solve time: 47.8424 seconds
CEM solve time: 45.0326 seconds
CEM solve time: 42.9024 seconds
CEM solve time: 41.0175 seconds
CEM solve time: 39.5758 seconds
CEM solve time: 38.0469 seconds
CEM solve time: 37.4171 seconds
CEM solve time: 35.6679 seconds
CEM solve time: 35.2051 seconds
CEM solve time: 33.7143 seconds
CEM solve time: 32.6568 seconds
CEM solve time: 31.5755 seconds
CEM solve time: 31.1720 seconds
CEM solve time: 30.5912 seconds
CEM solve time: 30.3305 seconds
CEM solve time: 29.8734 seconds
[RESULT] score=block angle=5deg  SR=45.31%  (116/256)
[specaccept] tau=0.2 gdm_steps=2 re-drafts=3686 advances=0 rejects=3430 call_ratio=1.000 (every-step=1.000; lower = fewer diffusion calls)

==== FF-JEPA eval summary ====
mode=long subgoal=specaccept num_eval=256 seed=42 cem_seed=42 eval_filter=none
  score=block   20deg :  51.56%  (132/256)
  score=block    5deg :  45.31%  (116/256)
