=== pusht rh-sweep: horizon RH=1 t=100 budget=200 seed=43 ===
/lustre/home/ha676/le-wm/.venv/lib/python3.11/site-packages/stable_worldmodel/envs/__init__.py:215: UserWarning: ale-py not found; ALE/* envs are unavailable. Install with: pip install 'stable-worldmodel[env]' or pip install ale-py.
  from stable_worldmodel.envs import ale  # noqa: F401
2026-07-12 13:06:21.989 | INFO     | stable_worldmodel.wm.utils:_resolve_hf:149 - Loading quentinll/lewm-pusht from local cache...
2026-07-12 13:06:21.989 | INFO     | stable_worldmodel.wm.utils:_resolve_folder:137 - Loading checkpoint from folder /lustre/home/ha676/.stable_worldmodel/checkpoints/models--quentinll--lewm-pusht...
/lustre/home/ha676/le-wm/.venv/lib/python3.11/site-packages/stable_worldmodel/wm/utils.py:80: FutureWarning: You are using `torch.load` with `weights_only=False` (the current default value), which uses the default pickle module implicitly. It is possible to construct malicious pickle data which will execute arbitrary code during unpickling (See https://github.com/pytorch/pytorch/blob/main/SECURITY.md#untrusted-models for more details). In a future release, the default value for `weights_only` will be flipped to `True`. This limits the functions that could be executed during unpickling. Arbitrary objects will no longer be allowed to be loaded via this mode unless they are explicitly allowlisted by the user via `torch.serialization.add_safe_globals`. We recommend you start setting `weights_only=True` for any use case where you don't have full control of the loaded file. Please open an issue on GitHub for any issues related to this experimental feature.
  state_dict = torch.load(checkpoint_path, map_location='cpu')
13:06:27 | INFO  | atomic_chec~| [atomic_save] installed crash-safe checkpoint plugin (write to sibling .tmp + fsync + atomic rename)
13:06:27 | INFO  | utils.py    | Created ViT-tiny from scratch with config: {'hidden_size': 192, 'num_hidden_layers': 12, 'num_attention_heads': 3, 'intermediate_size': 768, 'image_size': 224, 'patch_size': 14}
[model] frozen LeWM (18.03M), device=cuda, training=False, subgoal=baseline
13:06:28 | INFO  | __init__.py | Cached 'action' from '/lustre/home/ha676/data/pusht/pusht_expert_train.h5'
13:06:28 | INFO  | __init__.py | Cached 'proprio' from '/lustre/home/ha676/data/pusht/pusht_expert_train.h5'
13:06:28 | INFO  | __init__.py | Cached 'state' from '/lustre/home/ha676/data/pusht/pusht_expert_train.h5'
/lustre/home/ha676/le-wm/.venv/lib/python3.11/site-packages/gymnasium/spaces/box.py:415: UserWarning: [33mWARN: Casting input x to numpy array.[0m
  gym.logger.warn("Casting input x to numpy array.")
/lustre/home/ha676/le-wm/.venv/lib/python3.11/site-packages/gymnasium/utils/passive_env_checker.py:157: UserWarning: [33mWARN: The obs returned by the `step()` method is not within the observation space.[0m
  logger.warn(f"{pre} is not within the observation space.")
/lustre/home/ha676/le-wm/.venv/lib/python3.11/site-packages/gymnasium/spaces/box.py:415: UserWarning: [33mWARN: Casting input x to numpy array.[0m
  gym.logger.warn("Casting input x to numpy array.")
/lustre/home/ha676/le-wm/.venv/lib/python3.11/site-packages/gymnasium/utils/passive_env_checker.py:157: UserWarning: [33mWARN: The obs returned by the `step()` method is not within the observation space.[0m
  logger.warn(f"{pre} is not within the observation space.")
[episodes-file] pusht.episodes150as100.json: 256 precomputed pairs (goal_offset=100, seed=42, eval_filter=None) -- sample_long/short bypassed
[eval] mode=long start=final num_eval=256 goal_offset=100 budget=200 eval_filter=none
[eval] episodes_idx[:5]=[636, 688, 700, 834, 850] start_steps[:5]=[57, 57, 57, 84, 84]
[PIN] success = pos_diff<20 [block xy only (paper)] AND angle<20deg
CEM solve time: 27.6565 seconds
CEM solve time: 23.3048 seconds
CEM solve time: 22.6435 seconds
CEM solve time: 22.5380 seconds
CEM solve time: 22.5328 seconds
CEM solve time: 22.5460 seconds
CEM solve time: 22.5331 seconds
CEM solve time: 22.5390 seconds
CEM solve time: 22.5447 seconds
CEM solve time: 22.5470 seconds
CEM solve time: 22.5446 seconds
CEM solve time: 22.4378 seconds
CEM solve time: 22.4399 seconds
CEM solve time: 22.4467 seconds
CEM solve time: 22.4417 seconds
CEM solve time: 22.4394 seconds
CEM solve time: 22.4350 seconds
CEM solve time: 22.4414 seconds
CEM solve time: 22.4365 seconds
CEM solve time: 22.4457 seconds
CEM solve time: 22.4364 seconds
CEM solve time: 22.4404 seconds
CEM solve time: 22.4372 seconds
CEM solve time: 22.4376 seconds
CEM solve time: 22.4438 seconds
CEM solve time: 22.4359 seconds
CEM solve time: 22.4377 seconds
CEM solve time: 22.4506 seconds
CEM solve time: 22.4481 seconds
CEM solve time: 22.4349 seconds
CEM solve time: 22.4286 seconds
CEM solve time: 22.4409 seconds
CEM solve time: 22.4376 seconds
CEM solve time: 22.4356 seconds
CEM solve time: 22.4329 seconds
CEM solve time: 22.4359 seconds
CEM solve time: 22.4382 seconds
CEM solve time: 22.4381 seconds
CEM solve time: 22.4398 seconds
CEM solve time: 22.4349 seconds
[RESULT] score=block angle=20deg  SR=18.36%  (47/256)
[PIN] success = pos_diff<20 [block xy only (paper)] AND angle<5deg
CEM solve time: 27.4942 seconds
CEM solve time: 25.0470 seconds
CEM solve time: 24.4061 seconds
CEM solve time: 24.1848 seconds
CEM solve time: 24.1862 seconds
CEM solve time: 24.1948 seconds
CEM solve time: 24.1789 seconds
CEM solve time: 24.0854 seconds
CEM solve time: 24.0751 seconds
CEM solve time: 24.0790 seconds
CEM solve time: 24.0892 seconds
CEM solve time: 24.0880 seconds
CEM solve time: 24.0882 seconds
CEM solve time: 24.0614 seconds
CEM solve time: 24.0518 seconds
CEM solve time: 24.0620 seconds
CEM solve time: 24.0567 seconds
CEM solve time: 24.0457 seconds
CEM solve time: 24.0489 seconds
CEM solve time: 24.0358 seconds
CEM solve time: 24.0202 seconds
CEM solve time: 24.0269 seconds
CEM solve time: 24.0319 seconds
CEM solve time: 24.0160 seconds
CEM solve time: 24.0160 seconds
CEM solve time: 24.0322 seconds
CEM solve time: 24.0201 seconds
CEM solve time: 24.0319 seconds
CEM solve time: 24.0212 seconds
CEM solve time: 24.0330 seconds
CEM solve time: 24.0088 seconds
CEM solve time: 24.0280 seconds
CEM solve time: 24.0140 seconds
CEM solve time: 24.0211 seconds
CEM solve time: 24.0184 seconds
CEM solve time: 24.0318 seconds
CEM solve time: 24.0191 seconds
CEM solve time: 24.1476 seconds
CEM solve time: 24.0643 seconds
CEM solve time: 24.0739 seconds
[RESULT] score=block angle=5deg  SR=12.50%  (32/256)

==== FF-JEPA eval summary ====
mode=long subgoal=baseline num_eval=256 seed=43 cem_seed=43 eval_filter=none
  score=block   20deg :  18.36%  (47/256)
  score=block    5deg :  12.50%  (32/256)
