/lustre/home/ha676/le-wm/.venv/lib/python3.11/site-packages/stable_worldmodel/envs/__init__.py:215: UserWarning: ale-py not found; ALE/* envs are unavailable. Install with: pip install 'stable-worldmodel[env]' or pip install ale-py.
  from stable_worldmodel.envs import ale  # noqa: F401
2026-07-12 21:28:22.777 | INFO     | stable_worldmodel.wm.utils:_resolve_hf:149 - Loading quentinll/lewm-pusht from local cache...
2026-07-12 21:28:22.778 | INFO     | stable_worldmodel.wm.utils:_resolve_folder:137 - Loading checkpoint from folder /lustre/home/ha676/.stable_worldmodel/checkpoints/models--quentinll--lewm-pusht...
/lustre/home/ha676/le-wm/.venv/lib/python3.11/site-packages/stable_worldmodel/wm/utils.py:80: FutureWarning: You are using `torch.load` with `weights_only=False` (the current default value), which uses the default pickle module implicitly. It is possible to construct malicious pickle data which will execute arbitrary code during unpickling (See https://github.com/pytorch/pytorch/blob/main/SECURITY.md#untrusted-models for more details). In a future release, the default value for `weights_only` will be flipped to `True`. This limits the functions that could be executed during unpickling. Arbitrary objects will no longer be allowed to be loaded via this mode unless they are explicitly allowlisted by the user via `torch.serialization.add_safe_globals`. We recommend you start setting `weights_only=True` for any use case where you don't have full control of the loaded file. Please open an issue on GitHub for any issues related to this experimental feature.
  state_dict = torch.load(checkpoint_path, map_location='cpu')
21:28:28 | INFO  | atomic_chec~| [atomic_save] installed crash-safe checkpoint plugin (write to sibling .tmp + fsync + atomic rename)
21:28:29 | INFO  | utils.py    | Created ViT-tiny from scratch with config: {'hidden_size': 192, 'num_hidden_layers': 12, 'num_attention_heads': 3, 'intermediate_size': 768, 'image_size': 224, 'patch_size': 14}
[model] frozen LeWM (18.03M), device=cuda, training=False, subgoal=specaccept
[gdm] planner from gdm_stride10.pt: head=53.34M, N=3 WG=1 gamma=1.0 T=1000 sampler=ddim/8-steps param=eps schedule=linear norm=standardize
21:28:30 | INFO  | __init__.py | Cached 'action' from '/lustre/home/ha676/data/pusht/pusht_expert_train.h5'
21:28:30 | INFO  | __init__.py | Cached 'proprio' from '/lustre/home/ha676/data/pusht/pusht_expert_train.h5'
21:28:30 | INFO  | __init__.py | Cached 'state' from '/lustre/home/ha676/data/pusht/pusht_expert_train.h5'
/lustre/home/ha676/le-wm/.venv/lib/python3.11/site-packages/gymnasium/spaces/box.py:415: UserWarning: [33mWARN: Casting input x to numpy array.[0m
  gym.logger.warn("Casting input x to numpy array.")
/lustre/home/ha676/le-wm/.venv/lib/python3.11/site-packages/gymnasium/utils/passive_env_checker.py:157: UserWarning: [33mWARN: The obs returned by the `step()` method is not within the observation space.[0m
  logger.warn(f"{pre} is not within the observation space.")
/lustre/home/ha676/le-wm/.venv/lib/python3.11/site-packages/gymnasium/spaces/box.py:415: UserWarning: [33mWARN: Casting input x to numpy array.[0m
  gym.logger.warn("Casting input x to numpy array.")
/lustre/home/ha676/le-wm/.venv/lib/python3.11/site-packages/gymnasium/utils/passive_env_checker.py:157: UserWarning: [33mWARN: The obs returned by the `step()` method is not within the observation space.[0m
  logger.warn(f"{pre} is not within the observation space.")
[episodes-file] pusht.episodes150.json: 256 precomputed pairs (goal_offset=150, seed=42, eval_filter=None) -- sample_long/short bypassed
[eval] mode=long start=final num_eval=256 goal_offset=150 budget=300 eval_filter=none
[eval] episodes_idx[:5]=[636, 688, 700, 834, 850] start_steps[:5]=[7, 7, 7, 34, 34]
[PIN] success = pos_diff<20 [block xy only (paper)] AND angle<20deg
CEM solve time: 55.0610 seconds
CEM solve time: 53.7440 seconds
CEM solve time: 53.3064 seconds
CEM solve time: 53.2901 seconds
CEM solve time: 52.4575 seconds
CEM solve time: 51.5294 seconds
CEM solve time: 49.4428 seconds
CEM solve time: 49.0404 seconds
CEM solve time: 47.4918 seconds
CEM solve time: 45.7732 seconds
CEM solve time: 44.0877 seconds
CEM solve time: 40.8422 seconds
CEM solve time: 37.4656 seconds
CEM solve time: 33.3662 seconds
CEM solve time: 29.2509 seconds
CEM solve time: 26.8690 seconds
CEM solve time: 26.2179 seconds
CEM solve time: 25.7787 seconds
CEM solve time: 24.6979 seconds
CEM solve time: 24.4835 seconds
CEM solve time: 24.1020 seconds
CEM solve time: 23.6805 seconds
CEM solve time: 23.6474 seconds
CEM solve time: 23.6480 seconds
CEM solve time: 23.6496 seconds
CEM solve time: 23.4205 seconds
CEM solve time: 23.2376 seconds
CEM solve time: 23.2344 seconds
CEM solve time: 23.0344 seconds
CEM solve time: 22.8176 seconds
[RESULT] score=block angle=20deg  SR=58.59%  (150/256)
[specaccept] tau=0.2 gdm_steps=8 re-drafts=2540 advances=2384 rejects=1697 call_ratio=0.516 (every-step=1.000; lower = fewer diffusion calls)
[timing] score=block angle=20deg drafter=4.951s cem=1124.907s total=1129.857s drafter_frac=0.44% per_episode_ms={'drafter_ms': 19.33827658285736, 'cem_ms': 4394.166087629856, 'total_ms': 4413.504364212713} timed_steps=300
[PIN] success = pos_diff<20 [block xy only (paper)] AND angle<5deg
CEM solve time: 55.0255 seconds
CEM solve time: 54.1979 seconds
CEM solve time: 53.7982 seconds
CEM solve time: 53.7671 seconds
CEM solve time: 53.4192 seconds
CEM solve time: 53.2227 seconds
CEM solve time: 53.2659 seconds
CEM solve time: 52.8945 seconds
CEM solve time: 52.0019 seconds
CEM solve time: 50.3139 seconds
CEM solve time: 48.3864 seconds
CEM solve time: 45.5717 seconds
CEM solve time: 43.1751 seconds
CEM solve time: 41.4151 seconds
CEM solve time: 39.0132 seconds
CEM solve time: 37.1634 seconds
CEM solve time: 35.1693 seconds
CEM solve time: 33.6429 seconds
CEM solve time: 31.5182 seconds
CEM solve time: 30.6489 seconds
CEM solve time: 30.2399 seconds
CEM solve time: 29.8233 seconds
CEM solve time: 29.1877 seconds
CEM solve time: 28.7088 seconds
CEM solve time: 28.3118 seconds
CEM solve time: 27.4341 seconds
CEM solve time: 27.2094 seconds
CEM solve time: 27.2383 seconds
CEM solve time: 27.2453 seconds
CEM solve time: 27.0276 seconds
[RESULT] score=block angle=5deg  SR=50.78%  (130/256)
[specaccept] tau=0.2 gdm_steps=8 re-drafts=2853 advances=2736 rejects=1920 call_ratio=0.510 (every-step=1.000; lower = fewer diffusion calls)
[timing] score=block angle=5deg drafter=5.225s cem=1268.285s total=1273.510s drafter_frac=0.41% per_episode_ms={'drafter_ms': 20.40895345635363, 'cem_ms': 4954.2394891577715, 'total_ms': 4974.648442614125} timed_steps=300

==== FF-JEPA eval summary ====
mode=long subgoal=specaccept num_eval=256 seed=42 cem_seed=42 eval_filter=none
  score=block   20deg :  58.59%  (150/256)
  score=block    5deg :  50.78%  (130/256)
