/lustre/home/ha676/le-wm/.venv/lib/python3.11/site-packages/stable_worldmodel/envs/__init__.py:215: UserWarning: ale-py not found; ALE/* envs are unavailable. Install with: pip install 'stable-worldmodel[env]' or pip install ale-py.
  from stable_worldmodel.envs import ale  # noqa: F401
2026-07-12 13:09:15.481 | INFO     | stable_worldmodel.wm.utils:_resolve_hf:149 - Loading quentinll/lewm-pusht from local cache...
2026-07-12 13:09:15.482 | INFO     | stable_worldmodel.wm.utils:_resolve_folder:137 - Loading checkpoint from folder /lustre/home/ha676/.stable_worldmodel/checkpoints/models--quentinll--lewm-pusht...
/lustre/home/ha676/le-wm/.venv/lib/python3.11/site-packages/stable_worldmodel/wm/utils.py:80: FutureWarning: You are using `torch.load` with `weights_only=False` (the current default value), which uses the default pickle module implicitly. It is possible to construct malicious pickle data which will execute arbitrary code during unpickling (See https://github.com/pytorch/pytorch/blob/main/SECURITY.md#untrusted-models for more details). In a future release, the default value for `weights_only` will be flipped to `True`. This limits the functions that could be executed during unpickling. Arbitrary objects will no longer be allowed to be loaded via this mode unless they are explicitly allowlisted by the user via `torch.serialization.add_safe_globals`. We recommend you start setting `weights_only=True` for any use case where you don't have full control of the loaded file. Please open an issue on GitHub for any issues related to this experimental feature.
  state_dict = torch.load(checkpoint_path, map_location='cpu')
13:09:23 | INFO  | atomic_chec~| [atomic_save] installed crash-safe checkpoint plugin (write to sibling .tmp + fsync + atomic rename)
13:09:23 | INFO  | utils.py    | Created ViT-tiny from scratch with config: {'hidden_size': 192, 'num_hidden_layers': 12, 'num_attention_heads': 3, 'intermediate_size': 768, 'image_size': 224, 'patch_size': 14}
[model] frozen LeWM (18.03M), device=cuda, training=False, subgoal=baseline
13:09:24 | INFO  | __init__.py | Cached 'action' from '/lustre/home/ha676/data/pusht/pusht_expert_train.h5'
13:09:24 | INFO  | __init__.py | Cached 'proprio' from '/lustre/home/ha676/data/pusht/pusht_expert_train.h5'
13:09:24 | INFO  | __init__.py | Cached 'state' from '/lustre/home/ha676/data/pusht/pusht_expert_train.h5'
/lustre/home/ha676/le-wm/.venv/lib/python3.11/site-packages/gymnasium/spaces/box.py:415: UserWarning: [33mWARN: Casting input x to numpy array.[0m
  gym.logger.warn("Casting input x to numpy array.")
/lustre/home/ha676/le-wm/.venv/lib/python3.11/site-packages/gymnasium/utils/passive_env_checker.py:157: UserWarning: [33mWARN: The obs returned by the `step()` method is not within the observation space.[0m
  logger.warn(f"{pre} is not within the observation space.")
/lustre/home/ha676/le-wm/.venv/lib/python3.11/site-packages/gymnasium/spaces/box.py:415: UserWarning: [33mWARN: Casting input x to numpy array.[0m
  gym.logger.warn("Casting input x to numpy array.")
/lustre/home/ha676/le-wm/.venv/lib/python3.11/site-packages/gymnasium/utils/passive_env_checker.py:157: UserWarning: [33mWARN: The obs returned by the `step()` method is not within the observation space.[0m
  logger.warn(f"{pre} is not within the observation space.")
[episodes-file] pusht.episodes150.json: 256 precomputed pairs (goal_offset=150, seed=42, eval_filter=None) -- sample_long/short bypassed
[eval] mode=long start=final num_eval=256 goal_offset=150 budget=300 eval_filter=none
[eval] episodes_idx[:5]=[636, 688, 700, 834, 850] start_steps[:5]=[7, 7, 7, 34, 34]
[PIN] success = pos_diff<20 [block xy only (paper)] AND angle<20deg
CEM solve time: 27.7568 seconds
CEM solve time: 26.9953 seconds
CEM solve time: 26.9041 seconds
CEM solve time: 26.8940 seconds
CEM solve time: 26.9092 seconds
CEM solve time: 26.8030 seconds
CEM solve time: 26.8073 seconds
CEM solve time: 26.6870 seconds
CEM solve time: 26.6917 seconds
CEM solve time: 26.7156 seconds
CEM solve time: 26.6995 seconds
CEM solve time: 26.7020 seconds
CEM solve time: 26.6911 seconds
CEM solve time: 26.6930 seconds
CEM solve time: 26.6062 seconds
CEM solve time: 26.6008 seconds
CEM solve time: 26.5780 seconds
CEM solve time: 26.5862 seconds
CEM solve time: 26.5977 seconds
CEM solve time: 26.5958 seconds
CEM solve time: 26.5921 seconds
CEM solve time: 26.5896 seconds
CEM solve time: 26.5805 seconds
CEM solve time: 26.5878 seconds
CEM solve time: 26.5796 seconds
CEM solve time: 26.5790 seconds
CEM solve time: 26.5856 seconds
CEM solve time: 26.5817 seconds
CEM solve time: 26.5799 seconds
CEM solve time: 26.5949 seconds
CEM solve time: 26.5771 seconds
CEM solve time: 26.5859 seconds
CEM solve time: 26.6010 seconds
CEM solve time: 26.6038 seconds
CEM solve time: 26.5892 seconds
CEM solve time: 26.5986 seconds
CEM solve time: 26.5921 seconds
CEM solve time: 26.5982 seconds
CEM solve time: 26.6033 seconds
CEM solve time: 26.5872 seconds
CEM solve time: 26.6242 seconds
CEM solve time: 26.5914 seconds
CEM solve time: 26.6206 seconds
CEM solve time: 26.6049 seconds
CEM solve time: 26.6163 seconds
CEM solve time: 26.5909 seconds
CEM solve time: 26.6028 seconds
CEM solve time: 26.5961 seconds
CEM solve time: 26.6224 seconds
CEM solve time: 26.5939 seconds
CEM solve time: 26.5952 seconds
CEM solve time: 26.6077 seconds
CEM solve time: 26.6082 seconds
CEM solve time: 26.5745 seconds
CEM solve time: 26.5765 seconds
CEM solve time: 26.5524 seconds
CEM solve time: 26.5613 seconds
CEM solve time: 26.5763 seconds
CEM solve time: 26.5582 seconds
CEM solve time: 26.5798 seconds
[RESULT] score=block angle=20deg  SR=3.91%  (10/256)
[PIN] success = pos_diff<20 [block xy only (paper)] AND angle<5deg
CEM solve time: 27.6593 seconds
CEM solve time: 27.1073 seconds
CEM solve time: 26.8940 seconds
CEM solve time: 26.9167 seconds
CEM solve time: 26.9145 seconds
CEM solve time: 26.8998 seconds
CEM solve time: 26.9069 seconds
CEM solve time: 26.9112 seconds
CEM solve time: 26.9051 seconds
CEM solve time: 26.9247 seconds
CEM solve time: 26.9121 seconds
CEM solve time: 26.9085 seconds
CEM solve time: 26.8992 seconds
CEM solve time: 26.9152 seconds
CEM solve time: 26.9097 seconds
CEM solve time: 26.9225 seconds
CEM solve time: 26.9064 seconds
CEM solve time: 26.9048 seconds
CEM solve time: 26.9033 seconds
CEM solve time: 26.9206 seconds
CEM solve time: 26.8871 seconds
CEM solve time: 26.9027 seconds
CEM solve time: 26.8984 seconds
CEM solve time: 26.9051 seconds
CEM solve time: 26.9008 seconds
CEM solve time: 26.9212 seconds
CEM solve time: 26.9213 seconds
CEM solve time: 26.9032 seconds
CEM solve time: 26.9024 seconds
CEM solve time: 26.9261 seconds
CEM solve time: 26.8995 seconds
CEM solve time: 26.9167 seconds
CEM solve time: 26.8992 seconds
CEM solve time: 26.9093 seconds
CEM solve time: 26.8936 seconds
CEM solve time: 26.9090 seconds
CEM solve time: 26.9052 seconds
CEM solve time: 26.9169 seconds
CEM solve time: 26.9064 seconds
CEM solve time: 26.9177 seconds
CEM solve time: 26.9045 seconds
CEM solve time: 26.9306 seconds
CEM solve time: 26.9099 seconds
CEM solve time: 26.9089 seconds
CEM solve time: 26.9205 seconds
CEM solve time: 26.9047 seconds
CEM solve time: 26.9268 seconds
CEM solve time: 26.9194 seconds
CEM solve time: 26.9179 seconds
CEM solve time: 26.9097 seconds
CEM solve time: 26.9282 seconds
CEM solve time: 26.9283 seconds
CEM solve time: 26.9316 seconds
CEM solve time: 26.9121 seconds
CEM solve time: 26.9061 seconds
CEM solve time: 26.9285 seconds
CEM solve time: 26.9231 seconds
CEM solve time: 26.9298 seconds
CEM solve time: 26.9132 seconds
CEM solve time: 26.9441 seconds
[RESULT] score=block angle=5deg  SR=2.73%  (7/256)

==== FF-JEPA eval summary ====
mode=long subgoal=baseline num_eval=256 seed=43 cem_seed=43 eval_filter=none
  score=block   20deg :   3.91%  (10/256)
  score=block    5deg :   2.73%  (7/256)
