=== pusht-hz-s5 arm=s10spec offset=150 budget=300 seed=42 ===
/lustre/home/ha676/le-wm/.venv/lib/python3.11/site-packages/stable_worldmodel/envs/__init__.py:215: UserWarning: ale-py not found; ALE/* envs are unavailable. Install with: pip install 'stable-worldmodel[env]' or pip install ale-py.
  from stable_worldmodel.envs import ale  # noqa: F401
2026-07-13 01:31:35.082 | INFO     | stable_worldmodel.wm.utils:_resolve_hf:149 - Loading quentinll/lewm-pusht from local cache...
2026-07-13 01:31:35.082 | INFO     | stable_worldmodel.wm.utils:_resolve_folder:137 - Loading checkpoint from folder /lustre/home/ha676/.stable_worldmodel/checkpoints/models--quentinll--lewm-pusht...
/lustre/home/ha676/le-wm/.venv/lib/python3.11/site-packages/stable_worldmodel/wm/utils.py:80: FutureWarning: You are using `torch.load` with `weights_only=False` (the current default value), which uses the default pickle module implicitly. It is possible to construct malicious pickle data which will execute arbitrary code during unpickling (See https://github.com/pytorch/pytorch/blob/main/SECURITY.md#untrusted-models for more details). In a future release, the default value for `weights_only` will be flipped to `True`. This limits the functions that could be executed during unpickling. Arbitrary objects will no longer be allowed to be loaded via this mode unless they are explicitly allowlisted by the user via `torch.serialization.add_safe_globals`. We recommend you start setting `weights_only=True` for any use case where you don't have full control of the loaded file. Please open an issue on GitHub for any issues related to this experimental feature.
  state_dict = torch.load(checkpoint_path, map_location='cpu')
01:31:40 | INFO  | atomic_chec~| [atomic_save] installed crash-safe checkpoint plugin (write to sibling .tmp + fsync + atomic rename)
01:31:40 | INFO  | utils.py    | Created ViT-tiny from scratch with config: {'hidden_size': 192, 'num_hidden_layers': 12, 'num_attention_heads': 3, 'intermediate_size': 768, 'image_size': 224, 'patch_size': 14}
[model] frozen LeWM (18.03M), device=cuda, training=False, subgoal=specaccept
[gdm] planner from gdm_stride10.pt: head=53.34M, N=3 WG=1 gamma=1.0 T=1000 sampler=ddim/8-steps param=eps schedule=linear norm=standardize
01:31:41 | INFO  | __init__.py | Cached 'action' from '/lustre/home/ha676/data/pusht/pusht_expert_train.h5'
01:31:41 | INFO  | __init__.py | Cached 'proprio' from '/lustre/home/ha676/data/pusht/pusht_expert_train.h5'
01:31:41 | INFO  | __init__.py | Cached 'state' from '/lustre/home/ha676/data/pusht/pusht_expert_train.h5'
/lustre/home/ha676/le-wm/.venv/lib/python3.11/site-packages/gymnasium/spaces/box.py:415: UserWarning: [33mWARN: Casting input x to numpy array.[0m
  gym.logger.warn("Casting input x to numpy array.")
/lustre/home/ha676/le-wm/.venv/lib/python3.11/site-packages/gymnasium/spaces/box.py:415: UserWarning: [33mWARN: Casting input x to numpy array.[0m
  gym.logger.warn("Casting input x to numpy array.")
[episodes-file] pusht.episodes150s5.json: 256 precomputed pairs (goal_offset=150, seed=42, eval_filter=success5) -- sample_long/short bypassed
[eval] mode=long start=final num_eval=256 goal_offset=150 budget=300 eval_filter=none
[eval] episodes_idx[:5]=[618, 812, 816, 843, 863] start_steps[:5]=[7, 34, 34, 34, 34]
[PIN] success = pos_diff<20 [block xy only (paper)] AND angle<20deg
CEM solve time: 54.6970 seconds
CEM solve time: 54.7064 seconds
CEM solve time: 54.6739 seconds
CEM solve time: 54.6870 seconds
CEM solve time: 54.2548 seconds
CEM solve time: 53.9885 seconds
CEM solve time: 52.4217 seconds
CEM solve time: 51.1223 seconds
CEM solve time: 48.3059 seconds
CEM solve time: 44.6893 seconds
CEM solve time: 39.7717 seconds
CEM solve time: 33.5057 seconds
CEM solve time: 28.1494 seconds
CEM solve time: 20.6808 seconds
CEM solve time: 14.9235 seconds
CEM solve time: 10.6613 seconds
CEM solve time: 8.1060 seconds
CEM solve time: 5.9728 seconds
CEM solve time: 4.4820 seconds
CEM solve time: 3.8423 seconds
CEM solve time: 2.9884 seconds
CEM solve time: 2.3495 seconds
CEM solve time: 2.3484 seconds
CEM solve time: 1.9224 seconds
CEM solve time: 1.0680 seconds
CEM solve time: 1.0684 seconds
CEM solve time: 0.8547 seconds
CEM solve time: 0.8545 seconds
CEM solve time: 0.6414 seconds
CEM solve time: 0.6414 seconds
[RESULT] score=block angle=20deg  SR=98.83%  (253/256)
[specaccept] tau=0.2 gdm_steps=8 re-drafts=1759 advances=1557 rejects=1159 call_ratio=0.530 (every-step=1.000; lower = fewer diffusion calls)
[PIN] success = pos_diff<20 [block xy only (paper)] AND angle<5deg
CEM solve time: 54.6146 seconds
CEM solve time: 54.6265 seconds
CEM solve time: 54.6304 seconds
CEM solve time: 54.6763 seconds
CEM solve time: 54.4675 seconds
CEM solve time: 54.4660 seconds
CEM solve time: 53.9875 seconds
CEM solve time: 54.0788 seconds
CEM solve time: 53.2764 seconds
CEM solve time: 51.7457 seconds
CEM solve time: 47.6213 seconds
CEM solve time: 41.9051 seconds
CEM solve time: 36.7467 seconds
CEM solve time: 30.0743 seconds
CEM solve time: 24.5566 seconds
CEM solve time: 20.9422 seconds
CEM solve time: 15.8136 seconds
CEM solve time: 13.0267 seconds
CEM solve time: 11.3247 seconds
CEM solve time: 9.1907 seconds
CEM solve time: 7.9173 seconds
CEM solve time: 6.4203 seconds
CEM solve time: 5.9941 seconds
CEM solve time: 5.3513 seconds
CEM solve time: 3.4250 seconds
CEM solve time: 2.9971 seconds
CEM solve time: 2.5696 seconds
CEM solve time: 1.9269 seconds
CEM solve time: 1.9272 seconds
CEM solve time: 1.7137 seconds
[RESULT] score=block angle=5deg  SR=96.88%  (248/256)
[specaccept] tau=0.2 gdm_steps=8 re-drafts=2079 advances=1816 rejects=1425 call_ratio=0.534 (every-step=1.000; lower = fewer diffusion calls)

==== FF-JEPA eval summary ====
mode=long subgoal=specaccept num_eval=256 seed=42 cem_seed=42 eval_filter=none
  score=block   20deg :  98.83%  (253/256)
  score=block    5deg :  96.88%  (248/256)
