/lustre/home/ha676/le-wm/.venv/lib/python3.11/site-packages/stable_worldmodel/envs/__init__.py:215: UserWarning: ale-py not found; ALE/* envs are unavailable. Install with: pip install 'stable-worldmodel[env]' or pip install ale-py.
  from stable_worldmodel.envs import ale  # noqa: F401
2026-07-12 12:14:00.295 | INFO     | stable_worldmodel.wm.utils:_resolve_hf:149 - Loading quentinll/lewm-pusht from local cache...
2026-07-12 12:14:00.298 | INFO     | stable_worldmodel.wm.utils:_resolve_folder:137 - Loading checkpoint from folder /lustre/home/ha676/.stable_worldmodel/checkpoints/models--quentinll--lewm-pusht...
/lustre/home/ha676/le-wm/.venv/lib/python3.11/site-packages/stable_worldmodel/wm/utils.py:80: FutureWarning: You are using `torch.load` with `weights_only=False` (the current default value), which uses the default pickle module implicitly. It is possible to construct malicious pickle data which will execute arbitrary code during unpickling (See https://github.com/pytorch/pytorch/blob/main/SECURITY.md#untrusted-models for more details). In a future release, the default value for `weights_only` will be flipped to `True`. This limits the functions that could be executed during unpickling. Arbitrary objects will no longer be allowed to be loaded via this mode unless they are explicitly allowlisted by the user via `torch.serialization.add_safe_globals`. We recommend you start setting `weights_only=True` for any use case where you don't have full control of the loaded file. Please open an issue on GitHub for any issues related to this experimental feature.
  state_dict = torch.load(checkpoint_path, map_location='cpu')
[cfg] {'h5': '/lustre/home/ha676/data/pusht/pusht_expert_train.h5', 'out': 'subgoals_dense_full.pt', 'source': 'pretrained', 'encoder_id': 'quentinll/lewm-pusht', 'local_dir': None, 'swm_src': None, 'device': 'cuda', 'batch_size': 256, 'stride': 1, 'angle_headline': 20.0, 'angle_strict': 5.0, 'pos_thresh': 20.0, 'max_episodes': None, 'sample_mode': 'head', 'sample_seed': 0}
12:14:25 | INFO  | atomic_chec~| [atomic_save] installed crash-safe checkpoint plugin (write to sibling .tmp + fsync + atomic rename)
12:14:25 | INFO  | utils.py    | Created ViT-tiny from scratch with config: {'hidden_size': 192, 'num_hidden_layers': 12, 'num_attention_heads': 3, 'intermediate_size': 768, 'image_size': 224, 'patch_size': 14}
[model] frozen LeWM loaded: 18.03M params, device=cuda, training=False
[data] 18685 episodes total; considering 18685 (mode=head)
[filter] kept@20deg=12042  kept@5deg=9094  dropped=6643  (64.4% kept)
[subsample] stride=1: 1456688 subgoal frames to encode; n_sg/episode min=49 max=246 mean=120.97
  encoded 109/1456688 frames over 1 eps (54s)
  encoded 21748/1456688 frames over 201 eps (80s)
  encoded 42411/1456688 frames over 401 eps (105s)
  encoded 72000/1456688 frames over 601 eps (140s)
  encoded 94305/1456688 frames over 801 eps (168s)
  encoded 118714/1456688 frames over 1001 eps (198s)
  encoded 138188/1456688 frames over 1201 eps (222s)
  encoded 161092/1456688 frames over 1401 eps (248s)
  encoded 180963/1456688 frames over 1601 eps (272s)
  encoded 201731/1456688 frames over 1801 eps (296s)
  encoded 234519/1456688 frames over 2001 eps (334s)
  encoded 259213/1456688 frames over 2201 eps (362s)
  encoded 285827/1456688 frames over 2401 eps (393s)
  encoded 315140/1456688 frames over 2601 eps (428s)
  encoded 335047/1456688 frames over 2801 eps (452s)
  encoded 359741/1456688 frames over 3001 eps (480s)
  encoded 391794/1456688 frames over 3201 eps (517s)
  encoded 419886/1456688 frames over 3401 eps (550s)
  encoded 437921/1456688 frames over 3601 eps (573s)
  encoded 462058/1456688 frames over 3801 eps (601s)
  encoded 487099/1456688 frames over 4001 eps (630s)
  encoded 509052/1456688 frames over 4201 eps (656s)
  encoded 531510/1456688 frames over 4401 eps (684s)
  encoded 555020/1456688 frames over 4601 eps (713s)
  encoded 581296/1456688 frames over 4801 eps (746s)
  encoded 599033/1456688 frames over 5001 eps (767s)
  encoded 624790/1456688 frames over 5201 eps (799s)
  encoded 652037/1456688 frames over 5401 eps (836s)
  encoded 673449/1456688 frames over 5601 eps (862s)
  encoded 696227/1456688 frames over 5801 eps (889s)
  encoded 717015/1456688 frames over 6001 eps (914s)
  encoded 739554/1456688 frames over 6201 eps (941s)
  encoded 764214/1456688 frames over 6401 eps (971s)
  encoded 792450/1456688 frames over 6601 eps (1003s)
  encoded 822297/1456688 frames over 6801 eps (1037s)
  encoded 845944/1456688 frames over 7001 eps (1066s)
  encoded 872748/1456688 frames over 7201 eps (1098s)
  encoded 906086/1456688 frames over 7401 eps (1135s)
  encoded 927876/1456688 frames over 7601 eps (1161s)
  encoded 952170/1456688 frames over 7801 eps (1189s)
  encoded 980158/1456688 frames over 8001 eps (1221s)
  encoded 1001945/1456688 frames over 8201 eps (1247s)
  encoded 1028769/1456688 frames over 8401 eps (1278s)
  encoded 1056269/1456688 frames over 8601 eps (1310s)
  encoded 1082978/1456688 frames over 8801 eps (1340s)
  encoded 1102194/1456688 frames over 9001 eps (1363s)
  encoded 1128554/1456688 frames over 9201 eps (1394s)
  encoded 1155110/1456688 frames over 9401 eps (1423s)
  encoded 1178403/1456688 frames over 9601 eps (1451s)
  encoded 1197406/1456688 frames over 9801 eps (1473s)
  encoded 1219860/1456688 frames over 10001 eps (1499s)
  encoded 1238787/1456688 frames over 10201 eps (1521s)
  encoded 1265338/1456688 frames over 10401 eps (1551s)
  encoded 1297754/1456688 frames over 10601 eps (1588s)
  encoded 1319072/1456688 frames over 10801 eps (1613s)
  encoded 1338286/1456688 frames over 11001 eps (1636s)
  encoded 1359705/1456688 frames over 11201 eps (1661s)
  encoded 1384581/1456688 frames over 11401 eps (1690s)
  encoded 1414416/1456688 frames over 11601 eps (1724s)
  encoded 1433133/1456688 frames over 11801 eps (1747s)
  encoded 1452055/1456688 frames over 12001 eps (1770s)
[save] subgoals_dense_full.pt  (1119.1 MB)
[norm] ||z|| mean=13.91 std=0.82 min=9.60 max=16.15  (sqrt(192)=13.86)
[done] 1778s
