=== audit tau-selection on VAL: tau=0.25 seed=43 ===
/lustre/home/ha676/le-wm/.venv/lib/python3.11/site-packages/stable_worldmodel/envs/__init__.py:215: UserWarning: ale-py not found; ALE/* envs are unavailable. Install with: pip install 'stable-worldmodel[env]' or pip install ale-py.
  from stable_worldmodel.envs import ale  # noqa: F401
2026-07-12 21:20:25.499 | INFO     | stable_worldmodel.wm.utils:_resolve_hf:149 - Loading quentinll/lewm-pusht from local cache...
2026-07-12 21:20:25.499 | INFO     | stable_worldmodel.wm.utils:_resolve_folder:137 - Loading checkpoint from folder /lustre/home/ha676/.stable_worldmodel/checkpoints/models--quentinll--lewm-pusht...
/lustre/home/ha676/le-wm/.venv/lib/python3.11/site-packages/stable_worldmodel/wm/utils.py:80: FutureWarning: You are using `torch.load` with `weights_only=False` (the current default value), which uses the default pickle module implicitly. It is possible to construct malicious pickle data which will execute arbitrary code during unpickling (See https://github.com/pytorch/pytorch/blob/main/SECURITY.md#untrusted-models for more details). In a future release, the default value for `weights_only` will be flipped to `True`. This limits the functions that could be executed during unpickling. Arbitrary objects will no longer be allowed to be loaded via this mode unless they are explicitly allowlisted by the user via `torch.serialization.add_safe_globals`. We recommend you start setting `weights_only=True` for any use case where you don't have full control of the loaded file. Please open an issue on GitHub for any issues related to this experimental feature.
  state_dict = torch.load(checkpoint_path, map_location='cpu')
21:20:35 | INFO  | atomic_chec~| [atomic_save] installed crash-safe checkpoint plugin (write to sibling .tmp + fsync + atomic rename)
21:20:35 | INFO  | utils.py    | Created ViT-tiny from scratch with config: {'hidden_size': 192, 'num_hidden_layers': 12, 'num_attention_heads': 3, 'intermediate_size': 768, 'image_size': 224, 'patch_size': 14}
[model] frozen LeWM (18.03M), device=cuda, training=False, subgoal=specaccept
[gdm] planner from gdm_stride10.pt: head=53.34M, N=3 WG=1 gamma=1.0 T=1000 sampler=ddim/8-steps param=eps schedule=linear norm=standardize
21:20:36 | INFO  | __init__.py | Cached 'action' from '/lustre/home/ha676/data/pusht/pusht_expert_train.h5'
21:20:36 | INFO  | __init__.py | Cached 'proprio' from '/lustre/home/ha676/data/pusht/pusht_expert_train.h5'
21:20:36 | INFO  | __init__.py | Cached 'state' from '/lustre/home/ha676/data/pusht/pusht_expert_train.h5'
/lustre/home/ha676/le-wm/.venv/lib/python3.11/site-packages/gymnasium/spaces/box.py:415: UserWarning: [33mWARN: Casting input x to numpy array.[0m
  gym.logger.warn("Casting input x to numpy array.")
/lustre/home/ha676/le-wm/.venv/lib/python3.11/site-packages/gymnasium/spaces/box.py:415: UserWarning: [33mWARN: Casting input x to numpy array.[0m
  gym.logger.warn("Casting input x to numpy array.")
[episodes-file] pusht.episodes150.val.json: 256 precomputed pairs (goal_offset=150, seed=777, eval_filter=None) -- sample_long/short bypassed
[eval] mode=long start=final num_eval=256 goal_offset=150 budget=300 eval_filter=none
[eval] episodes_idx[:5]=[611, 612, 622, 629, 630] start_steps[:5]=[7, 7, 7, 7, 7]
[PIN] success = pos_diff<20 [block xy only (paper)] AND angle<20deg
CEM solve time: 55.0427 seconds
CEM solve time: 54.1039 seconds
CEM solve time: 53.8720 seconds
CEM solve time: 53.9080 seconds
CEM solve time: 53.9158 seconds
CEM solve time: 53.6980 seconds
CEM solve time: 52.0068 seconds
CEM solve time: 51.2768 seconds
CEM solve time: 50.2724 seconds
CEM solve time: 46.6364 seconds
CEM solve time: 41.8484 seconds
CEM solve time: 37.3132 seconds
CEM solve time: 32.5898 seconds
CEM solve time: 31.0817 seconds
CEM solve time: 29.1751 seconds
CEM solve time: 25.9860 seconds
CEM solve time: 24.2407 seconds
CEM solve time: 22.7464 seconds
CEM solve time: 21.4270 seconds
CEM solve time: 21.2211 seconds
CEM solve time: 20.7872 seconds
CEM solve time: 20.7976 seconds
CEM solve time: 20.7789 seconds
CEM solve time: 20.7673 seconds
CEM solve time: 20.8276 seconds
CEM solve time: 20.6114 seconds
CEM solve time: 20.6175 seconds
CEM solve time: 20.1593 seconds
CEM solve time: 19.9253 seconds
CEM solve time: 19.9363 seconds
[RESULT] score=block angle=20deg  SR=63.67%  (163/256)
[specaccept] tau=0.25 gdm_steps=8 re-drafts=2112 advances=2629 rejects=1084 call_ratio=0.445 (every-step=1.000; lower = fewer diffusion calls)
[PIN] success = pos_diff<20 [block xy only (paper)] AND angle<5deg
CEM solve time: 54.9340 seconds
CEM solve time: 54.3479 seconds
CEM solve time: 54.3299 seconds
CEM solve time: 54.2687 seconds
CEM solve time: 54.2841 seconds
CEM solve time: 54.2498 seconds
CEM solve time: 54.2663 seconds
CEM solve time: 54.1042 seconds
CEM solve time: 54.1072 seconds
CEM solve time: 53.2148 seconds
CEM solve time: 51.2644 seconds
CEM solve time: 46.2976 seconds
CEM solve time: 42.6945 seconds
CEM solve time: 38.1960 seconds
CEM solve time: 36.6779 seconds
CEM solve time: 34.7579 seconds
CEM solve time: 33.4986 seconds
CEM solve time: 32.8433 seconds
CEM solve time: 30.7278 seconds
CEM solve time: 28.1423 seconds
CEM solve time: 27.0699 seconds
CEM solve time: 26.6085 seconds
CEM solve time: 26.1597 seconds
CEM solve time: 26.2301 seconds
CEM solve time: 25.9972 seconds
CEM solve time: 25.9374 seconds
CEM solve time: 25.7820 seconds
CEM solve time: 25.3016 seconds
CEM solve time: 24.0234 seconds
CEM solve time: 24.0195 seconds
[RESULT] score=block angle=5deg  SR=56.25%  (144/256)
[specaccept] tau=0.25 gdm_steps=8 re-drafts=2476 advances=2996 rejects=1313 call_ratio=0.452 (every-step=1.000; lower = fewer diffusion calls)

==== FF-JEPA eval summary ====
mode=long subgoal=specaccept num_eval=256 seed=43 cem_seed=43 eval_filter=none
  score=block   20deg :  63.67%  (163/256)
  score=block    5deg :  56.25%  (144/256)
