/lustre/home/ha676/le-wm/.venv/lib/python3.11/site-packages/stable_worldmodel/envs/__init__.py:215: UserWarning: ale-py not found; ALE/* envs are unavailable. Install with: pip install 'stable-worldmodel[env]' or pip install ale-py.
  from stable_worldmodel.envs import ale  # noqa: F401
2026-07-12 21:12:55.198 | INFO     | stable_worldmodel.wm.utils:_resolve_hf:149 - Loading quentinll/lewm-pusht from local cache...
2026-07-12 21:12:55.199 | INFO     | stable_worldmodel.wm.utils:_resolve_folder:137 - Loading checkpoint from folder /lustre/home/ha676/.stable_worldmodel/checkpoints/models--quentinll--lewm-pusht...
/lustre/home/ha676/le-wm/.venv/lib/python3.11/site-packages/stable_worldmodel/wm/utils.py:80: FutureWarning: You are using `torch.load` with `weights_only=False` (the current default value), which uses the default pickle module implicitly. It is possible to construct malicious pickle data which will execute arbitrary code during unpickling (See https://github.com/pytorch/pytorch/blob/main/SECURITY.md#untrusted-models for more details). In a future release, the default value for `weights_only` will be flipped to `True`. This limits the functions that could be executed during unpickling. Arbitrary objects will no longer be allowed to be loaded via this mode unless they are explicitly allowlisted by the user via `torch.serialization.add_safe_globals`. We recommend you start setting `weights_only=True` for any use case where you don't have full control of the loaded file. Please open an issue on GitHub for any issues related to this experimental feature.
  state_dict = torch.load(checkpoint_path, map_location='cpu')
21:13:01 | INFO  | atomic_chec~| [atomic_save] installed crash-safe checkpoint plugin (write to sibling .tmp + fsync + atomic rename)
21:13:01 | INFO  | utils.py    | Created ViT-tiny from scratch with config: {'hidden_size': 192, 'num_hidden_layers': 12, 'num_attention_heads': 3, 'intermediate_size': 768, 'image_size': 224, 'patch_size': 14}
[model] frozen LeWM (18.03M), device=cuda, training=False, subgoal=specaccept
[gdm] planner from gdm_stride10.pt: head=53.34M, N=3 WG=1 gamma=1.0 T=1000 sampler=ddim/8-steps param=eps schedule=linear norm=standardize
21:13:02 | INFO  | __init__.py | Cached 'action' from '/lustre/home/ha676/data/pusht/pusht_expert_train.h5'
21:13:03 | INFO  | __init__.py | Cached 'proprio' from '/lustre/home/ha676/data/pusht/pusht_expert_train.h5'
21:13:03 | INFO  | __init__.py | Cached 'state' from '/lustre/home/ha676/data/pusht/pusht_expert_train.h5'
/lustre/home/ha676/le-wm/.venv/lib/python3.11/site-packages/gymnasium/spaces/box.py:415: UserWarning: [33mWARN: Casting input x to numpy array.[0m
  gym.logger.warn("Casting input x to numpy array.")
/lustre/home/ha676/le-wm/.venv/lib/python3.11/site-packages/gymnasium/spaces/box.py:415: UserWarning: [33mWARN: Casting input x to numpy array.[0m
  gym.logger.warn("Casting input x to numpy array.")
[episodes-file] pusht.episodes150.val.json: 256 precomputed pairs (goal_offset=150, seed=777, eval_filter=None) -- sample_long/short bypassed
[eval] mode=long start=final num_eval=256 goal_offset=150 budget=300 eval_filter=none
[eval] episodes_idx[:5]=[611, 612, 622, 629, 630] start_steps[:5]=[7, 7, 7, 7, 7]
[PIN] success = pos_diff<20 [block xy only (paper)] AND angle<20deg
CEM solve time: 54.8500 seconds
CEM solve time: 53.8952 seconds
CEM solve time: 53.7013 seconds
CEM solve time: 53.7316 seconds
CEM solve time: 53.7002 seconds
CEM solve time: 53.7222 seconds
CEM solve time: 52.6517 seconds
CEM solve time: 50.9435 seconds
CEM solve time: 48.7353 seconds
CEM solve time: 45.5885 seconds
CEM solve time: 41.6888 seconds
CEM solve time: 37.1822 seconds
CEM solve time: 34.4560 seconds
CEM solve time: 32.1252 seconds
CEM solve time: 29.9437 seconds
CEM solve time: 27.3862 seconds
CEM solve time: 25.4763 seconds
CEM solve time: 24.6489 seconds
CEM solve time: 23.0793 seconds
CEM solve time: 22.0447 seconds
CEM solve time: 21.8326 seconds
CEM solve time: 21.6238 seconds
CEM solve time: 20.9802 seconds
CEM solve time: 20.9808 seconds
CEM solve time: 20.9591 seconds
CEM solve time: 20.3156 seconds
CEM solve time: 20.0975 seconds
CEM solve time: 19.9110 seconds
CEM solve time: 19.8911 seconds
CEM solve time: 19.9186 seconds
[RESULT] score=block angle=20deg  SR=63.67%  (163/256)
[specaccept] tau=0.2 gdm_steps=8 re-drafts=2466 advances=2329 rejects=1645 call_ratio=0.514 (every-step=1.000; lower = fewer diffusion calls)
[PIN] success = pos_diff<20 [block xy only (paper)] AND angle<5deg
CEM solve time: 54.7918 seconds
CEM solve time: 54.2044 seconds
CEM solve time: 54.2091 seconds
CEM solve time: 54.1883 seconds
CEM solve time: 54.1684 seconds
CEM solve time: 54.1785 seconds
CEM solve time: 53.8494 seconds
CEM solve time: 53.8506 seconds
CEM solve time: 52.6627 seconds
CEM solve time: 51.0781 seconds
CEM solve time: 47.7621 seconds
CEM solve time: 45.2236 seconds
CEM solve time: 41.5151 seconds
CEM solve time: 37.8559 seconds
CEM solve time: 35.4282 seconds
CEM solve time: 32.6903 seconds
CEM solve time: 30.3099 seconds
CEM solve time: 28.6070 seconds
CEM solve time: 27.9695 seconds
CEM solve time: 27.7696 seconds
CEM solve time: 27.5699 seconds
CEM solve time: 26.6779 seconds
CEM solve time: 25.5931 seconds
CEM solve time: 24.7303 seconds
CEM solve time: 24.1556 seconds
CEM solve time: 24.1394 seconds
CEM solve time: 24.1330 seconds
CEM solve time: 24.1272 seconds
CEM solve time: 24.1278 seconds
CEM solve time: 24.1306 seconds
[RESULT] score=block angle=5deg  SR=56.64%  (145/256)
[specaccept] tau=0.2 gdm_steps=8 re-drafts=2641 advances=2701 rejects=1689 call_ratio=0.494 (every-step=1.000; lower = fewer diffusion calls)

==== FF-JEPA eval summary ====
mode=long subgoal=specaccept num_eval=256 seed=42 cem_seed=42 eval_filter=none
  score=block   20deg :  63.67%  (163/256)
  score=block    5deg :  56.64%  (145/256)
