=== gamma-sweep: gamma=0.75 S=10 RH=2 seed=43 (t150, budget 300, n=256) ===
/lustre/home/ha676/le-wm/.venv/lib/python3.11/site-packages/stable_worldmodel/envs/__init__.py:215: UserWarning: ale-py not found; ALE/* envs are unavailable. Install with: pip install 'stable-worldmodel[env]' or pip install ale-py.
  from stable_worldmodel.envs import ale  # noqa: F401
2026-07-12 18:55:52.208 | INFO     | stable_worldmodel.wm.utils:_resolve_hf:149 - Loading quentinll/lewm-pusht from local cache...
2026-07-12 18:55:52.209 | INFO     | stable_worldmodel.wm.utils:_resolve_folder:137 - Loading checkpoint from folder /lustre/home/ha676/.stable_worldmodel/checkpoints/models--quentinll--lewm-pusht...
/lustre/home/ha676/le-wm/.venv/lib/python3.11/site-packages/stable_worldmodel/wm/utils.py:80: FutureWarning: You are using `torch.load` with `weights_only=False` (the current default value), which uses the default pickle module implicitly. It is possible to construct malicious pickle data which will execute arbitrary code during unpickling (See https://github.com/pytorch/pytorch/blob/main/SECURITY.md#untrusted-models for more details). In a future release, the default value for `weights_only` will be flipped to `True`. This limits the functions that could be executed during unpickling. Arbitrary objects will no longer be allowed to be loaded via this mode unless they are explicitly allowlisted by the user via `torch.serialization.add_safe_globals`. We recommend you start setting `weights_only=True` for any use case where you don't have full control of the loaded file. Please open an issue on GitHub for any issues related to this experimental feature.
  state_dict = torch.load(checkpoint_path, map_location='cpu')
18:55:58 | INFO  | atomic_chec~| [atomic_save] installed crash-safe checkpoint plugin (write to sibling .tmp + fsync + atomic rename)
18:55:58 | INFO  | utils.py    | Created ViT-tiny from scratch with config: {'hidden_size': 192, 'num_hidden_layers': 12, 'num_attention_heads': 3, 'intermediate_size': 768, 'image_size': 224, 'patch_size': 14}
[model] frozen LeWM (18.03M), device=cuda, training=False, subgoal=gdm
[gdm] planner from gdm_stride10.pt: head=53.34M, N=3 WG=1 gamma=0.75 T=1000 sampler=ddim/50-steps param=eps schedule=linear norm=standardize
18:55:59 | INFO  | __init__.py | Cached 'action' from '/lustre/home/ha676/data/pusht/pusht_expert_train.h5'
18:55:59 | INFO  | __init__.py | Cached 'proprio' from '/lustre/home/ha676/data/pusht/pusht_expert_train.h5'
18:55:59 | INFO  | __init__.py | Cached 'state' from '/lustre/home/ha676/data/pusht/pusht_expert_train.h5'
/lustre/home/ha676/le-wm/.venv/lib/python3.11/site-packages/gymnasium/spaces/box.py:415: UserWarning: [33mWARN: Casting input x to numpy array.[0m
  gym.logger.warn("Casting input x to numpy array.")
/lustre/home/ha676/le-wm/.venv/lib/python3.11/site-packages/gymnasium/spaces/box.py:415: UserWarning: [33mWARN: Casting input x to numpy array.[0m
  gym.logger.warn("Casting input x to numpy array.")
[episodes-file] pusht.episodes150.json: 256 precomputed pairs (goal_offset=150, seed=42, eval_filter=None) -- sample_long/short bypassed
[eval] mode=long start=final num_eval=256 goal_offset=150 budget=300 eval_filter=none
[eval] episodes_idx[:5]=[636, 688, 700, 834, 850] start_steps[:5]=[7, 7, 7, 34, 34]
[PIN] success = pos_diff<20 [block xy only (paper)] AND angle<20deg
CEM solve time: 54.6462 seconds
CEM solve time: 53.3557 seconds
CEM solve time: 53.0235 seconds
CEM solve time: 52.7821 seconds
CEM solve time: 52.0977 seconds
CEM solve time: 51.4000 seconds
CEM solve time: 50.3308 seconds
CEM solve time: 49.7885 seconds
CEM solve time: 48.8180 seconds
CEM solve time: 45.4247 seconds
CEM solve time: 43.5702 seconds
CEM solve time: 40.6702 seconds
CEM solve time: 39.2340 seconds
CEM solve time: 36.2182 seconds
CEM solve time: 31.7239 seconds
CEM solve time: 29.1690 seconds
CEM solve time: 27.9522 seconds
CEM solve time: 26.8186 seconds
CEM solve time: 26.0271 seconds
CEM solve time: 25.3515 seconds
CEM solve time: 24.7357 seconds
CEM solve time: 24.2885 seconds
CEM solve time: 23.6499 seconds
CEM solve time: 23.4245 seconds
CEM solve time: 23.2018 seconds
CEM solve time: 23.2201 seconds
CEM solve time: 23.0038 seconds
CEM solve time: 22.9968 seconds
CEM solve time: 23.0259 seconds
CEM solve time: 23.0281 seconds
[RESULT] score=block angle=20deg  SR=57.81%  (148/256)
[PIN] success = pos_diff<20 [block xy only (paper)] AND angle<5deg
CEM solve time: 54.5171 seconds
CEM solve time: 53.6937 seconds
CEM solve time: 53.5438 seconds
CEM solve time: 53.2936 seconds
CEM solve time: 52.9135 seconds
CEM solve time: 52.4353 seconds
CEM solve time: 52.0678 seconds
CEM solve time: 51.7990 seconds
CEM solve time: 51.3431 seconds
CEM solve time: 49.7317 seconds
CEM solve time: 48.8608 seconds
CEM solve time: 46.3060 seconds
CEM solve time: 43.9364 seconds
CEM solve time: 41.8985 seconds
CEM solve time: 38.6031 seconds
CEM solve time: 35.8062 seconds
CEM solve time: 33.0640 seconds
CEM solve time: 31.7930 seconds
CEM solve time: 30.7244 seconds
CEM solve time: 30.5211 seconds
CEM solve time: 29.8540 seconds
CEM solve time: 29.0072 seconds
CEM solve time: 28.8258 seconds
CEM solve time: 28.5851 seconds
CEM solve time: 27.9794 seconds
CEM solve time: 27.2964 seconds
CEM solve time: 27.2861 seconds
CEM solve time: 26.9018 seconds
CEM solve time: 26.8724 seconds
CEM solve time: 26.8949 seconds
[RESULT] score=block angle=5deg  SR=51.17%  (131/256)

==== FF-JEPA eval summary ====
mode=long subgoal=gdm num_eval=256 seed=43 cem_seed=43 eval_filter=none
  score=block   20deg :  57.81%  (148/256)
  score=block    5deg :  51.17%  (131/256)
