=== pusht k=4: gdmk4 seed=44 (t150) ===
/lustre/home/ha676/le-wm/.venv/lib/python3.11/site-packages/stable_worldmodel/envs/__init__.py:215: UserWarning: ale-py not found; ALE/* envs are unavailable. Install with: pip install 'stable-worldmodel[env]' or pip install ale-py.
  from stable_worldmodel.envs import ale  # noqa: F401
2026-07-12 22:07:27.272 | INFO     | stable_worldmodel.wm.utils:_resolve_hf:149 - Loading quentinll/lewm-pusht from local cache...
2026-07-12 22:07:27.273 | INFO     | stable_worldmodel.wm.utils:_resolve_folder:137 - Loading checkpoint from folder /lustre/home/ha676/.stable_worldmodel/checkpoints/models--quentinll--lewm-pusht...
/lustre/home/ha676/le-wm/.venv/lib/python3.11/site-packages/stable_worldmodel/wm/utils.py:80: FutureWarning: You are using `torch.load` with `weights_only=False` (the current default value), which uses the default pickle module implicitly. It is possible to construct malicious pickle data which will execute arbitrary code during unpickling (See https://github.com/pytorch/pytorch/blob/main/SECURITY.md#untrusted-models for more details). In a future release, the default value for `weights_only` will be flipped to `True`. This limits the functions that could be executed during unpickling. Arbitrary objects will no longer be allowed to be loaded via this mode unless they are explicitly allowlisted by the user via `torch.serialization.add_safe_globals`. We recommend you start setting `weights_only=True` for any use case where you don't have full control of the loaded file. Please open an issue on GitHub for any issues related to this experimental feature.
  state_dict = torch.load(checkpoint_path, map_location='cpu')
22:07:35 | INFO  | atomic_chec~| [atomic_save] installed crash-safe checkpoint plugin (write to sibling .tmp + fsync + atomic rename)
22:07:35 | INFO  | utils.py    | Created ViT-tiny from scratch with config: {'hidden_size': 192, 'num_hidden_layers': 12, 'num_attention_heads': 3, 'intermediate_size': 768, 'image_size': 224, 'patch_size': 14}
[model] frozen LeWM (18.03M), device=cuda, training=False, subgoal=gdm
[gdm] planner from gdm_stride10.pt: head=53.34M, N=3 WG=1 gamma=1.0 T=1000 sampler=ddim/4-steps param=eps schedule=linear norm=standardize
22:07:37 | INFO  | __init__.py | Cached 'action' from '/lustre/home/ha676/data/pusht/pusht_expert_train.h5'
22:07:39 | INFO  | __init__.py | Cached 'proprio' from '/lustre/home/ha676/data/pusht/pusht_expert_train.h5'
22:07:41 | INFO  | __init__.py | Cached 'state' from '/lustre/home/ha676/data/pusht/pusht_expert_train.h5'
/lustre/home/ha676/le-wm/.venv/lib/python3.11/site-packages/gymnasium/spaces/box.py:415: UserWarning: [33mWARN: Casting input x to numpy array.[0m
  gym.logger.warn("Casting input x to numpy array.")
/lustre/home/ha676/le-wm/.venv/lib/python3.11/site-packages/gymnasium/utils/passive_env_checker.py:157: UserWarning: [33mWARN: The obs returned by the `step()` method is not within the observation space.[0m
  logger.warn(f"{pre} is not within the observation space.")
/lustre/home/ha676/le-wm/.venv/lib/python3.11/site-packages/gymnasium/spaces/box.py:415: UserWarning: [33mWARN: Casting input x to numpy array.[0m
  gym.logger.warn("Casting input x to numpy array.")
/lustre/home/ha676/le-wm/.venv/lib/python3.11/site-packages/gymnasium/utils/passive_env_checker.py:157: UserWarning: [33mWARN: The obs returned by the `step()` method is not within the observation space.[0m
  logger.warn(f"{pre} is not within the observation space.")
[episodes-file] pusht.episodes150.json: 256 precomputed pairs (goal_offset=150, seed=42, eval_filter=None) -- sample_long/short bypassed
[eval] mode=long start=final num_eval=256 goal_offset=150 budget=300 eval_filter=none
[eval] episodes_idx[:5]=[636, 688, 700, 834, 850] start_steps[:5]=[7, 7, 7, 34, 34]
[PIN] success = pos_diff<20 [block xy only (paper)] AND angle<20deg
CEM solve time: 54.9346 seconds
CEM solve time: 53.4743 seconds
CEM solve time: 52.9840 seconds
CEM solve time: 52.8336 seconds
CEM solve time: 52.2527 seconds
CEM solve time: 50.4902 seconds
CEM solve time: 48.1582 seconds
CEM solve time: 47.3097 seconds
CEM solve time: 46.0767 seconds
CEM solve time: 44.5128 seconds
CEM solve time: 42.5449 seconds
CEM solve time: 40.2832 seconds
CEM solve time: 36.4045 seconds
CEM solve time: 32.7285 seconds
CEM solve time: 29.9769 seconds
CEM solve time: 28.6533 seconds
CEM solve time: 26.3077 seconds
CEM solve time: 24.7994 seconds
CEM solve time: 23.7574 seconds
CEM solve time: 23.2902 seconds
CEM solve time: 22.8911 seconds
CEM solve time: 22.4555 seconds
CEM solve time: 22.2516 seconds
CEM solve time: 22.0152 seconds
CEM solve time: 22.0503 seconds
CEM solve time: 22.0132 seconds
CEM solve time: 22.0262 seconds
CEM solve time: 22.0616 seconds
CEM solve time: 21.8376 seconds
CEM solve time: 21.8492 seconds
[RESULT] score=block angle=20deg  SR=60.16%  (154/256)
[PIN] success = pos_diff<20 [block xy only (paper)] AND angle<5deg
CEM solve time: 54.7737 seconds
CEM solve time: 53.9603 seconds
CEM solve time: 53.8039 seconds
CEM solve time: 53.5697 seconds
CEM solve time: 53.5466 seconds
CEM solve time: 53.1589 seconds
CEM solve time: 52.6743 seconds
CEM solve time: 51.5323 seconds
CEM solve time: 50.9555 seconds
CEM solve time: 49.8436 seconds
CEM solve time: 48.7837 seconds
CEM solve time: 46.2511 seconds
CEM solve time: 42.6222 seconds
CEM solve time: 40.2305 seconds
CEM solve time: 38.5035 seconds
CEM solve time: 36.3733 seconds
CEM solve time: 34.4591 seconds
CEM solve time: 33.8416 seconds
CEM solve time: 32.9705 seconds
CEM solve time: 32.3439 seconds
CEM solve time: 31.9168 seconds
CEM solve time: 31.2846 seconds
CEM solve time: 31.3048 seconds
CEM solve time: 31.3040 seconds
CEM solve time: 30.6582 seconds
CEM solve time: 29.8006 seconds
CEM solve time: 29.6103 seconds
CEM solve time: 28.9512 seconds
CEM solve time: 28.7500 seconds
CEM solve time: 28.7479 seconds
[RESULT] score=block angle=5deg  SR=47.66%  (122/256)

==== FF-JEPA eval summary ====
mode=long subgoal=gdm num_eval=256 seed=44 cem_seed=44 eval_filter=none
  score=block   20deg :  60.16%  (154/256)
  score=block    5deg :  47.66%  (122/256)
