=== s-curve eval: S=5 native short seed=44 ===
/lustre/home/ha676/le-wm/.venv/lib/python3.11/site-packages/stable_worldmodel/envs/__init__.py:215: UserWarning: ale-py not found; ALE/* envs are unavailable. Install with: pip install 'stable-worldmodel[env]' or pip install ale-py.
  from stable_worldmodel.envs import ale  # noqa: F401
2026-07-13 02:28:27.724 | INFO     | stable_worldmodel.wm.utils:_resolve_hf:149 - Loading quentinll/lewm-pusht from local cache...
2026-07-13 02:28:27.725 | INFO     | stable_worldmodel.wm.utils:_resolve_folder:137 - Loading checkpoint from folder /lustre/home/ha676/.stable_worldmodel/checkpoints/models--quentinll--lewm-pusht...
/lustre/home/ha676/le-wm/.venv/lib/python3.11/site-packages/stable_worldmodel/wm/utils.py:80: FutureWarning: You are using `torch.load` with `weights_only=False` (the current default value), which uses the default pickle module implicitly. It is possible to construct malicious pickle data which will execute arbitrary code during unpickling (See https://github.com/pytorch/pytorch/blob/main/SECURITY.md#untrusted-models for more details). In a future release, the default value for `weights_only` will be flipped to `True`. This limits the functions that could be executed during unpickling. Arbitrary objects will no longer be allowed to be loaded via this mode unless they are explicitly allowlisted by the user via `torch.serialization.add_safe_globals`. We recommend you start setting `weights_only=True` for any use case where you don't have full control of the loaded file. Please open an issue on GitHub for any issues related to this experimental feature.
  state_dict = torch.load(checkpoint_path, map_location='cpu')
02:28:36 | INFO  | atomic_chec~| [atomic_save] installed crash-safe checkpoint plugin (write to sibling .tmp + fsync + atomic rename)
02:28:36 | INFO  | utils.py    | Created ViT-tiny from scratch with config: {'hidden_size': 192, 'num_hidden_layers': 12, 'num_attention_heads': 3, 'intermediate_size': 768, 'image_size': 224, 'patch_size': 14}
[model] frozen LeWM (18.03M), device=cuda, training=False, subgoal=gdm
[gdm] planner from gdm_stride5.pt: head=53.34M, N=3 WG=1 gamma=1.0 T=1000 sampler=ddim/50-steps param=eps schedule=linear norm=standardize
02:28:37 | INFO  | __init__.py | Cached 'action' from '/lustre/home/ha676/data/pusht/pusht_expert_train.h5'
02:28:37 | INFO  | __init__.py | Cached 'proprio' from '/lustre/home/ha676/data/pusht/pusht_expert_train.h5'
02:28:37 | INFO  | __init__.py | Cached 'state' from '/lustre/home/ha676/data/pusht/pusht_expert_train.h5'
/lustre/home/ha676/le-wm/.venv/lib/python3.11/site-packages/gymnasium/spaces/box.py:415: UserWarning: [33mWARN: Casting input x to numpy array.[0m
  gym.logger.warn("Casting input x to numpy array.")
/lustre/home/ha676/le-wm/.venv/lib/python3.11/site-packages/gymnasium/spaces/box.py:415: UserWarning: [33mWARN: Casting input x to numpy array.[0m
  gym.logger.warn("Casting input x to numpy array.")
[eval-filter] success@5deg: 9094/18685 episodes eligible (goal frame reaches the canonical target)
[eval] mode=short start=final num_eval=256 goal_offset=25 budget=50 eval_filter=success5
[eval] episodes_idx[:5]=[12, 250, 288, 813, 836] start_steps[:5]=[83, 58, 58, 159, 159]
[PIN] success = pos_diff<20 [block xy only (paper)] AND angle<20deg
CEM solve time: 27.4028 seconds
CEM solve time: 13.4158 seconds
CEM solve time: 11.9272 seconds
CEM solve time: 9.7743 seconds
CEM solve time: 7.2770 seconds
CEM solve time: 4.3315 seconds
CEM solve time: 1.7943 seconds
CEM solve time: 0.8436 seconds
CEM solve time: 0.5287 seconds
CEM solve time: 0.4222 seconds
[RESULT] score=block angle=20deg  SR=98.83%  (253/256)
[PIN] success = pos_diff<20 [block xy only (paper)] AND angle<5deg
CEM solve time: 26.9716 seconds
CEM solve time: 15.2014 seconds
CEM solve time: 13.7395 seconds
CEM solve time: 11.3080 seconds
CEM solve time: 8.0363 seconds
CEM solve time: 5.6024 seconds
CEM solve time: 4.0121 seconds
CEM solve time: 2.9436 seconds
CEM solve time: 2.3166 seconds
CEM solve time: 2.1148 seconds
[RESULT] score=block angle=5deg  SR=92.97%  (238/256)

==== FF-JEPA eval summary ====
mode=short subgoal=gdm num_eval=256 seed=44 cem_seed=44 eval_filter=success5
  score=block   20deg :  98.83%  (253/256)
  score=block    5deg :  92.97%  (238/256)
