/lustre/home/ha676/le-wm/.venv/lib/python3.11/site-packages/stable_worldmodel/envs/__init__.py:215: UserWarning: ale-py not found; ALE/* envs are unavailable. Install with: pip install 'stable-worldmodel[env]' or pip install ale-py.
  from stable_worldmodel.envs import ale  # noqa: F401
2026-07-12 21:30:22.571 | INFO     | stable_worldmodel.wm.utils:_resolve_hf:149 - Loading quentinll/lewm-pusht from local cache...
2026-07-12 21:30:22.571 | INFO     | stable_worldmodel.wm.utils:_resolve_folder:137 - Loading checkpoint from folder /lustre/home/ha676/.stable_worldmodel/checkpoints/models--quentinll--lewm-pusht...
/lustre/home/ha676/le-wm/.venv/lib/python3.11/site-packages/stable_worldmodel/wm/utils.py:80: FutureWarning: You are using `torch.load` with `weights_only=False` (the current default value), which uses the default pickle module implicitly. It is possible to construct malicious pickle data which will execute arbitrary code during unpickling (See https://github.com/pytorch/pytorch/blob/main/SECURITY.md#untrusted-models for more details). In a future release, the default value for `weights_only` will be flipped to `True`. This limits the functions that could be executed during unpickling. Arbitrary objects will no longer be allowed to be loaded via this mode unless they are explicitly allowlisted by the user via `torch.serialization.add_safe_globals`. We recommend you start setting `weights_only=True` for any use case where you don't have full control of the loaded file. Please open an issue on GitHub for any issues related to this experimental feature.
  state_dict = torch.load(checkpoint_path, map_location='cpu')
21:30:27 | INFO  | atomic_chec~| [atomic_save] installed crash-safe checkpoint plugin (write to sibling .tmp + fsync + atomic rename)
21:30:28 | INFO  | utils.py    | Created ViT-tiny from scratch with config: {'hidden_size': 192, 'num_hidden_layers': 12, 'num_attention_heads': 3, 'intermediate_size': 768, 'image_size': 224, 'patch_size': 14}
[model] frozen LeWM (18.03M), device=cuda, training=False, subgoal=gdm
[gdm] planner from gdm_stride10.pt: head=53.34M, N=3 WG=1 gamma=1.0 T=1000 sampler=ddim/8-steps param=eps schedule=linear norm=standardize
21:30:29 | INFO  | __init__.py | Cached 'action' from '/lustre/home/ha676/data/pusht/pusht_expert_train.h5'
21:30:29 | INFO  | __init__.py | Cached 'proprio' from '/lustre/home/ha676/data/pusht/pusht_expert_train.h5'
21:30:29 | INFO  | __init__.py | Cached 'state' from '/lustre/home/ha676/data/pusht/pusht_expert_train.h5'
/lustre/home/ha676/le-wm/.venv/lib/python3.11/site-packages/gymnasium/spaces/box.py:415: UserWarning: [33mWARN: Casting input x to numpy array.[0m
  gym.logger.warn("Casting input x to numpy array.")
/lustre/home/ha676/le-wm/.venv/lib/python3.11/site-packages/gymnasium/utils/passive_env_checker.py:157: UserWarning: [33mWARN: The obs returned by the `step()` method is not within the observation space.[0m
  logger.warn(f"{pre} is not within the observation space.")
/lustre/home/ha676/le-wm/.venv/lib/python3.11/site-packages/gymnasium/spaces/box.py:415: UserWarning: [33mWARN: Casting input x to numpy array.[0m
  gym.logger.warn("Casting input x to numpy array.")
/lustre/home/ha676/le-wm/.venv/lib/python3.11/site-packages/gymnasium/utils/passive_env_checker.py:157: UserWarning: [33mWARN: The obs returned by the `step()` method is not within the observation space.[0m
  logger.warn(f"{pre} is not within the observation space.")
[episodes-file] pusht.episodes150.json: 256 precomputed pairs (goal_offset=150, seed=42, eval_filter=None) -- sample_long/short bypassed
[eval] mode=long start=final num_eval=256 goal_offset=150 budget=300 eval_filter=none
[eval] episodes_idx[:5]=[636, 688, 700, 834, 850] start_steps[:5]=[7, 7, 7, 34, 34]
[PIN] success = pos_diff<20 [block xy only (paper)] AND angle<20deg
CEM solve time: 54.8990 seconds
CEM solve time: 53.5996 seconds
CEM solve time: 53.0817 seconds
CEM solve time: 52.9245 seconds
CEM solve time: 52.1432 seconds
CEM solve time: 50.5580 seconds
CEM solve time: 49.3003 seconds
CEM solve time: 48.6130 seconds
CEM solve time: 47.3711 seconds
CEM solve time: 44.7271 seconds
CEM solve time: 42.4543 seconds
CEM solve time: 39.6196 seconds
CEM solve time: 37.0252 seconds
CEM solve time: 33.8877 seconds
CEM solve time: 31.2677 seconds
CEM solve time: 27.6349 seconds
CEM solve time: 26.7781 seconds
CEM solve time: 25.9506 seconds
CEM solve time: 25.4880 seconds
CEM solve time: 24.6372 seconds
CEM solve time: 23.7737 seconds
CEM solve time: 23.5551 seconds
CEM solve time: 23.3399 seconds
CEM solve time: 23.3500 seconds
CEM solve time: 23.1253 seconds
CEM solve time: 22.4837 seconds
CEM solve time: 22.2795 seconds
CEM solve time: 22.2781 seconds
CEM solve time: 22.2868 seconds
CEM solve time: 22.2779 seconds
[RESULT] score=block angle=20deg  SR=59.38%  (152/256)
[timing] score=block angle=20deg drafter=4.807s cem=1114.529s total=1119.336s drafter_frac=0.43% per_episode_ms={'drafter_ms': 18.778989302518312, 'cem_ms': 4353.628500848572, 'total_ms': 4372.40749015109} timed_steps=300
[PIN] success = pos_diff<20 [block xy only (paper)] AND angle<5deg
CEM solve time: 54.8321 seconds
CEM solve time: 54.0118 seconds
CEM solve time: 53.8530 seconds
CEM solve time: 53.6331 seconds
CEM solve time: 53.6297 seconds
CEM solve time: 53.4132 seconds
CEM solve time: 53.1018 seconds
CEM solve time: 52.4271 seconds
CEM solve time: 52.0011 seconds
CEM solve time: 49.9094 seconds
CEM solve time: 48.1470 seconds
CEM solve time: 46.0549 seconds
CEM solve time: 43.4539 seconds
CEM solve time: 41.7598 seconds
CEM solve time: 38.4720 seconds
CEM solve time: 35.5102 seconds
CEM solve time: 35.1092 seconds
CEM solve time: 34.6634 seconds
CEM solve time: 34.0092 seconds
CEM solve time: 32.9171 seconds
CEM solve time: 32.0561 seconds
CEM solve time: 31.2268 seconds
CEM solve time: 30.3455 seconds
CEM solve time: 29.7376 seconds
CEM solve time: 29.5064 seconds
CEM solve time: 29.5181 seconds
CEM solve time: 29.3063 seconds
CEM solve time: 29.0946 seconds
CEM solve time: 28.4541 seconds
CEM solve time: 28.4280 seconds
[RESULT] score=block angle=5deg  SR=48.44%  (124/256)
[timing] score=block angle=5deg drafter=5.297s cem=1283.345s total=1288.642s drafter_frac=0.41% per_episode_ms={'drafter_ms': 20.691737336164806, 'cem_ms': 5013.066493676888, 'total_ms': 5033.758231013053} timed_steps=300

==== FF-JEPA eval summary ====
mode=long subgoal=gdm num_eval=256 seed=42 cem_seed=42 eval_filter=none
  score=block   20deg :  59.38%  (152/256)
  score=block    5deg :  48.44%  (124/256)
