=== s-curve eval: S=15 t150 seed=43 ===
/lustre/home/ha676/le-wm/.venv/lib/python3.11/site-packages/stable_worldmodel/envs/__init__.py:215: UserWarning: ale-py not found; ALE/* envs are unavailable. Install with: pip install 'stable-worldmodel[env]' or pip install ale-py.
  from stable_worldmodel.envs import ale  # noqa: F401
2026-07-13 02:03:01.409 | INFO     | stable_worldmodel.wm.utils:_resolve_hf:149 - Loading quentinll/lewm-pusht from local cache...
2026-07-13 02:03:01.409 | INFO     | stable_worldmodel.wm.utils:_resolve_folder:137 - Loading checkpoint from folder /lustre/home/ha676/.stable_worldmodel/checkpoints/models--quentinll--lewm-pusht...
/lustre/home/ha676/le-wm/.venv/lib/python3.11/site-packages/stable_worldmodel/wm/utils.py:80: FutureWarning: You are using `torch.load` with `weights_only=False` (the current default value), which uses the default pickle module implicitly. It is possible to construct malicious pickle data which will execute arbitrary code during unpickling (See https://github.com/pytorch/pytorch/blob/main/SECURITY.md#untrusted-models for more details). In a future release, the default value for `weights_only` will be flipped to `True`. This limits the functions that could be executed during unpickling. Arbitrary objects will no longer be allowed to be loaded via this mode unless they are explicitly allowlisted by the user via `torch.serialization.add_safe_globals`. We recommend you start setting `weights_only=True` for any use case where you don't have full control of the loaded file. Please open an issue on GitHub for any issues related to this experimental feature.
  state_dict = torch.load(checkpoint_path, map_location='cpu')
02:03:07 | INFO  | atomic_chec~| [atomic_save] installed crash-safe checkpoint plugin (write to sibling .tmp + fsync + atomic rename)
02:03:07 | INFO  | utils.py    | Created ViT-tiny from scratch with config: {'hidden_size': 192, 'num_hidden_layers': 12, 'num_attention_heads': 3, 'intermediate_size': 768, 'image_size': 224, 'patch_size': 14}
[model] frozen LeWM (18.03M), device=cuda, training=False, subgoal=gdm
[gdm] planner from gdm_stride15.pt: head=53.34M, N=3 WG=1 gamma=1.0 T=1000 sampler=ddim/50-steps param=eps schedule=linear norm=standardize
02:03:08 | INFO  | __init__.py | Cached 'action' from '/lustre/home/ha676/data/pusht/pusht_expert_train.h5'
02:03:08 | INFO  | __init__.py | Cached 'proprio' from '/lustre/home/ha676/data/pusht/pusht_expert_train.h5'
02:03:08 | INFO  | __init__.py | Cached 'state' from '/lustre/home/ha676/data/pusht/pusht_expert_train.h5'
/lustre/home/ha676/le-wm/.venv/lib/python3.11/site-packages/gymnasium/spaces/box.py:415: UserWarning: [33mWARN: Casting input x to numpy array.[0m
  gym.logger.warn("Casting input x to numpy array.")
/lustre/home/ha676/le-wm/.venv/lib/python3.11/site-packages/gymnasium/spaces/box.py:415: UserWarning: [33mWARN: Casting input x to numpy array.[0m
  gym.logger.warn("Casting input x to numpy array.")
[episodes-file] pusht.episodes150.json: 256 precomputed pairs (goal_offset=150, seed=42, eval_filter=None) -- sample_long/short bypassed
[eval] mode=long start=final num_eval=256 goal_offset=150 budget=300 eval_filter=none
[eval] episodes_idx[:5]=[636, 688, 700, 834, 850] start_steps[:5]=[7, 7, 7, 34, 34]
[PIN] success = pos_diff<20 [block xy only (paper)] AND angle<20deg
CEM solve time: 85.4411 seconds
CEM solve time: 83.4823 seconds
CEM solve time: 83.1575 seconds
CEM solve time: 81.3698 seconds
CEM solve time: 77.6700 seconds
CEM solve time: 76.4918 seconds
CEM solve time: 71.4334 seconds
CEM solve time: 66.7797 seconds
CEM solve time: 59.0689 seconds
CEM solve time: 52.3904 seconds
CEM solve time: 49.0321 seconds
CEM solve time: 45.3593 seconds
CEM solve time: 43.7014 seconds
CEM solve time: 41.0577 seconds
CEM solve time: 38.3756 seconds
CEM solve time: 38.0376 seconds
CEM solve time: 36.7294 seconds
CEM solve time: 36.7335 seconds
CEM solve time: 36.0306 seconds
CEM solve time: 35.6775 seconds
[RESULT] score=block angle=20deg  SR=58.59%  (150/256)
[PIN] success = pos_diff<20 [block xy only (paper)] AND angle<5deg
CEM solve time: 85.3430 seconds
CEM solve time: 84.1756 seconds
CEM solve time: 83.5180 seconds
CEM solve time: 83.0664 seconds
CEM solve time: 83.0344 seconds
CEM solve time: 82.3347 seconds
CEM solve time: 79.0244 seconds
CEM solve time: 75.0556 seconds
CEM solve time: 70.6658 seconds
CEM solve time: 66.0410 seconds
CEM solve time: 60.3442 seconds
CEM solve time: 56.3543 seconds
CEM solve time: 53.9903 seconds
CEM solve time: 52.3304 seconds
CEM solve time: 50.6474 seconds
CEM solve time: 48.3169 seconds
CEM solve time: 47.3215 seconds
CEM solve time: 46.0253 seconds
CEM solve time: 45.3252 seconds
CEM solve time: 43.9939 seconds
[RESULT] score=block angle=5deg  SR=48.83%  (125/256)

==== FF-JEPA eval summary ====
mode=long subgoal=gdm num_eval=256 seed=43 cem_seed=43 eval_filter=none
  score=block   20deg :  58.59%  (150/256)
  score=block    5deg :  48.83%  (125/256)
