=== gc-ablation: t150 seed=43 ===
/lustre/home/ha676/le-wm/.venv/lib/python3.11/site-packages/stable_worldmodel/envs/__init__.py:215: UserWarning: ale-py not found; ALE/* envs are unavailable. Install with: pip install 'stable-worldmodel[env]' or pip install ale-py.
  from stable_worldmodel.envs import ale  # noqa: F401
2026-07-13 01:42:27.940 | INFO     | stable_worldmodel.wm.utils:_resolve_hf:149 - Loading quentinll/lewm-pusht from local cache...
2026-07-13 01:42:27.941 | INFO     | stable_worldmodel.wm.utils:_resolve_folder:137 - Loading checkpoint from folder /lustre/home/ha676/.stable_worldmodel/checkpoints/models--quentinll--lewm-pusht...
/lustre/home/ha676/le-wm/.venv/lib/python3.11/site-packages/stable_worldmodel/wm/utils.py:80: FutureWarning: You are using `torch.load` with `weights_only=False` (the current default value), which uses the default pickle module implicitly. It is possible to construct malicious pickle data which will execute arbitrary code during unpickling (See https://github.com/pytorch/pytorch/blob/main/SECURITY.md#untrusted-models for more details). In a future release, the default value for `weights_only` will be flipped to `True`. This limits the functions that could be executed during unpickling. Arbitrary objects will no longer be allowed to be loaded via this mode unless they are explicitly allowlisted by the user via `torch.serialization.add_safe_globals`. We recommend you start setting `weights_only=True` for any use case where you don't have full control of the loaded file. Please open an issue on GitHub for any issues related to this experimental feature.
  state_dict = torch.load(checkpoint_path, map_location='cpu')
01:42:37 | INFO  | atomic_chec~| [atomic_save] installed crash-safe checkpoint plugin (write to sibling .tmp + fsync + atomic rename)
01:42:37 | INFO  | utils.py    | Created ViT-tiny from scratch with config: {'hidden_size': 192, 'num_hidden_layers': 12, 'num_attention_heads': 3, 'intermediate_size': 768, 'image_size': 224, 'patch_size': 14}
[model] frozen LeWM (18.03M), device=cuda, training=False, subgoal=gdm
[gdm] planner from gdm_stride10_gc.pt: head=53.44M, N=3 WG=1 gamma=1.0 T=1000 sampler=ddim/50-steps param=eps schedule=linear norm=standardize
01:42:38 | INFO  | __init__.py | Cached 'action' from '/lustre/home/ha676/data/pusht/pusht_expert_train.h5'
01:42:38 | INFO  | __init__.py | Cached 'proprio' from '/lustre/home/ha676/data/pusht/pusht_expert_train.h5'
01:42:38 | INFO  | __init__.py | Cached 'state' from '/lustre/home/ha676/data/pusht/pusht_expert_train.h5'
/lustre/home/ha676/le-wm/.venv/lib/python3.11/site-packages/gymnasium/spaces/box.py:415: UserWarning: [33mWARN: Casting input x to numpy array.[0m
  gym.logger.warn("Casting input x to numpy array.")
/lustre/home/ha676/le-wm/.venv/lib/python3.11/site-packages/gymnasium/utils/passive_env_checker.py:157: UserWarning: [33mWARN: The obs returned by the `step()` method is not within the observation space.[0m
  logger.warn(f"{pre} is not within the observation space.")
/lustre/home/ha676/le-wm/.venv/lib/python3.11/site-packages/gymnasium/spaces/box.py:415: UserWarning: [33mWARN: Casting input x to numpy array.[0m
  gym.logger.warn("Casting input x to numpy array.")
/lustre/home/ha676/le-wm/.venv/lib/python3.11/site-packages/gymnasium/utils/passive_env_checker.py:157: UserWarning: [33mWARN: The obs returned by the `step()` method is not within the observation space.[0m
  logger.warn(f"{pre} is not within the observation space.")
[episodes-file] pusht.episodes150.json: 256 precomputed pairs (goal_offset=150, seed=42, eval_filter=None) -- sample_long/short bypassed
[eval] mode=long start=final num_eval=256 goal_offset=150 budget=300 eval_filter=none
[eval] episodes_idx[:5]=[636, 688, 700, 834, 850] start_steps[:5]=[7, 7, 7, 34, 34]
[PIN] success = pos_diff<20 [block xy only (paper)] AND angle<20deg
CEM solve time: 55.1892 seconds
CEM solve time: 53.5370 seconds
CEM solve time: 53.5399 seconds
CEM solve time: 53.5700 seconds
CEM solve time: 53.2460 seconds
CEM solve time: 52.4731 seconds
CEM solve time: 51.4925 seconds
CEM solve time: 50.5236 seconds
CEM solve time: 49.5681 seconds
CEM solve time: 47.2904 seconds
CEM solve time: 45.7051 seconds
CEM solve time: 44.9060 seconds
CEM solve time: 42.3619 seconds
CEM solve time: 38.4715 seconds
CEM solve time: 34.3564 seconds
CEM solve time: 31.7127 seconds
CEM solve time: 29.7677 seconds
CEM solve time: 27.6292 seconds
CEM solve time: 26.6367 seconds
CEM solve time: 26.2183 seconds
CEM solve time: 25.0871 seconds
CEM solve time: 24.6715 seconds
CEM solve time: 24.4710 seconds
CEM solve time: 24.0329 seconds
CEM solve time: 24.0319 seconds
CEM solve time: 22.9961 seconds
CEM solve time: 23.0377 seconds
CEM solve time: 22.3276 seconds
CEM solve time: 22.3099 seconds
CEM solve time: 22.1141 seconds
[RESULT] score=block angle=20deg  SR=60.16%  (154/256)
[PIN] success = pos_diff<20 [block xy only (paper)] AND angle<5deg
CEM solve time: 55.0226 seconds
CEM solve time: 54.1751 seconds
CEM solve time: 54.1239 seconds
CEM solve time: 54.1451 seconds
CEM solve time: 53.8969 seconds
CEM solve time: 53.6419 seconds
CEM solve time: 53.4200 seconds
CEM solve time: 53.1788 seconds
CEM solve time: 52.9772 seconds
CEM solve time: 51.5007 seconds
CEM solve time: 50.2460 seconds
CEM solve time: 48.7129 seconds
CEM solve time: 46.5356 seconds
CEM solve time: 42.4145 seconds
CEM solve time: 38.4073 seconds
CEM solve time: 36.4478 seconds
CEM solve time: 33.6710 seconds
CEM solve time: 31.7313 seconds
CEM solve time: 30.2896 seconds
CEM solve time: 28.7894 seconds
CEM solve time: 27.6094 seconds
CEM solve time: 27.2031 seconds
CEM solve time: 26.8012 seconds
CEM solve time: 26.7902 seconds
CEM solve time: 26.3632 seconds
CEM solve time: 25.9408 seconds
CEM solve time: 25.6921 seconds
CEM solve time: 25.7172 seconds
CEM solve time: 25.4984 seconds
CEM solve time: 25.5146 seconds
[RESULT] score=block angle=5deg  SR=53.91%  (138/256)

==== FF-JEPA eval summary ====
mode=long subgoal=gdm num_eval=256 seed=43 cem_seed=43 eval_filter=none
  score=block   20deg :  60.16%  (154/256)
  score=block    5deg :  53.91%  (138/256)
