=== pusht-horizon arm=s10gdm offset=150 budget=300 seed=43 ===
/lustre/home/ha676/le-wm/.venv/lib/python3.11/site-packages/stable_worldmodel/envs/__init__.py:215: UserWarning: ale-py not found; ALE/* envs are unavailable. Install with: pip install 'stable-worldmodel[env]' or pip install ale-py.
  from stable_worldmodel.envs import ale  # noqa: F401
2026-07-12 17:13:21.878 | INFO     | stable_worldmodel.wm.utils:_resolve_hf:149 - Loading quentinll/lewm-pusht from local cache...
2026-07-12 17:13:21.879 | INFO     | stable_worldmodel.wm.utils:_resolve_folder:137 - Loading checkpoint from folder /lustre/home/ha676/.stable_worldmodel/checkpoints/models--quentinll--lewm-pusht...
/lustre/home/ha676/le-wm/.venv/lib/python3.11/site-packages/stable_worldmodel/wm/utils.py:80: FutureWarning: You are using `torch.load` with `weights_only=False` (the current default value), which uses the default pickle module implicitly. It is possible to construct malicious pickle data which will execute arbitrary code during unpickling (See https://github.com/pytorch/pytorch/blob/main/SECURITY.md#untrusted-models for more details). In a future release, the default value for `weights_only` will be flipped to `True`. This limits the functions that could be executed during unpickling. Arbitrary objects will no longer be allowed to be loaded via this mode unless they are explicitly allowlisted by the user via `torch.serialization.add_safe_globals`. We recommend you start setting `weights_only=True` for any use case where you don't have full control of the loaded file. Please open an issue on GitHub for any issues related to this experimental feature.
  state_dict = torch.load(checkpoint_path, map_location='cpu')
17:13:27 | INFO  | atomic_chec~| [atomic_save] installed crash-safe checkpoint plugin (write to sibling .tmp + fsync + atomic rename)
17:13:27 | INFO  | utils.py    | Created ViT-tiny from scratch with config: {'hidden_size': 192, 'num_hidden_layers': 12, 'num_attention_heads': 3, 'intermediate_size': 768, 'image_size': 224, 'patch_size': 14}
[model] frozen LeWM (18.03M), device=cuda, training=False, subgoal=gdm
[gdm] planner from gdm_stride10.pt: head=53.34M, N=3 WG=1 gamma=1.0 T=1000 sampler=ddim/50-steps param=eps schedule=linear norm=standardize
17:13:28 | INFO  | __init__.py | Cached 'action' from '/lustre/home/ha676/data/pusht/pusht_expert_train.h5'
17:13:28 | INFO  | __init__.py | Cached 'proprio' from '/lustre/home/ha676/data/pusht/pusht_expert_train.h5'
17:13:28 | INFO  | __init__.py | Cached 'state' from '/lustre/home/ha676/data/pusht/pusht_expert_train.h5'
/lustre/home/ha676/le-wm/.venv/lib/python3.11/site-packages/gymnasium/spaces/box.py:415: UserWarning: [33mWARN: Casting input x to numpy array.[0m
  gym.logger.warn("Casting input x to numpy array.")
/lustre/home/ha676/le-wm/.venv/lib/python3.11/site-packages/gymnasium/utils/passive_env_checker.py:157: UserWarning: [33mWARN: The obs returned by the `step()` method is not within the observation space.[0m
  logger.warn(f"{pre} is not within the observation space.")
/lustre/home/ha676/le-wm/.venv/lib/python3.11/site-packages/gymnasium/spaces/box.py:415: UserWarning: [33mWARN: Casting input x to numpy array.[0m
  gym.logger.warn("Casting input x to numpy array.")
/lustre/home/ha676/le-wm/.venv/lib/python3.11/site-packages/gymnasium/utils/passive_env_checker.py:157: UserWarning: [33mWARN: The obs returned by the `step()` method is not within the observation space.[0m
  logger.warn(f"{pre} is not within the observation space.")
[episodes-file] pusht.episodes150.json: 256 precomputed pairs (goal_offset=150, seed=42, eval_filter=None) -- sample_long/short bypassed
[eval] mode=long start=final num_eval=256 goal_offset=150 budget=300 eval_filter=none
[eval] episodes_idx[:5]=[636, 688, 700, 834, 850] start_steps[:5]=[7, 7, 7, 34, 34]
[PIN] success = pos_diff<20 [block xy only (paper)] AND angle<20deg
CEM solve time: 54.7294 seconds
CEM solve time: 53.4645 seconds
CEM solve time: 53.1832 seconds
CEM solve time: 53.1762 seconds
CEM solve time: 52.3808 seconds
CEM solve time: 51.7594 seconds
CEM solve time: 50.8569 seconds
CEM solve time: 50.0344 seconds
CEM solve time: 49.1974 seconds
CEM solve time: 46.8461 seconds
CEM solve time: 43.6637 seconds
CEM solve time: 40.4159 seconds
CEM solve time: 38.5187 seconds
CEM solve time: 35.6988 seconds
CEM solve time: 33.3409 seconds
CEM solve time: 29.0804 seconds
CEM solve time: 26.8935 seconds
CEM solve time: 25.8747 seconds
CEM solve time: 25.0064 seconds
CEM solve time: 24.3683 seconds
CEM solve time: 24.1441 seconds
CEM solve time: 23.4902 seconds
CEM solve time: 23.2807 seconds
CEM solve time: 23.0705 seconds
CEM solve time: 22.8507 seconds
CEM solve time: 22.8478 seconds
CEM solve time: 22.6574 seconds
CEM solve time: 22.4276 seconds
CEM solve time: 22.2210 seconds
CEM solve time: 22.2266 seconds
[RESULT] score=block angle=20deg  SR=59.38%  (152/256)
[PIN] success = pos_diff<20 [block xy only (paper)] AND angle<5deg
CEM solve time: 54.7610 seconds
CEM solve time: 53.8366 seconds
CEM solve time: 53.8410 seconds
CEM solve time: 53.6792 seconds
CEM solve time: 53.4625 seconds
CEM solve time: 53.2596 seconds
CEM solve time: 52.9624 seconds
CEM solve time: 52.7065 seconds
CEM solve time: 52.2641 seconds
CEM solve time: 50.3136 seconds
CEM solve time: 47.5055 seconds
CEM solve time: 45.4569 seconds
CEM solve time: 43.4669 seconds
CEM solve time: 41.8479 seconds
CEM solve time: 39.4220 seconds
CEM solve time: 36.4304 seconds
CEM solve time: 35.5775 seconds
CEM solve time: 34.5586 seconds
CEM solve time: 33.7045 seconds
CEM solve time: 32.8274 seconds
CEM solve time: 31.9707 seconds
CEM solve time: 31.7545 seconds
CEM solve time: 30.9369 seconds
CEM solve time: 29.8577 seconds
CEM solve time: 29.4530 seconds
CEM solve time: 29.2288 seconds
CEM solve time: 29.2274 seconds
CEM solve time: 29.0156 seconds
CEM solve time: 29.0168 seconds
CEM solve time: 28.8047 seconds
[RESULT] score=block angle=5deg  SR=47.66%  (122/256)

==== FF-JEPA eval summary ====
mode=long subgoal=gdm num_eval=256 seed=43 cem_seed=43 eval_filter=none
  score=block   20deg :  59.38%  (152/256)
  score=block    5deg :  47.66%  (122/256)
