=== audit every-step k=8 (t150 test pop) seed=44 ===
/lustre/home/ha676/le-wm/.venv/lib/python3.11/site-packages/stable_worldmodel/envs/__init__.py:215: UserWarning: ale-py not found; ALE/* envs are unavailable. Install with: pip install 'stable-worldmodel[env]' or pip install ale-py.
  from stable_worldmodel.envs import ale  # noqa: F401
2026-07-12 20:37:19.054 | INFO     | stable_worldmodel.wm.utils:_resolve_hf:149 - Loading quentinll/lewm-pusht from local cache...
2026-07-12 20:37:19.055 | INFO     | stable_worldmodel.wm.utils:_resolve_folder:137 - Loading checkpoint from folder /lustre/home/ha676/.stable_worldmodel/checkpoints/models--quentinll--lewm-pusht...
/lustre/home/ha676/le-wm/.venv/lib/python3.11/site-packages/stable_worldmodel/wm/utils.py:80: FutureWarning: You are using `torch.load` with `weights_only=False` (the current default value), which uses the default pickle module implicitly. It is possible to construct malicious pickle data which will execute arbitrary code during unpickling (See https://github.com/pytorch/pytorch/blob/main/SECURITY.md#untrusted-models for more details). In a future release, the default value for `weights_only` will be flipped to `True`. This limits the functions that could be executed during unpickling. Arbitrary objects will no longer be allowed to be loaded via this mode unless they are explicitly allowlisted by the user via `torch.serialization.add_safe_globals`. We recommend you start setting `weights_only=True` for any use case where you don't have full control of the loaded file. Please open an issue on GitHub for any issues related to this experimental feature.
  state_dict = torch.load(checkpoint_path, map_location='cpu')
20:37:23 | INFO  | atomic_chec~| [atomic_save] installed crash-safe checkpoint plugin (write to sibling .tmp + fsync + atomic rename)
20:37:24 | INFO  | utils.py    | Created ViT-tiny from scratch with config: {'hidden_size': 192, 'num_hidden_layers': 12, 'num_attention_heads': 3, 'intermediate_size': 768, 'image_size': 224, 'patch_size': 14}
[model] frozen LeWM (18.03M), device=cuda, training=False, subgoal=gdm
[gdm] planner from gdm_stride10.pt: head=53.34M, N=3 WG=1 gamma=1.0 T=1000 sampler=ddim/8-steps param=eps schedule=linear norm=standardize
20:37:25 | INFO  | __init__.py | Cached 'action' from '/lustre/home/ha676/data/pusht/pusht_expert_train.h5'
20:37:25 | INFO  | __init__.py | Cached 'proprio' from '/lustre/home/ha676/data/pusht/pusht_expert_train.h5'
20:37:25 | INFO  | __init__.py | Cached 'state' from '/lustre/home/ha676/data/pusht/pusht_expert_train.h5'
/lustre/home/ha676/le-wm/.venv/lib/python3.11/site-packages/gymnasium/spaces/box.py:415: UserWarning: [33mWARN: Casting input x to numpy array.[0m
  gym.logger.warn("Casting input x to numpy array.")
/lustre/home/ha676/le-wm/.venv/lib/python3.11/site-packages/gymnasium/utils/passive_env_checker.py:157: UserWarning: [33mWARN: The obs returned by the `step()` method is not within the observation space.[0m
  logger.warn(f"{pre} is not within the observation space.")
/lustre/home/ha676/le-wm/.venv/lib/python3.11/site-packages/gymnasium/spaces/box.py:415: UserWarning: [33mWARN: Casting input x to numpy array.[0m
  gym.logger.warn("Casting input x to numpy array.")
/lustre/home/ha676/le-wm/.venv/lib/python3.11/site-packages/gymnasium/utils/passive_env_checker.py:157: UserWarning: [33mWARN: The obs returned by the `step()` method is not within the observation space.[0m
  logger.warn(f"{pre} is not within the observation space.")
[episodes-file] pusht.episodes150.json: 256 precomputed pairs (goal_offset=150, seed=42, eval_filter=None) -- sample_long/short bypassed
[eval] mode=long start=final num_eval=256 goal_offset=150 budget=300 eval_filter=none
[eval] episodes_idx[:5]=[636, 688, 700, 834, 850] start_steps[:5]=[7, 7, 7, 34, 34]
[PIN] success = pos_diff<20 [block xy only (paper)] AND angle<20deg
CEM solve time: 54.7470 seconds
CEM solve time: 53.4479 seconds
CEM solve time: 53.1460 seconds
CEM solve time: 52.8696 seconds
CEM solve time: 52.1110 seconds
CEM solve time: 51.4476 seconds
CEM solve time: 49.7392 seconds
CEM solve time: 49.0523 seconds
CEM solve time: 47.7156 seconds
CEM solve time: 44.9610 seconds
CEM solve time: 42.2236 seconds
CEM solve time: 39.2319 seconds
CEM solve time: 36.4974 seconds
CEM solve time: 34.7401 seconds
CEM solve time: 31.3141 seconds
CEM solve time: 28.2133 seconds
CEM solve time: 26.2361 seconds
CEM solve time: 25.8305 seconds
CEM solve time: 25.1897 seconds
CEM solve time: 24.5647 seconds
CEM solve time: 23.6713 seconds
CEM solve time: 23.4429 seconds
CEM solve time: 23.2251 seconds
CEM solve time: 22.6472 seconds
CEM solve time: 22.6265 seconds
CEM solve time: 22.6161 seconds
CEM solve time: 22.6206 seconds
CEM solve time: 22.3836 seconds
CEM solve time: 22.1665 seconds
CEM solve time: 22.1878 seconds
[RESULT] score=block angle=20deg  SR=59.38%  (152/256)
[PIN] success = pos_diff<20 [block xy only (paper)] AND angle<5deg
CEM solve time: 54.6646 seconds
CEM solve time: 53.7579 seconds
CEM solve time: 53.6103 seconds
CEM solve time: 53.3809 seconds
CEM solve time: 53.3883 seconds
CEM solve time: 52.6804 seconds
CEM solve time: 52.2196 seconds
CEM solve time: 52.2627 seconds
CEM solve time: 51.4173 seconds
CEM solve time: 49.7530 seconds
CEM solve time: 48.6517 seconds
CEM solve time: 46.0657 seconds
CEM solve time: 43.7323 seconds
CEM solve time: 41.8439 seconds
CEM solve time: 37.7050 seconds
CEM solve time: 35.4051 seconds
CEM solve time: 33.9050 seconds
CEM solve time: 32.3953 seconds
CEM solve time: 31.9635 seconds
CEM solve time: 31.1346 seconds
CEM solve time: 30.9289 seconds
CEM solve time: 29.8894 seconds
CEM solve time: 29.9093 seconds
CEM solve time: 29.8724 seconds
CEM solve time: 28.7826 seconds
CEM solve time: 28.8027 seconds
CEM solve time: 28.5761 seconds
CEM solve time: 28.3617 seconds
CEM solve time: 28.3444 seconds
CEM solve time: 28.3509 seconds
[RESULT] score=block angle=5deg  SR=50.00%  (128/256)

==== FF-JEPA eval summary ====
mode=long subgoal=gdm num_eval=256 seed=44 cem_seed=44 eval_filter=none
  score=block   20deg :  59.38%  (152/256)
  score=block    5deg :  50.00%  (128/256)
