/lustre/home/ha676/le-wm/.venv/lib/python3.11/site-packages/stable_worldmodel/envs/__init__.py:215: UserWarning: ale-py not found; ALE/* envs are unavailable. Install with: pip install 'stable-worldmodel[env]' or pip install ale-py.
  from stable_worldmodel.envs import ale  # noqa: F401
2026-07-12 22:13:04.215 | INFO     | stable_worldmodel.wm.utils:_resolve_hf:149 - Loading quentinll/lewm-pusht from local cache...
2026-07-12 22:13:04.216 | INFO     | stable_worldmodel.wm.utils:_resolve_folder:137 - Loading checkpoint from folder /lustre/home/ha676/.stable_worldmodel/checkpoints/models--quentinll--lewm-pusht...
/lustre/home/ha676/le-wm/.venv/lib/python3.11/site-packages/stable_worldmodel/wm/utils.py:80: FutureWarning: You are using `torch.load` with `weights_only=False` (the current default value), which uses the default pickle module implicitly. It is possible to construct malicious pickle data which will execute arbitrary code during unpickling (See https://github.com/pytorch/pytorch/blob/main/SECURITY.md#untrusted-models for more details). In a future release, the default value for `weights_only` will be flipped to `True`. This limits the functions that could be executed during unpickling. Arbitrary objects will no longer be allowed to be loaded via this mode unless they are explicitly allowlisted by the user via `torch.serialization.add_safe_globals`. We recommend you start setting `weights_only=True` for any use case where you don't have full control of the loaded file. Please open an issue on GitHub for any issues related to this experimental feature.
  state_dict = torch.load(checkpoint_path, map_location='cpu')
22:13:09 | INFO  | atomic_chec~| [atomic_save] installed crash-safe checkpoint plugin (write to sibling .tmp + fsync + atomic rename)
22:13:09 | INFO  | utils.py    | Created ViT-tiny from scratch with config: {'hidden_size': 192, 'num_hidden_layers': 12, 'num_attention_heads': 3, 'intermediate_size': 768, 'image_size': 224, 'patch_size': 14}
[model] frozen LeWM (18.03M), device=cuda, training=False, subgoal=specaccept
[gdm] planner from gdm_stride10.pt: head=53.34M, N=3 WG=1 gamma=1.0 T=1000 sampler=ddim/4-steps param=eps schedule=linear norm=standardize
22:13:10 | INFO  | __init__.py | Cached 'action' from '/lustre/home/ha676/data/pusht/pusht_expert_train.h5'
22:13:10 | INFO  | __init__.py | Cached 'proprio' from '/lustre/home/ha676/data/pusht/pusht_expert_train.h5'
22:13:10 | INFO  | __init__.py | Cached 'state' from '/lustre/home/ha676/data/pusht/pusht_expert_train.h5'
/lustre/home/ha676/le-wm/.venv/lib/python3.11/site-packages/gymnasium/spaces/box.py:415: UserWarning: [33mWARN: Casting input x to numpy array.[0m
  gym.logger.warn("Casting input x to numpy array.")
/lustre/home/ha676/le-wm/.venv/lib/python3.11/site-packages/gymnasium/utils/passive_env_checker.py:157: UserWarning: [33mWARN: The obs returned by the `step()` method is not within the observation space.[0m
  logger.warn(f"{pre} is not within the observation space.")
/lustre/home/ha676/le-wm/.venv/lib/python3.11/site-packages/gymnasium/spaces/box.py:415: UserWarning: [33mWARN: Casting input x to numpy array.[0m
  gym.logger.warn("Casting input x to numpy array.")
/lustre/home/ha676/le-wm/.venv/lib/python3.11/site-packages/gymnasium/utils/passive_env_checker.py:157: UserWarning: [33mWARN: The obs returned by the `step()` method is not within the observation space.[0m
  logger.warn(f"{pre} is not within the observation space.")
[episodes-file] pusht.episodes150.json: 256 precomputed pairs (goal_offset=150, seed=42, eval_filter=None) -- sample_long/short bypassed
[eval] mode=long start=final num_eval=256 goal_offset=150 budget=300 eval_filter=none
[eval] episodes_idx[:5]=[636, 688, 700, 834, 850] start_steps[:5]=[7, 7, 7, 34, 34]
[PIN] success = pos_diff<20 [block xy only (paper)] AND angle<20deg
CEM solve time: 54.8482 seconds
CEM solve time: 53.5489 seconds
CEM solve time: 53.1022 seconds
CEM solve time: 52.9385 seconds
CEM solve time: 52.7139 seconds
CEM solve time: 51.3746 seconds
CEM solve time: 50.3062 seconds
CEM solve time: 49.0100 seconds
CEM solve time: 47.1176 seconds
CEM solve time: 45.1990 seconds
CEM solve time: 43.8952 seconds
CEM solve time: 39.1752 seconds
CEM solve time: 36.3845 seconds
CEM solve time: 33.8319 seconds
CEM solve time: 31.2902 seconds
CEM solve time: 28.6802 seconds
CEM solve time: 26.1257 seconds
CEM solve time: 25.4973 seconds
CEM solve time: 24.6261 seconds
CEM solve time: 24.4298 seconds
CEM solve time: 23.9687 seconds
CEM solve time: 23.7561 seconds
CEM solve time: 23.5377 seconds
CEM solve time: 23.0955 seconds
CEM solve time: 22.6980 seconds
CEM solve time: 22.6962 seconds
CEM solve time: 22.4534 seconds
CEM solve time: 22.0419 seconds
CEM solve time: 22.0481 seconds
CEM solve time: 22.0492 seconds
[RESULT] score=block angle=20deg  SR=60.55%  (155/256)
[specaccept] tau=0.2 gdm_steps=4 re-drafts=2619 advances=2296 rejects=1805 call_ratio=0.533 (every-step=1.000; lower = fewer diffusion calls)
[PIN] success = pos_diff<20 [block xy only (paper)] AND angle<5deg
CEM solve time: 54.6883 seconds
CEM solve time: 53.8720 seconds
CEM solve time: 53.4449 seconds
CEM solve time: 53.2427 seconds
CEM solve time: 53.1835 seconds
CEM solve time: 52.8312 seconds
CEM solve time: 52.4120 seconds
CEM solve time: 52.0039 seconds
CEM solve time: 51.5163 seconds
CEM solve time: 50.2922 seconds
CEM solve time: 48.3905 seconds
CEM solve time: 46.4538 seconds
CEM solve time: 44.4525 seconds
CEM solve time: 41.0524 seconds
CEM solve time: 39.3714 seconds
CEM solve time: 36.1670 seconds
CEM solve time: 34.4391 seconds
CEM solve time: 33.3352 seconds
CEM solve time: 32.5116 seconds
CEM solve time: 32.3261 seconds
CEM solve time: 31.5132 seconds
CEM solve time: 30.5751 seconds
CEM solve time: 30.4072 seconds
CEM solve time: 30.1717 seconds
CEM solve time: 29.5229 seconds
CEM solve time: 28.8872 seconds
CEM solve time: 28.4418 seconds
CEM solve time: 28.4206 seconds
CEM solve time: 28.4494 seconds
CEM solve time: 27.8067 seconds
[RESULT] score=block angle=5deg  SR=49.22%  (126/256)
[specaccept] tau=0.2 gdm_steps=4 re-drafts=2976 advances=2682 rejects=2098 call_ratio=0.526 (every-step=1.000; lower = fewer diffusion calls)

==== FF-JEPA eval summary ====
mode=long subgoal=specaccept num_eval=256 seed=44 cem_seed=44 eval_filter=none
  score=block   20deg :  60.55%  (155/256)
  score=block    5deg :  49.22%  (126/256)
