/lustre/home/ha676/le-wm/.venv/lib/python3.11/site-packages/stable_worldmodel/envs/__init__.py:215: UserWarning: ale-py not found; ALE/* envs are unavailable. Install with: pip install 'stable-worldmodel[env]' or pip install ale-py.
  from stable_worldmodel.envs import ale  # noqa: F401
2026-07-12 13:32:23.166 | INFO     | stable_worldmodel.wm.utils:_resolve_hf:149 - Loading quentinll/lewm-pusht from local cache...
2026-07-12 13:32:23.167 | INFO     | stable_worldmodel.wm.utils:_resolve_folder:137 - Loading checkpoint from folder /lustre/home/ha676/.stable_worldmodel/checkpoints/models--quentinll--lewm-pusht...
/lustre/home/ha676/le-wm/.venv/lib/python3.11/site-packages/stable_worldmodel/wm/utils.py:80: FutureWarning: You are using `torch.load` with `weights_only=False` (the current default value), which uses the default pickle module implicitly. It is possible to construct malicious pickle data which will execute arbitrary code during unpickling (See https://github.com/pytorch/pytorch/blob/main/SECURITY.md#untrusted-models for more details). In a future release, the default value for `weights_only` will be flipped to `True`. This limits the functions that could be executed during unpickling. Arbitrary objects will no longer be allowed to be loaded via this mode unless they are explicitly allowlisted by the user via `torch.serialization.add_safe_globals`. We recommend you start setting `weights_only=True` for any use case where you don't have full control of the loaded file. Please open an issue on GitHub for any issues related to this experimental feature.
  state_dict = torch.load(checkpoint_path, map_location='cpu')
13:32:30 | INFO  | atomic_chec~| [atomic_save] installed crash-safe checkpoint plugin (write to sibling .tmp + fsync + atomic rename)
13:32:30 | INFO  | utils.py    | Created ViT-tiny from scratch with config: {'hidden_size': 192, 'num_hidden_layers': 12, 'num_attention_heads': 3, 'intermediate_size': 768, 'image_size': 224, 'patch_size': 14}
[model] frozen LeWM (18.03M), device=cuda, training=False, subgoal=baseline
13:32:30 | INFO  | __init__.py | Cached 'action' from '/lustre/home/ha676/data/pusht/pusht_expert_train.h5'
13:32:31 | INFO  | __init__.py | Cached 'proprio' from '/lustre/home/ha676/data/pusht/pusht_expert_train.h5'
13:32:31 | INFO  | __init__.py | Cached 'state' from '/lustre/home/ha676/data/pusht/pusht_expert_train.h5'
/lustre/home/ha676/le-wm/.venv/lib/python3.11/site-packages/gymnasium/spaces/box.py:415: UserWarning: [33mWARN: Casting input x to numpy array.[0m
  gym.logger.warn("Casting input x to numpy array.")
/lustre/home/ha676/le-wm/.venv/lib/python3.11/site-packages/gymnasium/utils/passive_env_checker.py:157: UserWarning: [33mWARN: The obs returned by the `step()` method is not within the observation space.[0m
  logger.warn(f"{pre} is not within the observation space.")
/lustre/home/ha676/le-wm/.venv/lib/python3.11/site-packages/gymnasium/spaces/box.py:415: UserWarning: [33mWARN: Casting input x to numpy array.[0m
  gym.logger.warn("Casting input x to numpy array.")
/lustre/home/ha676/le-wm/.venv/lib/python3.11/site-packages/gymnasium/utils/passive_env_checker.py:157: UserWarning: [33mWARN: The obs returned by the `step()` method is not within the observation space.[0m
  logger.warn(f"{pre} is not within the observation space.")
[episodes-file] pusht.episodes150as100.json: 256 precomputed pairs (goal_offset=100, seed=42, eval_filter=None) -- sample_long/short bypassed
[eval] mode=long start=final num_eval=256 goal_offset=100 budget=200 eval_filter=none
[eval] episodes_idx[:5]=[636, 688, 700, 834, 850] start_steps[:5]=[57, 57, 57, 84, 84]
[PIN] success = pos_diff<20 [block xy only (paper)] AND angle<20deg
CEM solve time: 55.2251 seconds
CEM solve time: 43.6414 seconds
CEM solve time: 41.4847 seconds
CEM solve time: 41.0447 seconds
CEM solve time: 40.8418 seconds
CEM solve time: 40.6051 seconds
CEM solve time: 40.1889 seconds
CEM solve time: 39.9752 seconds
CEM solve time: 39.9791 seconds
CEM solve time: 39.9790 seconds
CEM solve time: 39.7676 seconds
CEM solve time: 39.7584 seconds
CEM solve time: 39.7777 seconds
CEM solve time: 39.7666 seconds
CEM solve time: 39.7696 seconds
CEM solve time: 39.7753 seconds
CEM solve time: 39.7738 seconds
CEM solve time: 39.7684 seconds
CEM solve time: 39.7596 seconds
CEM solve time: 39.7388 seconds
[RESULT] score=block angle=20deg  SR=27.73%  (71/256)
[PIN] success = pos_diff<20 [block xy only (paper)] AND angle<5deg
CEM solve time: 55.0477 seconds
CEM solve time: 47.7705 seconds
CEM solve time: 46.6954 seconds
CEM solve time: 46.2254 seconds
CEM solve time: 46.2070 seconds
CEM solve time: 46.2232 seconds
CEM solve time: 46.1775 seconds
CEM solve time: 46.1465 seconds
CEM solve time: 45.9518 seconds
CEM solve time: 45.9388 seconds
CEM solve time: 45.9270 seconds
CEM solve time: 45.9239 seconds
CEM solve time: 45.7211 seconds
CEM solve time: 45.7464 seconds
CEM solve time: 45.7307 seconds
CEM solve time: 45.7291 seconds
CEM solve time: 45.7258 seconds
CEM solve time: 45.4972 seconds
CEM solve time: 45.5111 seconds
CEM solve time: 45.2858 seconds
[RESULT] score=block angle=5deg  SR=17.58%  (45/256)

==== FF-JEPA eval summary ====
mode=long subgoal=baseline num_eval=256 seed=42 cem_seed=42 eval_filter=none
  score=block   20deg :  27.73%  (71/256)
  score=block    5deg :  17.58%  (45/256)
