=== gc-ablation: t150 seed=45 ===
/lustre/home/ha676/le-wm/.venv/lib/python3.11/site-packages/stable_worldmodel/envs/__init__.py:215: UserWarning: ale-py not found; ALE/* envs are unavailable. Install with: pip install 'stable-worldmodel[env]' or pip install ale-py.
  from stable_worldmodel.envs import ale  # noqa: F401
2026-07-13 01:44:33.018 | INFO     | stable_worldmodel.wm.utils:_resolve_hf:149 - Loading quentinll/lewm-pusht from local cache...
2026-07-13 01:44:33.019 | INFO     | stable_worldmodel.wm.utils:_resolve_folder:137 - Loading checkpoint from folder /lustre/home/ha676/.stable_worldmodel/checkpoints/models--quentinll--lewm-pusht...
/lustre/home/ha676/le-wm/.venv/lib/python3.11/site-packages/stable_worldmodel/wm/utils.py:80: FutureWarning: You are using `torch.load` with `weights_only=False` (the current default value), which uses the default pickle module implicitly. It is possible to construct malicious pickle data which will execute arbitrary code during unpickling (See https://github.com/pytorch/pytorch/blob/main/SECURITY.md#untrusted-models for more details). In a future release, the default value for `weights_only` will be flipped to `True`. This limits the functions that could be executed during unpickling. Arbitrary objects will no longer be allowed to be loaded via this mode unless they are explicitly allowlisted by the user via `torch.serialization.add_safe_globals`. We recommend you start setting `weights_only=True` for any use case where you don't have full control of the loaded file. Please open an issue on GitHub for any issues related to this experimental feature.
  state_dict = torch.load(checkpoint_path, map_location='cpu')
01:44:38 | INFO  | atomic_chec~| [atomic_save] installed crash-safe checkpoint plugin (write to sibling .tmp + fsync + atomic rename)
01:44:39 | INFO  | utils.py    | Created ViT-tiny from scratch with config: {'hidden_size': 192, 'num_hidden_layers': 12, 'num_attention_heads': 3, 'intermediate_size': 768, 'image_size': 224, 'patch_size': 14}
[model] frozen LeWM (18.03M), device=cuda, training=False, subgoal=gdm
[gdm] planner from gdm_stride10_gc.pt: head=53.44M, N=3 WG=1 gamma=1.0 T=1000 sampler=ddim/50-steps param=eps schedule=linear norm=standardize
01:44:40 | INFO  | __init__.py | Cached 'action' from '/lustre/home/ha676/data/pusht/pusht_expert_train.h5'
01:44:40 | INFO  | __init__.py | Cached 'proprio' from '/lustre/home/ha676/data/pusht/pusht_expert_train.h5'
01:44:40 | INFO  | __init__.py | Cached 'state' from '/lustre/home/ha676/data/pusht/pusht_expert_train.h5'
/lustre/home/ha676/le-wm/.venv/lib/python3.11/site-packages/gymnasium/spaces/box.py:415: UserWarning: [33mWARN: Casting input x to numpy array.[0m
  gym.logger.warn("Casting input x to numpy array.")
/lustre/home/ha676/le-wm/.venv/lib/python3.11/site-packages/gymnasium/utils/passive_env_checker.py:157: UserWarning: [33mWARN: The obs returned by the `step()` method is not within the observation space.[0m
  logger.warn(f"{pre} is not within the observation space.")
/lustre/home/ha676/le-wm/.venv/lib/python3.11/site-packages/gymnasium/spaces/box.py:415: UserWarning: [33mWARN: Casting input x to numpy array.[0m
  gym.logger.warn("Casting input x to numpy array.")
/lustre/home/ha676/le-wm/.venv/lib/python3.11/site-packages/gymnasium/utils/passive_env_checker.py:157: UserWarning: [33mWARN: The obs returned by the `step()` method is not within the observation space.[0m
  logger.warn(f"{pre} is not within the observation space.")
[episodes-file] pusht.episodes150.json: 256 precomputed pairs (goal_offset=150, seed=42, eval_filter=None) -- sample_long/short bypassed
[eval] mode=long start=final num_eval=256 goal_offset=150 budget=300 eval_filter=none
[eval] episodes_idx[:5]=[636, 688, 700, 834, 850] start_steps[:5]=[7, 7, 7, 34, 34]
[PIN] success = pos_diff<20 [block xy only (paper)] AND angle<20deg
CEM solve time: 54.9798 seconds
CEM solve time: 53.7094 seconds
CEM solve time: 53.6999 seconds
CEM solve time: 53.2146 seconds
CEM solve time: 53.0065 seconds
CEM solve time: 52.7867 seconds
CEM solve time: 51.7391 seconds
CEM solve time: 51.1503 seconds
CEM solve time: 50.4141 seconds
CEM solve time: 47.1989 seconds
CEM solve time: 44.8139 seconds
CEM solve time: 42.0796 seconds
CEM solve time: 40.1413 seconds
CEM solve time: 36.2521 seconds
CEM solve time: 32.2024 seconds
CEM solve time: 29.1846 seconds
CEM solve time: 27.0403 seconds
CEM solve time: 26.5995 seconds
CEM solve time: 26.3781 seconds
CEM solve time: 25.9341 seconds
CEM solve time: 25.1287 seconds
CEM solve time: 24.6778 seconds
CEM solve time: 23.8159 seconds
CEM solve time: 23.5832 seconds
CEM solve time: 23.5870 seconds
CEM solve time: 23.3744 seconds
CEM solve time: 23.3774 seconds
CEM solve time: 23.3783 seconds
CEM solve time: 22.7217 seconds
CEM solve time: 22.4882 seconds
[RESULT] score=block angle=20deg  SR=59.38%  (152/256)
[PIN] success = pos_diff<20 [block xy only (paper)] AND angle<5deg
CEM solve time: 54.8450 seconds
CEM solve time: 54.0349 seconds
CEM solve time: 54.0354 seconds
CEM solve time: 53.8127 seconds
CEM solve time: 53.8395 seconds
CEM solve time: 53.8185 seconds
CEM solve time: 53.6696 seconds
CEM solve time: 53.2220 seconds
CEM solve time: 52.8707 seconds
CEM solve time: 51.7737 seconds
CEM solve time: 49.7673 seconds
CEM solve time: 47.4722 seconds
CEM solve time: 44.1986 seconds
CEM solve time: 39.2787 seconds
CEM solve time: 34.9540 seconds
CEM solve time: 30.8973 seconds
CEM solve time: 29.8123 seconds
CEM solve time: 28.1153 seconds
CEM solve time: 27.7062 seconds
CEM solve time: 27.0749 seconds
CEM solve time: 26.4253 seconds
CEM solve time: 25.7876 seconds
CEM solve time: 25.1337 seconds
CEM solve time: 25.1510 seconds
CEM solve time: 24.9371 seconds
CEM solve time: 24.7173 seconds
CEM solve time: 24.0511 seconds
CEM solve time: 23.8310 seconds
CEM solve time: 23.8255 seconds
CEM solve time: 23.8388 seconds
[RESULT] score=block angle=5deg  SR=56.64%  (145/256)

==== FF-JEPA eval summary ====
mode=long subgoal=gdm num_eval=256 seed=45 cem_seed=45 eval_filter=none
  score=block   20deg :  59.38%  (152/256)
  score=block    5deg :  56.64%  (145/256)
