=== pusht-hz-s5 arm=s25gdm offset=150 budget=300 seed=43 ===
/lustre/home/ha676/le-wm/.venv/lib/python3.11/site-packages/stable_worldmodel/envs/__init__.py:215: UserWarning: ale-py not found; ALE/* envs are unavailable. Install with: pip install 'stable-worldmodel[env]' or pip install ale-py.
  from stable_worldmodel.envs import ale  # noqa: F401
2026-07-13 00:51:00.841 | INFO     | stable_worldmodel.wm.utils:_resolve_hf:149 - Loading quentinll/lewm-pusht from local cache...
2026-07-13 00:51:00.842 | INFO     | stable_worldmodel.wm.utils:_resolve_folder:137 - Loading checkpoint from folder /lustre/home/ha676/.stable_worldmodel/checkpoints/models--quentinll--lewm-pusht...
/lustre/home/ha676/le-wm/.venv/lib/python3.11/site-packages/stable_worldmodel/wm/utils.py:80: FutureWarning: You are using `torch.load` with `weights_only=False` (the current default value), which uses the default pickle module implicitly. It is possible to construct malicious pickle data which will execute arbitrary code during unpickling (See https://github.com/pytorch/pytorch/blob/main/SECURITY.md#untrusted-models for more details). In a future release, the default value for `weights_only` will be flipped to `True`. This limits the functions that could be executed during unpickling. Arbitrary objects will no longer be allowed to be loaded via this mode unless they are explicitly allowlisted by the user via `torch.serialization.add_safe_globals`. We recommend you start setting `weights_only=True` for any use case where you don't have full control of the loaded file. Please open an issue on GitHub for any issues related to this experimental feature.
  state_dict = torch.load(checkpoint_path, map_location='cpu')
00:51:10 | INFO  | atomic_chec~| [atomic_save] installed crash-safe checkpoint plugin (write to sibling .tmp + fsync + atomic rename)
00:51:10 | INFO  | utils.py    | Created ViT-tiny from scratch with config: {'hidden_size': 192, 'num_hidden_layers': 12, 'num_attention_heads': 3, 'intermediate_size': 768, 'image_size': 224, 'patch_size': 14}
[model] frozen LeWM (18.03M), device=cuda, training=False, subgoal=gdm
[gdm] planner from gdm_stride25.pt: head=53.34M, N=3 WG=1 gamma=1.0 T=1000 sampler=ddim/50-steps param=eps schedule=linear norm=standardize
00:51:12 | INFO  | __init__.py | Cached 'action' from '/lustre/home/ha676/data/pusht/pusht_expert_train.h5'
00:51:12 | INFO  | __init__.py | Cached 'proprio' from '/lustre/home/ha676/data/pusht/pusht_expert_train.h5'
00:51:12 | INFO  | __init__.py | Cached 'state' from '/lustre/home/ha676/data/pusht/pusht_expert_train.h5'
/lustre/home/ha676/le-wm/.venv/lib/python3.11/site-packages/gymnasium/spaces/box.py:415: UserWarning: [33mWARN: Casting input x to numpy array.[0m
  gym.logger.warn("Casting input x to numpy array.")
/lustre/home/ha676/le-wm/.venv/lib/python3.11/site-packages/gymnasium/utils/passive_env_checker.py:157: UserWarning: [33mWARN: The obs returned by the `step()` method is not within the observation space.[0m
  logger.warn(f"{pre} is not within the observation space.")
/lustre/home/ha676/le-wm/.venv/lib/python3.11/site-packages/gymnasium/spaces/box.py:415: UserWarning: [33mWARN: Casting input x to numpy array.[0m
  gym.logger.warn("Casting input x to numpy array.")
/lustre/home/ha676/le-wm/.venv/lib/python3.11/site-packages/gymnasium/utils/passive_env_checker.py:157: UserWarning: [33mWARN: The obs returned by the `step()` method is not within the observation space.[0m
  logger.warn(f"{pre} is not within the observation space.")
[episodes-file] pusht.episodes150s5.json: 256 precomputed pairs (goal_offset=150, seed=42, eval_filter=success5) -- sample_long/short bypassed
[eval] mode=long start=final num_eval=256 goal_offset=150 budget=300 eval_filter=none
[eval] episodes_idx[:5]=[618, 812, 816, 843, 863] start_steps[:5]=[7, 34, 34, 34, 34]
[PIN] success = pos_diff<20 [block xy only (paper)] AND angle<20deg
CEM solve time: 146.8549 seconds
CEM solve time: 146.7669 seconds
CEM solve time: 144.5168 seconds
CEM solve time: 138.2374 seconds
CEM solve time: 115.2644 seconds
CEM solve time: 79.0877 seconds
CEM solve time: 53.9311 seconds
CEM solve time: 33.2717 seconds
CEM solve time: 24.0844 seconds
CEM solve time: 14.9138 seconds
CEM solve time: 10.8992 seconds
CEM solve time: 9.1777 seconds
[RESULT] score=block angle=20deg  SR=94.14%  (241/256)
[PIN] success = pos_diff<20 [block xy only (paper)] AND angle<5deg
CEM solve time: 146.8043 seconds
CEM solve time: 146.8137 seconds
CEM solve time: 145.7187 seconds
CEM solve time: 142.2908 seconds
CEM solve time: 129.0297 seconds
CEM solve time: 98.7139 seconds
CEM solve time: 77.4159 seconds
CEM solve time: 59.6442 seconds
CEM solve time: 45.8819 seconds
CEM solve time: 32.6994 seconds
CEM solve time: 29.8400 seconds
CEM solve time: 22.9456 seconds
[RESULT] score=block angle=5deg  SR=86.72%  (222/256)

==== FF-JEPA eval summary ====
mode=long subgoal=gdm num_eval=256 seed=43 cem_seed=43 eval_filter=none
  score=block   20deg :  94.14%  (241/256)
  score=block    5deg :  86.72%  (222/256)
