=== goal-free gdm t150 seed=43 ===
wrote reacher_gf.ep150.t5.json: 128 pairs (episodes >= 8000, start <= ep_len-1-150), sample [[8014, 36], [8074, 26], [8087, 27]]
/lustre/home/ha676/le-wm/.venv/lib/python3.11/site-packages/stable_worldmodel/envs/__init__.py:215: UserWarning: ale-py not found; ALE/* envs are unavailable. Install with: pip install 'stable-worldmodel[env]' or pip install ale-py.
  from stable_worldmodel.envs import ale  # noqa: F401
[model] frozen LeWM (18.03M), device=cuda, training=False, subgoal=gdm
[gdm] planner from gdm_reacher_s10_goalfree.pt: head=53.34M, N=3 WG=1 goal_cond=False T=1000 sampler=ddim/50-steps param=eps schedule=linear norm=standardize
[warn] drafter is GOAL-FREE on random-policy Reacher data - expected to be ill-posed (see module docstring); proceeding anyway
15:29:51 | INFO  | atomic_chec~| [atomic_save] installed crash-safe checkpoint plugin (write to sibling .tmp + fsync + atomic rename)
[episodes-file] reacher_gf.ep150.t5.json: 128 precomputed pairs (built for max_offset=150, seed=42, episode_min=8000) -- sampling bypassed; running at goal_offset=150
[eval] start=random num_eval=128 goal_offset=150 budget=300 qpos_threshold=0.05 rad/joint
[eval] episodes_idx[:5]=[8014, 8074, 8087, 8127, 8135] start_steps[:5]=[36, 26, 27, 26, 37]
15:29:51 | INFO  | __init__.py | MUJOCO_GL=egl, attempting to import specified OpenGL backend.
15:29:51 | INFO  | __init__.py | No OpenGL_accelerate module loaded: No module named 'OpenGL_accelerate'
15:29:52 | INFO  | __init__.py | MuJoCo library version is: 3.10.0
/lustre/home/ha676/le-wm/.venv/lib/python3.11/site-packages/gymnasium/envs/registration.py:729: UserWarning: [33mWARN: The environment is being initialised with render_mode='rgb_array' that is not in the possible render_modes ([]).[0m
  logger.warn(
CEM solve time: 28.0534 seconds
CEM solve time: 26.9061 seconds
CEM solve time: 26.9177 seconds
CEM solve time: 26.9059 seconds
CEM solve time: 26.9293 seconds
CEM solve time: 26.9398 seconds
CEM solve time: 26.9409 seconds
CEM solve time: 26.9345 seconds
CEM solve time: 26.6999 seconds
CEM solve time: 26.7196 seconds
CEM solve time: 26.7165 seconds
CEM solve time: 26.4861 seconds
CEM solve time: 26.4926 seconds
CEM solve time: 25.8362 seconds
CEM solve time: 25.6107 seconds
CEM solve time: 25.1773 seconds
CEM solve time: 25.1586 seconds
CEM solve time: 24.9479 seconds
CEM solve time: 24.9560 seconds
CEM solve time: 24.9655 seconds
CEM solve time: 24.7244 seconds
CEM solve time: 24.7161 seconds
CEM solve time: 24.7289 seconds
CEM solve time: 24.7235 seconds
CEM solve time: 24.7227 seconds
CEM solve time: 24.7510 seconds
CEM solve time: 24.7359 seconds
CEM solve time: 24.7399 seconds
CEM solve time: 24.7342 seconds
CEM solve time: 24.5281 seconds

==== FF-JEPA eval summary (Reacher qpos_match) ====
subgoal=gdm num_eval=128 goal_offset=150 budget=300 seed=43 cem_seed=43 S=10
  SR = 11.72%  (15/128)
