wrote reacher_audit2.ep100.t6.json: 128 pairs (episodes >= 8000, start <= ep_len-1-100), sample [[8014, 73], [8074, 52], [8087, 58]]
=== audit2 lerp frac=0.5 t100 seed=44 ===
/lustre/home/ha676/le-wm/.venv/lib/python3.11/site-packages/stable_worldmodel/envs/__init__.py:215: UserWarning: ale-py not found; ALE/* envs are unavailable. Install with: pip install 'stable-worldmodel[env]' or pip install ale-py.
  from stable_worldmodel.envs import ale  # noqa: F401
[model] frozen LeWM (18.03M), device=cuda, training=False, subgoal=lerp
17:54:29 | INFO  | atomic_chec~| [atomic_save] installed crash-safe checkpoint plugin (write to sibling .tmp + fsync + atomic rename)
[episodes-file] reacher_audit2.ep100.t6.json: 128 precomputed pairs (built for max_offset=100, seed=42, episode_min=8000) -- sampling bypassed; running at goal_offset=100
[eval] start=random num_eval=128 goal_offset=100 budget=200 qpos_threshold=0.05 rad/joint
[eval] episodes_idx[:5]=[8014, 8074, 8087, 8127, 8135] start_steps[:5]=[73, 52, 58, 58, 79]
17:54:29 | INFO  | __init__.py | MUJOCO_GL=egl, attempting to import specified OpenGL backend.
17:54:29 | INFO  | __init__.py | No OpenGL_accelerate module loaded: No module named 'OpenGL_accelerate'
17:54:29 | INFO  | __init__.py | MuJoCo library version is: 3.10.0
/lustre/home/ha676/le-wm/.venv/lib/python3.11/site-packages/gymnasium/envs/registration.py:729: UserWarning: [33mWARN: The environment is being initialised with render_mode='rgb_array' that is not in the possible render_modes ([]).[0m
  logger.warn(
[lerp] straight-line oracle, frac=0.5
CEM solve time: 28.4557 seconds
CEM solve time: 27.5293 seconds
CEM solve time: 26.1586 seconds
CEM solve time: 22.6419 seconds
CEM solve time: 19.7962 seconds
CEM solve time: 18.2547 seconds
CEM solve time: 17.8130 seconds
CEM solve time: 17.8248 seconds
CEM solve time: 17.1594 seconds
CEM solve time: 16.9273 seconds
CEM solve time: 16.7222 seconds
CEM solve time: 16.7029 seconds
CEM solve time: 16.4875 seconds
CEM solve time: 16.4865 seconds
CEM solve time: 16.4850 seconds
CEM solve time: 16.2624 seconds
CEM solve time: 16.2614 seconds
CEM solve time: 16.2578 seconds
CEM solve time: 16.0268 seconds
CEM solve time: 16.3316 seconds

==== FF-JEPA eval summary (Reacher qpos_match) ====
subgoal=lerp num_eval=128 goal_offset=100 budget=200 seed=44 cem_seed=44 S=10
  SR = 42.97%  (55/128)
