wrote reacher_audit2.ep100.t15.json: 128 pairs (episodes >= 8000, start <= ep_len-1-100), sample [[8014, 73], [8074, 52], [8087, 58]]
=== audit2 every-step k=4 t100 seed=45 ===
/lustre/home/ha676/le-wm/.venv/lib/python3.11/site-packages/stable_worldmodel/envs/__init__.py:215: UserWarning: ale-py not found; ALE/* envs are unavailable. Install with: pip install 'stable-worldmodel[env]' or pip install ale-py.
  from stable_worldmodel.envs import ale  # noqa: F401
[model] frozen LeWM (18.03M), device=cuda, training=False, subgoal=gdm
[gdm] planner from gdm_reacher_s10.pt: head=53.44M, N=3 WG=1 goal_cond=True T=1000 sampler=ddim/4-steps param=eps schedule=linear norm=standardize
18:00:59 | INFO  | atomic_chec~| [atomic_save] installed crash-safe checkpoint plugin (write to sibling .tmp + fsync + atomic rename)
[episodes-file] reacher_audit2.ep100.t15.json: 128 precomputed pairs (built for max_offset=100, seed=42, episode_min=8000) -- sampling bypassed; running at goal_offset=100
[eval] start=random num_eval=128 goal_offset=100 budget=200 qpos_threshold=0.05 rad/joint
[eval] episodes_idx[:5]=[8014, 8074, 8087, 8127, 8135] start_steps[:5]=[73, 52, 58, 58, 79]
18:01:00 | INFO  | __init__.py | MUJOCO_GL=egl, attempting to import specified OpenGL backend.
18:01:00 | INFO  | __init__.py | No OpenGL_accelerate module loaded: No module named 'OpenGL_accelerate'
18:01:00 | INFO  | __init__.py | MuJoCo library version is: 3.10.0
/lustre/home/ha676/le-wm/.venv/lib/python3.11/site-packages/gymnasium/envs/registration.py:729: UserWarning: [33mWARN: The environment is being initialised with render_mode='rgb_array' that is not in the possible render_modes ([]).[0m
  logger.warn(
CEM solve time: 27.6237 seconds
CEM solve time: 25.1481 seconds
CEM solve time: 22.3526 seconds
CEM solve time: 17.6083 seconds
CEM solve time: 14.1846 seconds
CEM solve time: 12.2416 seconds
CEM solve time: 9.2329 seconds
CEM solve time: 7.0888 seconds
CEM solve time: 5.8075 seconds
CEM solve time: 5.1588 seconds
CEM solve time: 3.6517 seconds
CEM solve time: 3.2201 seconds
CEM solve time: 2.3636 seconds
CEM solve time: 1.9324 seconds
CEM solve time: 1.7189 seconds
CEM solve time: 1.5060 seconds
CEM solve time: 1.5068 seconds
CEM solve time: 1.5050 seconds
CEM solve time: 1.5059 seconds
CEM solve time: 1.5073 seconds

==== FF-JEPA eval summary (Reacher qpos_match) ====
subgoal=gdm num_eval=128 goal_offset=100 budget=200 seed=45 cem_seed=45 S=10
  SR = 95.31%  (122/128)
