wrote reacher_slong.ep150.t7.json: 128 pairs (episodes >= 8000, start <= ep_len-1-150), sample [[8014, 36], [8074, 26], [8087, 27]]
=== scale-at-horizon: S=5 RH=1 t=150 seed=45 (2t budget) ===
/lustre/home/ha676/le-wm/.venv/lib/python3.11/site-packages/stable_worldmodel/envs/__init__.py:215: UserWarning: ale-py not found; ALE/* envs are unavailable. Install with: pip install 'stable-worldmodel[env]' or pip install ale-py.
  from stable_worldmodel.envs import ale  # noqa: F401
[model] frozen LeWM (18.03M), device=cuda, training=False, subgoal=gdm
[gdm] planner from gdm_reacher_s5.pt: head=53.44M, N=3 WG=1 goal_cond=True T=1000 sampler=ddim/50-steps param=eps schedule=linear norm=standardize
19:19:56 | INFO  | atomic_chec~| [atomic_save] installed crash-safe checkpoint plugin (write to sibling .tmp + fsync + atomic rename)
[episodes-file] reacher_slong.ep150.t7.json: 128 precomputed pairs (built for max_offset=150, seed=42, episode_min=8000) -- sampling bypassed; running at goal_offset=150
[eval] start=random num_eval=128 goal_offset=150 budget=300 qpos_threshold=0.05 rad/joint
[eval] episodes_idx[:5]=[8014, 8074, 8087, 8127, 8135] start_steps[:5]=[36, 26, 27, 26, 37]
19:19:57 | INFO  | __init__.py | MUJOCO_GL=egl, attempting to import specified OpenGL backend.
19:19:57 | INFO  | __init__.py | No OpenGL_accelerate module loaded: No module named 'OpenGL_accelerate'
19:19:59 | INFO  | __init__.py | MuJoCo library version is: 3.10.0
/lustre/home/ha676/le-wm/.venv/lib/python3.11/site-packages/gymnasium/envs/registration.py:729: UserWarning: [33mWARN: The environment is being initialised with render_mode='rgb_array' that is not in the possible render_modes ([]).[0m
  logger.warn(
CEM solve time: 13.7633 seconds
CEM solve time: 13.3713 seconds
CEM solve time: 13.1696 seconds
CEM solve time: 12.9686 seconds
CEM solve time: 12.2179 seconds
CEM solve time: 11.7921 seconds
CEM solve time: 11.4726 seconds
CEM solve time: 10.5197 seconds
CEM solve time: 9.7758 seconds
CEM solve time: 9.3480 seconds
CEM solve time: 8.7104 seconds
CEM solve time: 8.3888 seconds
CEM solve time: 8.0744 seconds
CEM solve time: 7.6489 seconds
CEM solve time: 7.2260 seconds
CEM solve time: 7.0088 seconds
CEM solve time: 6.7988 seconds
CEM solve time: 6.3740 seconds
CEM solve time: 6.0575 seconds
CEM solve time: 5.8474 seconds
CEM solve time: 5.5272 seconds
CEM solve time: 5.3142 seconds
CEM solve time: 5.2083 seconds
CEM solve time: 4.9985 seconds
CEM solve time: 4.7883 seconds
CEM solve time: 4.3589 seconds
CEM solve time: 4.3606 seconds
CEM solve time: 3.9321 seconds
CEM solve time: 3.4044 seconds
CEM solve time: 3.4044 seconds
CEM solve time: 3.0840 seconds
CEM solve time: 2.7640 seconds
CEM solve time: 2.6586 seconds
CEM solve time: 2.5529 seconds
CEM solve time: 2.4462 seconds
CEM solve time: 2.3406 seconds
CEM solve time: 2.2341 seconds
CEM solve time: 2.1288 seconds
CEM solve time: 1.9170 seconds
CEM solve time: 1.8101 seconds
CEM solve time: 1.7029 seconds
CEM solve time: 1.7031 seconds
CEM solve time: 1.7035 seconds
CEM solve time: 1.7033 seconds
CEM solve time: 1.5959 seconds
CEM solve time: 1.4899 seconds
CEM solve time: 1.4895 seconds
CEM solve time: 1.3834 seconds
CEM solve time: 1.3837 seconds
CEM solve time: 1.3839 seconds
CEM solve time: 1.2770 seconds
CEM solve time: 1.0648 seconds
CEM solve time: 1.0649 seconds
CEM solve time: 1.0647 seconds
CEM solve time: 1.0643 seconds
CEM solve time: 0.8521 seconds
CEM solve time: 0.8517 seconds
CEM solve time: 0.8519 seconds
CEM solve time: 0.8521 seconds
CEM solve time: 0.8520 seconds

==== FF-JEPA eval summary (Reacher qpos_match) ====
subgoal=gdm num_eval=128 goal_offset=150 budget=300 seed=45 cem_seed=45 S=5
  SR = 94.53%  (121/128)
