wrote reacher_slong.ep150.t6.json: 128 pairs (episodes >= 8000, start <= ep_len-1-150), sample [[8014, 36], [8074, 26], [8087, 27]]
=== scale-at-horizon: S=5 RH=1 t=150 seed=44 (2t budget) ===
/lustre/home/ha676/le-wm/.venv/lib/python3.11/site-packages/stable_worldmodel/envs/__init__.py:215: UserWarning: ale-py not found; ALE/* envs are unavailable. Install with: pip install 'stable-worldmodel[env]' or pip install ale-py.
  from stable_worldmodel.envs import ale  # noqa: F401
[model] frozen LeWM (18.03M), device=cuda, training=False, subgoal=gdm
[gdm] planner from gdm_reacher_s5.pt: head=53.44M, N=3 WG=1 goal_cond=True T=1000 sampler=ddim/50-steps param=eps schedule=linear norm=standardize
19:19:56 | INFO  | atomic_chec~| [atomic_save] installed crash-safe checkpoint plugin (write to sibling .tmp + fsync + atomic rename)
[episodes-file] reacher_slong.ep150.t6.json: 128 precomputed pairs (built for max_offset=150, seed=42, episode_min=8000) -- sampling bypassed; running at goal_offset=150
[eval] start=random num_eval=128 goal_offset=150 budget=300 qpos_threshold=0.05 rad/joint
[eval] episodes_idx[:5]=[8014, 8074, 8087, 8127, 8135] start_steps[:5]=[36, 26, 27, 26, 37]
19:19:57 | INFO  | __init__.py | MUJOCO_GL=egl, attempting to import specified OpenGL backend.
19:19:57 | INFO  | __init__.py | No OpenGL_accelerate module loaded: No module named 'OpenGL_accelerate'
19:19:59 | INFO  | __init__.py | MuJoCo library version is: 3.10.0
/lustre/home/ha676/le-wm/.venv/lib/python3.11/site-packages/gymnasium/envs/registration.py:729: UserWarning: [33mWARN: The environment is being initialised with render_mode='rgb_array' that is not in the possible render_modes ([]).[0m
  logger.warn(
CEM solve time: 13.8161 seconds
CEM solve time: 13.3970 seconds
CEM solve time: 13.0865 seconds
CEM solve time: 12.5654 seconds
CEM solve time: 12.3477 seconds
CEM solve time: 11.5000 seconds
CEM solve time: 10.9678 seconds
CEM solve time: 10.1137 seconds
CEM solve time: 9.4765 seconds
CEM solve time: 8.8334 seconds
CEM solve time: 8.6192 seconds
CEM solve time: 8.0916 seconds
CEM solve time: 7.6628 seconds
CEM solve time: 7.3450 seconds
CEM solve time: 6.9128 seconds
CEM solve time: 6.7028 seconds
CEM solve time: 6.4962 seconds
CEM solve time: 6.1677 seconds
CEM solve time: 5.8502 seconds
CEM solve time: 5.7439 seconds
CEM solve time: 5.4241 seconds
CEM solve time: 5.1042 seconds
CEM solve time: 4.6823 seconds
CEM solve time: 4.4732 seconds
CEM solve time: 4.4713 seconds
CEM solve time: 4.3623 seconds
CEM solve time: 4.0489 seconds
CEM solve time: 3.8290 seconds
CEM solve time: 3.7204 seconds
CEM solve time: 3.7218 seconds
CEM solve time: 3.4033 seconds
CEM solve time: 3.1913 seconds
CEM solve time: 3.0896 seconds
CEM solve time: 2.8713 seconds
CEM solve time: 2.6585 seconds
CEM solve time: 2.6627 seconds
CEM solve time: 2.6590 seconds
CEM solve time: 2.5550 seconds
CEM solve time: 2.5513 seconds
CEM solve time: 2.5518 seconds
CEM solve time: 2.5528 seconds
CEM solve time: 2.4446 seconds
CEM solve time: 2.3387 seconds
CEM solve time: 2.3417 seconds
CEM solve time: 2.2328 seconds
CEM solve time: 2.1267 seconds
CEM solve time: 2.0201 seconds
CEM solve time: 2.0203 seconds
CEM solve time: 2.0202 seconds
CEM solve time: 2.0201 seconds
CEM solve time: 1.9165 seconds
CEM solve time: 1.8068 seconds
CEM solve time: 1.8080 seconds
CEM solve time: 1.7012 seconds
CEM solve time: 1.4885 seconds
CEM solve time: 1.4878 seconds
CEM solve time: 1.2773 seconds
CEM solve time: 1.2772 seconds
CEM solve time: 1.2767 seconds
CEM solve time: 1.2766 seconds

==== FF-JEPA eval summary (Reacher qpos_match) ====
subgoal=gdm num_eval=128 goal_offset=150 budget=300 seed=44 cem_seed=44 S=5
  SR = 91.41%  (117/128)
