wrote reacher_slong.ep150.t14.json: 128 pairs (episodes >= 8000, start <= ep_len-1-150), sample [[8014, 36], [8074, 26], [8087, 27]]
=== scale-at-horizon: S=15 RH=3 t=150 seed=44 (2t budget) ===
/lustre/home/ha676/le-wm/.venv/lib/python3.11/site-packages/stable_worldmodel/envs/__init__.py:215: UserWarning: ale-py not found; ALE/* envs are unavailable. Install with: pip install 'stable-worldmodel[env]' or pip install ale-py.
  from stable_worldmodel.envs import ale  # noqa: F401
[model] frozen LeWM (18.03M), device=cuda, training=False, subgoal=gdm
[gdm] planner from gdm_reacher_s15.pt: head=53.44M, N=3 WG=1 goal_cond=True T=1000 sampler=ddim/50-steps param=eps schedule=linear norm=standardize
21:53:27 | INFO  | atomic_chec~| [atomic_save] installed crash-safe checkpoint plugin (write to sibling .tmp + fsync + atomic rename)
[episodes-file] reacher_slong.ep150.t14.json: 128 precomputed pairs (built for max_offset=150, seed=42, episode_min=8000) -- sampling bypassed; running at goal_offset=150
[eval] start=random num_eval=128 goal_offset=150 budget=300 qpos_threshold=0.05 rad/joint
[eval] episodes_idx[:5]=[8014, 8074, 8087, 8127, 8135] start_steps[:5]=[36, 26, 27, 26, 37]
21:53:27 | INFO  | __init__.py | MUJOCO_GL=egl, attempting to import specified OpenGL backend.
21:53:27 | INFO  | __init__.py | No OpenGL_accelerate module loaded: No module named 'OpenGL_accelerate'
21:53:27 | INFO  | __init__.py | MuJoCo library version is: 3.10.0
/lustre/home/ha676/le-wm/.venv/lib/python3.11/site-packages/gymnasium/envs/registration.py:729: UserWarning: [33mWARN: The environment is being initialised with render_mode='rgb_array' that is not in the possible render_modes ([]).[0m
  logger.warn(
CEM solve time: 42.8244 seconds
CEM solve time: 40.0811 seconds
CEM solve time: 35.0509 seconds
CEM solve time: 28.3669 seconds
CEM solve time: 23.3704 seconds
CEM solve time: 19.0150 seconds
CEM solve time: 15.0132 seconds
CEM solve time: 13.3442 seconds
CEM solve time: 11.0076 seconds
CEM solve time: 8.3418 seconds
CEM solve time: 6.3408 seconds
CEM solve time: 5.6731 seconds
CEM solve time: 3.6712 seconds
CEM solve time: 2.6697 seconds
CEM solve time: 2.6704 seconds
CEM solve time: 2.3366 seconds
CEM solve time: 1.6689 seconds
CEM solve time: 1.6691 seconds
CEM solve time: 1.3357 seconds
CEM solve time: 1.3355 seconds

==== FF-JEPA eval summary (Reacher qpos_match) ====
subgoal=gdm num_eval=128 goal_offset=150 budget=300 seed=44 cem_seed=44 S=15
  SR = 96.88%  (124/128)
