/lustre/home/ha676/le-wm/.venv/lib/python3.11/site-packages/stable_worldmodel/envs/__init__.py:215: UserWarning: ale-py not found; ALE/* envs are unavailable. Install with: pip install 'stable-worldmodel[env]' or pip install ale-py.
  from stable_worldmodel.envs import ale  # noqa: F401
[model] frozen LeWM (18.03M), device=cuda, training=False, subgoal=baseline
11:28:36 | INFO  | atomic_chec~| [atomic_save] installed crash-safe checkpoint plugin (write to sibling .tmp + fsync + atomic rename)
[episodes-file] reacher_strong.ep150.t7.json: 128 precomputed pairs (built for max_offset=150, seed=42, episode_min=8000) -- sampling bypassed; running at goal_offset=150
[eval] start=random num_eval=128 goal_offset=150 budget=300 qpos_threshold=0.05 rad/joint
[eval] episodes_idx[:5]=[8014, 8074, 8087, 8127, 8135] start_steps[:5]=[36, 26, 27, 26, 37]
11:28:36 | INFO  | __init__.py | MUJOCO_GL=egl, attempting to import specified OpenGL backend.
11:28:36 | INFO  | __init__.py | No OpenGL_accelerate module loaded: No module named 'OpenGL_accelerate'
11:28:36 | INFO  | __init__.py | MuJoCo library version is: 3.10.0
/lustre/home/ha676/le-wm/.venv/lib/python3.11/site-packages/gymnasium/envs/registration.py:729: UserWarning: [33mWARN: The environment is being initialised with render_mode='rgb_array' that is not in the possible render_modes ([]).[0m
  logger.warn(
CEM solve time: 14.7502 seconds
CEM solve time: 12.6540 seconds
CEM solve time: 10.2053 seconds
CEM solve time: 9.0936 seconds
CEM solve time: 7.9883 seconds
CEM solve time: 7.8800 seconds
CEM solve time: 7.7689 seconds
CEM solve time: 7.6645 seconds
CEM solve time: 7.6606 seconds
CEM solve time: 7.5523 seconds
CEM solve time: 7.5516 seconds
CEM solve time: 7.5548 seconds
CEM solve time: 7.5530 seconds
CEM solve time: 7.5527 seconds
CEM solve time: 7.5513 seconds
CEM solve time: 7.5504 seconds
CEM solve time: 7.5518 seconds
CEM solve time: 7.5497 seconds
CEM solve time: 7.5364 seconds
CEM solve time: 7.5421 seconds
CEM solve time: 7.5442 seconds
CEM solve time: 7.5442 seconds
CEM solve time: 7.5510 seconds
CEM solve time: 7.5467 seconds
CEM solve time: 7.5459 seconds
CEM solve time: 7.5492 seconds
CEM solve time: 7.5465 seconds
CEM solve time: 7.5475 seconds
CEM solve time: 7.5435 seconds
CEM solve time: 7.5432 seconds
CEM solve time: 7.5697 seconds
CEM solve time: 7.5530 seconds
CEM solve time: 7.5423 seconds
CEM solve time: 7.5513 seconds
CEM solve time: 7.5549 seconds
CEM solve time: 7.5574 seconds
CEM solve time: 7.5480 seconds
CEM solve time: 7.5511 seconds
CEM solve time: 7.4459 seconds
CEM solve time: 7.4407 seconds
CEM solve time: 7.4355 seconds
CEM solve time: 7.4413 seconds
CEM solve time: 7.4463 seconds
CEM solve time: 7.4450 seconds
CEM solve time: 7.4414 seconds
CEM solve time: 7.4437 seconds
CEM solve time: 7.4343 seconds
CEM solve time: 7.4376 seconds
CEM solve time: 7.4383 seconds
CEM solve time: 7.4360 seconds
CEM solve time: 7.4407 seconds
CEM solve time: 7.4361 seconds
CEM solve time: 7.4372 seconds
CEM solve time: 7.4363 seconds
CEM solve time: 7.4324 seconds
CEM solve time: 7.4330 seconds
CEM solve time: 7.4266 seconds
CEM solve time: 7.4263 seconds
CEM solve time: 7.4262 seconds
CEM solve time: 7.4340 seconds

==== FF-JEPA eval summary (Reacher qpos_match) ====
subgoal=baseline num_eval=128 goal_offset=150 budget=300 seed=43 cem_seed=43 S=5
  SR = 47.66%  (61/128)
