=== goal-free gdm t150 seed=42 ===
wrote reacher_gf.ep150.t4.json: 128 pairs (episodes >= 8000, start <= ep_len-1-150), sample [[8014, 36], [8074, 26], [8087, 27]]
/lustre/home/ha676/le-wm/.venv/lib/python3.11/site-packages/stable_worldmodel/envs/__init__.py:215: UserWarning: ale-py not found; ALE/* envs are unavailable. Install with: pip install 'stable-worldmodel[env]' or pip install ale-py.
  from stable_worldmodel.envs import ale  # noqa: F401
[model] frozen LeWM (18.03M), device=cuda, training=False, subgoal=gdm
[gdm] planner from gdm_reacher_s10_goalfree.pt: head=53.34M, N=3 WG=1 goal_cond=False T=1000 sampler=ddim/50-steps param=eps schedule=linear norm=standardize
[warn] drafter is GOAL-FREE on random-policy Reacher data - expected to be ill-posed (see module docstring); proceeding anyway
15:29:51 | INFO  | atomic_chec~| [atomic_save] installed crash-safe checkpoint plugin (write to sibling .tmp + fsync + atomic rename)
[episodes-file] reacher_gf.ep150.t4.json: 128 precomputed pairs (built for max_offset=150, seed=42, episode_min=8000) -- sampling bypassed; running at goal_offset=150
[eval] start=random num_eval=128 goal_offset=150 budget=300 qpos_threshold=0.05 rad/joint
[eval] episodes_idx[:5]=[8014, 8074, 8087, 8127, 8135] start_steps[:5]=[36, 26, 27, 26, 37]
15:29:51 | INFO  | __init__.py | MUJOCO_GL=egl, attempting to import specified OpenGL backend.
15:29:51 | INFO  | __init__.py | No OpenGL_accelerate module loaded: No module named 'OpenGL_accelerate'
15:29:52 | INFO  | __init__.py | MuJoCo library version is: 3.10.0
/lustre/home/ha676/le-wm/.venv/lib/python3.11/site-packages/gymnasium/envs/registration.py:729: UserWarning: [33mWARN: The environment is being initialised with render_mode='rgb_array' that is not in the possible render_modes ([]).[0m
  logger.warn(
CEM solve time: 28.2071 seconds
CEM solve time: 26.7269 seconds
CEM solve time: 26.0916 seconds
CEM solve time: 26.0975 seconds
CEM solve time: 26.0966 seconds
CEM solve time: 26.0914 seconds
CEM solve time: 26.1033 seconds
CEM solve time: 26.0974 seconds
CEM solve time: 25.8873 seconds
CEM solve time: 25.4485 seconds
CEM solve time: 25.2209 seconds
CEM solve time: 25.2212 seconds
CEM solve time: 25.0064 seconds
CEM solve time: 25.0064 seconds
CEM solve time: 25.0089 seconds
CEM solve time: 25.0101 seconds
CEM solve time: 25.0037 seconds
CEM solve time: 25.0093 seconds
CEM solve time: 25.0106 seconds
CEM solve time: 24.9805 seconds
CEM solve time: 24.9955 seconds
CEM solve time: 24.9878 seconds
CEM solve time: 24.7614 seconds
CEM solve time: 24.7608 seconds
CEM solve time: 24.7632 seconds
CEM solve time: 24.7546 seconds
CEM solve time: 24.7614 seconds
CEM solve time: 24.7536 seconds
CEM solve time: 24.5472 seconds
CEM solve time: 24.5421 seconds

==== FF-JEPA eval summary (Reacher qpos_match) ====
subgoal=gdm num_eval=128 goal_offset=150 budget=300 seed=42 cem_seed=42 S=10
  SR = 10.94%  (14/128)
