wrote reacher_strong.ep100.t8.json: 128 pairs (episodes >= 8000, start <= ep_len-1-100), sample [[8014, 73], [8074, 52], [8087, 58]]
/lustre/home/ha676/le-wm/.venv/lib/python3.11/site-packages/stable_worldmodel/envs/__init__.py:215: UserWarning: ale-py not found; ALE/* envs are unavailable. Install with: pip install 'stable-worldmodel[env]' or pip install ale-py.
  from stable_worldmodel.envs import ale  # noqa: F401
[model] frozen LeWM (18.03M), device=cuda, training=False, subgoal=baseline
11:28:36 | INFO  | atomic_chec~| [atomic_save] installed crash-safe checkpoint plugin (write to sibling .tmp + fsync + atomic rename)
[episodes-file] reacher_strong.ep100.t8.json: 128 precomputed pairs (built for max_offset=100, seed=42, episode_min=8000) -- sampling bypassed; running at goal_offset=100
[eval] start=random num_eval=128 goal_offset=100 budget=200 qpos_threshold=0.05 rad/joint
[eval] episodes_idx[:5]=[8014, 8074, 8087, 8127, 8135] start_steps[:5]=[73, 52, 58, 58, 79]
11:28:36 | INFO  | __init__.py | MUJOCO_GL=egl, attempting to import specified OpenGL backend.
11:28:36 | INFO  | __init__.py | No OpenGL_accelerate module loaded: No module named 'OpenGL_accelerate'
11:28:36 | INFO  | __init__.py | MuJoCo library version is: 3.10.0
/lustre/home/ha676/le-wm/.venv/lib/python3.11/site-packages/gymnasium/envs/registration.py:729: UserWarning: [33mWARN: The environment is being initialised with render_mode='rgb_array' that is not in the possible render_modes ([]).[0m
  logger.warn(
CEM solve time: 28.8319 seconds
CEM solve time: 21.9704 seconds
CEM solve time: 14.8818 seconds
CEM solve time: 11.7670 seconds
CEM solve time: 10.2097 seconds
CEM solve time: 10.2062 seconds
CEM solve time: 10.2035 seconds
CEM solve time: 9.9822 seconds
CEM solve time: 9.9868 seconds
CEM solve time: 9.9864 seconds
CEM solve time: 9.9865 seconds
CEM solve time: 9.9876 seconds
CEM solve time: 9.9864 seconds
CEM solve time: 9.9887 seconds
CEM solve time: 9.7635 seconds
CEM solve time: 9.7663 seconds
CEM solve time: 9.7653 seconds
CEM solve time: 9.7651 seconds
CEM solve time: 9.7650 seconds
CEM solve time: 9.7667 seconds

==== FF-JEPA eval summary (Reacher qpos_match) ====
subgoal=baseline num_eval=128 goal_offset=100 budget=200 seed=44 cem_seed=44 S=10
  SR = 65.62%  (84/128)
