/lustre/home/ha676/le-wm/.venv/lib/python3.11/site-packages/stable_worldmodel/envs/__init__.py:215: UserWarning: ale-py not found; ALE/* envs are unavailable. Install with: pip install 'stable-worldmodel[env]' or pip install ale-py.
  from stable_worldmodel.envs import ale  # noqa: F401
[model] frozen LeWM (18.03M), device=cuda, training=False, subgoal=lerp
17:55:28 | INFO  | atomic_chec~| [atomic_save] installed crash-safe checkpoint plugin (write to sibling .tmp + fsync + atomic rename)
[episodes-file] reacher_audit2.ep100.t10.json: 128 precomputed pairs (built for max_offset=100, seed=42, episode_min=8000) -- sampling bypassed; running at goal_offset=100
[eval] start=random num_eval=128 goal_offset=100 budget=200 qpos_threshold=0.05 rad/joint
[eval] episodes_idx[:5]=[8014, 8074, 8087, 8127, 8135] start_steps[:5]=[73, 52, 58, 58, 79]
17:55:29 | INFO  | __init__.py | MUJOCO_GL=egl, attempting to import specified OpenGL backend.
17:55:29 | INFO  | __init__.py | No OpenGL_accelerate module loaded: No module named 'OpenGL_accelerate'
17:55:29 | INFO  | __init__.py | MuJoCo library version is: 3.10.0
/lustre/home/ha676/le-wm/.venv/lib/python3.11/site-packages/gymnasium/envs/registration.py:729: UserWarning: [33mWARN: The environment is being initialised with render_mode='rgb_array' that is not in the possible render_modes ([]).[0m
  logger.warn(
[lerp] straight-line oracle, frac=0.75
CEM solve time: 28.2520 seconds
CEM solve time: 24.1950 seconds
CEM solve time: 16.7059 seconds
CEM solve time: 14.2860 seconds
CEM solve time: 14.0701 seconds
CEM solve time: 13.4061 seconds
CEM solve time: 13.1881 seconds
CEM solve time: 13.1874 seconds
CEM solve time: 13.1847 seconds
CEM solve time: 12.9655 seconds
CEM solve time: 12.9711 seconds
CEM solve time: 12.9669 seconds
CEM solve time: 12.9633 seconds
CEM solve time: 12.9673 seconds
CEM solve time: 12.9711 seconds
CEM solve time: 12.9664 seconds
CEM solve time: 12.9607 seconds
CEM solve time: 12.9617 seconds
CEM solve time: 12.9645 seconds
CEM solve time: 12.9786 seconds

==== FF-JEPA eval summary (Reacher qpos_match) ====
subgoal=lerp num_eval=128 goal_offset=100 budget=200 seed=44 cem_seed=44 S=10
  SR = 53.91%  (69/128)
