/lustre/home/ha676/le-wm/.venv/lib/python3.11/site-packages/stable_worldmodel/envs/__init__.py:215: UserWarning: ale-py not found; ALE/* envs are unavailable. Install with: pip install 'stable-worldmodel[env]' or pip install ale-py.
  from stable_worldmodel.envs import ale  # noqa: F401
[model] frozen LeWM (18.03M), device=cuda, training=False, subgoal=lerp
14:43:03 | INFO  | atomic_chec~| [atomic_save] installed crash-safe checkpoint plugin (write to sibling .tmp + fsync + atomic rename)
[holdout] eval restricted to episodes [8000, 10000) (2000/10000 eligible)
[eval] start=random num_eval=128 goal_offset=25 budget=50 qpos_threshold=0.05 rad/joint
[eval] episodes_idx[:5]=[8035, 8038, 8106, 8174, 8176] start_steps[:5]=[61, 160, 153, 77, 148]
14:43:03 | INFO  | __init__.py | MUJOCO_GL=egl, attempting to import specified OpenGL backend.
14:43:03 | INFO  | __init__.py | No OpenGL_accelerate module loaded: No module named 'OpenGL_accelerate'
14:43:03 | INFO  | __init__.py | MuJoCo library version is: 3.10.0
/lustre/home/ha676/le-wm/.venv/lib/python3.11/site-packages/gymnasium/envs/registration.py:729: UserWarning: [33mWARN: The environment is being initialised with render_mode='rgb_array' that is not in the possible render_modes ([]).[0m
  logger.warn(
[lerp] straight-line oracle, frac=1
CEM solve time: 28.2192 seconds
CEM solve time: 18.4429 seconds
CEM solve time: 7.4643 seconds
CEM solve time: 3.2929 seconds
CEM solve time: 1.7568 seconds

==== FF-JEPA eval summary (Reacher qpos_match) ====
subgoal=lerp num_eval=128 goal_offset=25 budget=50 seed=44 cem_seed=44 S=10
  SR = 93.75%  (120/128)
