/lustre/home/ha676/le-wm/.venv/lib/python3.11/site-packages/stable_worldmodel/envs/__init__.py:215: UserWarning: ale-py not found; ALE/* envs are unavailable. Install with: pip install 'stable-worldmodel[env]' or pip install ale-py.
  from stable_worldmodel.envs import ale  # noqa: F401
[model] frozen LeWM (18.03M), device=cuda, training=False, subgoal=lerp
17:43:52 | INFO  | atomic_chec~| [atomic_save] installed crash-safe checkpoint plugin (write to sibling .tmp + fsync + atomic rename)
[episodes-file] reacher_audit2.ep100.t1.json: 128 precomputed pairs (built for max_offset=100, seed=42, episode_min=8000) -- sampling bypassed; running at goal_offset=100
[eval] start=random num_eval=128 goal_offset=100 budget=200 qpos_threshold=0.05 rad/joint
[eval] episodes_idx[:5]=[8014, 8074, 8087, 8127, 8135] start_steps[:5]=[73, 52, 58, 58, 79]
17:43:53 | INFO  | __init__.py | MUJOCO_GL=egl, attempting to import specified OpenGL backend.
17:43:54 | INFO  | __init__.py | No OpenGL_accelerate module loaded: No module named 'OpenGL_accelerate'
17:43:59 | INFO  | __init__.py | MuJoCo library version is: 3.10.0
/lustre/home/ha676/le-wm/.venv/lib/python3.11/site-packages/gymnasium/envs/registration.py:729: UserWarning: [33mWARN: The environment is being initialised with render_mode='rgb_array' that is not in the possible render_modes ([]).[0m
  logger.warn(
[lerp] straight-line oracle, frac=0.25
CEM solve time: 28.5793 seconds
CEM solve time: 27.5702 seconds
CEM solve time: 27.3619 seconds
CEM solve time: 27.1334 seconds
CEM solve time: 26.9085 seconds
CEM solve time: 26.4708 seconds
CEM solve time: 25.8181 seconds
CEM solve time: 25.1513 seconds
CEM solve time: 23.6162 seconds
CEM solve time: 22.5105 seconds
CEM solve time: 21.8426 seconds
CEM solve time: 20.9702 seconds
CEM solve time: 20.5149 seconds
CEM solve time: 20.5009 seconds
CEM solve time: 19.8442 seconds
CEM solve time: 19.6235 seconds
CEM solve time: 19.3998 seconds
CEM solve time: 19.4002 seconds
CEM solve time: 19.1792 seconds
CEM solve time: 19.1800 seconds

==== FF-JEPA eval summary (Reacher qpos_match) ====
subgoal=lerp num_eval=128 goal_offset=100 budget=200 seed=43 cem_seed=43 S=10
  SR = 32.81%  (42/128)
