/lustre/home/ha676/le-wm/.venv/lib/python3.11/site-packages/stable_worldmodel/envs/__init__.py:215: UserWarning: ale-py not found; ALE/* envs are unavailable. Install with: pip install 'stable-worldmodel[env]' or pip install ale-py.
  from stable_worldmodel.envs import ale  # noqa: F401
[model] frozen LeWM (18.03M), device=cuda, training=False, subgoal=lerp
17:55:28 | INFO  | atomic_chec~| [atomic_save] installed crash-safe checkpoint plugin (write to sibling .tmp + fsync + atomic rename)
[episodes-file] reacher_audit2.ep100.t11.json: 128 precomputed pairs (built for max_offset=100, seed=42, episode_min=8000) -- sampling bypassed; running at goal_offset=100
[eval] start=random num_eval=128 goal_offset=100 budget=200 qpos_threshold=0.05 rad/joint
[eval] episodes_idx[:5]=[8014, 8074, 8087, 8127, 8135] start_steps[:5]=[73, 52, 58, 58, 79]
17:55:28 | INFO  | __init__.py | MUJOCO_GL=egl, attempting to import specified OpenGL backend.
17:55:28 | INFO  | __init__.py | No OpenGL_accelerate module loaded: No module named 'OpenGL_accelerate'
17:55:28 | INFO  | __init__.py | MuJoCo library version is: 3.10.0
/lustre/home/ha676/le-wm/.venv/lib/python3.11/site-packages/gymnasium/envs/registration.py:729: UserWarning: [33mWARN: The environment is being initialised with render_mode='rgb_array' that is not in the possible render_modes ([]).[0m
  logger.warn(
[lerp] straight-line oracle, frac=0.75
CEM solve time: 28.2211 seconds
CEM solve time: 24.8216 seconds
CEM solve time: 17.1257 seconds
CEM solve time: 14.7098 seconds
CEM solve time: 13.8432 seconds
CEM solve time: 13.8365 seconds
CEM solve time: 13.1774 seconds
CEM solve time: 13.1811 seconds
CEM solve time: 13.1864 seconds
CEM solve time: 13.1814 seconds
CEM solve time: 13.1816 seconds
CEM solve time: 13.1798 seconds
CEM solve time: 13.1854 seconds
CEM solve time: 13.1770 seconds
CEM solve time: 12.9579 seconds
CEM solve time: 12.9616 seconds
CEM solve time: 12.7391 seconds
CEM solve time: 12.7393 seconds
CEM solve time: 12.7385 seconds
CEM solve time: 12.7432 seconds

==== FF-JEPA eval summary (Reacher qpos_match) ====
subgoal=lerp num_eval=128 goal_offset=100 budget=200 seed=45 cem_seed=45 S=10
  SR = 54.69%  (70/128)
