wrote reacher_strong.ep100.t15.json: 128 pairs (episodes >= 8000, start <= ep_len-1-100), sample [[8014, 73], [8074, 52], [8087, 58]]
/lustre/home/ha676/le-wm/.venv/lib/python3.11/site-packages/stable_worldmodel/envs/__init__.py:215: UserWarning: ale-py not found; ALE/* envs are unavailable. Install with: pip install 'stable-worldmodel[env]' or pip install ale-py.
  from stable_worldmodel.envs import ale  # noqa: F401
[model] frozen LeWM (18.03M), device=cuda, training=False, subgoal=specaccept
[gdm] planner from gdm_reacher_s10.pt: head=53.44M, N=3 WG=1 goal_cond=True T=1000 sampler=ddim/4-steps param=eps schedule=linear norm=standardize
11:34:28 | INFO  | atomic_chec~| [atomic_save] installed crash-safe checkpoint plugin (write to sibling .tmp + fsync + atomic rename)
[episodes-file] reacher_strong.ep100.t15.json: 128 precomputed pairs (built for max_offset=100, seed=42, episode_min=8000) -- sampling bypassed; running at goal_offset=100
[eval] start=random num_eval=128 goal_offset=100 budget=200 qpos_threshold=0.05 rad/joint
[eval] episodes_idx[:5]=[8014, 8074, 8087, 8127, 8135] start_steps[:5]=[73, 52, 58, 58, 79]
11:34:28 | INFO  | __init__.py | MUJOCO_GL=egl, attempting to import specified OpenGL backend.
11:34:28 | INFO  | __init__.py | No OpenGL_accelerate module loaded: No module named 'OpenGL_accelerate'
11:34:28 | INFO  | __init__.py | MuJoCo library version is: 3.10.0
/lustre/home/ha676/le-wm/.venv/lib/python3.11/site-packages/gymnasium/envs/registration.py:729: UserWarning: [33mWARN: The environment is being initialised with render_mode='rgb_array' that is not in the possible render_modes ([]).[0m
  logger.warn(
CEM solve time: 27.6182 seconds
CEM solve time: 25.1480 seconds
CEM solve time: 21.9215 seconds
CEM solve time: 18.2713 seconds
CEM solve time: 15.4707 seconds
CEM solve time: 13.3347 seconds
CEM solve time: 9.4639 seconds
CEM solve time: 7.7489 seconds
CEM solve time: 6.8912 seconds
CEM solve time: 4.7377 seconds
CEM solve time: 3.6602 seconds
CEM solve time: 3.0142 seconds
CEM solve time: 2.5835 seconds
CEM solve time: 1.7235 seconds
CEM solve time: 1.5079 seconds
CEM solve time: 1.2930 seconds
CEM solve time: 1.0776 seconds
CEM solve time: 1.0773 seconds
CEM solve time: 1.0774 seconds
CEM solve time: 1.0772 seconds
[specaccept] tau=0.1 gdm_steps=4 goal_gate=False re-drafts=660 advances=124 rejects=529 gate_serves=0 call_ratio=0.842 call_ratio_all=0.842 (every-step=1.000; lower = fewer diffusion calls)

==== FF-JEPA eval summary (Reacher qpos_match) ====
subgoal=specaccept num_eval=128 goal_offset=100 budget=200 seed=45 cem_seed=45 S=10
  SR = 96.09%  (123/128)
