=== audit lerp frac=1.0 seed=43 (native t25) ===
/lustre/home/ha676/le-wm/.venv/lib/python3.11/site-packages/stable_worldmodel/envs/__init__.py:215: UserWarning: ale-py not found; ALE/* envs are unavailable. Install with: pip install 'stable-worldmodel[env]' or pip install ale-py.
  from stable_worldmodel.envs import ale  # noqa: F401
[model] frozen LeWM (18.03M), device=cuda, training=False, subgoal=lerp
14:42:29 | INFO  | atomic_chec~| [atomic_save] installed crash-safe checkpoint plugin (write to sibling .tmp + fsync + atomic rename)
[holdout] eval restricted to episodes [8000, 10000) (2000/10000 eligible)
[eval] start=random num_eval=128 goal_offset=25 budget=50 qpos_threshold=0.05 rad/joint
[eval] episodes_idx[:5]=[8007, 8008, 8008, 8025, 8028] start_steps[:5]=[162, 26, 53, 71, 16]
14:42:29 | INFO  | __init__.py | MUJOCO_GL=egl, attempting to import specified OpenGL backend.
14:42:29 | INFO  | __init__.py | No OpenGL_accelerate module loaded: No module named 'OpenGL_accelerate'
14:42:29 | INFO  | __init__.py | MuJoCo library version is: 3.10.0
/lustre/home/ha676/le-wm/.venv/lib/python3.11/site-packages/gymnasium/envs/registration.py:729: UserWarning: [33mWARN: The environment is being initialised with render_mode='rgb_array' that is not in the possible render_modes ([]).[0m
  logger.warn(
[lerp] straight-line oracle, frac=1
CEM solve time: 28.6356 seconds
CEM solve time: 16.1287 seconds
CEM solve time: 6.8520 seconds
CEM solve time: 1.5479 seconds
CEM solve time: 0.6645 seconds

==== FF-JEPA eval summary (Reacher qpos_match) ====
subgoal=lerp num_eval=128 goal_offset=25 budget=50 seed=43 cem_seed=43 S=10
  SR = 98.44%  (126/128)
