=== goal-free gdm t100 seed=43 ===
wrote reacher_gf.ep100.t3.json: 128 pairs (episodes >= 8000, start <= ep_len-1-100), sample [[8014, 73], [8074, 52], [8087, 58]]
/lustre/home/ha676/le-wm/.venv/lib/python3.11/site-packages/stable_worldmodel/envs/__init__.py:215: UserWarning: ale-py not found; ALE/* envs are unavailable. Install with: pip install 'stable-worldmodel[env]' or pip install ale-py.
  from stable_worldmodel.envs import ale  # noqa: F401
[model] frozen LeWM (18.03M), device=cuda, training=False, subgoal=gdm
[gdm] planner from gdm_reacher_s10_goalfree.pt: head=53.34M, N=3 WG=1 goal_cond=False T=1000 sampler=ddim/50-steps param=eps schedule=linear norm=standardize
[warn] drafter is GOAL-FREE on random-policy Reacher data - expected to be ill-posed (see module docstring); proceeding anyway
15:29:51 | INFO  | atomic_chec~| [atomic_save] installed crash-safe checkpoint plugin (write to sibling .tmp + fsync + atomic rename)
[episodes-file] reacher_gf.ep100.t3.json: 128 precomputed pairs (built for max_offset=100, seed=42, episode_min=8000) -- sampling bypassed; running at goal_offset=100
[eval] start=random num_eval=128 goal_offset=100 budget=200 qpos_threshold=0.05 rad/joint
[eval] episodes_idx[:5]=[8014, 8074, 8087, 8127, 8135] start_steps[:5]=[73, 52, 58, 58, 79]
15:29:51 | INFO  | __init__.py | MUJOCO_GL=egl, attempting to import specified OpenGL backend.
15:29:51 | INFO  | __init__.py | No OpenGL_accelerate module loaded: No module named 'OpenGL_accelerate'
15:29:52 | INFO  | __init__.py | MuJoCo library version is: 3.10.0
/lustre/home/ha676/le-wm/.venv/lib/python3.11/site-packages/gymnasium/envs/registration.py:729: UserWarning: [33mWARN: The environment is being initialised with render_mode='rgb_array' that is not in the possible render_modes ([]).[0m
  logger.warn(
CEM solve time: 28.1255 seconds
CEM solve time: 27.2853 seconds
CEM solve time: 26.6501 seconds
CEM solve time: 26.6372 seconds
CEM solve time: 26.4165 seconds
CEM solve time: 26.4247 seconds
CEM solve time: 26.2007 seconds
CEM solve time: 26.2006 seconds
CEM solve time: 25.9859 seconds
CEM solve time: 25.7645 seconds
CEM solve time: 25.7684 seconds
CEM solve time: 25.5440 seconds
CEM solve time: 25.5527 seconds
CEM solve time: 25.3396 seconds
CEM solve time: 25.3441 seconds
CEM solve time: 25.1381 seconds
CEM solve time: 25.1328 seconds
CEM solve time: 24.9245 seconds
CEM solve time: 24.7010 seconds
CEM solve time: 24.7002 seconds

==== FF-JEPA eval summary (Reacher qpos_match) ====
subgoal=gdm num_eval=128 goal_offset=100 budget=200 seed=43 cem_seed=43 S=10
  SR = 10.16%  (13/128)
