/lustre/home/ha676/le-wm/.venv/lib/python3.11/site-packages/stable_worldmodel/envs/__init__.py:215: UserWarning: ale-py not found; ALE/* envs are unavailable. Install with: pip install 'stable-worldmodel[env]' or pip install ale-py.
  from stable_worldmodel.envs import ale  # noqa: F401
[model] frozen LeWM (18.03M), device=cuda, training=False, subgoal=baseline
11:28:37 | INFO  | atomic_chec~| [atomic_save] installed crash-safe checkpoint plugin (write to sibling .tmp + fsync + atomic rename)
[episodes-file] reacher_strong.ep100.t5.json: 128 precomputed pairs (built for max_offset=100, seed=42, episode_min=8000) -- sampling bypassed; running at goal_offset=100
[eval] start=random num_eval=128 goal_offset=100 budget=200 qpos_threshold=0.05 rad/joint
[eval] episodes_idx[:5]=[8014, 8074, 8087, 8127, 8135] start_steps[:5]=[73, 52, 58, 58, 79]
11:28:37 | INFO  | __init__.py | MUJOCO_GL=egl, attempting to import specified OpenGL backend.
11:28:37 | INFO  | __init__.py | No OpenGL_accelerate module loaded: No module named 'OpenGL_accelerate'
11:28:38 | INFO  | __init__.py | MuJoCo library version is: 3.10.0
/lustre/home/ha676/le-wm/.venv/lib/python3.11/site-packages/gymnasium/envs/registration.py:729: UserWarning: [33mWARN: The environment is being initialised with render_mode='rgb_array' that is not in the possible render_modes ([]).[0m
  logger.warn(
CEM solve time: 15.0117 seconds
CEM solve time: 11.9542 seconds
CEM solve time: 9.1854 seconds
CEM solve time: 8.4136 seconds
CEM solve time: 7.4203 seconds
CEM solve time: 7.0924 seconds
CEM solve time: 7.0985 seconds
CEM solve time: 7.0939 seconds
CEM solve time: 7.0931 seconds
CEM solve time: 6.9761 seconds
CEM solve time: 6.9766 seconds
CEM solve time: 6.9778 seconds
CEM solve time: 6.9798 seconds
CEM solve time: 6.9820 seconds
CEM solve time: 6.9796 seconds
CEM solve time: 6.9849 seconds
CEM solve time: 6.9833 seconds
CEM solve time: 6.9814 seconds
CEM solve time: 6.9815 seconds
CEM solve time: 6.9826 seconds
CEM solve time: 6.9844 seconds
CEM solve time: 6.9830 seconds
CEM solve time: 6.9830 seconds
CEM solve time: 6.9789 seconds
CEM solve time: 6.9783 seconds
CEM solve time: 6.9764 seconds
CEM solve time: 6.9785 seconds
CEM solve time: 6.9775 seconds
CEM solve time: 6.9798 seconds
CEM solve time: 6.9792 seconds
CEM solve time: 6.9774 seconds
CEM solve time: 6.9785 seconds
CEM solve time: 6.8669 seconds
CEM solve time: 6.8687 seconds
CEM solve time: 6.8658 seconds
CEM solve time: 6.8676 seconds
CEM solve time: 6.8672 seconds
CEM solve time: 6.8676 seconds
CEM solve time: 6.8680 seconds
CEM solve time: 6.8705 seconds

==== FF-JEPA eval summary (Reacher qpos_match) ====
subgoal=baseline num_eval=128 goal_offset=100 budget=200 seed=43 cem_seed=43 S=5
  SR = 51.56%  (66/128)
