/lustre/home/ha676/le-wm/.venv/lib/python3.11/site-packages/stable_worldmodel/envs/__init__.py:215: UserWarning: ale-py not found; ALE/* envs are unavailable. Install with: pip install 'stable-worldmodel[env]' or pip install ale-py.
  from stable_worldmodel.envs import ale  # noqa: F401
[model] frozen LeWM (18.03M), device=cuda, training=False, subgoal=lerp
17:46:07 | INFO  | atomic_chec~| [atomic_save] installed crash-safe checkpoint plugin (write to sibling .tmp + fsync + atomic rename)
[episodes-file] reacher_audit2.ep100.t4.json: 128 precomputed pairs (built for max_offset=100, seed=42, episode_min=8000) -- sampling bypassed; running at goal_offset=100
[eval] start=random num_eval=128 goal_offset=100 budget=200 qpos_threshold=0.05 rad/joint
[eval] episodes_idx[:5]=[8014, 8074, 8087, 8127, 8135] start_steps[:5]=[73, 52, 58, 58, 79]
17:46:08 | INFO  | __init__.py | MUJOCO_GL=egl, attempting to import specified OpenGL backend.
17:46:08 | INFO  | __init__.py | No OpenGL_accelerate module loaded: No module named 'OpenGL_accelerate'
17:46:09 | INFO  | __init__.py | MuJoCo library version is: 3.10.0
/lustre/home/ha676/le-wm/.venv/lib/python3.11/site-packages/gymnasium/envs/registration.py:729: UserWarning: [33mWARN: The environment is being initialised with render_mode='rgb_array' that is not in the possible render_modes ([]).[0m
  logger.warn(
[lerp] straight-line oracle, frac=0.5
CEM solve time: 28.4886 seconds
CEM solve time: 27.2852 seconds
CEM solve time: 25.9540 seconds
CEM solve time: 23.7404 seconds
CEM solve time: 20.6619 seconds
CEM solve time: 18.9079 seconds
CEM solve time: 17.5895 seconds
CEM solve time: 17.1484 seconds
CEM solve time: 16.9348 seconds
CEM solve time: 16.4919 seconds
CEM solve time: 16.0511 seconds
CEM solve time: 15.8335 seconds
CEM solve time: 15.8356 seconds
CEM solve time: 15.8274 seconds
CEM solve time: 15.6084 seconds
CEM solve time: 15.6083 seconds
CEM solve time: 15.6115 seconds
CEM solve time: 15.6101 seconds
CEM solve time: 15.6049 seconds
CEM solve time: 15.6117 seconds

==== FF-JEPA eval summary (Reacher qpos_match) ====
subgoal=lerp num_eval=128 goal_offset=100 budget=200 seed=42 cem_seed=42 S=10
  SR = 44.53%  (57/128)
