wrote reacher_slong.ep150.t1.json: 128 pairs (episodes >= 8000, start <= ep_len-1-150), sample [[8014, 36], [8074, 26], [8087, 27]]
=== scale-at-horizon: S=5 RH=1 t=100 seed=43 (2t budget) ===
/lustre/home/ha676/le-wm/.venv/lib/python3.11/site-packages/stable_worldmodel/envs/__init__.py:215: UserWarning: ale-py not found; ALE/* envs are unavailable. Install with: pip install 'stable-worldmodel[env]' or pip install ale-py.
  from stable_worldmodel.envs import ale  # noqa: F401
[model] frozen LeWM (18.03M), device=cuda, training=False, subgoal=gdm
[gdm] planner from gdm_reacher_s5.pt: head=53.44M, N=3 WG=1 goal_cond=True T=1000 sampler=ddim/50-steps param=eps schedule=linear norm=standardize
18:49:21 | INFO  | atomic_chec~| [atomic_save] installed crash-safe checkpoint plugin (write to sibling .tmp + fsync + atomic rename)
[episodes-file] reacher_slong.ep150.t1.json: 128 precomputed pairs (built for max_offset=150, seed=42, episode_min=8000) -- sampling bypassed; running at goal_offset=100
[eval] start=random num_eval=128 goal_offset=100 budget=200 qpos_threshold=0.05 rad/joint
[eval] episodes_idx[:5]=[8014, 8074, 8087, 8127, 8135] start_steps[:5]=[36, 26, 27, 26, 37]
18:49:21 | INFO  | __init__.py | MUJOCO_GL=egl, attempting to import specified OpenGL backend.
18:49:21 | INFO  | __init__.py | No OpenGL_accelerate module loaded: No module named 'OpenGL_accelerate'
18:49:22 | INFO  | __init__.py | MuJoCo library version is: 3.10.0
/lustre/home/ha676/le-wm/.venv/lib/python3.11/site-packages/gymnasium/envs/registration.py:729: UserWarning: [33mWARN: The environment is being initialised with render_mode='rgb_array' that is not in the possible render_modes ([]).[0m
  logger.warn(
CEM solve time: 13.8408 seconds
CEM solve time: 13.1666 seconds
CEM solve time: 12.9488 seconds
CEM solve time: 12.6309 seconds
CEM solve time: 12.3064 seconds
CEM solve time: 11.9858 seconds
CEM solve time: 11.7735 seconds
CEM solve time: 11.1312 seconds
CEM solve time: 10.1636 seconds
CEM solve time: 9.4153 seconds
CEM solve time: 9.2018 seconds
CEM solve time: 8.7686 seconds
CEM solve time: 8.2348 seconds
CEM solve time: 8.0198 seconds
CEM solve time: 7.6974 seconds
CEM solve time: 6.9459 seconds
CEM solve time: 6.5250 seconds
CEM solve time: 6.3092 seconds
CEM solve time: 5.8793 seconds
CEM solve time: 5.5614 seconds
CEM solve time: 4.9172 seconds
CEM solve time: 4.5973 seconds
CEM solve time: 4.3834 seconds
CEM solve time: 3.8516 seconds
CEM solve time: 3.5318 seconds
CEM solve time: 3.2105 seconds
CEM solve time: 2.9956 seconds
CEM solve time: 2.7815 seconds
CEM solve time: 2.7819 seconds
CEM solve time: 2.7851 seconds
CEM solve time: 2.7823 seconds
CEM solve time: 2.7839 seconds
CEM solve time: 2.5710 seconds
CEM solve time: 2.4624 seconds
CEM solve time: 2.2475 seconds
CEM solve time: 2.1410 seconds
CEM solve time: 1.9278 seconds
CEM solve time: 1.6047 seconds
CEM solve time: 1.6046 seconds
CEM solve time: 1.6059 seconds

==== FF-JEPA eval summary (Reacher qpos_match) ====
subgoal=gdm num_eval=128 goal_offset=100 budget=200 seed=43 cem_seed=43 S=5
  SR = 88.28%  (113/128)
