/lustre/home/ha676/le-wm/.venv/lib/python3.11/site-packages/stable_worldmodel/envs/__init__.py:215: UserWarning: ale-py not found; ALE/* envs are unavailable. Install with: pip install 'stable-worldmodel[env]' or pip install ale-py.
  from stable_worldmodel.envs import ale  # noqa: F401
[model] frozen LeWM (18.03M), device=cuda, training=False, subgoal=specaccept
[gdm] planner from gdm_reacher_s10.pt: head=53.44M, N=3 WG=1 goal_cond=True T=1000 sampler=ddim/2-steps param=eps schedule=linear norm=standardize
23:24:33 | INFO  | atomic_chec~| [atomic_save] installed crash-safe checkpoint plugin (write to sibling .tmp + fsync + atomic rename)
[episodes-file] reacher_klow.ep100.t15.json: 128 precomputed pairs (built for max_offset=100, seed=42, episode_min=8000) -- sampling bypassed; running at goal_offset=100
[eval] start=random num_eval=128 goal_offset=100 budget=200 qpos_threshold=0.05 rad/joint
[eval] episodes_idx[:5]=[8014, 8074, 8087, 8127, 8135] start_steps[:5]=[73, 52, 58, 58, 79]
23:24:33 | INFO  | __init__.py | MUJOCO_GL=egl, attempting to import specified OpenGL backend.
23:24:33 | INFO  | __init__.py | No OpenGL_accelerate module loaded: No module named 'OpenGL_accelerate'
23:24:34 | INFO  | __init__.py | MuJoCo library version is: 3.10.0
/lustre/home/ha676/le-wm/.venv/lib/python3.11/site-packages/gymnasium/envs/registration.py:729: UserWarning: [33mWARN: The environment is being initialised with render_mode='rgb_array' that is not in the possible render_modes ([]).[0m
  logger.warn(
CEM solve time: 27.5502 seconds
CEM solve time: 25.7337 seconds
CEM solve time: 19.7328 seconds
CEM solve time: 16.9272 seconds
CEM solve time: 12.6595 seconds
CEM solve time: 9.0053 seconds
CEM solve time: 7.5061 seconds
CEM solve time: 6.6564 seconds
CEM solve time: 5.1441 seconds
CEM solve time: 4.2886 seconds
CEM solve time: 3.6435 seconds
CEM solve time: 3.6443 seconds
CEM solve time: 3.0019 seconds
CEM solve time: 2.3594 seconds
CEM solve time: 2.1444 seconds
CEM solve time: 2.1445 seconds
CEM solve time: 2.1454 seconds
CEM solve time: 1.7164 seconds
CEM solve time: 1.7159 seconds
CEM solve time: 1.7158 seconds
[specaccept] tau=0.2 gdm_steps=2 goal_gate=False re-drafts=743 advances=0 rejects=615 gate_serves=0 call_ratio=1.000 call_ratio_all=1.000 (every-step=1.000; lower = fewer diffusion calls)

==== FF-JEPA eval summary (Reacher qpos_match) ====
subgoal=specaccept num_eval=128 goal_offset=100 budget=200 seed=45 cem_seed=45 S=10
  SR = 94.53%  (121/128)
