/lustre/home/ha676/le-wm/.venv/lib/python3.11/site-packages/stable_worldmodel/envs/__init__.py:215: UserWarning: ale-py not found; ALE/* envs are unavailable. Install with: pip install 'stable-worldmodel[env]' or pip install ale-py.
  from stable_worldmodel.envs import ale  # noqa: F401
[model] frozen LeWM (18.03M), device=cuda, training=False, subgoal=baseline
11:28:36 | INFO  | atomic_chec~| [atomic_save] installed crash-safe checkpoint plugin (write to sibling .tmp + fsync + atomic rename)
[episodes-file] reacher_strong.ep100.t9.json: 128 precomputed pairs (built for max_offset=100, seed=42, episode_min=8000) -- sampling bypassed; running at goal_offset=100
[eval] start=random num_eval=128 goal_offset=100 budget=200 qpos_threshold=0.05 rad/joint
[eval] episodes_idx[:5]=[8014, 8074, 8087, 8127, 8135] start_steps[:5]=[73, 52, 58, 58, 79]
11:28:37 | INFO  | __init__.py | MUJOCO_GL=egl, attempting to import specified OpenGL backend.
11:28:37 | INFO  | __init__.py | No OpenGL_accelerate module loaded: No module named 'OpenGL_accelerate'
11:28:37 | INFO  | __init__.py | MuJoCo library version is: 3.10.0
/lustre/home/ha676/le-wm/.venv/lib/python3.11/site-packages/gymnasium/envs/registration.py:729: UserWarning: [33mWARN: The environment is being initialised with render_mode='rgb_array' that is not in the possible render_modes ([]).[0m
  logger.warn(
CEM solve time: 29.0304 seconds
CEM solve time: 20.4663 seconds
CEM solve time: 13.7990 seconds
CEM solve time: 12.0279 seconds
CEM solve time: 11.1362 seconds
CEM solve time: 10.6910 seconds
CEM solve time: 10.2470 seconds
CEM solve time: 10.0250 seconds
CEM solve time: 10.0246 seconds
CEM solve time: 10.0259 seconds
CEM solve time: 10.0240 seconds
CEM solve time: 10.0244 seconds
CEM solve time: 10.0241 seconds
CEM solve time: 10.0251 seconds
CEM solve time: 10.0184 seconds
CEM solve time: 10.0256 seconds
CEM solve time: 10.0247 seconds
CEM solve time: 10.0225 seconds
CEM solve time: 10.0237 seconds
CEM solve time: 9.7969 seconds

==== FF-JEPA eval summary (Reacher qpos_match) ====
subgoal=baseline num_eval=128 goal_offset=100 budget=200 seed=45 cem_seed=45 S=10
  SR = 65.62%  (84/128)
