/lustre/home/ha676/le-wm/.venv/lib/python3.11/site-packages/stable_worldmodel/envs/__init__.py:215: UserWarning: ale-py not found; ALE/* envs are unavailable. Install with: pip install 'stable-worldmodel[env]' or pip install ale-py.
  from stable_worldmodel.envs import ale  # noqa: F401
[model] frozen LeWM (18.03M), device=cuda, training=False, subgoal=specaccept
[gdm] planner from gdm_reacher_s10.pt: head=53.44M, N=3 WG=1 goal_cond=True T=1000 sampler=ddim/8-steps param=eps schedule=linear norm=standardize
11:09:03 | INFO  | atomic_chec~| [atomic_save] installed crash-safe checkpoint plugin (write to sibling .tmp + fsync + atomic rename)
[episodes-file] reacher_gate.ep100.t4.json: 128 precomputed pairs (built for max_offset=100, seed=42, episode_min=8000) -- sampling bypassed; running at goal_offset=100
[eval] start=random num_eval=128 goal_offset=100 budget=200 qpos_threshold=0.05 rad/joint
[eval] episodes_idx[:5]=[8014, 8074, 8087, 8127, 8135] start_steps[:5]=[73, 52, 58, 58, 79]
11:09:04 | INFO  | __init__.py | MUJOCO_GL=egl, attempting to import specified OpenGL backend.
11:09:04 | INFO  | __init__.py | No OpenGL_accelerate module loaded: No module named 'OpenGL_accelerate'
11:09:04 | INFO  | __init__.py | MuJoCo library version is: 3.10.0
/lustre/home/ha676/le-wm/.venv/lib/python3.11/site-packages/gymnasium/envs/registration.py:729: UserWarning: [33mWARN: The environment is being initialised with render_mode='rgb_array' that is not in the possible render_modes ([]).[0m
  logger.warn(
CEM solve time: 27.8707 seconds
CEM solve time: 25.7890 seconds
CEM solve time: 20.0278 seconds
CEM solve time: 15.5015 seconds
CEM solve time: 11.1975 seconds
CEM solve time: 9.0458 seconds
CEM solve time: 7.9703 seconds
CEM solve time: 7.5371 seconds
CEM solve time: 6.6735 seconds
CEM solve time: 6.4556 seconds
CEM solve time: 5.8094 seconds
CEM solve time: 5.5987 seconds
CEM solve time: 5.1702 seconds
CEM solve time: 5.1717 seconds
CEM solve time: 5.1646 seconds
CEM solve time: 4.9478 seconds
CEM solve time: 4.9496 seconds
CEM solve time: 4.9537 seconds
CEM solve time: 4.9512 seconds
CEM solve time: 4.9514 seconds
[specaccept] tau=0.2 gdm_steps=8 goal_gate=True re-drafts=439 advances=90 rejects=185 gate_serves=562 call_ratio=0.830 call_ratio_all=0.402 (every-step=1.000; lower = fewer diffusion calls)
[traces] saved runs/reacher/traces_gate_t100_seed42.pt

==== FF-JEPA eval summary (Reacher qpos_match) ====
subgoal=specaccept num_eval=128 goal_offset=100 budget=200 seed=42 cem_seed=42 S=10
  SR = 82.03%  (105/128)
