/lustre/home/ha676/le-wm/.venv/lib/python3.11/site-packages/stable_worldmodel/envs/__init__.py:215: UserWarning: ale-py not found; ALE/* envs are unavailable. Install with: pip install 'stable-worldmodel[env]' or pip install ale-py.
  from stable_worldmodel.envs import ale  # noqa: F401
[model] frozen LeWM (18.03M), device=cuda, training=False, subgoal=baseline
11:28:37 | INFO  | atomic_chec~| [atomic_save] installed crash-safe checkpoint plugin (write to sibling .tmp + fsync + atomic rename)
[episodes-file] reacher_strong.ep150.t6.json: 128 precomputed pairs (built for max_offset=150, seed=42, episode_min=8000) -- sampling bypassed; running at goal_offset=150
[eval] start=random num_eval=128 goal_offset=150 budget=300 qpos_threshold=0.05 rad/joint
[eval] episodes_idx[:5]=[8014, 8074, 8087, 8127, 8135] start_steps[:5]=[36, 26, 27, 26, 37]
11:28:37 | INFO  | __init__.py | MUJOCO_GL=egl, attempting to import specified OpenGL backend.
11:28:37 | INFO  | __init__.py | No OpenGL_accelerate module loaded: No module named 'OpenGL_accelerate'
11:28:37 | INFO  | __init__.py | MuJoCo library version is: 3.10.0
/lustre/home/ha676/le-wm/.venv/lib/python3.11/site-packages/gymnasium/envs/registration.py:729: UserWarning: [33mWARN: The environment is being initialised with render_mode='rgb_array' that is not in the possible render_modes ([]).[0m
  logger.warn(
CEM solve time: 15.0366 seconds
CEM solve time: 12.6100 seconds
CEM solve time: 9.5987 seconds
CEM solve time: 8.5847 seconds
CEM solve time: 7.9772 seconds
CEM solve time: 7.9168 seconds
CEM solve time: 7.9187 seconds
CEM solve time: 7.9204 seconds
CEM solve time: 7.9220 seconds
CEM solve time: 7.9228 seconds
CEM solve time: 7.9208 seconds
CEM solve time: 7.9188 seconds
CEM solve time: 7.9182 seconds
CEM solve time: 7.9194 seconds
CEM solve time: 7.9183 seconds
CEM solve time: 7.9193 seconds
CEM solve time: 7.9164 seconds
CEM solve time: 7.9210 seconds
CEM solve time: 7.9187 seconds
CEM solve time: 7.9170 seconds
CEM solve time: 7.9198 seconds
CEM solve time: 7.9160 seconds
CEM solve time: 7.9194 seconds
CEM solve time: 7.9145 seconds
CEM solve time: 7.9158 seconds
CEM solve time: 7.9177 seconds
CEM solve time: 7.9173 seconds
CEM solve time: 7.9196 seconds
CEM solve time: 7.9186 seconds
CEM solve time: 7.9169 seconds
CEM solve time: 7.9161 seconds
CEM solve time: 7.9146 seconds
CEM solve time: 7.9171 seconds
CEM solve time: 7.9161 seconds
CEM solve time: 7.9211 seconds
CEM solve time: 7.9013 seconds
CEM solve time: 7.9091 seconds
CEM solve time: 7.9054 seconds
CEM solve time: 7.9069 seconds
CEM solve time: 7.9085 seconds
CEM solve time: 7.8990 seconds
CEM solve time: 7.9035 seconds
CEM solve time: 7.8992 seconds
CEM solve time: 7.8986 seconds
CEM solve time: 7.9014 seconds
CEM solve time: 7.9035 seconds
CEM solve time: 7.8908 seconds
CEM solve time: 7.8918 seconds
CEM solve time: 7.8962 seconds
CEM solve time: 7.8875 seconds
CEM solve time: 7.8903 seconds
CEM solve time: 7.8929 seconds
CEM solve time: 7.8902 seconds
CEM solve time: 7.8850 seconds
CEM solve time: 7.8825 seconds
CEM solve time: 7.8933 seconds
CEM solve time: 7.8864 seconds
CEM solve time: 7.8851 seconds
CEM solve time: 7.8835 seconds
CEM solve time: 7.8861 seconds

==== FF-JEPA eval summary (Reacher qpos_match) ====
subgoal=baseline num_eval=128 goal_offset=150 budget=300 seed=42 cem_seed=42 S=5
  SR = 44.53%  (57/128)
