wrote reacher_slong.ep150.t4.json: 128 pairs (episodes >= 8000, start <= ep_len-1-150), sample [[8014, 36], [8074, 26], [8087, 27]]
=== scale-at-horizon: S=5 RH=1 t=150 seed=42 (2t budget) ===
/lustre/home/ha676/le-wm/.venv/lib/python3.11/site-packages/stable_worldmodel/envs/__init__.py:215: UserWarning: ale-py not found; ALE/* envs are unavailable. Install with: pip install 'stable-worldmodel[env]' or pip install ale-py.
  from stable_worldmodel.envs import ale  # noqa: F401
[model] frozen LeWM (18.03M), device=cuda, training=False, subgoal=gdm
[gdm] planner from gdm_reacher_s5.pt: head=53.44M, N=3 WG=1 goal_cond=True T=1000 sampler=ddim/50-steps param=eps schedule=linear norm=standardize
18:51:38 | INFO  | atomic_chec~| [atomic_save] installed crash-safe checkpoint plugin (write to sibling .tmp + fsync + atomic rename)
[episodes-file] reacher_slong.ep150.t4.json: 128 precomputed pairs (built for max_offset=150, seed=42, episode_min=8000) -- sampling bypassed; running at goal_offset=150
[eval] start=random num_eval=128 goal_offset=150 budget=300 qpos_threshold=0.05 rad/joint
[eval] episodes_idx[:5]=[8014, 8074, 8087, 8127, 8135] start_steps[:5]=[36, 26, 27, 26, 37]
18:51:38 | INFO  | __init__.py | MUJOCO_GL=egl, attempting to import specified OpenGL backend.
18:51:38 | INFO  | __init__.py | No OpenGL_accelerate module loaded: No module named 'OpenGL_accelerate'
18:51:38 | INFO  | __init__.py | MuJoCo library version is: 3.10.0
/lustre/home/ha676/le-wm/.venv/lib/python3.11/site-packages/gymnasium/envs/registration.py:729: UserWarning: [33mWARN: The environment is being initialised with render_mode='rgb_array' that is not in the possible render_modes ([]).[0m
  logger.warn(
CEM solve time: 13.7698 seconds
CEM solve time: 13.5052 seconds
CEM solve time: 12.7833 seconds
CEM solve time: 12.3339 seconds
CEM solve time: 11.9144 seconds
CEM solve time: 11.4853 seconds
CEM solve time: 10.6481 seconds
CEM solve time: 10.1106 seconds
CEM solve time: 9.5780 seconds
CEM solve time: 9.0375 seconds
CEM solve time: 8.5155 seconds
CEM solve time: 8.1942 seconds
CEM solve time: 7.9876 seconds
CEM solve time: 7.8798 seconds
CEM solve time: 7.5565 seconds
CEM solve time: 7.3447 seconds
CEM solve time: 7.0272 seconds
CEM solve time: 6.7047 seconds
CEM solve time: 6.4923 seconds
CEM solve time: 6.2328 seconds
CEM solve time: 5.5473 seconds
CEM solve time: 4.9038 seconds
CEM solve time: 4.5869 seconds
CEM solve time: 4.0561 seconds
CEM solve time: 3.5225 seconds
CEM solve time: 3.5241 seconds
CEM solve time: 3.2048 seconds
CEM solve time: 3.1019 seconds
CEM solve time: 2.8856 seconds
CEM solve time: 2.7768 seconds
CEM solve time: 2.7800 seconds
CEM solve time: 2.7779 seconds
CEM solve time: 2.7758 seconds
CEM solve time: 2.5618 seconds
CEM solve time: 2.5629 seconds
CEM solve time: 2.5626 seconds
CEM solve time: 2.5622 seconds
CEM solve time: 2.4536 seconds
CEM solve time: 2.3465 seconds
CEM solve time: 2.3519 seconds
CEM solve time: 2.2387 seconds
CEM solve time: 2.1330 seconds
CEM solve time: 2.1344 seconds
CEM solve time: 2.0264 seconds
CEM solve time: 2.0264 seconds
CEM solve time: 1.9203 seconds
CEM solve time: 1.9197 seconds
CEM solve time: 1.9197 seconds
CEM solve time: 1.9229 seconds
CEM solve time: 1.8160 seconds
CEM solve time: 1.7081 seconds
CEM solve time: 1.7074 seconds
CEM solve time: 1.7076 seconds
CEM solve time: 1.3875 seconds
CEM solve time: 1.3876 seconds
CEM solve time: 1.3878 seconds
CEM solve time: 1.3879 seconds
CEM solve time: 1.3879 seconds
CEM solve time: 1.3877 seconds
CEM solve time: 1.3881 seconds

==== FF-JEPA eval summary (Reacher qpos_match) ====
subgoal=gdm num_eval=128 goal_offset=150 budget=300 seed=42 cem_seed=42 S=5
  SR = 89.84%  (115/128)
