/lustre/home/ha676/le-wm/.venv/lib/python3.11/site-packages/stable_worldmodel/envs/__init__.py:215: UserWarning: ale-py not found; ALE/* envs are unavailable. Install with: pip install 'stable-worldmodel[env]' or pip install ale-py.
  from stable_worldmodel.envs import ale  # noqa: F401
[model] frozen LeWM (18.03M), device=cuda, training=False, subgoal=gdm
[gdm] planner from gdm_reacher_s15.pt: head=53.44M, N=3 WG=1 goal_cond=True T=1000 sampler=ddim/50-steps param=eps schedule=linear norm=standardize
21:46:29 | INFO  | atomic_chec~| [atomic_save] installed crash-safe checkpoint plugin (write to sibling .tmp + fsync + atomic rename)
[episodes-file] reacher_slong.ep150.t12.json: 128 precomputed pairs (built for max_offset=150, seed=42, episode_min=8000) -- sampling bypassed; running at goal_offset=150
[eval] start=random num_eval=128 goal_offset=150 budget=300 qpos_threshold=0.05 rad/joint
[eval] episodes_idx[:5]=[8014, 8074, 8087, 8127, 8135] start_steps[:5]=[36, 26, 27, 26, 37]
21:46:29 | INFO  | __init__.py | MUJOCO_GL=egl, attempting to import specified OpenGL backend.
21:46:29 | INFO  | __init__.py | No OpenGL_accelerate module loaded: No module named 'OpenGL_accelerate'
21:46:30 | INFO  | __init__.py | MuJoCo library version is: 3.10.0
/lustre/home/ha676/le-wm/.venv/lib/python3.11/site-packages/gymnasium/envs/registration.py:729: UserWarning: [33mWARN: The environment is being initialised with render_mode='rgb_array' that is not in the possible render_modes ([]).[0m
  logger.warn(
CEM solve time: 42.9019 seconds
CEM solve time: 40.4854 seconds
CEM solve time: 37.4717 seconds
CEM solve time: 30.4289 seconds
CEM solve time: 25.0836 seconds
CEM solve time: 20.0699 seconds
CEM solve time: 14.7143 seconds
CEM solve time: 12.3794 seconds
CEM solve time: 10.7041 seconds
CEM solve time: 9.7017 seconds
CEM solve time: 8.0306 seconds
CEM solve time: 7.3612 seconds
CEM solve time: 5.6900 seconds
CEM solve time: 4.6837 seconds
CEM solve time: 3.6788 seconds
CEM solve time: 3.0117 seconds
CEM solve time: 3.0112 seconds
CEM solve time: 3.0123 seconds
CEM solve time: 2.6765 seconds
CEM solve time: 2.3417 seconds

==== FF-JEPA eval summary (Reacher qpos_match) ====
subgoal=gdm num_eval=128 goal_offset=150 budget=300 seed=42 cem_seed=42 S=15
  SR = 94.53%  (121/128)
