[mask] train episodes: 8000/10000 (holdout = 2000)
=== train gdm_reacher_s10_goalfree.pt (faithful recipe, NO goal-cond, eps<8000) ===
[cfg] {'subgoals': 'subgoals_reacher_dense.pt', 'out': 'gdm_reacher_s10_goalfree.pt', 'device': 'cuda', 'seed': 42, 'mask': 'custom', 'custom_mask_file': 'reacher_train_mask.npy', 'window_rule': 'clamp', 'subgoal_step': 10, 'latent_dim': 192, 'n_future': 3, 'wg': 1, 'hidden': 512, 'depth': 11, 'heads': 8, 'mlp_ratio': 4.0, 'goal_cond': False, 'goal_rule': 'final', 'goal_gap': None, 'goal_gap_max': None, 'timesteps': 1000, 'parameterization': 'eps', 'schedule': 'linear', 'min_snr_gamma': 0.0, 'sampler': 'ddim', 'normalization': 'standardize', 'epochs': 20, 'batch_size': 128, 'lr': 5e-05, 'weight_decay': 0.001, 'grad_clip': 1.0, 'lr_schedule': 'warmup_cosine', 'warmup_frac': 0.01, 'amp': True, 'ema_decay': 0.0, 'num_workers': 0, 'log_every': 500}
[data] mask=customdeg: 8000 episodes used; 1600000 (cond,target) pairs; window_rule=clamp; file_stride=1 subgoal_step=10 => subgoal horizon = 10 frames
[norm] native ||z|| mean=13.79 (sqrt(D)=13.86); standardize per-dim (mean|.|=0.035, std mean=0.993)
[model] GDM (DiT) head params = 53.34M (hidden=512 depth=11 heads=8); diffusion T=1000 param=eps schedule=linear sampler=ddim norm=standardize min_snr_gamma=0.0
[sched] warmup_cosine: total_steps=250000 warmup=2500 peak_lr=5.0e-05 -> 0 (eta_min)
  [iter 500] loss=0.37228 (run 0.89246, 68s, 136ms/it)
  [iter 1000] loss=0.16738 (run 0.53883, 97s, 97ms/it)
  [iter 1500] loss=0.15047 (run 0.40594, 126s, 84ms/it)
  [iter 2000] loss=0.09091 (run 0.33328, 155s, 78ms/it)
  [iter 2500] loss=0.08038 (run 0.28542, 185s, 74ms/it)
  [iter 3000] loss=0.07643 (run 0.25098, 214s, 71ms/it)
  [iter 3500] loss=0.05716 (run 0.22496, 243s, 69ms/it)
  [iter 4000] loss=0.05734 (run 0.20458, 272s, 68ms/it)
  [iter 4500] loss=0.04441 (run 0.18827, 301s, 67ms/it)
  [iter 5000] loss=0.03721 (run 0.17474, 330s, 66ms/it)
  [iter 5500] loss=0.05151 (run 0.16345, 359s, 65ms/it)
  [iter 6000] loss=0.04856 (run 0.15382, 388s, 65ms/it)
  [iter 6500] loss=0.04835 (run 0.14557, 417s, 64ms/it)
  [iter 7000] loss=0.05247 (run 0.13833, 446s, 64ms/it)
  [iter 7500] loss=0.05274 (run 0.13203, 476s, 63ms/it)
  [iter 8000] loss=0.03673 (run 0.12640, 505s, 63ms/it)
  [iter 8500] loss=0.03447 (run 0.12132, 535s, 63ms/it)
  [iter 9000] loss=0.04092 (run 0.11674, 564s, 63ms/it)
  [iter 9500] loss=0.04041 (run 0.11263, 594s, 63ms/it)
  [iter 10000] loss=0.02671 (run 0.10885, 624s, 62ms/it)
  [iter 10500] loss=0.03149 (run 0.10538, 654s, 62ms/it)
  [iter 11000] loss=0.03148 (run 0.10217, 685s, 62ms/it)
  [iter 11500] loss=0.03885 (run 0.09919, 715s, 62ms/it)
  [iter 12000] loss=0.03125 (run 0.09643, 745s, 62ms/it)
  [iter 12500] loss=0.02984 (run 0.09390, 775s, 62ms/it)
[epoch 01/20] loss=0.09390 iters=12500 (775s)
  [iter 13000] loss=0.04479 (run 0.03287, 806s, 62ms/it)
  [iter 13500] loss=0.02338 (run 0.03223, 836s, 62ms/it)
  [iter 14000] loss=0.02832 (run 0.03175, 867s, 62ms/it)
  [iter 14500] loss=0.02954 (run 0.03137, 898s, 62ms/it)
  [iter 15000] loss=0.02749 (run 0.03107, 928s, 62ms/it)
  [iter 15500] loss=0.02568 (run 0.03082, 959s, 62ms/it)
  [iter 16000] loss=0.02584 (run 0.03044, 990s, 62ms/it)
  [iter 16500] loss=0.03144 (run 0.03013, 1021s, 62ms/it)
  [iter 17000] loss=0.02467 (run 0.02987, 1051s, 62ms/it)
  [iter 17500] loss=0.02704 (run 0.02960, 1081s, 62ms/it)
  [iter 18000] loss=0.02638 (run 0.02936, 1111s, 62ms/it)
  [iter 18500] loss=0.02323 (run 0.02909, 1141s, 62ms/it)
  [iter 19000] loss=0.03139 (run 0.02889, 1171s, 62ms/it)
  [iter 19500] loss=0.02358 (run 0.02869, 1201s, 62ms/it)
  [iter 20000] loss=0.02222 (run 0.02846, 1232s, 62ms/it)
  [iter 20500] loss=0.02645 (run 0.02825, 1262s, 62ms/it)
  [iter 21000] loss=0.02615 (run 0.02806, 1292s, 62ms/it)
  [iter 21500] loss=0.02049 (run 0.02788, 1322s, 61ms/it)
  [iter 22000] loss=0.02595 (run 0.02771, 1352s, 61ms/it)
  [iter 22500] loss=0.02392 (run 0.02754, 1382s, 61ms/it)
  [iter 23000] loss=0.02470 (run 0.02737, 1412s, 61ms/it)
  [iter 23500] loss=0.03261 (run 0.02721, 1442s, 61ms/it)
  [iter 24000] loss=0.03322 (run 0.02701, 1472s, 61ms/it)
  [iter 24500] loss=0.02680 (run 0.02684, 1502s, 61ms/it)
  [iter 25000] loss=0.04228 (run 0.02668, 1532s, 61ms/it)
[epoch 02/20] loss=0.02668 iters=25000 (1532s)
  [iter 25500] loss=0.02839 (run 0.02283, 1562s, 61ms/it)
  [iter 26000] loss=0.03216 (run 0.02275, 1592s, 61ms/it)
  [iter 26500] loss=0.01780 (run 0.02248, 1621s, 61ms/it)
  [iter 27000] loss=0.02800 (run 0.02241, 1651s, 61ms/it)
  [iter 27500] loss=0.02315 (run 0.02236, 1681s, 61ms/it)
  [iter 28000] loss=0.02788 (run 0.02233, 1711s, 61ms/it)
  [iter 28500] loss=0.02522 (run 0.02226, 1740s, 61ms/it)
  [iter 29000] loss=0.01973 (run 0.02207, 1770s, 61ms/it)
  [iter 29500] loss=0.01443 (run 0.02199, 1799s, 61ms/it)
  [iter 30000] loss=0.02720 (run 0.02195, 1829s, 61ms/it)
  [iter 30500] loss=0.01862 (run 0.02180, 1859s, 61ms/it)
  [iter 31000] loss=0.02336 (run 0.02170, 1890s, 61ms/it)
  [iter 31500] loss=0.03085 (run 0.02158, 1919s, 61ms/it)
  [iter 32000] loss=0.02174 (run 0.02152, 1949s, 61ms/it)
  [iter 32500] loss=0.02074 (run 0.02142, 1979s, 61ms/it)
  [iter 33000] loss=0.02247 (run 0.02136, 2008s, 61ms/it)
  [iter 33500] loss=0.01435 (run 0.02130, 2038s, 61ms/it)
  [iter 34000] loss=0.02544 (run 0.02123, 2068s, 61ms/it)
  [iter 34500] loss=0.01607 (run 0.02117, 2098s, 61ms/it)
  [iter 35000] loss=0.01348 (run 0.02110, 2127s, 61ms/it)
  [iter 35500] loss=0.01753 (run 0.02104, 2157s, 61ms/it)
  [iter 36000] loss=0.01645 (run 0.02094, 2187s, 61ms/it)
  [iter 36500] loss=0.01085 (run 0.02086, 2216s, 61ms/it)
  [iter 37000] loss=0.01788 (run 0.02078, 2247s, 61ms/it)
  [iter 37500] loss=0.01771 (run 0.02072, 2276s, 61ms/it)
[epoch 03/20] loss=0.02072 iters=37500 (2276s)
  [iter 38000] loss=0.01486 (run 0.01927, 2306s, 61ms/it)
  [iter 38500] loss=0.01977 (run 0.01921, 2336s, 61ms/it)
  [iter 39000] loss=0.01040 (run 0.01912, 2365s, 61ms/it)
  [iter 39500] loss=0.02419 (run 0.01902, 2395s, 61ms/it)
  [iter 40000] loss=0.01990 (run 0.01902, 2425s, 61ms/it)
  [iter 40500] loss=0.01863 (run 0.01902, 2455s, 61ms/it)
  [iter 41000] loss=0.01081 (run 0.01893, 2485s, 61ms/it)
  [iter 41500] loss=0.01575 (run 0.01893, 2515s, 61ms/it)
  [iter 42000] loss=0.01780 (run 0.01887, 2544s, 61ms/it)
  [iter 42500] loss=0.01624 (run 0.01884, 2574s, 61ms/it)
  [iter 43000] loss=0.02529 (run 0.01880, 2603s, 61ms/it)
  [iter 43500] loss=0.01295 (run 0.01871, 2633s, 61ms/it)
  [iter 44000] loss=0.01795 (run 0.01867, 2662s, 61ms/it)
  [iter 44500] loss=0.01444 (run 0.01863, 2692s, 60ms/it)
  [iter 45000] loss=0.02347 (run 0.01857, 2722s, 60ms/it)
  [iter 45500] loss=0.02370 (run 0.01851, 2752s, 60ms/it)
  [iter 46000] loss=0.01974 (run 0.01848, 2783s, 60ms/it)
  [iter 46500] loss=0.01471 (run 0.01845, 2813s, 60ms/it)
  [iter 47000] loss=0.02208 (run 0.01841, 2842s, 60ms/it)
  [iter 47500] loss=0.01346 (run 0.01837, 2872s, 60ms/it)
  [iter 48000] loss=0.01196 (run 0.01833, 2902s, 60ms/it)
  [iter 48500] loss=0.01173 (run 0.01831, 2931s, 60ms/it)
  [iter 49000] loss=0.01344 (run 0.01825, 2961s, 60ms/it)
  [iter 49500] loss=0.01971 (run 0.01822, 2991s, 60ms/it)
  [iter 50000] loss=0.01737 (run 0.01819, 3021s, 60ms/it)
[epoch 04/20] loss=0.01819 iters=50000 (3021s)
  [iter 50500] loss=0.02361 (run 0.01703, 3051s, 60ms/it)
  [iter 51000] loss=0.01447 (run 0.01690, 3081s, 60ms/it)
  [iter 51500] loss=0.01657 (run 0.01706, 3110s, 60ms/it)
  [iter 52000] loss=0.02533 (run 0.01713, 3140s, 60ms/it)
  [iter 52500] loss=0.01203 (run 0.01714, 3169s, 60ms/it)
  [iter 53000] loss=0.01061 (run 0.01713, 3199s, 60ms/it)
  [iter 53500] loss=0.01002 (run 0.01708, 3228s, 60ms/it)
  [iter 54000] loss=0.01337 (run 0.01705, 3257s, 60ms/it)
  [iter 54500] loss=0.02553 (run 0.01702, 3286s, 60ms/it)
  [iter 55000] loss=0.01699 (run 0.01701, 3316s, 60ms/it)
  [iter 55500] loss=0.01523 (run 0.01697, 3345s, 60ms/it)
  [iter 56000] loss=0.01392 (run 0.01695, 3375s, 60ms/it)
  [iter 56500] loss=0.01328 (run 0.01695, 3406s, 60ms/it)
  [iter 57000] loss=0.01522 (run 0.01694, 3435s, 60ms/it)
  [iter 57500] loss=0.01596 (run 0.01692, 3465s, 60ms/it)
  [iter 58000] loss=0.01709 (run 0.01688, 3495s, 60ms/it)
  [iter 58500] loss=0.01672 (run 0.01685, 3525s, 60ms/it)
  [iter 59000] loss=0.01592 (run 0.01682, 3554s, 60ms/it)
  [iter 59500] loss=0.01956 (run 0.01678, 3584s, 60ms/it)
  [iter 60000] loss=0.01590 (run 0.01675, 3613s, 60ms/it)
  [iter 60500] loss=0.01454 (run 0.01675, 3643s, 60ms/it)
  [iter 61000] loss=0.01244 (run 0.01671, 3673s, 60ms/it)
  [iter 61500] loss=0.01365 (run 0.01668, 3703s, 60ms/it)
  [iter 62000] loss=0.01774 (run 0.01665, 3732s, 60ms/it)
  [iter 62500] loss=0.01346 (run 0.01662, 3762s, 60ms/it)
[epoch 05/20] loss=0.01662 iters=62500 (3762s)
  [iter 63000] loss=0.01282 (run 0.01615, 3791s, 60ms/it)
  [iter 63500] loss=0.01426 (run 0.01611, 3821s, 60ms/it)
  [iter 64000] loss=0.01634 (run 0.01606, 3851s, 60ms/it)
  [iter 64500] loss=0.01160 (run 0.01604, 3880s, 60ms/it)
  [iter 65000] loss=0.01766 (run 0.01605, 3910s, 60ms/it)
  [iter 65500] loss=0.01484 (run 0.01597, 3940s, 60ms/it)
  [iter 66000] loss=0.01939 (run 0.01595, 3969s, 60ms/it)
  [iter 66500] loss=0.02290 (run 0.01588, 3999s, 60ms/it)
  [iter 67000] loss=0.01291 (run 0.01582, 4028s, 60ms/it)
  [iter 67500] loss=0.01341 (run 0.01583, 4058s, 60ms/it)
  [iter 68000] loss=0.01698 (run 0.01577, 4088s, 60ms/it)
  [iter 68500] loss=0.02161 (run 0.01577, 4118s, 60ms/it)
  [iter 69000] loss=0.01731 (run 0.01578, 4148s, 60ms/it)
  [iter 69500] loss=0.01811 (run 0.01578, 4177s, 60ms/it)
  [iter 70000] loss=0.01693 (run 0.01574, 4207s, 60ms/it)
  [iter 70500] loss=0.01750 (run 0.01572, 4237s, 60ms/it)
  [iter 71000] loss=0.01471 (run 0.01569, 4267s, 60ms/it)
  [iter 71500] loss=0.01069 (run 0.01564, 4297s, 60ms/it)
  [iter 72000] loss=0.01797 (run 0.01562, 4326s, 60ms/it)
  [iter 72500] loss=0.01404 (run 0.01559, 4356s, 60ms/it)
  [iter 73000] loss=0.01397 (run 0.01558, 4386s, 60ms/it)
  [iter 73500] loss=0.01317 (run 0.01556, 4415s, 60ms/it)
  [iter 74000] loss=0.01421 (run 0.01554, 4445s, 60ms/it)
  [iter 74500] loss=0.01107 (run 0.01551, 4474s, 60ms/it)
  [iter 75000] loss=0.01416 (run 0.01551, 4504s, 60ms/it)
[epoch 06/20] loss=0.01551 iters=75000 (4504s)
  [iter 75500] loss=0.01159 (run 0.01480, 4534s, 60ms/it)
  [iter 76000] loss=0.02015 (run 0.01497, 4563s, 60ms/it)
  [iter 76500] loss=0.01263 (run 0.01498, 4593s, 60ms/it)
  [iter 77000] loss=0.01749 (run 0.01494, 4623s, 60ms/it)
  [iter 77500] loss=0.01612 (run 0.01488, 4653s, 60ms/it)
  [iter 78000] loss=0.01043 (run 0.01484, 4683s, 60ms/it)
  [iter 78500] loss=0.01639 (run 0.01488, 4713s, 60ms/it)
  [iter 79000] loss=0.01408 (run 0.01482, 4742s, 60ms/it)
  [iter 79500] loss=0.01435 (run 0.01483, 4772s, 60ms/it)
  [iter 80000] loss=0.01902 (run 0.01479, 4802s, 60ms/it)
  [iter 80500] loss=0.01679 (run 0.01479, 4832s, 60ms/it)
  [iter 81000] loss=0.01112 (run 0.01478, 4861s, 60ms/it)
  [iter 81500] loss=0.01383 (run 0.01477, 4891s, 60ms/it)
  [iter 82000] loss=0.02240 (run 0.01478, 4920s, 60ms/it)
  [iter 82500] loss=0.01240 (run 0.01476, 4950s, 60ms/it)
  [iter 83000] loss=0.01990 (run 0.01474, 4980s, 60ms/it)
  [iter 83500] loss=0.00955 (run 0.01471, 5009s, 60ms/it)
  [iter 84000] loss=0.01716 (run 0.01470, 5039s, 60ms/it)
  [iter 84500] loss=0.01126 (run 0.01469, 5068s, 60ms/it)
  [iter 85000] loss=0.01771 (run 0.01469, 5098s, 60ms/it)
  [iter 85500] loss=0.01338 (run 0.01467, 5128s, 60ms/it)
  [iter 86000] loss=0.01265 (run 0.01465, 5157s, 60ms/it)
  [iter 86500] loss=0.01997 (run 0.01464, 5187s, 60ms/it)
  [iter 87000] loss=0.01690 (run 0.01463, 5217s, 60ms/it)
  [iter 87500] loss=0.01582 (run 0.01461, 5247s, 60ms/it)
[epoch 07/20] loss=0.01461 iters=87500 (5247s)
  [iter 88000] loss=0.01200 (run 0.01418, 5277s, 60ms/it)
  [iter 88500] loss=0.01354 (run 0.01418, 5307s, 60ms/it)
  [iter 89000] loss=0.01197 (run 0.01423, 5337s, 60ms/it)
  [iter 89500] loss=0.01166 (run 0.01423, 5367s, 60ms/it)
  [iter 90000] loss=0.01884 (run 0.01420, 5397s, 60ms/it)
  [iter 90500] loss=0.01611 (run 0.01419, 5427s, 60ms/it)
  [iter 91000] loss=0.01933 (run 0.01418, 5456s, 60ms/it)
  [iter 91500] loss=0.01179 (run 0.01416, 5486s, 60ms/it)
  [iter 92000] loss=0.01794 (run 0.01413, 5516s, 60ms/it)
  [iter 92500] loss=0.01277 (run 0.01412, 5546s, 60ms/it)
  [iter 93000] loss=0.01682 (run 0.01409, 5575s, 60ms/it)
  [iter 93500] loss=0.01009 (run 0.01408, 5605s, 60ms/it)
  [iter 94000] loss=0.01051 (run 0.01407, 5635s, 60ms/it)
  [iter 94500] loss=0.01111 (run 0.01407, 5664s, 60ms/it)
  [iter 95000] loss=0.01508 (run 0.01405, 5694s, 60ms/it)
  [iter 95500] loss=0.00941 (run 0.01403, 5724s, 60ms/it)
  [iter 96000] loss=0.02044 (run 0.01404, 5754s, 60ms/it)
  [iter 96500] loss=0.01681 (run 0.01399, 5784s, 60ms/it)
  [iter 97000] loss=0.01302 (run 0.01398, 5813s, 60ms/it)
  [iter 97500] loss=0.01245 (run 0.01397, 5843s, 60ms/it)
  [iter 98000] loss=0.01632 (run 0.01395, 5873s, 60ms/it)
  [iter 98500] loss=0.00985 (run 0.01392, 5902s, 60ms/it)
  [iter 99000] loss=0.02172 (run 0.01393, 5932s, 60ms/it)
  [iter 99500] loss=0.01850 (run 0.01392, 5962s, 60ms/it)
  [iter 100000] loss=0.00861 (run 0.01390, 5992s, 60ms/it)
[epoch 08/20] loss=0.01390 iters=100000 (5992s)
  [iter 100500] loss=0.01321 (run 0.01361, 6021s, 60ms/it)
  [iter 101000] loss=0.01243 (run 0.01364, 6051s, 60ms/it)
  [iter 101500] loss=0.01963 (run 0.01362, 6081s, 60ms/it)
  [iter 102000] loss=0.01325 (run 0.01354, 6111s, 60ms/it)
  [iter 102500] loss=0.01736 (run 0.01349, 6140s, 60ms/it)
  [iter 103000] loss=0.01216 (run 0.01343, 6170s, 60ms/it)
  [iter 103500] loss=0.01986 (run 0.01344, 6200s, 60ms/it)
  [iter 104000] loss=0.01088 (run 0.01345, 6229s, 60ms/it)
  [iter 104500] loss=0.01200 (run 0.01348, 6259s, 60ms/it)
  [iter 105000] loss=0.01758 (run 0.01347, 6288s, 60ms/it)
  [iter 105500] loss=0.01505 (run 0.01345, 6318s, 60ms/it)
  [iter 106000] loss=0.01045 (run 0.01345, 6347s, 60ms/it)
  [iter 106500] loss=0.01288 (run 0.01342, 6377s, 60ms/it)
  [iter 107000] loss=0.01071 (run 0.01341, 6406s, 60ms/it)
  [iter 107500] loss=0.01238 (run 0.01342, 6435s, 60ms/it)
  [iter 108000] loss=0.00974 (run 0.01341, 6465s, 60ms/it)
  [iter 108500] loss=0.01132 (run 0.01339, 6495s, 60ms/it)
  [iter 109000] loss=0.01094 (run 0.01337, 6524s, 60ms/it)
  [iter 109500] loss=0.01202 (run 0.01338, 6554s, 60ms/it)
  [iter 110000] loss=0.01459 (run 0.01337, 6584s, 60ms/it)
  [iter 110500] loss=0.01259 (run 0.01335, 6613s, 60ms/it)
  [iter 111000] loss=0.01302 (run 0.01335, 6643s, 60ms/it)
  [iter 111500] loss=0.01032 (run 0.01332, 6673s, 60ms/it)
  [iter 112000] loss=0.00817 (run 0.01332, 6703s, 60ms/it)
  [iter 112500] loss=0.01186 (run 0.01330, 6733s, 60ms/it)
[epoch 09/20] loss=0.01330 iters=112500 (6733s)
  [iter 113000] loss=0.01411 (run 0.01327, 6763s, 60ms/it)
  [iter 113500] loss=0.01323 (run 0.01308, 6793s, 60ms/it)
  [iter 114000] loss=0.01038 (run 0.01311, 6823s, 60ms/it)
  [iter 114500] loss=0.01991 (run 0.01300, 6853s, 60ms/it)
  [iter 115000] loss=0.01101 (run 0.01298, 6883s, 60ms/it)
  [iter 115500] loss=0.01133 (run 0.01293, 6912s, 60ms/it)
  [iter 116000] loss=0.01717 (run 0.01294, 6942s, 60ms/it)
  [iter 116500] loss=0.01561 (run 0.01293, 6972s, 60ms/it)
  [iter 117000] loss=0.01207 (run 0.01289, 7002s, 60ms/it)
  [iter 117500] loss=0.01288 (run 0.01289, 7031s, 60ms/it)
  [iter 118000] loss=0.01183 (run 0.01287, 7061s, 60ms/it)
  [iter 118500] loss=0.00966 (run 0.01286, 7091s, 60ms/it)
  [iter 119000] loss=0.01103 (run 0.01284, 7121s, 60ms/it)
  [iter 119500] loss=0.00941 (run 0.01284, 7151s, 60ms/it)
  [iter 120000] loss=0.01697 (run 0.01281, 7181s, 60ms/it)
  [iter 120500] loss=0.01161 (run 0.01278, 7211s, 60ms/it)
  [iter 121000] loss=0.01267 (run 0.01276, 7241s, 60ms/it)
  [iter 121500] loss=0.01074 (run 0.01276, 7271s, 60ms/it)
  [iter 122000] loss=0.01105 (run 0.01277, 7301s, 60ms/it)
  [iter 122500] loss=0.00995 (run 0.01274, 7330s, 60ms/it)
  [iter 123000] loss=0.01225 (run 0.01274, 7360s, 60ms/it)
  [iter 123500] loss=0.01392 (run 0.01273, 7390s, 60ms/it)
  [iter 124000] loss=0.01787 (run 0.01272, 7420s, 60ms/it)
  [iter 124500] loss=0.01196 (run 0.01270, 7449s, 60ms/it)
  [iter 125000] loss=0.01320 (run 0.01269, 7479s, 60ms/it)
[epoch 10/20] loss=0.01269 iters=125000 (7479s)
  [iter 125500] loss=0.01017 (run 0.01214, 7508s, 60ms/it)
  [iter 126000] loss=0.01041 (run 0.01220, 7538s, 60ms/it)
  [iter 126500] loss=0.01032 (run 0.01224, 7568s, 60ms/it)
  [iter 127000] loss=0.00945 (run 0.01221, 7597s, 60ms/it)
  [iter 127500] loss=0.01437 (run 0.01226, 7627s, 60ms/it)
  [iter 128000] loss=0.01497 (run 0.01229, 7657s, 60ms/it)
  [iter 128500] loss=0.01255 (run 0.01228, 7687s, 60ms/it)
  [iter 129000] loss=0.01033 (run 0.01227, 7717s, 60ms/it)
  [iter 129500] loss=0.00901 (run 0.01226, 7747s, 60ms/it)
  [iter 130000] loss=0.01337 (run 0.01225, 7778s, 60ms/it)
  [iter 130500] loss=0.01305 (run 0.01225, 7808s, 60ms/it)
  [iter 131000] loss=0.01810 (run 0.01225, 7837s, 60ms/it)
  [iter 131500] loss=0.00964 (run 0.01225, 7867s, 60ms/it)
  [iter 132000] loss=0.00808 (run 0.01224, 7897s, 60ms/it)
  [iter 132500] loss=0.01161 (run 0.01223, 7927s, 60ms/it)
  [iter 133000] loss=0.00986 (run 0.01222, 7957s, 60ms/it)
  [iter 133500] loss=0.01780 (run 0.01222, 7987s, 60ms/it)
  [iter 134000] loss=0.01169 (run 0.01221, 8017s, 60ms/it)
  [iter 134500] loss=0.01262 (run 0.01220, 8047s, 60ms/it)
  [iter 135000] loss=0.01029 (run 0.01220, 8077s, 60ms/it)
  [iter 135500] loss=0.01591 (run 0.01220, 8107s, 60ms/it)
  [iter 136000] loss=0.01125 (run 0.01219, 8136s, 60ms/it)
  [iter 136500] loss=0.00940 (run 0.01217, 8166s, 60ms/it)
  [iter 137000] loss=0.01122 (run 0.01217, 8196s, 60ms/it)
  [iter 137500] loss=0.00960 (run 0.01216, 8225s, 60ms/it)
[epoch 11/20] loss=0.01216 iters=137500 (8225s)
  [iter 138000] loss=0.01062 (run 0.01189, 8255s, 60ms/it)
  [iter 138500] loss=0.01879 (run 0.01175, 8285s, 60ms/it)
  [iter 139000] loss=0.01251 (run 0.01180, 8315s, 60ms/it)
  [iter 139500] loss=0.00933 (run 0.01176, 8345s, 60ms/it)
  [iter 140000] loss=0.01105 (run 0.01177, 8375s, 60ms/it)
  [iter 140500] loss=0.01128 (run 0.01179, 8405s, 60ms/it)
  [iter 141000] loss=0.01238 (run 0.01177, 8436s, 60ms/it)
  [iter 141500] loss=0.01002 (run 0.01177, 8466s, 60ms/it)
  [iter 142000] loss=0.02003 (run 0.01178, 8496s, 60ms/it)
  [iter 142500] loss=0.01046 (run 0.01176, 8526s, 60ms/it)
  [iter 143000] loss=0.00883 (run 0.01175, 8556s, 60ms/it)
  [iter 143500] loss=0.00800 (run 0.01172, 8586s, 60ms/it)
  [iter 144000] loss=0.01121 (run 0.01174, 8616s, 60ms/it)
  [iter 144500] loss=0.01637 (run 0.01171, 8646s, 60ms/it)
  [iter 145000] loss=0.00957 (run 0.01171, 8676s, 60ms/it)
  [iter 145500] loss=0.01312 (run 0.01171, 8706s, 60ms/it)
  [iter 146000] loss=0.00949 (run 0.01171, 8736s, 60ms/it)
  [iter 146500] loss=0.00966 (run 0.01170, 8766s, 60ms/it)
  [iter 147000] loss=0.01277 (run 0.01169, 8796s, 60ms/it)
  [iter 147500] loss=0.00969 (run 0.01169, 8825s, 60ms/it)
  [iter 148000] loss=0.00947 (run 0.01168, 8855s, 60ms/it)
  [iter 148500] loss=0.01869 (run 0.01166, 8885s, 60ms/it)
  [iter 149000] loss=0.01383 (run 0.01166, 8915s, 60ms/it)
  [iter 149500] loss=0.00928 (run 0.01165, 8945s, 60ms/it)
  [iter 150000] loss=0.00909 (run 0.01164, 8975s, 60ms/it)
[epoch 12/20] loss=0.01164 iters=150000 (8975s)
  [iter 150500] loss=0.01558 (run 0.01159, 9005s, 60ms/it)
  [iter 151000] loss=0.01049 (run 0.01157, 9039s, 60ms/it)
  [iter 151500] loss=0.01354 (run 0.01151, 9069s, 60ms/it)
  [iter 152000] loss=0.01147 (run 0.01144, 9099s, 60ms/it)
  [iter 152500] loss=0.01050 (run 0.01141, 9128s, 60ms/it)
  [iter 153000] loss=0.00974 (run 0.01146, 9158s, 60ms/it)
  [iter 153500] loss=0.01081 (run 0.01139, 9187s, 60ms/it)
  [iter 154000] loss=0.01733 (run 0.01140, 9217s, 60ms/it)
  [iter 154500] loss=0.00878 (run 0.01138, 9246s, 60ms/it)
  [iter 155000] loss=0.01253 (run 0.01139, 9275s, 60ms/it)
  [iter 155500] loss=0.00967 (run 0.01135, 9305s, 60ms/it)
  [iter 156000] loss=0.01255 (run 0.01134, 9334s, 60ms/it)
  [iter 156500] loss=0.01413 (run 0.01135, 9364s, 60ms/it)
  [iter 157000] loss=0.01591 (run 0.01134, 9394s, 60ms/it)
  [iter 157500] loss=0.01830 (run 0.01133, 9423s, 60ms/it)
  [iter 158000] loss=0.01106 (run 0.01133, 9453s, 60ms/it)
  [iter 158500] loss=0.00937 (run 0.01131, 9483s, 60ms/it)
  [iter 159000] loss=0.01163 (run 0.01131, 9512s, 60ms/it)
  [iter 159500] loss=0.01100 (run 0.01130, 9542s, 60ms/it)
  [iter 160000] loss=0.00951 (run 0.01129, 9571s, 60ms/it)
  [iter 160500] loss=0.01095 (run 0.01128, 9601s, 60ms/it)
  [iter 161000] loss=0.01111 (run 0.01127, 9631s, 60ms/it)
  [iter 161500] loss=0.01207 (run 0.01125, 9660s, 60ms/it)
  [iter 162000] loss=0.00988 (run 0.01124, 9690s, 60ms/it)
  [iter 162500] loss=0.01086 (run 0.01124, 9719s, 60ms/it)
[epoch 13/20] loss=0.01124 iters=162500 (9719s)
  [iter 163000] loss=0.00959 (run 0.01093, 9748s, 60ms/it)
  [iter 163500] loss=0.01098 (run 0.01090, 9778s, 60ms/it)
  [iter 164000] loss=0.01489 (run 0.01096, 9808s, 60ms/it)
  [iter 164500] loss=0.00927 (run 0.01093, 9837s, 60ms/it)
  [iter 165000] loss=0.00943 (run 0.01091, 9867s, 60ms/it)
  [iter 165500] loss=0.01190 (run 0.01091, 9896s, 60ms/it)
  [iter 166000] loss=0.01267 (run 0.01087, 9926s, 60ms/it)
  [iter 166500] loss=0.01335 (run 0.01088, 9956s, 60ms/it)
  [iter 167000] loss=0.01065 (run 0.01088, 9985s, 60ms/it)
  [iter 167500] loss=0.01463 (run 0.01085, 10014s, 60ms/it)
  [iter 168000] loss=0.01202 (run 0.01084, 10044s, 60ms/it)
  [iter 168500] loss=0.00856 (run 0.01084, 10073s, 60ms/it)
  [iter 169000] loss=0.01205 (run 0.01083, 10103s, 60ms/it)
  [iter 169500] loss=0.00891 (run 0.01083, 10132s, 60ms/it)
  [iter 170000] loss=0.01014 (run 0.01083, 10162s, 60ms/it)
  [iter 170500] loss=0.01652 (run 0.01081, 10192s, 60ms/it)
  [iter 171000] loss=0.01423 (run 0.01081, 10221s, 60ms/it)
  [iter 171500] loss=0.01113 (run 0.01079, 10250s, 60ms/it)
  [iter 172000] loss=0.01096 (run 0.01079, 10280s, 60ms/it)
  [iter 172500] loss=0.00971 (run 0.01079, 10309s, 60ms/it)
  [iter 173000] loss=0.00869 (run 0.01078, 10338s, 60ms/it)
  [iter 173500] loss=0.01082 (run 0.01078, 10368s, 60ms/it)
  [iter 174000] loss=0.01712 (run 0.01077, 10397s, 60ms/it)
  [iter 174500] loss=0.01155 (run 0.01077, 10427s, 60ms/it)
  [iter 175000] loss=0.01563 (run 0.01077, 10457s, 60ms/it)
[epoch 14/20] loss=0.01077 iters=175000 (10457s)
  [iter 175500] loss=0.01372 (run 0.01074, 10487s, 60ms/it)
  [iter 176000] loss=0.01344 (run 0.01063, 10516s, 60ms/it)
  [iter 176500] loss=0.01020 (run 0.01057, 10546s, 60ms/it)
  [iter 177000] loss=0.01338 (run 0.01052, 10576s, 60ms/it)
  [iter 177500] loss=0.01040 (run 0.01053, 10606s, 60ms/it)
  [iter 178000] loss=0.01176 (run 0.01054, 10636s, 60ms/it)
  [iter 178500] loss=0.01353 (run 0.01053, 10665s, 60ms/it)
  [iter 179000] loss=0.01027 (run 0.01052, 10695s, 60ms/it)
  [iter 179500] loss=0.01086 (run 0.01053, 10725s, 60ms/it)
  [iter 180000] loss=0.00971 (run 0.01049, 10754s, 60ms/it)
  [iter 180500] loss=0.00924 (run 0.01049, 10785s, 60ms/it)
  [iter 181000] loss=0.00852 (run 0.01048, 10815s, 60ms/it)
  [iter 181500] loss=0.01749 (run 0.01049, 10844s, 60ms/it)
  [iter 182000] loss=0.01162 (run 0.01050, 10874s, 60ms/it)
  [iter 182500] loss=0.01320 (run 0.01048, 10905s, 60ms/it)
  [iter 183000] loss=0.00915 (run 0.01048, 10934s, 60ms/it)
  [iter 183500] loss=0.01168 (run 0.01048, 10964s, 60ms/it)
  [iter 184000] loss=0.00988 (run 0.01046, 10994s, 60ms/it)
  [iter 184500] loss=0.01124 (run 0.01046, 11024s, 60ms/it)
  [iter 185000] loss=0.00930 (run 0.01045, 11054s, 60ms/it)
  [iter 185500] loss=0.01290 (run 0.01045, 11084s, 60ms/it)
  [iter 186000] loss=0.01132 (run 0.01043, 11113s, 60ms/it)
  [iter 186500] loss=0.01299 (run 0.01043, 11143s, 60ms/it)
  [iter 187000] loss=0.00941 (run 0.01042, 11173s, 60ms/it)
  [iter 187500] loss=0.01082 (run 0.01042, 11203s, 60ms/it)
[epoch 15/20] loss=0.01042 iters=187500 (11203s)
  [iter 188000] loss=0.01457 (run 0.01033, 11233s, 60ms/it)
  [iter 188500] loss=0.01075 (run 0.01028, 11262s, 60ms/it)
  [iter 189000] loss=0.01088 (run 0.01026, 11292s, 60ms/it)
  [iter 189500] loss=0.00879 (run 0.01028, 11322s, 60ms/it)
  [iter 190000] loss=0.01413 (run 0.01027, 11351s, 60ms/it)
  [iter 190500] loss=0.01407 (run 0.01028, 11381s, 60ms/it)
  [iter 191000] loss=0.00891 (run 0.01026, 11411s, 60ms/it)
  [iter 191500] loss=0.00785 (run 0.01026, 11441s, 60ms/it)
  [iter 192000] loss=0.00901 (run 0.01025, 11471s, 60ms/it)
  [iter 192500] loss=0.01156 (run 0.01023, 11500s, 60ms/it)
  [iter 193000] loss=0.00841 (run 0.01022, 11530s, 60ms/it)
  [iter 193500] loss=0.00854 (run 0.01023, 11560s, 60ms/it)
  [iter 194000] loss=0.00928 (run 0.01021, 11590s, 60ms/it)
  [iter 194500] loss=0.00901 (run 0.01020, 11620s, 60ms/it)
  [iter 195000] loss=0.01441 (run 0.01020, 11649s, 60ms/it)
  [iter 195500] loss=0.00883 (run 0.01019, 11679s, 60ms/it)
  [iter 196000] loss=0.00983 (run 0.01018, 11709s, 60ms/it)
  [iter 196500] loss=0.00890 (run 0.01018, 11739s, 60ms/it)
  [iter 197000] loss=0.00993 (run 0.01017, 11769s, 60ms/it)
  [iter 197500] loss=0.00993 (run 0.01016, 11799s, 60ms/it)
  [iter 198000] loss=0.01121 (run 0.01015, 11829s, 60ms/it)
  [iter 198500] loss=0.00876 (run 0.01014, 11858s, 60ms/it)
  [iter 199000] loss=0.00989 (run 0.01014, 11888s, 60ms/it)
  [iter 199500] loss=0.00971 (run 0.01013, 11918s, 60ms/it)
  [iter 200000] loss=0.00962 (run 0.01013, 11948s, 60ms/it)
[epoch 16/20] loss=0.01013 iters=200000 (11948s)
  [iter 200500] loss=0.00965 (run 0.00994, 11978s, 60ms/it)
  [iter 201000] loss=0.01056 (run 0.00991, 12008s, 60ms/it)
  [iter 201500] loss=0.01047 (run 0.00995, 12038s, 60ms/it)
  [iter 202000] loss=0.00940 (run 0.00995, 12068s, 60ms/it)
  [iter 202500] loss=0.00713 (run 0.00992, 12098s, 60ms/it)
  [iter 203000] loss=0.00998 (run 0.00992, 12128s, 60ms/it)
  [iter 203500] loss=0.00938 (run 0.00992, 12158s, 60ms/it)
  [iter 204000] loss=0.01020 (run 0.00991, 12187s, 60ms/it)
  [iter 204500] loss=0.01155 (run 0.00992, 12217s, 60ms/it)
  [iter 205000] loss=0.00942 (run 0.00992, 12247s, 60ms/it)
  [iter 205500] loss=0.00969 (run 0.00992, 12277s, 60ms/it)
  [iter 206000] loss=0.01000 (run 0.00991, 12307s, 60ms/it)
  [iter 206500] loss=0.01101 (run 0.00992, 12337s, 60ms/it)
  [iter 207000] loss=0.00805 (run 0.00991, 12366s, 60ms/it)
  [iter 207500] loss=0.01025 (run 0.00991, 12396s, 60ms/it)
  [iter 208000] loss=0.00919 (run 0.00991, 12426s, 60ms/it)
  [iter 208500] loss=0.01169 (run 0.00991, 12456s, 60ms/it)
  [iter 209000] loss=0.00992 (run 0.00991, 12486s, 60ms/it)
  [iter 209500] loss=0.00810 (run 0.00991, 12516s, 60ms/it)
  [iter 210000] loss=0.01074 (run 0.00991, 12545s, 60ms/it)
  [iter 210500] loss=0.00881 (run 0.00991, 12575s, 60ms/it)
  [iter 211000] loss=0.00998 (run 0.00990, 12605s, 60ms/it)
  [iter 211500] loss=0.01108 (run 0.00989, 12634s, 60ms/it)
  [iter 212000] loss=0.01175 (run 0.00988, 12664s, 60ms/it)
  [iter 212500] loss=0.00901 (run 0.00988, 12693s, 60ms/it)
[epoch 17/20] loss=0.00988 iters=212500 (12693s)
  [iter 213000] loss=0.00850 (run 0.00979, 12723s, 60ms/it)
  [iter 213500] loss=0.00885 (run 0.00974, 12752s, 60ms/it)
  [iter 214000] loss=0.01081 (run 0.00978, 12781s, 60ms/it)
  [iter 214500] loss=0.01092 (run 0.00977, 12811s, 60ms/it)
  [iter 215000] loss=0.00904 (run 0.00977, 12841s, 60ms/it)
  [iter 215500] loss=0.01073 (run 0.00978, 12871s, 60ms/it)
  [iter 216000] loss=0.01008 (run 0.00979, 12901s, 60ms/it)
  [iter 216500] loss=0.01045 (run 0.00979, 12931s, 60ms/it)
  [iter 217000] loss=0.01052 (run 0.00979, 12961s, 60ms/it)
  [iter 217500] loss=0.00842 (run 0.00979, 12991s, 60ms/it)
  [iter 218000] loss=0.01162 (run 0.00979, 13021s, 60ms/it)
  [iter 218500] loss=0.00882 (run 0.00978, 13050s, 60ms/it)
  [iter 219000] loss=0.01031 (run 0.00978, 13080s, 60ms/it)
  [iter 219500] loss=0.00810 (run 0.00978, 13110s, 60ms/it)
  [iter 220000] loss=0.00919 (run 0.00977, 13140s, 60ms/it)
  [iter 220500] loss=0.01033 (run 0.00976, 13169s, 60ms/it)
  [iter 221000] loss=0.00873 (run 0.00976, 13199s, 60ms/it)
  [iter 221500] loss=0.00994 (run 0.00975, 13229s, 60ms/it)
  [iter 222000] loss=0.01064 (run 0.00975, 13259s, 60ms/it)
  [iter 222500] loss=0.01533 (run 0.00976, 13288s, 60ms/it)
  [iter 223000] loss=0.01242 (run 0.00975, 13318s, 60ms/it)
  [iter 223500] loss=0.00886 (run 0.00975, 13347s, 60ms/it)
  [iter 224000] loss=0.00655 (run 0.00974, 13377s, 60ms/it)
  [iter 224500] loss=0.00779 (run 0.00974, 13406s, 60ms/it)
  [iter 225000] loss=0.00853 (run 0.00974, 13437s, 60ms/it)
[epoch 18/20] loss=0.00974 iters=225000 (13437s)
  [iter 225500] loss=0.00954 (run 0.00956, 13466s, 60ms/it)
  [iter 226000] loss=0.00855 (run 0.00964, 13496s, 60ms/it)
  [iter 226500] loss=0.01034 (run 0.00966, 13526s, 60ms/it)
  [iter 227000] loss=0.00853 (run 0.00965, 13556s, 60ms/it)
  [iter 227500] loss=0.00891 (run 0.00964, 13585s, 60ms/it)
  [iter 228000] loss=0.01067 (run 0.00964, 13615s, 60ms/it)
  [iter 228500] loss=0.01262 (run 0.00963, 13645s, 60ms/it)
  [iter 229000] loss=0.00822 (run 0.00964, 13675s, 60ms/it)
  [iter 229500] loss=0.01279 (run 0.00964, 13704s, 60ms/it)
  [iter 230000] loss=0.01176 (run 0.00964, 13734s, 60ms/it)
  [iter 230500] loss=0.00880 (run 0.00964, 13764s, 60ms/it)
  [iter 231000] loss=0.00906 (run 0.00964, 13794s, 60ms/it)
  [iter 231500] loss=0.00963 (run 0.00965, 13824s, 60ms/it)
  [iter 232000] loss=0.00818 (run 0.00965, 13853s, 60ms/it)
  [iter 232500] loss=0.00825 (run 0.00965, 13883s, 60ms/it)
  [iter 233000] loss=0.00944 (run 0.00964, 13913s, 60ms/it)
  [iter 233500] loss=0.00988 (run 0.00964, 13943s, 60ms/it)
  [iter 234000] loss=0.00881 (run 0.00963, 13973s, 60ms/it)
  [iter 234500] loss=0.00877 (run 0.00963, 14003s, 60ms/it)
  [iter 235000] loss=0.00746 (run 0.00962, 14033s, 60ms/it)
  [iter 235500] loss=0.01007 (run 0.00962, 14063s, 60ms/it)
  [iter 236000] loss=0.01103 (run 0.00962, 14093s, 60ms/it)
  [iter 236500] loss=0.00744 (run 0.00962, 14122s, 60ms/it)
  [iter 237000] loss=0.00886 (run 0.00962, 14152s, 60ms/it)
  [iter 237500] loss=0.00961 (run 0.00963, 14182s, 60ms/it)
[epoch 19/20] loss=0.00963 iters=237500 (14182s)
  [iter 238000] loss=0.00898 (run 0.00952, 14212s, 60ms/it)
  [iter 238500] loss=0.00778 (run 0.00962, 14242s, 60ms/it)
  [iter 239000] loss=0.01154 (run 0.00961, 14272s, 60ms/it)
  [iter 239500] loss=0.00846 (run 0.00961, 14302s, 60ms/it)
  [iter 240000] loss=0.01151 (run 0.00961, 14331s, 60ms/it)
  [iter 240500] loss=0.00740 (run 0.00960, 14361s, 60ms/it)
  [iter 241000] loss=0.01005 (run 0.00958, 14391s, 60ms/it)
  [iter 241500] loss=0.01098 (run 0.00959, 14421s, 60ms/it)
  [iter 242000] loss=0.01023 (run 0.00959, 14450s, 60ms/it)
  [iter 242500] loss=0.01046 (run 0.00959, 14480s, 60ms/it)
  [iter 243000] loss=0.01010 (run 0.00959, 14510s, 60ms/it)
  [iter 243500] loss=0.01021 (run 0.00958, 14540s, 60ms/it)
  [iter 244000] loss=0.00934 (run 0.00958, 14570s, 60ms/it)
  [iter 244500] loss=0.01088 (run 0.00958, 14600s, 60ms/it)
  [iter 245000] loss=0.00807 (run 0.00958, 14630s, 60ms/it)
  [iter 245500] loss=0.01069 (run 0.00959, 14659s, 60ms/it)
  [iter 246000] loss=0.00967 (run 0.00958, 14689s, 60ms/it)
  [iter 246500] loss=0.00860 (run 0.00958, 14719s, 60ms/it)
  [iter 247000] loss=0.00854 (run 0.00958, 14748s, 60ms/it)
  [iter 247500] loss=0.00963 (run 0.00958, 14778s, 60ms/it)
  [iter 248000] loss=0.00886 (run 0.00958, 14808s, 60ms/it)
  [iter 248500] loss=0.00888 (run 0.00958, 14838s, 60ms/it)
  [iter 249000] loss=0.00932 (run 0.00957, 14868s, 60ms/it)
  [iter 249500] loss=0.01013 (run 0.00957, 14898s, 60ms/it)
  [iter 250000] loss=0.01016 (run 0.00957, 14928s, 60ms/it)
[epoch 20/20] loss=0.00957 iters=250000 (14928s)
[save] gdm_reacher_s10_goalfree.pt  (213.4 MB)
[done] 14929s; 250000 iters over 20 epochs
