/lustre/home/ha676/le-wm/.venv/lib/python3.11/site-packages/stable_worldmodel/envs/__init__.py:215: UserWarning: ale-py not found; ALE/* envs are unavailable. Install with: pip install 'stable-worldmodel[env]' or pip install ale-py.
  from stable_worldmodel.envs import ale  # noqa: F401
[model] frozen LeWM (18.03M), device=cuda, training=False, subgoal=specaccept
[gdm] planner from gdm_reacher_s10.pt: head=53.44M, N=3 WG=1 goal_cond=True T=1000 sampler=ddim/8-steps param=eps schedule=linear norm=standardize
11:07:46 | INFO  | atomic_chec~| [atomic_save] installed crash-safe checkpoint plugin (write to sibling .tmp + fsync + atomic rename)
[episodes-file] reacher_gate.ep150.t6.json: 128 precomputed pairs (built for max_offset=150, seed=42, episode_min=8000) -- sampling bypassed; running at goal_offset=150
[eval] start=random num_eval=128 goal_offset=150 budget=300 qpos_threshold=0.05 rad/joint
[eval] episodes_idx[:5]=[8014, 8074, 8087, 8127, 8135] start_steps[:5]=[36, 26, 27, 26, 37]
11:07:46 | INFO  | __init__.py | MUJOCO_GL=egl, attempting to import specified OpenGL backend.
11:07:46 | INFO  | __init__.py | No OpenGL_accelerate module loaded: No module named 'OpenGL_accelerate'
11:07:46 | INFO  | __init__.py | MuJoCo library version is: 3.10.0
/lustre/home/ha676/le-wm/.venv/lib/python3.11/site-packages/gymnasium/envs/registration.py:729: UserWarning: [33mWARN: The environment is being initialised with render_mode='rgb_array' that is not in the possible render_modes ([]).[0m
  logger.warn(
CEM solve time: 27.9921 seconds
CEM solve time: 26.0642 seconds
CEM solve time: 20.8815 seconds
CEM solve time: 14.8643 seconds
CEM solve time: 11.8546 seconds
CEM solve time: 10.3443 seconds
CEM solve time: 9.4835 seconds
CEM solve time: 8.4073 seconds
CEM solve time: 8.1929 seconds
CEM solve time: 7.9775 seconds
CEM solve time: 7.7634 seconds
CEM solve time: 7.5483 seconds
CEM solve time: 7.3325 seconds
CEM solve time: 6.6871 seconds
CEM solve time: 6.6871 seconds
CEM solve time: 6.4711 seconds
CEM solve time: 6.4719 seconds
CEM solve time: 6.2537 seconds
CEM solve time: 6.2526 seconds
CEM solve time: 6.2507 seconds
CEM solve time: 6.2505 seconds
CEM solve time: 6.2512 seconds
CEM solve time: 6.2501 seconds
CEM solve time: 6.0334 seconds
CEM solve time: 6.0363 seconds
CEM solve time: 6.0377 seconds
CEM solve time: 5.3882 seconds
CEM solve time: 5.3855 seconds
CEM solve time: 5.3869 seconds
CEM solve time: 5.3863 seconds
[specaccept] tau=0.2 gdm_steps=8 goal_gate=True re-drafts=628 advances=165 rejects=304 gate_serves=785 call_ratio=0.792 call_ratio_all=0.398 (every-step=1.000; lower = fewer diffusion calls)
[traces] saved runs/reacher/traces_gate_t150_seed42.pt

==== FF-JEPA eval summary (Reacher qpos_match) ====
subgoal=specaccept num_eval=128 goal_offset=150 budget=300 seed=42 cem_seed=42 S=10
  SR = 81.25%  (104/128)
