=== goal-gate t25 native seed=42 ===
/lustre/home/ha676/le-wm/.venv/lib/python3.11/site-packages/stable_worldmodel/envs/__init__.py:215: UserWarning: ale-py not found; ALE/* envs are unavailable. Install with: pip install 'stable-worldmodel[env]' or pip install ale-py.
  from stable_worldmodel.envs import ale  # noqa: F401
[model] frozen LeWM (18.03M), device=cuda, training=False, subgoal=specaccept
[gdm] planner from gdm_reacher_s10.pt: head=53.44M, N=3 WG=1 goal_cond=True T=1000 sampler=ddim/8-steps param=eps schedule=linear norm=standardize
11:09:03 | INFO  | atomic_chec~| [atomic_save] installed crash-safe checkpoint plugin (write to sibling .tmp + fsync + atomic rename)
[holdout] eval restricted to episodes [8000, 10000) (2000/10000 eligible)
[eval] start=random num_eval=128 goal_offset=25 budget=50 qpos_threshold=0.05 rad/joint
[eval] episodes_idx[:5]=[8014, 8074, 8087, 8127, 8135] start_steps[:5]=[127, 91, 103, 105, 142]
11:09:07 | INFO  | __init__.py | MUJOCO_GL=egl, attempting to import specified OpenGL backend.
11:09:07 | INFO  | __init__.py | No OpenGL_accelerate module loaded: No module named 'OpenGL_accelerate'
11:09:07 | INFO  | __init__.py | MuJoCo library version is: 3.10.0
/lustre/home/ha676/le-wm/.venv/lib/python3.11/site-packages/gymnasium/envs/registration.py:729: UserWarning: [33mWARN: The environment is being initialised with render_mode='rgb_array' that is not in the possible render_modes ([]).[0m
  logger.warn(
CEM solve time: 27.7554 seconds
CEM solve time: 23.8057 seconds
CEM solve time: 15.6417 seconds
CEM solve time: 8.9995 seconds
CEM solve time: 4.5022 seconds
[specaccept] tau=0.2 gdm_steps=8 goal_gate=True re-drafts=264 advances=44 rejects=125 gate_serves=137 call_ratio=0.857 call_ratio_all=0.593 (every-step=1.000; lower = fewer diffusion calls)
[traces] saved runs/reacher/traces_gate_t25_seed42.pt

==== FF-JEPA eval summary (Reacher qpos_match) ====
subgoal=specaccept num_eval=128 goal_offset=25 budget=50 seed=42 cem_seed=42 S=10
  SR = 90.62%  (116/128)
