wrote reacher_slong.ep150.t0.json: 128 pairs (episodes >= 8000, start <= ep_len-1-150), sample [[8014, 36], [8074, 26], [8087, 27]]
=== scale-at-horizon: S=5 RH=1 t=100 seed=42 (2t budget) ===
/lustre/home/ha676/le-wm/.venv/lib/python3.11/site-packages/stable_worldmodel/envs/__init__.py:215: UserWarning: ale-py not found; ALE/* envs are unavailable. Install with: pip install 'stable-worldmodel[env]' or pip install ale-py.
  from stable_worldmodel.envs import ale  # noqa: F401
[model] frozen LeWM (18.03M), device=cuda, training=False, subgoal=gdm
[gdm] planner from gdm_reacher_s5.pt: head=53.44M, N=3 WG=1 goal_cond=True T=1000 sampler=ddim/50-steps param=eps schedule=linear norm=standardize
18:48:41 | INFO  | atomic_chec~| [atomic_save] installed crash-safe checkpoint plugin (write to sibling .tmp + fsync + atomic rename)
[episodes-file] reacher_slong.ep150.t0.json: 128 precomputed pairs (built for max_offset=150, seed=42, episode_min=8000) -- sampling bypassed; running at goal_offset=100
[eval] start=random num_eval=128 goal_offset=100 budget=200 qpos_threshold=0.05 rad/joint
[eval] episodes_idx[:5]=[8014, 8074, 8087, 8127, 8135] start_steps[:5]=[36, 26, 27, 26, 37]
18:48:42 | INFO  | __init__.py | MUJOCO_GL=egl, attempting to import specified OpenGL backend.
18:48:42 | INFO  | __init__.py | No OpenGL_accelerate module loaded: No module named 'OpenGL_accelerate'
18:48:42 | INFO  | __init__.py | MuJoCo library version is: 3.10.0
/lustre/home/ha676/le-wm/.venv/lib/python3.11/site-packages/gymnasium/envs/registration.py:729: UserWarning: [33mWARN: The environment is being initialised with render_mode='rgb_array' that is not in the possible render_modes ([]).[0m
  logger.warn(
CEM solve time: 13.7776 seconds
CEM solve time: 13.5062 seconds
CEM solve time: 12.6559 seconds
CEM solve time: 12.2391 seconds
CEM solve time: 11.8060 seconds
CEM solve time: 11.4841 seconds
CEM solve time: 10.7492 seconds
CEM solve time: 10.3196 seconds
CEM solve time: 9.6875 seconds
CEM solve time: 8.8345 seconds
CEM solve time: 8.4091 seconds
CEM solve time: 7.9801 seconds
CEM solve time: 7.3443 seconds
CEM solve time: 6.8107 seconds
CEM solve time: 6.2786 seconds
CEM solve time: 5.8553 seconds
CEM solve time: 5.4315 seconds
CEM solve time: 4.6848 seconds
CEM solve time: 4.4730 seconds
CEM solve time: 4.2610 seconds
CEM solve time: 3.8341 seconds
CEM solve time: 3.7297 seconds
CEM solve time: 3.0909 seconds
CEM solve time: 2.9821 seconds
CEM solve time: 2.8760 seconds
CEM solve time: 2.6654 seconds
CEM solve time: 2.3457 seconds
CEM solve time: 2.2381 seconds
CEM solve time: 1.9192 seconds
CEM solve time: 1.9212 seconds
CEM solve time: 1.8135 seconds
CEM solve time: 1.8140 seconds
CEM solve time: 1.4929 seconds
CEM solve time: 1.3863 seconds
CEM solve time: 1.3863 seconds
CEM solve time: 1.2798 seconds
CEM solve time: 1.1736 seconds
CEM solve time: 1.1729 seconds
CEM solve time: 1.1732 seconds
CEM solve time: 1.1734 seconds

==== FF-JEPA eval summary (Reacher qpos_match) ====
subgoal=gdm num_eval=128 goal_offset=100 budget=200 seed=42 cem_seed=42 S=5
  SR = 92.19%  (118/128)
