=== goal-gate t100 (max-offset-100 pop) seed=43 ===
wrote reacher_gate.ep100.t5.json: 128 pairs (episodes >= 8000, start <= ep_len-1-100), sample [[8014, 73], [8074, 52], [8087, 58]]
/lustre/home/ha676/le-wm/.venv/lib/python3.11/site-packages/stable_worldmodel/envs/__init__.py:215: UserWarning: ale-py not found; ALE/* envs are unavailable. Install with: pip install 'stable-worldmodel[env]' or pip install ale-py.
  from stable_worldmodel.envs import ale  # noqa: F401
[model] frozen LeWM (18.03M), device=cuda, training=False, subgoal=specaccept
[gdm] planner from gdm_reacher_s10.pt: head=53.44M, N=3 WG=1 goal_cond=True T=1000 sampler=ddim/8-steps param=eps schedule=linear norm=standardize
11:09:03 | INFO  | atomic_chec~| [atomic_save] installed crash-safe checkpoint plugin (write to sibling .tmp + fsync + atomic rename)
[episodes-file] reacher_gate.ep100.t5.json: 128 precomputed pairs (built for max_offset=100, seed=42, episode_min=8000) -- sampling bypassed; running at goal_offset=100
[eval] start=random num_eval=128 goal_offset=100 budget=200 qpos_threshold=0.05 rad/joint
[eval] episodes_idx[:5]=[8014, 8074, 8087, 8127, 8135] start_steps[:5]=[73, 52, 58, 58, 79]
11:09:04 | INFO  | __init__.py | MUJOCO_GL=egl, attempting to import specified OpenGL backend.
11:09:04 | INFO  | __init__.py | No OpenGL_accelerate module loaded: No module named 'OpenGL_accelerate'
11:09:04 | INFO  | __init__.py | MuJoCo library version is: 3.10.0
/lustre/home/ha676/le-wm/.venv/lib/python3.11/site-packages/gymnasium/envs/registration.py:729: UserWarning: [33mWARN: The environment is being initialised with render_mode='rgb_array' that is not in the possible render_modes ([]).[0m
  logger.warn(
CEM solve time: 27.7742 seconds
CEM solve time: 25.2567 seconds
CEM solve time: 18.8663 seconds
CEM solve time: 13.7291 seconds
CEM solve time: 10.5051 seconds
CEM solve time: 8.5760 seconds
CEM solve time: 7.5088 seconds
CEM solve time: 7.0749 seconds
CEM solve time: 6.6411 seconds
CEM solve time: 5.7868 seconds
CEM solve time: 5.7851 seconds
CEM solve time: 5.5714 seconds
CEM solve time: 5.1439 seconds
CEM solve time: 5.1438 seconds
CEM solve time: 4.7126 seconds
CEM solve time: 4.7143 seconds
CEM solve time: 4.7149 seconds
CEM solve time: 4.5004 seconds
CEM solve time: 4.5001 seconds
CEM solve time: 4.5003 seconds
[specaccept] tau=0.2 gdm_steps=8 goal_gate=True re-drafts=434 advances=105 rejects=196 gate_serves=508 call_ratio=0.805 call_ratio_all=0.415 (every-step=1.000; lower = fewer diffusion calls)
[traces] saved runs/reacher/traces_gate_t100_seed43.pt

==== FF-JEPA eval summary (Reacher qpos_match) ====
subgoal=specaccept num_eval=128 goal_offset=100 budget=200 seed=43 cem_seed=43 S=10
  SR = 83.59%  (107/128)
