/lustre/home/ha676/le-wm/.venv/lib/python3.11/site-packages/stable_worldmodel/envs/__init__.py:215: UserWarning: ale-py not found; ALE/* envs are unavailable. Install with: pip install 'stable-worldmodel[env]' or pip install ale-py.
  from stable_worldmodel.envs import ale  # noqa: F401
[model] frozen LeWM (18.03M), device=cuda, training=False, subgoal=specaccept
[gdm] planner from gdm_reacher_s10.pt: head=53.44M, N=3 WG=1 goal_cond=True T=1000 sampler=ddim/8-steps param=eps schedule=linear norm=standardize
11:07:46 | INFO  | atomic_chec~| [atomic_save] installed crash-safe checkpoint plugin (write to sibling .tmp + fsync + atomic rename)
[episodes-file] reacher_gate.ep150.t7.json: 128 precomputed pairs (built for max_offset=150, seed=42, episode_min=8000) -- sampling bypassed; running at goal_offset=150
[eval] start=random num_eval=128 goal_offset=150 budget=300 qpos_threshold=0.05 rad/joint
[eval] episodes_idx[:5]=[8014, 8074, 8087, 8127, 8135] start_steps[:5]=[36, 26, 27, 26, 37]
11:07:46 | INFO  | __init__.py | MUJOCO_GL=egl, attempting to import specified OpenGL backend.
11:07:46 | INFO  | __init__.py | No OpenGL_accelerate module loaded: No module named 'OpenGL_accelerate'
11:07:46 | INFO  | __init__.py | MuJoCo library version is: 3.10.0
/lustre/home/ha676/le-wm/.venv/lib/python3.11/site-packages/gymnasium/envs/registration.py:729: UserWarning: [33mWARN: The environment is being initialised with render_mode='rgb_array' that is not in the possible render_modes ([]).[0m
  logger.warn(
CEM solve time: 27.7952 seconds
CEM solve time: 25.7287 seconds
CEM solve time: 21.8625 seconds
CEM solve time: 16.0766 seconds
CEM solve time: 13.0716 seconds
CEM solve time: 10.9257 seconds
CEM solve time: 10.0731 seconds
CEM solve time: 9.8592 seconds
CEM solve time: 9.2159 seconds
CEM solve time: 8.7892 seconds
CEM solve time: 8.3591 seconds
CEM solve time: 7.9313 seconds
CEM solve time: 7.9335 seconds
CEM solve time: 7.9334 seconds
CEM solve time: 7.5052 seconds
CEM solve time: 7.2920 seconds
CEM solve time: 7.2918 seconds
CEM solve time: 6.8619 seconds
CEM solve time: 6.8573 seconds
CEM solve time: 6.6437 seconds
CEM solve time: 6.6445 seconds
CEM solve time: 6.4308 seconds
CEM solve time: 6.4355 seconds
CEM solve time: 6.4351 seconds
CEM solve time: 6.2196 seconds
CEM solve time: 6.2212 seconds
CEM solve time: 6.2197 seconds
CEM solve time: 6.0047 seconds
CEM solve time: 6.0120 seconds
CEM solve time: 6.0002 seconds
[specaccept] tau=0.2 gdm_steps=8 goal_gate=True re-drafts=641 advances=166 rejects=288 gate_serves=901 call_ratio=0.794 call_ratio_all=0.375 (every-step=1.000; lower = fewer diffusion calls)
[traces] saved runs/reacher/traces_gate_t150_seed43.pt

==== FF-JEPA eval summary (Reacher qpos_match) ====
subgoal=specaccept num_eval=128 goal_offset=150 budget=300 seed=43 cem_seed=43 S=10
  SR = 78.91%  (101/128)
