/lustre/home/ha676/le-wm/.venv/lib/python3.11/site-packages/stable_worldmodel/envs/__init__.py:215: UserWarning: ale-py not found; ALE/* envs are unavailable. Install with: pip install 'stable-worldmodel[env]' or pip install ale-py.
  from stable_worldmodel.envs import ale  # noqa: F401
[model] frozen LeWM (18.03M), device=cuda, training=False, subgoal=gdm
[gdm] planner from gdm_reacher_s5.pt: head=53.44M, N=3 WG=1 goal_cond=True T=1000 sampler=ddim/50-steps param=eps schedule=linear norm=standardize
18:49:47 | INFO  | atomic_chec~| [atomic_save] installed crash-safe checkpoint plugin (write to sibling .tmp + fsync + atomic rename)
[episodes-file] reacher_slong.ep150.t2.json: 128 precomputed pairs (built for max_offset=150, seed=42, episode_min=8000) -- sampling bypassed; running at goal_offset=100
[eval] start=random num_eval=128 goal_offset=100 budget=200 qpos_threshold=0.05 rad/joint
[eval] episodes_idx[:5]=[8014, 8074, 8087, 8127, 8135] start_steps[:5]=[36, 26, 27, 26, 37]
18:49:47 | INFO  | __init__.py | MUJOCO_GL=egl, attempting to import specified OpenGL backend.
18:49:47 | INFO  | __init__.py | No OpenGL_accelerate module loaded: No module named 'OpenGL_accelerate'
18:49:47 | INFO  | __init__.py | MuJoCo library version is: 3.10.0
/lustre/home/ha676/le-wm/.venv/lib/python3.11/site-packages/gymnasium/envs/registration.py:729: UserWarning: [33mWARN: The environment is being initialised with render_mode='rgb_array' that is not in the possible render_modes ([]).[0m
  logger.warn(
CEM solve time: 14.1090 seconds
CEM solve time: 13.4106 seconds
CEM solve time: 13.2934 seconds
CEM solve time: 12.8767 seconds
CEM solve time: 12.2275 seconds
CEM solve time: 11.5945 seconds
CEM solve time: 10.7485 seconds
CEM solve time: 10.2186 seconds
CEM solve time: 9.5802 seconds
CEM solve time: 9.0472 seconds
CEM solve time: 8.5147 seconds
CEM solve time: 7.9812 seconds
CEM solve time: 7.0230 seconds
CEM solve time: 6.4900 seconds
CEM solve time: 6.3841 seconds
CEM solve time: 5.8544 seconds
CEM solve time: 5.7460 seconds
CEM solve time: 5.5354 seconds
CEM solve time: 5.0038 seconds
CEM solve time: 4.7896 seconds
CEM solve time: 4.5774 seconds
CEM solve time: 4.2574 seconds
CEM solve time: 4.1520 seconds
CEM solve time: 4.1520 seconds
CEM solve time: 3.7253 seconds
CEM solve time: 3.4063 seconds
CEM solve time: 2.9805 seconds
CEM solve time: 2.8740 seconds
CEM solve time: 2.7672 seconds
CEM solve time: 2.4477 seconds
CEM solve time: 2.3414 seconds
CEM solve time: 2.3422 seconds
CEM solve time: 1.9166 seconds
CEM solve time: 1.8101 seconds
CEM solve time: 1.7045 seconds
CEM solve time: 1.5972 seconds
CEM solve time: 1.4914 seconds
CEM solve time: 1.4914 seconds
CEM solve time: 1.3846 seconds
CEM solve time: 1.2783 seconds

==== FF-JEPA eval summary (Reacher qpos_match) ====
subgoal=gdm num_eval=128 goal_offset=100 budget=200 seed=44 cem_seed=44 S=5
  SR = 91.41%  (117/128)
