/lustre/home/ha676/le-wm/.venv/lib/python3.11/site-packages/stable_worldmodel/envs/__init__.py:215: UserWarning: ale-py not found; ALE/* envs are unavailable. Install with: pip install 'stable-worldmodel[env]' or pip install ale-py.
  from stable_worldmodel.envs import ale  # noqa: F401
[model] frozen LeWM (18.03M), device=cuda, training=False, subgoal=gdm
[gdm] planner from gdm_reacher_s10.pt: head=53.44M, N=3 WG=1 goal_cond=True T=1000 sampler=ddim/8-steps param=eps schedule=linear norm=standardize
14:43:33 | INFO  | atomic_chec~| [atomic_save] installed crash-safe checkpoint plugin (write to sibling .tmp + fsync + atomic rename)
[episodes-file] reacher_audit.ep100.t13.json: 128 precomputed pairs (built for max_offset=100, seed=42, episode_min=8000) -- sampling bypassed; running at goal_offset=100
[eval] start=random num_eval=128 goal_offset=100 budget=200 qpos_threshold=0.05 rad/joint
[eval] episodes_idx[:5]=[8014, 8074, 8087, 8127, 8135] start_steps[:5]=[73, 52, 58, 58, 79]
14:43:33 | INFO  | __init__.py | MUJOCO_GL=egl, attempting to import specified OpenGL backend.
14:43:33 | INFO  | __init__.py | No OpenGL_accelerate module loaded: No module named 'OpenGL_accelerate'
14:43:33 | INFO  | __init__.py | MuJoCo library version is: 3.10.0
/lustre/home/ha676/le-wm/.venv/lib/python3.11/site-packages/gymnasium/envs/registration.py:729: UserWarning: [33mWARN: The environment is being initialised with render_mode='rgb_array' that is not in the possible render_modes ([]).[0m
  logger.warn(
CEM solve time: 27.6759 seconds
CEM solve time: 26.7511 seconds
CEM solve time: 23.9039 seconds
CEM solve time: 21.0764 seconds
CEM solve time: 18.2849 seconds
CEM solve time: 15.4754 seconds
CEM solve time: 12.6807 seconds
CEM solve time: 10.3194 seconds
CEM solve time: 8.8122 seconds
CEM solve time: 7.3026 seconds
CEM solve time: 6.4496 seconds
CEM solve time: 4.5126 seconds
CEM solve time: 3.4430 seconds
CEM solve time: 3.4371 seconds
CEM solve time: 1.9350 seconds
CEM solve time: 1.2910 seconds
CEM solve time: 1.2908 seconds
CEM solve time: 1.2904 seconds
CEM solve time: 1.0764 seconds
CEM solve time: 1.0752 seconds

==== FF-JEPA eval summary (Reacher qpos_match) ====
subgoal=gdm num_eval=128 goal_offset=100 budget=200 seed=43 cem_seed=43 S=10
  SR = 96.88%  (124/128)
