/lustre/home/ha676/le-wm/.venv/lib/python3.11/site-packages/stable_worldmodel/envs/__init__.py:215: UserWarning: ale-py not found; ALE/* envs are unavailable. Install with: pip install 'stable-worldmodel[env]' or pip install ale-py.
  from stable_worldmodel.envs import ale  # noqa: F401
[model] frozen LeWM (18.03M), device=cuda, training=False, subgoal=lerp
17:44:41 | INFO  | atomic_chec~| [atomic_save] installed crash-safe checkpoint plugin (write to sibling .tmp + fsync + atomic rename)
[episodes-file] reacher_audit2.ep100.t2.json: 128 precomputed pairs (built for max_offset=100, seed=42, episode_min=8000) -- sampling bypassed; running at goal_offset=100
[eval] start=random num_eval=128 goal_offset=100 budget=200 qpos_threshold=0.05 rad/joint
[eval] episodes_idx[:5]=[8014, 8074, 8087, 8127, 8135] start_steps[:5]=[73, 52, 58, 58, 79]
17:44:42 | INFO  | __init__.py | MUJOCO_GL=egl, attempting to import specified OpenGL backend.
17:44:42 | INFO  | __init__.py | No OpenGL_accelerate module loaded: No module named 'OpenGL_accelerate'
17:44:43 | INFO  | __init__.py | MuJoCo library version is: 3.10.0
/lustre/home/ha676/le-wm/.venv/lib/python3.11/site-packages/gymnasium/envs/registration.py:729: UserWarning: [33mWARN: The environment is being initialised with render_mode='rgb_array' that is not in the possible render_modes ([]).[0m
  logger.warn(
[lerp] straight-line oracle, frac=0.25
CEM solve time: 28.6244 seconds
CEM solve time: 27.8125 seconds
CEM solve time: 27.3649 seconds
CEM solve time: 27.1586 seconds
CEM solve time: 26.9558 seconds
CEM solve time: 26.4935 seconds
CEM solve time: 25.6217 seconds
CEM solve time: 24.9385 seconds
CEM solve time: 23.8465 seconds
CEM solve time: 23.1873 seconds
CEM solve time: 21.8639 seconds
CEM solve time: 20.9626 seconds
CEM solve time: 20.5443 seconds
CEM solve time: 20.0803 seconds
CEM solve time: 19.6463 seconds
CEM solve time: 19.6501 seconds
CEM solve time: 19.1974 seconds
CEM solve time: 18.9859 seconds
CEM solve time: 18.7778 seconds
CEM solve time: 18.7699 seconds

==== FF-JEPA eval summary (Reacher qpos_match) ====
subgoal=lerp num_eval=128 goal_offset=100 budget=200 seed=44 cem_seed=44 S=10
  SR = 34.38%  (44/128)
