wrote reacher_strong.ep100.t4.json: 128 pairs (episodes >= 8000, start <= ep_len-1-100), sample [[8014, 73], [8074, 52], [8087, 58]]
/lustre/home/ha676/le-wm/.venv/lib/python3.11/site-packages/stable_worldmodel/envs/__init__.py:215: UserWarning: ale-py not found; ALE/* envs are unavailable. Install with: pip install 'stable-worldmodel[env]' or pip install ale-py.
  from stable_worldmodel.envs import ale  # noqa: F401
[model] frozen LeWM (18.03M), device=cuda, training=False, subgoal=baseline
11:28:33 | INFO  | atomic_chec~| [atomic_save] installed crash-safe checkpoint plugin (write to sibling .tmp + fsync + atomic rename)
[episodes-file] reacher_strong.ep100.t4.json: 128 precomputed pairs (built for max_offset=100, seed=42, episode_min=8000) -- sampling bypassed; running at goal_offset=100
[eval] start=random num_eval=128 goal_offset=100 budget=200 qpos_threshold=0.05 rad/joint
[eval] episodes_idx[:5]=[8014, 8074, 8087, 8127, 8135] start_steps[:5]=[73, 52, 58, 58, 79]
11:28:33 | INFO  | __init__.py | MUJOCO_GL=egl, attempting to import specified OpenGL backend.
11:28:33 | INFO  | __init__.py | No OpenGL_accelerate module loaded: No module named 'OpenGL_accelerate'
11:28:33 | INFO  | __init__.py | MuJoCo library version is: 3.10.0
/lustre/home/ha676/le-wm/.venv/lib/python3.11/site-packages/gymnasium/envs/registration.py:729: UserWarning: [33mWARN: The environment is being initialised with render_mode='rgb_array' that is not in the possible render_modes ([]).[0m
  logger.warn(
CEM solve time: 15.0803 seconds
CEM solve time: 12.1701 seconds
CEM solve time: 9.3844 seconds
CEM solve time: 8.4954 seconds
CEM solve time: 7.2773 seconds
CEM solve time: 7.1460 seconds
CEM solve time: 7.1462 seconds
CEM solve time: 7.1484 seconds
CEM solve time: 7.1576 seconds
CEM solve time: 7.1595 seconds
CEM solve time: 7.1582 seconds
CEM solve time: 7.1442 seconds
CEM solve time: 7.1525 seconds
CEM solve time: 7.0409 seconds
CEM solve time: 7.0341 seconds
CEM solve time: 7.0328 seconds
CEM solve time: 7.0323 seconds
CEM solve time: 7.0332 seconds
CEM solve time: 7.0361 seconds
CEM solve time: 7.0339 seconds
CEM solve time: 7.0325 seconds
CEM solve time: 7.0344 seconds
CEM solve time: 7.0360 seconds
CEM solve time: 7.0344 seconds
CEM solve time: 7.0338 seconds
CEM solve time: 7.0343 seconds
CEM solve time: 7.0336 seconds
CEM solve time: 7.0371 seconds
CEM solve time: 7.0350 seconds
CEM solve time: 7.0375 seconds
CEM solve time: 7.0340 seconds
CEM solve time: 7.0351 seconds
CEM solve time: 7.0326 seconds
CEM solve time: 7.0350 seconds
CEM solve time: 7.0326 seconds
CEM solve time: 7.0333 seconds
CEM solve time: 7.0368 seconds
CEM solve time: 7.0349 seconds
CEM solve time: 7.0355 seconds
CEM solve time: 7.0327 seconds

==== FF-JEPA eval summary (Reacher qpos_match) ====
subgoal=baseline num_eval=128 goal_offset=100 budget=200 seed=42 cem_seed=42 S=5
  SR = 50.78%  (65/128)
