/lustre/home/ha676/le-wm/.venv/lib/python3.11/site-packages/stable_worldmodel/envs/__init__.py:215: UserWarning: ale-py not found; ALE/* envs are unavailable. Install with: pip install 'stable-worldmodel[env]' or pip install ale-py.
  from stable_worldmodel.envs import ale  # noqa: F401
[model] frozen LeWM (18.03M), device=cuda, training=False, subgoal=specaccept
[gdm] planner from gdm_reacher_s10.pt: head=53.44M, N=3 WG=1 goal_cond=True T=1000 sampler=ddim/4-steps param=eps schedule=linear norm=standardize
11:31:06 | INFO  | atomic_chec~| [atomic_save] installed crash-safe checkpoint plugin (write to sibling .tmp + fsync + atomic rename)
[episodes-file] reacher_strong.ep100.t12.json: 128 precomputed pairs (built for max_offset=100, seed=42, episode_min=8000) -- sampling bypassed; running at goal_offset=100
[eval] start=random num_eval=128 goal_offset=100 budget=200 qpos_threshold=0.05 rad/joint
[eval] episodes_idx[:5]=[8014, 8074, 8087, 8127, 8135] start_steps[:5]=[73, 52, 58, 58, 79]
11:31:06 | INFO  | __init__.py | MUJOCO_GL=egl, attempting to import specified OpenGL backend.
11:31:06 | INFO  | __init__.py | No OpenGL_accelerate module loaded: No module named 'OpenGL_accelerate'
11:31:06 | INFO  | __init__.py | MuJoCo library version is: 3.10.0
/lustre/home/ha676/le-wm/.venv/lib/python3.11/site-packages/gymnasium/envs/registration.py:729: UserWarning: [33mWARN: The environment is being initialised with render_mode='rgb_array' that is not in the possible render_modes ([]).[0m
  logger.warn(
CEM solve time: 27.7837 seconds
CEM solve time: 26.3407 seconds
CEM solve time: 23.5728 seconds
CEM solve time: 21.2168 seconds
CEM solve time: 18.8678 seconds
CEM solve time: 16.9279 seconds
CEM solve time: 13.4916 seconds
CEM solve time: 11.7717 seconds
CEM solve time: 9.6353 seconds
CEM solve time: 7.9236 seconds
CEM solve time: 6.4270 seconds
CEM solve time: 4.9282 seconds
CEM solve time: 3.6421 seconds
CEM solve time: 2.9997 seconds
CEM solve time: 2.3571 seconds
CEM solve time: 2.3575 seconds
CEM solve time: 2.1423 seconds
CEM solve time: 2.1426 seconds
CEM solve time: 1.5006 seconds
CEM solve time: 1.5007 seconds
[specaccept] tau=0.2 gdm_steps=4 goal_gate=False re-drafts=591 advances=376 rejects=389 gate_serves=0 call_ratio=0.611 call_ratio_all=0.611 (every-step=1.000; lower = fewer diffusion calls)

==== FF-JEPA eval summary (Reacher qpos_match) ====
subgoal=specaccept num_eval=128 goal_offset=100 budget=200 seed=44 cem_seed=44 S=10
  SR = 94.53%  (121/128)
