/lustre/home/ha676/le-wm/.venv/lib/python3.11/site-packages/stable_worldmodel/envs/__init__.py:215: UserWarning: ale-py not found; ALE/* envs are unavailable. Install with: pip install 'stable-worldmodel[env]' or pip install ale-py.
  from stable_worldmodel.envs import ale  # noqa: F401
[model] frozen LeWM (18.03M), device=cuda, training=False, subgoal=baseline
11:30:30 | INFO  | atomic_chec~| [atomic_save] installed crash-safe checkpoint plugin (write to sibling .tmp + fsync + atomic rename)
[episodes-file] reacher_strong.ep150.t11.json: 128 precomputed pairs (built for max_offset=150, seed=42, episode_min=8000) -- sampling bypassed; running at goal_offset=150
[eval] start=random num_eval=128 goal_offset=150 budget=300 qpos_threshold=0.05 rad/joint
[eval] episodes_idx[:5]=[8014, 8074, 8087, 8127, 8135] start_steps[:5]=[36, 26, 27, 26, 37]
11:30:31 | INFO  | __init__.py | MUJOCO_GL=egl, attempting to import specified OpenGL backend.
11:30:31 | INFO  | __init__.py | No OpenGL_accelerate module loaded: No module named 'OpenGL_accelerate'
11:30:31 | INFO  | __init__.py | MuJoCo library version is: 3.10.0
/lustre/home/ha676/le-wm/.venv/lib/python3.11/site-packages/gymnasium/envs/registration.py:729: UserWarning: [33mWARN: The environment is being initialised with render_mode='rgb_array' that is not in the possible render_modes ([]).[0m
  logger.warn(
CEM solve time: 28.8345 seconds
CEM solve time: 23.6899 seconds
CEM solve time: 17.6348 seconds
CEM solve time: 14.0649 seconds
CEM solve time: 12.2790 seconds
CEM solve time: 12.2845 seconds
CEM solve time: 11.6137 seconds
CEM solve time: 11.6206 seconds
CEM solve time: 11.3882 seconds
CEM solve time: 11.3851 seconds
CEM solve time: 11.1675 seconds
CEM solve time: 10.9501 seconds
CEM solve time: 10.9468 seconds
CEM solve time: 10.9423 seconds
CEM solve time: 10.9447 seconds
CEM solve time: 10.9485 seconds
CEM solve time: 10.9466 seconds
CEM solve time: 10.9439 seconds
CEM solve time: 10.9397 seconds
CEM solve time: 10.9413 seconds
CEM solve time: 10.9445 seconds
CEM solve time: 10.9409 seconds
CEM solve time: 10.9392 seconds
CEM solve time: 10.9344 seconds
CEM solve time: 10.9373 seconds
CEM solve time: 10.9312 seconds
CEM solve time: 10.9251 seconds
CEM solve time: 10.9318 seconds
CEM solve time: 10.9279 seconds
CEM solve time: 10.9311 seconds

==== FF-JEPA eval summary (Reacher qpos_match) ====
subgoal=baseline num_eval=128 goal_offset=150 budget=300 seed=45 cem_seed=45 S=10
  SR = 61.72%  (79/128)
