=== baseline RH=2 t150 seed=42 ===
wrote reacher_rh2.ep150.t6.json: 128 pairs (episodes >= 8000, start <= ep_len-1-150), sample [[8014, 36], [8074, 26], [8087, 27]]
/lustre/home/ha676/le-wm/.venv/lib/python3.11/site-packages/stable_worldmodel/envs/__init__.py:215: UserWarning: ale-py not found; ALE/* envs are unavailable. Install with: pip install 'stable-worldmodel[env]' or pip install ale-py.
  from stable_worldmodel.envs import ale  # noqa: F401
[model] frozen LeWM (18.03M), device=cuda, training=False, subgoal=baseline
11:18:57 | INFO  | atomic_chec~| [atomic_save] installed crash-safe checkpoint plugin (write to sibling .tmp + fsync + atomic rename)
[episodes-file] reacher_rh2.ep150.t6.json: 128 precomputed pairs (built for max_offset=150, seed=42, episode_min=8000) -- sampling bypassed; running at goal_offset=150
[eval] start=random num_eval=128 goal_offset=150 budget=300 qpos_threshold=0.05 rad/joint
[eval] episodes_idx[:5]=[8014, 8074, 8087, 8127, 8135] start_steps[:5]=[36, 26, 27, 26, 37]
11:18:58 | INFO  | __init__.py | MUJOCO_GL=egl, attempting to import specified OpenGL backend.
11:18:58 | INFO  | __init__.py | No OpenGL_accelerate module loaded: No module named 'OpenGL_accelerate'
11:18:58 | INFO  | __init__.py | MuJoCo library version is: 3.10.0
/lustre/home/ha676/le-wm/.venv/lib/python3.11/site-packages/gymnasium/envs/registration.py:729: UserWarning: [33mWARN: The environment is being initialised with render_mode='rgb_array' that is not in the possible render_modes ([]).[0m
  logger.warn(
CEM solve time: 28.8383 seconds
CEM solve time: 24.6362 seconds
CEM solve time: 19.0824 seconds
CEM solve time: 14.4240 seconds
CEM solve time: 13.0943 seconds
CEM solve time: 12.4311 seconds
CEM solve time: 11.9817 seconds
CEM solve time: 11.9794 seconds
CEM solve time: 11.9835 seconds
CEM solve time: 11.7663 seconds
CEM solve time: 11.7658 seconds
CEM solve time: 11.7663 seconds
CEM solve time: 11.3236 seconds
CEM solve time: 11.1025 seconds
CEM solve time: 11.0971 seconds
CEM solve time: 11.0947 seconds
CEM solve time: 11.0953 seconds
CEM solve time: 11.0955 seconds
CEM solve time: 11.0953 seconds
CEM solve time: 11.0935 seconds
CEM solve time: 10.8731 seconds
CEM solve time: 10.8726 seconds
CEM solve time: 10.8740 seconds
CEM solve time: 10.8715 seconds
CEM solve time: 10.8685 seconds
CEM solve time: 10.8611 seconds
CEM solve time: 10.8647 seconds
CEM solve time: 10.8562 seconds
CEM solve time: 10.8588 seconds
CEM solve time: 10.6378 seconds

==== FF-JEPA eval summary (Reacher qpos_match) ====
subgoal=baseline num_eval=128 goal_offset=150 budget=300 seed=42 cem_seed=42 S=10
  SR = 62.50%  (80/128)
