/lustre/home/ha676/le-wm/.venv/lib/python3.11/site-packages/stable_worldmodel/envs/__init__.py:215: UserWarning: ale-py not found; ALE/* envs are unavailable. Install with: pip install 'stable-worldmodel[env]' or pip install ale-py.
  from stable_worldmodel.envs import ale  # noqa: F401
[model] frozen LeWM (18.03M), device=cuda, training=False, subgoal=specaccept
[gdm] planner from gdm_reacher_s10.pt: head=53.44M, N=3 WG=1 goal_cond=True T=1000 sampler=ddim/1-steps param=eps schedule=linear norm=standardize
23:20:33 | INFO  | atomic_chec~| [atomic_save] installed crash-safe checkpoint plugin (write to sibling .tmp + fsync + atomic rename)
[episodes-file] reacher_klow.ep100.t10.json: 128 precomputed pairs (built for max_offset=100, seed=42, episode_min=8000) -- sampling bypassed; running at goal_offset=100
[eval] start=random num_eval=128 goal_offset=100 budget=200 qpos_threshold=0.05 rad/joint
[eval] episodes_idx[:5]=[8014, 8074, 8087, 8127, 8135] start_steps[:5]=[73, 52, 58, 58, 79]
23:20:34 | INFO  | __init__.py | MUJOCO_GL=egl, attempting to import specified OpenGL backend.
23:20:34 | INFO  | __init__.py | No OpenGL_accelerate module loaded: No module named 'OpenGL_accelerate'
23:20:34 | INFO  | __init__.py | MuJoCo library version is: 3.10.0
/lustre/home/ha676/le-wm/.venv/lib/python3.11/site-packages/gymnasium/envs/registration.py:729: UserWarning: [33mWARN: The environment is being initialised with render_mode='rgb_array' that is not in the possible render_modes ([]).[0m
  logger.warn(
CEM solve time: 27.5500 seconds
CEM solve time: 25.9666 seconds
CEM solve time: 21.2384 seconds
CEM solve time: 14.7842 seconds
CEM solve time: 11.3565 seconds
CEM solve time: 8.7877 seconds
CEM solve time: 7.9250 seconds
CEM solve time: 6.8524 seconds
CEM solve time: 4.9251 seconds
CEM solve time: 4.4954 seconds
CEM solve time: 3.4277 seconds
CEM solve time: 2.5723 seconds
CEM solve time: 1.7134 seconds
CEM solve time: 1.7143 seconds
CEM solve time: 1.7135 seconds
CEM solve time: 1.5003 seconds
CEM solve time: 1.5003 seconds
CEM solve time: 1.5026 seconds
CEM solve time: 1.5021 seconds
CEM solve time: 1.2868 seconds
[specaccept] tau=0.2 gdm_steps=1 goal_gate=False re-drafts=710 advances=0 rejects=582 gate_serves=0 call_ratio=1.000 call_ratio_all=1.000 (every-step=1.000; lower = fewer diffusion calls)

==== FF-JEPA eval summary (Reacher qpos_match) ====
subgoal=specaccept num_eval=128 goal_offset=100 budget=200 seed=44 cem_seed=44 S=10
  SR = 95.31%  (122/128)
