/lustre/home/ha676/le-wm/.venv/lib/python3.11/site-packages/stable_worldmodel/envs/__init__.py:215: UserWarning: ale-py not found; ALE/* envs are unavailable. Install with: pip install 'stable-worldmodel[env]' or pip install ale-py.
  from stable_worldmodel.envs import ale  # noqa: F401
[model] frozen LeWM (18.03M), device=cuda, training=False, subgoal=gdm
[gdm] planner from gdm_reacher_s10.pt: head=53.44M, N=3 WG=1 goal_cond=True T=1000 sampler=ddim/1-steps param=eps schedule=linear norm=standardize
23:15:25 | INFO  | atomic_chec~| [atomic_save] installed crash-safe checkpoint plugin (write to sibling .tmp + fsync + atomic rename)
[episodes-file] reacher_klow.ep100.t3.json: 128 precomputed pairs (built for max_offset=100, seed=42, episode_min=8000) -- sampling bypassed; running at goal_offset=100
[eval] start=random num_eval=128 goal_offset=100 budget=200 qpos_threshold=0.05 rad/joint
[eval] episodes_idx[:5]=[8014, 8074, 8087, 8127, 8135] start_steps[:5]=[73, 52, 58, 58, 79]
23:15:25 | INFO  | __init__.py | MUJOCO_GL=egl, attempting to import specified OpenGL backend.
23:15:25 | INFO  | __init__.py | No OpenGL_accelerate module loaded: No module named 'OpenGL_accelerate'
23:15:25 | INFO  | __init__.py | MuJoCo library version is: 3.10.0
/lustre/home/ha676/le-wm/.venv/lib/python3.11/site-packages/gymnasium/envs/registration.py:729: UserWarning: [33mWARN: The environment is being initialised with render_mode='rgb_array' that is not in the possible render_modes ([]).[0m
  logger.warn(
CEM solve time: 27.5980 seconds
CEM solve time: 25.7555 seconds
CEM solve time: 19.9662 seconds
CEM solve time: 16.3206 seconds
CEM solve time: 11.1614 seconds
CEM solve time: 9.0189 seconds
CEM solve time: 7.9476 seconds
CEM solve time: 6.0157 seconds
CEM solve time: 4.5118 seconds
CEM solve time: 3.2236 seconds
CEM solve time: 3.0064 seconds
CEM solve time: 2.7983 seconds
CEM solve time: 2.5818 seconds
CEM solve time: 2.3696 seconds
CEM solve time: 2.3647 seconds
CEM solve time: 2.3634 seconds
CEM solve time: 2.3634 seconds
CEM solve time: 2.1489 seconds
CEM solve time: 2.1488 seconds
CEM solve time: 1.9346 seconds

==== FF-JEPA eval summary (Reacher qpos_match) ====
subgoal=gdm num_eval=128 goal_offset=100 budget=200 seed=45 cem_seed=45 S=10
  SR = 92.97%  (119/128)
