Using cache found in /lustre/home/ha676/torch_cache/hub/facebookresearch_dinov2_main
/lustre/home/ha676/torch_cache/hub/facebookresearch_dinov2_main/dinov2/layers/swiglu_ffn.py:52: UserWarning: xFormers is not available (SwiGLU)
  warnings.warn("xFormers is not available (SwiGLU)")
/lustre/home/ha676/torch_cache/hub/facebookresearch_dinov2_main/dinov2/layers/attention.py:34: UserWarning: xFormers is not available (Attention)
  warnings.warn("xFormers is not available (Attention)")
/lustre/home/ha676/torch_cache/hub/facebookresearch_dinov2_main/dinov2/layers/block.py:41: UserWarning: xFormers is not available (Block)
  warnings.warn("xFormers is not available (Block)")
[probe] DINOv2 loaded on cuda
[probe] 1617/4000 train episodes cross-room AND successful
  encoded 0/600 episodes
  encoded 50/600 episodes
  encoded 100/600 episodes
  encoded 150/600 episodes
  encoded 200/600 episodes
  encoded 250/600 episodes
  encoded 300/600 episodes
  encoded 350/600 episodes
  encoded 400/600 episodes
  encoded 450/600 episodes
  encoded 500/600 episodes
  encoded 550/600 episodes
[probe] 47212 frames, dim=384

equiv_criterion (within 16 px)  p10/p50/p90 = 0.0536 / 0.0976 / 0.2003
equiv_temporal  (stride 1)       p10/p50/p90 = 0.0479 / 0.0818 / 0.1597
cross           (random eps)     p10/p50/p90 = 0.1175 / 0.2259 / 0.3449
hop S=5   p10/p50/p90 = 0.0582 / 0.1185 / 0.2521 | gap [0.2003, 0.0582] CLOSED
hop S=10  p10/p50/p90 = 0.0725 / 0.1631 / 0.2980 | gap [0.2003, 0.0725] CLOSED
hop S=25  p10/p50/p90 = 0.1139 / 0.2309 / 0.3481 | gap [0.2003, 0.1139] CLOSED

[save] Results/gap_stat/gap_tworoom_paired_600.json
