/lustre/home/ha676/le-wm/.venv/lib/python3.11/site-packages/stable_worldmodel/envs/__init__.py:215: UserWarning: ale-py not found; ALE/* envs are unavailable. Install with: pip install 'stable-worldmodel[env]' or pip install ale-py.
  from stable_worldmodel.envs import ale  # noqa: F401
2026-07-21 11:30:02.429 | INFO     | stable_worldmodel.wm.utils:_resolve_hf:149 - Loading quentinll/lewm-tworooms from local cache...
2026-07-21 11:30:02.429 | INFO     | stable_worldmodel.wm.utils:_resolve_folder:137 - Loading checkpoint from folder /lustre/home/ha676/.stable_worldmodel/checkpoints/models--quentinll--lewm-tworooms...
/lustre/home/ha676/le-wm/.venv/lib/python3.11/site-packages/stable_worldmodel/wm/utils.py:80: FutureWarning: You are using `torch.load` with `weights_only=False` (the current default value), which uses the default pickle module implicitly. It is possible to construct malicious pickle data which will execute arbitrary code during unpickling (See https://github.com/pytorch/pytorch/blob/main/SECURITY.md#untrusted-models for more details). In a future release, the default value for `weights_only` will be flipped to `True`. This limits the functions that could be executed during unpickling. Arbitrary objects will no longer be allowed to be loaded via this mode unless they are explicitly allowlisted by the user via `torch.serialization.add_safe_globals`. We recommend you start setting `weights_only=True` for any use case where you don't have full control of the loaded file. Please open an issue on GitHub for any issues related to this experimental feature.
  state_dict = torch.load(checkpoint_path, map_location='cpu')
11:30:08 | INFO  | atomic_chec~| [atomic_save] installed crash-safe checkpoint plugin (write to sibling .tmp + fsync + atomic rename)
11:30:08 | INFO  | utils.py    | Created ViT-tiny from scratch with config: {'hidden_size': 192, 'num_hidden_layers': 12, 'num_attention_heads': 3, 'intermediate_size': 768, 'image_size': 224, 'patch_size': 14}
[model] frozen LeWM (18.03M), device=cuda, training=False, subgoal=baseline
11:30:08 | INFO  | __init__.py | Cached 'action' from '/lustre/home/ha676/data/tworoom/tworoom.h5'
11:30:08 | INFO  | __init__.py | Cached 'proprio' from '/lustre/home/ha676/data/tworoom/tworoom.h5'
11:30:08 | INFO  | __init__.py | Cached 'state' from '/lustre/home/ha676/data/tworoom/tworoom.h5'
/lustre/home/ha676/le-wm/.venv/lib/python3.11/site-packages/gymnasium/utils/passive_env_checker.py:129: UserWarning: [33mWARN: The obs returned by the `reset()` method was expecting a numpy array, actual type: <class 'torch.Tensor'>[0m
  logger.warn(
/lustre/home/ha676/le-wm/.venv/lib/python3.11/site-packages/gymnasium/spaces/box.py:415: UserWarning: [33mWARN: Casting input x to numpy array.[0m
  gym.logger.warn("Casting input x to numpy array.")
/lustre/home/ha676/le-wm/.venv/lib/python3.11/site-packages/gymnasium/utils/passive_env_checker.py:129: UserWarning: [33mWARN: The obs returned by the `step()` method was expecting a numpy array, actual type: <class 'torch.Tensor'>[0m
  logger.warn(
/lustre/home/ha676/le-wm/.venv/lib/python3.11/site-packages/gymnasium/spaces/box.py:415: UserWarning: [33mWARN: Casting input x to numpy array.[0m
  gym.logger.warn("Casting input x to numpy array.")
[eval-filter] success@16px: 4035/10000 episodes eligible (goal frame reaches within threshold of its own target)
[eval-filter] cross-room: 4035 episodes remain eligible
[holdout] eval restricted to episodes [4000, 10000); 2418 episodes remain eligible
[eval] mode=long start=final num_eval=64 goal_offset=75 budget=150 eval_filter=success
[eval] episodes_idx[:5]=[4014, 4070, 4103, 4177, 4219] start_steps[:5]=[13, 6, 14, 4, 18]
CEM solve time: 37.0566 seconds
CEM solve time: 36.9036 seconds
CEM solve time: 32.2708 seconds
CEM solve time: 31.1348 seconds
CEM solve time: 29.9815 seconds
CEM solve time: 29.3897 seconds

==== FF-JEPA eval summary (TwoRoom) ====
mode=long subgoal=baseline num_eval=64 seed=43 cem_seed=43 eval_filter=success
  SR = 20.31%  (13/64)
