=== floor probe: pusht ===
/lustre/home/ha676/le-wm/.venv/lib/python3.11/site-packages/stable_worldmodel/envs/__init__.py:215: UserWarning: ale-py not found; ALE/* envs are unavailable. Install with: pip install 'stable-worldmodel[env]' or pip install ale-py.
  from stable_worldmodel.envs import ale  # noqa: F401
2026-07-13 11:19:05.284 | INFO     | stable_worldmodel.wm.utils:_resolve_hf:149 - Loading quentinll/lewm-pusht from local cache...
2026-07-13 11:19:05.286 | INFO     | stable_worldmodel.wm.utils:_resolve_folder:137 - Loading checkpoint from folder /lustre/home/ha676/.stable_worldmodel/checkpoints/models--quentinll--lewm-pusht...
/lustre/home/ha676/le-wm/.venv/lib/python3.11/site-packages/stable_worldmodel/wm/utils.py:80: FutureWarning: You are using `torch.load` with `weights_only=False` (the current default value), which uses the default pickle module implicitly. It is possible to construct malicious pickle data which will execute arbitrary code during unpickling (See https://github.com/pytorch/pytorch/blob/main/SECURITY.md#untrusted-models for more details). In a future release, the default value for `weights_only` will be flipped to `True`. This limits the functions that could be executed during unpickling. Arbitrary objects will no longer be allowed to be loaded via this mode unless they are explicitly allowlisted by the user via `torch.serialization.add_safe_globals`. We recommend you start setting `weights_only=True` for any use case where you don't have full control of the loaded file. Please open an issue on GitHub for any issues related to this experimental feature.
  state_dict = torch.load(checkpoint_path, map_location='cpu')
11:20:13 | INFO  | atomic_chec~| [atomic_save] installed crash-safe checkpoint plugin (write to sibling .tmp + fsync + atomic rename)
11:20:13 | INFO  | utils.py    | Created ViT-tiny from scratch with config: {'hidden_size': 192, 'num_hidden_layers': 12, 'num_attention_heads': 3, 'intermediate_size': 768, 'image_size': 224, 'patch_size': 14}
[data] /lustre/home/ha676/data/pusht/pusht_expert_train.h5: 18685 episodes, 18685 eligible (episode_min=0)
[A] temporal floor disp(1): {'mean': 0.08900800784749663, 'std': 0.05403819030421845, 'p10': 0.03166906274855137, 'p50': 0.08048468083143234, 'p90': 0.15173384547233582, 'n': 512}
[A] reference disp(S=10): {'mean': 0.7016811385656183, 'std': 0.2786054636638661, 'p10': 0.34579263627529144, 'p50': 0.699616402387619, 'p90': 1.0854989767074585, 'n': 512}
[B] criterion pairs (20deg): 458/512 anchors matched
[B] criterion pairs (5deg): 436/512 anchors matched
11:21:35 | ERROR | richuru.py  | Exception:
Traceback (most recent call last):

> File "<frozen runpy>", line 198, in _run_module_as_main
  File "<frozen runpy>", line 88, in _run_code

  File "/lustre/home/ha676/le-wm/specaccept/probes/probe_floor.py", line 277, in <module>
    main()
    └ <function main at 0x7f1d62202ca0>

  File "/lustre/home/ha676/le-wm/specaccept/probes/probe_floor.py", line 207, in main
    zb = encode_rows(model, pixels, pb, args.device, args.batch_size)
         │           │      │       │   │    │       │    └ 256
         │           │      │       │   │    │       └ Namespace(env='pusht', h5='/lustre/home/ha676/data/pusht/pusht_expert_train.h5', source='pretrained', encoder_id='quentinll/l...
         │           │      │       │   │    └ 'cuda'
         │           │      │       │   └ Namespace(env='pusht', h5='/lustre/home/ha676/data/pusht/pusht_expert_train.h5', source='pretrained', encoder_id='quentinll/l...
         │           │      │       └ array([ 208707,   50801, 1533172, 1009922, 1895043, 1996186, 1636295,
         │           │      │                 459234,  220234, 1204692, 1092502, 1737474, 169...
         │           │      └ <Closed HDF5 dataset>
         │           └ LeWM(
         │               (encoder): ViTModel(
         │                 (embeddings): ViTEmbeddings(
         │                   (patch_embeddings): ViTPatchEmbeddings(
         │                     (projecti...
         └ <function encode_rows at 0x7f1d62202b60>

  File "/lustre/home/ha676/le-wm/specaccept/probes/probe_floor.py", line 113, in encode_rows
    chunks.append(encoder.encode_frames(model, pixels[srt[i:i + 512]],
    │      │      │       │             │      │      │   │ └ 0
    │      │      │       │             │      │      │   └ 0
    │      │      │       │             │      │      └ array([    751,    6584,   16048,   17277,   18488,   21175,   25210,
    │      │      │       │             │      │                 33457,   35874,   36838,   46399,   47161,   5...
    │      │      │       │             │      └ <Closed HDF5 dataset>
    │      │      │       │             └ LeWM(
    │      │      │       │                 (encoder): ViTModel(
    │      │      │       │                   (embeddings): ViTEmbeddings(
    │      │      │       │                     (patch_embeddings): ViTPatchEmbeddings(
    │      │      │       │                       (projecti...
    │      │      │       └ <function encode_frames at 0x7f1d62200d60>
    │      │      └ <module 'specaccept.encoder' from '/lustre/home/ha676/le-wm/specaccept/encoder.py'>
    │      └ <method 'append' of 'list' objects>
    └ []

  File "h5py/_objects.pyx", line 54, in h5py._objects.with_phil.wrapper
  File "h5py/_objects.pyx", line 55, in h5py._objects.with_phil.wrapper
  File "/lustre/home/ha676/le-wm/.venv/lib/python3.11/site-packages/h5py/_hl/dataset.py", line 945, in __getitem__
    selection = sel.select(self.shape, args, dataset=self)
                │   │      │    │      │             └ <Closed HDF5 dataset>
                │   │      │    │      └ (array([    751,    6584,   16048,   17277,   18488,   21175,   25210,
                │   │      │    │                 33457,   35874,   36838,   46399,   47161,   ...
                │   │      │    └ <property object at 0x7f1e14cd2ed0>
                │   │      └ <Closed HDF5 dataset>
                │   └ <function select at 0x7f1e150f28e0>
                └ <module 'h5py._hl.selections' from '/lustre/home/ha676/le-wm/.venv/lib/python3.11/site-packages/h5py/_hl/selections.py'>
  File "/lustre/home/ha676/le-wm/.venv/lib/python3.11/site-packages/h5py/_hl/selections.py", line 85, in select
    return selector.make_selection(args)
           │        │              └ (array([    751,    6584,   16048,   17277,   18488,   21175,   25210,
           │        │                         33457,   35874,   36838,   46399,   47161,   ...
           │        └ <cyfunction Selector.make_selection at 0x7f1e15152080>
           └ <h5py._selector.Selector object at 0x7f1cc6ceff40>
  File "h5py/_objects.pyx", line 54, in h5py._objects.with_phil.wrapper
  File "h5py/_objects.pyx", line 55, in h5py._objects.with_phil.wrapper
  File "h5py/_selector.pyx", line 297, in h5py._selector.Selector.make_selection
  File "h5py/_selector.pyx", line 216, in h5py._selector.Selector.apply_args

TypeError: Indexing elements must be in increasing order
