/lustre/home/ha676/le-wm/.venv/lib/python3.11/site-packages/stable_worldmodel/envs/__init__.py:215: UserWarning: ale-py not found; ALE/* envs are unavailable. Install with: pip install 'stable-worldmodel[env]' or pip install ale-py.
  from stable_worldmodel.envs import ale  # noqa: F401
2026-07-13 13:21:01.892 | INFO     | stable_worldmodel.wm.utils:_resolve_hf:149 - Loading quentinll/lewm-pusht from local cache...
2026-07-13 13:21:01.893 | INFO     | stable_worldmodel.wm.utils:_resolve_folder:137 - Loading checkpoint from folder /lustre/home/ha676/.stable_worldmodel/checkpoints/models--quentinll--lewm-pusht...
/lustre/home/ha676/le-wm/.venv/lib/python3.11/site-packages/stable_worldmodel/wm/utils.py:80: FutureWarning: You are using `torch.load` with `weights_only=False` (the current default value), which uses the default pickle module implicitly. It is possible to construct malicious pickle data which will execute arbitrary code during unpickling (See https://github.com/pytorch/pytorch/blob/main/SECURITY.md#untrusted-models for more details). In a future release, the default value for `weights_only` will be flipped to `True`. This limits the functions that could be executed during unpickling. Arbitrary objects will no longer be allowed to be loaded via this mode unless they are explicitly allowlisted by the user via `torch.serialization.add_safe_globals`. We recommend you start setting `weights_only=True` for any use case where you don't have full control of the loaded file. Please open an issue on GitHub for any issues related to this experimental feature.
  state_dict = torch.load(checkpoint_path, map_location='cpu')
13:21:32 | INFO  | atomic_chec~| [atomic_save] installed crash-safe checkpoint plugin (write to sibling .tmp + fsync + atomic rename)
13:21:32 | INFO  | utils.py    | Created ViT-tiny from scratch with config: {'hidden_size': 192, 'num_hidden_layers': 12, 'num_attention_heads': 3, 'intermediate_size': 768, 'image_size': 224, 'patch_size': 14}
[model] frozen LeWM (18.03M), device=cuda, training=False, subgoal=gdm
[gdm] planner from gdm_stride10.pt: head=53.34M, N=3 WG=1 gamma=1.0 T=1000 sampler=ddim/3-steps param=eps schedule=linear norm=standardize
13:22:06 | INFO  | __init__.py | Cached 'action' from '/lustre/home/ha676/data/pusht/pusht_expert_train.h5'
13:22:36 | INFO  | __init__.py | Cached 'proprio' from '/lustre/home/ha676/data/pusht/pusht_expert_train.h5'
13:23:08 | INFO  | __init__.py | Cached 'state' from '/lustre/home/ha676/data/pusht/pusht_expert_train.h5'
/lustre/home/ha676/le-wm/.venv/lib/python3.11/site-packages/gymnasium/spaces/box.py:415: UserWarning: [33mWARN: Casting input x to numpy array.[0m
  gym.logger.warn("Casting input x to numpy array.")
/lustre/home/ha676/le-wm/.venv/lib/python3.11/site-packages/gymnasium/utils/passive_env_checker.py:157: UserWarning: [33mWARN: The obs returned by the `step()` method is not within the observation space.[0m
  logger.warn(f"{pre} is not within the observation space.")
/lustre/home/ha676/le-wm/.venv/lib/python3.11/site-packages/gymnasium/spaces/box.py:415: UserWarning: [33mWARN: Casting input x to numpy array.[0m
  gym.logger.warn("Casting input x to numpy array.")
/lustre/home/ha676/le-wm/.venv/lib/python3.11/site-packages/gymnasium/utils/passive_env_checker.py:157: UserWarning: [33mWARN: The obs returned by the `step()` method is not within the observation space.[0m
  logger.warn(f"{pre} is not within the observation space.")
[episodes-file] pusht.episodes150as100.json: 256 precomputed pairs (goal_offset=100, seed=42, eval_filter=None) -- sample_long/short bypassed
[eval] mode=long start=final num_eval=256 goal_offset=100 budget=200 eval_filter=none
[eval] episodes_idx[:5]=[636, 688, 700, 834, 850] start_steps[:5]=[57, 57, 57, 84, 84]
[PIN] success = pos_diff<20 [block xy only (paper)] AND angle<20deg
CEM solve time: 55.0943 seconds
CEM solve time: 47.7509 seconds
CEM solve time: 46.8309 seconds
CEM solve time: 45.4239 seconds
CEM solve time: 42.5969 seconds
CEM solve time: 40.0838 seconds
CEM solve time: 35.5423 seconds
CEM solve time: 33.2268 seconds
CEM solve time: 31.0737 seconds
CEM solve time: 28.7369 seconds
CEM solve time: 26.8054 seconds
CEM solve time: 24.6768 seconds
CEM solve time: 23.3916 seconds
CEM solve time: 22.1269 seconds
CEM solve time: 21.2780 seconds
CEM solve time: 20.6221 seconds
CEM solve time: 20.4104 seconds
CEM solve time: 19.9880 seconds
CEM solve time: 19.7751 seconds
CEM solve time: 19.7685 seconds
[RESULT] score=block angle=20deg  SR=63.67%  (163/256)
[PIN] success = pos_diff<20 [block xy only (paper)] AND angle<5deg
CEM solve time: 54.4195 seconds
CEM solve time: 50.6355 seconds
CEM solve time: 49.9963 seconds
CEM solve time: 49.3823 seconds
CEM solve time: 47.4016 seconds
CEM solve time: 46.5928 seconds
CEM solve time: 43.3546 seconds
CEM solve time: 40.5940 seconds
CEM solve time: 38.0347 seconds
CEM solve time: 35.9098 seconds
CEM solve time: 34.2077 seconds
CEM solve time: 31.8717 seconds
CEM solve time: 30.6030 seconds
CEM solve time: 29.7758 seconds
CEM solve time: 28.9212 seconds
CEM solve time: 28.2831 seconds
CEM solve time: 28.0599 seconds
CEM solve time: 27.8443 seconds
CEM solve time: 27.4425 seconds
CEM solve time: 26.7811 seconds
[RESULT] score=block angle=5deg  SR=51.17%  (131/256)

==== FF-JEPA eval summary ====
mode=long subgoal=gdm num_eval=256 seed=43 cem_seed=43 eval_filter=none
  score=block   20deg :  63.67%  (163/256)
  score=block    5deg :  51.17%  (131/256)
