=== pusht blind commit-2: k=8 t100 seed=42 ===
/lustre/home/ha676/le-wm/.venv/lib/python3.11/site-packages/stable_worldmodel/envs/__init__.py:215: UserWarning: ale-py not found; ALE/* envs are unavailable. Install with: pip install 'stable-worldmodel[env]' or pip install ale-py.
  from stable_worldmodel.envs import ale  # noqa: F401
2026-07-13 11:19:11.852 | INFO     | stable_worldmodel.wm.utils:_resolve_hf:149 - Loading quentinll/lewm-pusht from local cache...
2026-07-13 11:19:11.853 | INFO     | stable_worldmodel.wm.utils:_resolve_folder:137 - Loading checkpoint from folder /lustre/home/ha676/.stable_worldmodel/checkpoints/models--quentinll--lewm-pusht...
/lustre/home/ha676/le-wm/.venv/lib/python3.11/site-packages/stable_worldmodel/wm/utils.py:80: FutureWarning: You are using `torch.load` with `weights_only=False` (the current default value), which uses the default pickle module implicitly. It is possible to construct malicious pickle data which will execute arbitrary code during unpickling (See https://github.com/pytorch/pytorch/blob/main/SECURITY.md#untrusted-models for more details). In a future release, the default value for `weights_only` will be flipped to `True`. This limits the functions that could be executed during unpickling. Arbitrary objects will no longer be allowed to be loaded via this mode unless they are explicitly allowlisted by the user via `torch.serialization.add_safe_globals`. We recommend you start setting `weights_only=True` for any use case where you don't have full control of the loaded file. Please open an issue on GitHub for any issues related to this experimental feature.
  state_dict = torch.load(checkpoint_path, map_location='cpu')
11:20:13 | INFO  | atomic_chec~| [atomic_save] installed crash-safe checkpoint plugin (write to sibling .tmp + fsync + atomic rename)
11:20:13 | INFO  | utils.py    | Created ViT-tiny from scratch with config: {'hidden_size': 192, 'num_hidden_layers': 12, 'num_attention_heads': 3, 'intermediate_size': 768, 'image_size': 224, 'patch_size': 14}
[model] frozen LeWM (18.03M), device=cuda, training=False, subgoal=dspark
[gdm] planner from gdm_stride10.pt: head=53.34M, N=3 WG=1 gamma=1.0 T=1000 sampler=ddim/8-steps param=eps schedule=linear norm=standardize
11:20:35 | INFO  | __init__.py | Cached 'action' from '/lustre/home/ha676/data/pusht/pusht_expert_train.h5'
11:20:55 | INFO  | __init__.py | Cached 'proprio' from '/lustre/home/ha676/data/pusht/pusht_expert_train.h5'
11:20:57 | INFO  | __init__.py | Cached 'state' from '/lustre/home/ha676/data/pusht/pusht_expert_train.h5'
/lustre/home/ha676/le-wm/.venv/lib/python3.11/site-packages/gymnasium/spaces/box.py:415: UserWarning: [33mWARN: Casting input x to numpy array.[0m
  gym.logger.warn("Casting input x to numpy array.")
/lustre/home/ha676/le-wm/.venv/lib/python3.11/site-packages/gymnasium/utils/passive_env_checker.py:157: UserWarning: [33mWARN: The obs returned by the `step()` method is not within the observation space.[0m
  logger.warn(f"{pre} is not within the observation space.")
/lustre/home/ha676/le-wm/.venv/lib/python3.11/site-packages/gymnasium/spaces/box.py:415: UserWarning: [33mWARN: Casting input x to numpy array.[0m
  gym.logger.warn("Casting input x to numpy array.")
/lustre/home/ha676/le-wm/.venv/lib/python3.11/site-packages/gymnasium/utils/passive_env_checker.py:157: UserWarning: [33mWARN: The obs returned by the `step()` method is not within the observation space.[0m
  logger.warn(f"{pre} is not within the observation space.")
[episodes-file] pusht.episodes150as100.json: 256 precomputed pairs (goal_offset=100, seed=42, eval_filter=None) -- sample_long/short bypassed
[eval] mode=long start=final num_eval=256 goal_offset=100 budget=200 eval_filter=none
[eval] episodes_idx[:5]=[636, 688, 700, 834, 850] start_steps[:5]=[57, 57, 57, 84, 84]
[PIN] success = pos_diff<20 [block xy only (paper)] AND angle<20deg
CEM solve time: 57.9611 seconds
CEM solve time: 47.7649 seconds
CEM solve time: 46.3163 seconds
CEM solve time: 45.2768 seconds
CEM solve time: 41.5659 seconds
CEM solve time: 38.8626 seconds
CEM solve time: 36.9030 seconds
CEM solve time: 34.5534 seconds
CEM solve time: 30.9279 seconds
CEM solve time: 27.1255 seconds
CEM solve time: 24.5485 seconds
CEM solve time: 22.9912 seconds
CEM solve time: 21.7314 seconds
CEM solve time: 20.8711 seconds
CEM solve time: 20.2406 seconds
CEM solve time: 19.8128 seconds
CEM solve time: 19.3867 seconds
CEM solve time: 18.9583 seconds
CEM solve time: 18.5167 seconds
CEM solve time: 18.5256 seconds
[RESULT] score=block angle=20deg  SR=66.02%  (169/256)
[dspark] commit=fixed theta=0.5 re-drafts=1476 advances=2858 mean_commit_depth=2.00 redraft/advance=0.516 (GDM=1.000; lower=fewer diffusion calls)
[PIN] success = pos_diff<20 [block xy only (paper)] AND angle<5deg
CEM solve time: 54.5321 seconds
CEM solve time: 50.5296 seconds
CEM solve time: 50.5259 seconds
CEM solve time: 50.1119 seconds
CEM solve time: 48.2197 seconds
CEM solve time: 46.7235 seconds
CEM solve time: 45.8888 seconds
CEM solve time: 41.3803 seconds
CEM solve time: 37.1134 seconds
CEM solve time: 33.9032 seconds
CEM solve time: 31.5653 seconds
CEM solve time: 30.4762 seconds
CEM solve time: 29.8344 seconds
CEM solve time: 29.4340 seconds
CEM solve time: 28.8034 seconds
CEM solve time: 28.8156 seconds
CEM solve time: 28.1619 seconds
CEM solve time: 27.9495 seconds
CEM solve time: 27.3023 seconds
CEM solve time: 27.1357 seconds
[RESULT] score=block angle=5deg  SR=51.17%  (131/256)
[dspark] commit=fixed theta=0.5 re-drafts=1791 advances=3509 mean_commit_depth=2.00 redraft/advance=0.510 (GDM=1.000; lower=fewer diffusion calls)

==== FF-JEPA eval summary ====
mode=long subgoal=dspark num_eval=256 seed=42 cem_seed=42 eval_filter=none
  score=block   20deg :  66.02%  (169/256)
  score=block    5deg :  51.17%  (131/256)
