=== derived-config spec (k=3): pop=unf t150 seed=43 ===
/lustre/home/ha676/le-wm/.venv/lib/python3.11/site-packages/stable_worldmodel/envs/__init__.py:215: UserWarning: ale-py not found; ALE/* envs are unavailable. Install with: pip install 'stable-worldmodel[env]' or pip install ale-py.
  from stable_worldmodel.envs import ale  # noqa: F401
2026-07-13 14:09:00.744 | INFO     | stable_worldmodel.wm.utils:_resolve_hf:149 - Loading quentinll/lewm-pusht from local cache...
2026-07-13 14:09:00.744 | INFO     | stable_worldmodel.wm.utils:_resolve_folder:137 - Loading checkpoint from folder /lustre/home/ha676/.stable_worldmodel/checkpoints/models--quentinll--lewm-pusht...
/lustre/home/ha676/le-wm/.venv/lib/python3.11/site-packages/stable_worldmodel/wm/utils.py:80: FutureWarning: You are using `torch.load` with `weights_only=False` (the current default value), which uses the default pickle module implicitly. It is possible to construct malicious pickle data which will execute arbitrary code during unpickling (See https://github.com/pytorch/pytorch/blob/main/SECURITY.md#untrusted-models for more details). In a future release, the default value for `weights_only` will be flipped to `True`. This limits the functions that could be executed during unpickling. Arbitrary objects will no longer be allowed to be loaded via this mode unless they are explicitly allowlisted by the user via `torch.serialization.add_safe_globals`. We recommend you start setting `weights_only=True` for any use case where you don't have full control of the loaded file. Please open an issue on GitHub for any issues related to this experimental feature.
  state_dict = torch.load(checkpoint_path, map_location='cpu')
14:09:06 | INFO  | atomic_chec~| [atomic_save] installed crash-safe checkpoint plugin (write to sibling .tmp + fsync + atomic rename)
14:09:06 | INFO  | utils.py    | Created ViT-tiny from scratch with config: {'hidden_size': 192, 'num_hidden_layers': 12, 'num_attention_heads': 3, 'intermediate_size': 768, 'image_size': 224, 'patch_size': 14}
[model] frozen LeWM (18.03M), device=cuda, training=False, subgoal=specaccept
[gdm] planner from gdm_stride10.pt: head=53.34M, N=3 WG=1 gamma=1.0 T=1000 sampler=ddim/3-steps param=eps schedule=linear norm=standardize
14:09:07 | INFO  | __init__.py | Cached 'action' from '/lustre/home/ha676/data/pusht/pusht_expert_train.h5'
14:09:07 | INFO  | __init__.py | Cached 'proprio' from '/lustre/home/ha676/data/pusht/pusht_expert_train.h5'
14:09:07 | INFO  | __init__.py | Cached 'state' from '/lustre/home/ha676/data/pusht/pusht_expert_train.h5'
/lustre/home/ha676/le-wm/.venv/lib/python3.11/site-packages/gymnasium/spaces/box.py:415: UserWarning: [33mWARN: Casting input x to numpy array.[0m
  gym.logger.warn("Casting input x to numpy array.")
/lustre/home/ha676/le-wm/.venv/lib/python3.11/site-packages/gymnasium/utils/passive_env_checker.py:157: UserWarning: [33mWARN: The obs returned by the `step()` method is not within the observation space.[0m
  logger.warn(f"{pre} is not within the observation space.")
/lustre/home/ha676/le-wm/.venv/lib/python3.11/site-packages/gymnasium/spaces/box.py:415: UserWarning: [33mWARN: Casting input x to numpy array.[0m
  gym.logger.warn("Casting input x to numpy array.")
/lustre/home/ha676/le-wm/.venv/lib/python3.11/site-packages/gymnasium/utils/passive_env_checker.py:157: UserWarning: [33mWARN: The obs returned by the `step()` method is not within the observation space.[0m
  logger.warn(f"{pre} is not within the observation space.")
[episodes-file] pusht.episodes150.json: 256 precomputed pairs (goal_offset=150, seed=42, eval_filter=None) -- sample_long/short bypassed
[eval] mode=long start=final num_eval=256 goal_offset=150 budget=300 eval_filter=none
[eval] episodes_idx[:5]=[636, 688, 700, 834, 850] start_steps[:5]=[7, 7, 7, 34, 34]
[PIN] success = pos_diff<20 [block xy only (paper)] AND angle<20deg
CEM solve time: 54.8627 seconds
CEM solve time: 53.5591 seconds
CEM solve time: 53.3999 seconds
CEM solve time: 53.1035 seconds
CEM solve time: 52.9609 seconds
CEM solve time: 52.4807 seconds
CEM solve time: 51.0881 seconds
CEM solve time: 49.8668 seconds
CEM solve time: 48.3602 seconds
CEM solve time: 46.3184 seconds
CEM solve time: 44.0336 seconds
CEM solve time: 41.9590 seconds
CEM solve time: 38.7405 seconds
CEM solve time: 35.4572 seconds
CEM solve time: 33.2064 seconds
CEM solve time: 30.4166 seconds
CEM solve time: 27.4355 seconds
CEM solve time: 26.1038 seconds
CEM solve time: 25.6606 seconds
CEM solve time: 24.8781 seconds
CEM solve time: 24.8764 seconds
CEM solve time: 24.4246 seconds
CEM solve time: 24.2055 seconds
CEM solve time: 24.1937 seconds
CEM solve time: 23.9921 seconds
CEM solve time: 23.5113 seconds
CEM solve time: 23.3193 seconds
CEM solve time: 22.9051 seconds
CEM solve time: 22.9265 seconds
CEM solve time: 22.9252 seconds
[RESULT] score=block angle=20deg  SR=58.20%  (149/256)
[specaccept] tau=0.2 gdm_steps=3 re-drafts=2938 advances=2111 rejects=2244 call_ratio=0.582 (every-step=1.000; lower = fewer diffusion calls)
[PIN] success = pos_diff<20 [block xy only (paper)] AND angle<5deg
CEM solve time: 54.7635 seconds
CEM solve time: 54.0186 seconds
CEM solve time: 53.7644 seconds
CEM solve time: 53.6070 seconds
CEM solve time: 53.6345 seconds
CEM solve time: 53.6153 seconds
CEM solve time: 53.0707 seconds
CEM solve time: 52.4789 seconds
CEM solve time: 52.1976 seconds
CEM solve time: 50.5309 seconds
CEM solve time: 49.0129 seconds
CEM solve time: 46.8998 seconds
CEM solve time: 44.3592 seconds
CEM solve time: 42.9403 seconds
CEM solve time: 41.1809 seconds
CEM solve time: 39.7175 seconds
CEM solve time: 38.2221 seconds
CEM solve time: 37.0254 seconds
CEM solve time: 35.3823 seconds
CEM solve time: 34.3029 seconds
CEM solve time: 33.6571 seconds
CEM solve time: 32.5850 seconds
CEM solve time: 32.3850 seconds
CEM solve time: 31.3095 seconds
CEM solve time: 30.8383 seconds
CEM solve time: 30.4247 seconds
CEM solve time: 29.8324 seconds
CEM solve time: 29.5857 seconds
CEM solve time: 29.3140 seconds
CEM solve time: 29.1375 seconds
[RESULT] score=block angle=5deg  SR=47.27%  (121/256)
[specaccept] tau=0.2 gdm_steps=3 re-drafts=3347 advances=2485 rejects=2600 call_ratio=0.574 (every-step=1.000; lower = fewer diffusion calls)

==== FF-JEPA eval summary ====
mode=long subgoal=specaccept num_eval=256 seed=43 cem_seed=43 eval_filter=none
  score=block   20deg :  58.20%  (149/256)
  score=block    5deg :  47.27%  (121/256)
