=== pusht blind commit-2: k=4 t150 seed=44 ===
/lustre/home/ha676/le-wm/.venv/lib/python3.11/site-packages/stable_worldmodel/envs/__init__.py:215: UserWarning: ale-py not found; ALE/* envs are unavailable. Install with: pip install 'stable-worldmodel[env]' or pip install ale-py.
  from stable_worldmodel.envs import ale  # noqa: F401
2026-07-13 11:21:55.802 | INFO     | stable_worldmodel.wm.utils:_resolve_hf:149 - Loading quentinll/lewm-pusht from local cache...
2026-07-13 11:21:55.803 | INFO     | stable_worldmodel.wm.utils:_resolve_folder:137 - Loading checkpoint from folder /lustre/home/ha676/.stable_worldmodel/checkpoints/models--quentinll--lewm-pusht...
/lustre/home/ha676/le-wm/.venv/lib/python3.11/site-packages/stable_worldmodel/wm/utils.py:80: FutureWarning: You are using `torch.load` with `weights_only=False` (the current default value), which uses the default pickle module implicitly. It is possible to construct malicious pickle data which will execute arbitrary code during unpickling (See https://github.com/pytorch/pytorch/blob/main/SECURITY.md#untrusted-models for more details). In a future release, the default value for `weights_only` will be flipped to `True`. This limits the functions that could be executed during unpickling. Arbitrary objects will no longer be allowed to be loaded via this mode unless they are explicitly allowlisted by the user via `torch.serialization.add_safe_globals`. We recommend you start setting `weights_only=True` for any use case where you don't have full control of the loaded file. Please open an issue on GitHub for any issues related to this experimental feature.
  state_dict = torch.load(checkpoint_path, map_location='cpu')
11:22:04 | INFO  | atomic_chec~| [atomic_save] installed crash-safe checkpoint plugin (write to sibling .tmp + fsync + atomic rename)
11:22:04 | INFO  | utils.py    | Created ViT-tiny from scratch with config: {'hidden_size': 192, 'num_hidden_layers': 12, 'num_attention_heads': 3, 'intermediate_size': 768, 'image_size': 224, 'patch_size': 14}
[model] frozen LeWM (18.03M), device=cuda, training=False, subgoal=dspark
[gdm] planner from gdm_stride10.pt: head=53.34M, N=3 WG=1 gamma=1.0 T=1000 sampler=ddim/4-steps param=eps schedule=linear norm=standardize
11:22:07 | INFO  | __init__.py | Cached 'action' from '/lustre/home/ha676/data/pusht/pusht_expert_train.h5'
11:22:09 | INFO  | __init__.py | Cached 'proprio' from '/lustre/home/ha676/data/pusht/pusht_expert_train.h5'
11:22:09 | INFO  | __init__.py | Cached 'state' from '/lustre/home/ha676/data/pusht/pusht_expert_train.h5'
/lustre/home/ha676/le-wm/.venv/lib/python3.11/site-packages/gymnasium/spaces/box.py:415: UserWarning: [33mWARN: Casting input x to numpy array.[0m
  gym.logger.warn("Casting input x to numpy array.")
/lustre/home/ha676/le-wm/.venv/lib/python3.11/site-packages/gymnasium/utils/passive_env_checker.py:157: UserWarning: [33mWARN: The obs returned by the `step()` method is not within the observation space.[0m
  logger.warn(f"{pre} is not within the observation space.")
/lustre/home/ha676/le-wm/.venv/lib/python3.11/site-packages/gymnasium/spaces/box.py:415: UserWarning: [33mWARN: Casting input x to numpy array.[0m
  gym.logger.warn("Casting input x to numpy array.")
/lustre/home/ha676/le-wm/.venv/lib/python3.11/site-packages/gymnasium/utils/passive_env_checker.py:157: UserWarning: [33mWARN: The obs returned by the `step()` method is not within the observation space.[0m
  logger.warn(f"{pre} is not within the observation space.")
[episodes-file] pusht.episodes150.json: 256 precomputed pairs (goal_offset=150, seed=42, eval_filter=None) -- sample_long/short bypassed
[eval] mode=long start=final num_eval=256 goal_offset=150 budget=300 eval_filter=none
[eval] episodes_idx[:5]=[636, 688, 700, 834, 850] start_steps[:5]=[7, 7, 7, 34, 34]
[PIN] success = pos_diff<20 [block xy only (paper)] AND angle<20deg
CEM solve time: 55.2561 seconds
CEM solve time: 53.4287 seconds
CEM solve time: 52.7434 seconds
CEM solve time: 52.5064 seconds
CEM solve time: 52.2864 seconds
CEM solve time: 50.9850 seconds
CEM solve time: 48.9017 seconds
CEM solve time: 47.7603 seconds
CEM solve time: 46.5124 seconds
CEM solve time: 43.2849 seconds
CEM solve time: 41.6205 seconds
CEM solve time: 38.6132 seconds
CEM solve time: 34.5510 seconds
CEM solve time: 31.5854 seconds
CEM solve time: 28.6164 seconds
CEM solve time: 27.5410 seconds
CEM solve time: 25.8391 seconds
CEM solve time: 24.9696 seconds
CEM solve time: 24.5535 seconds
CEM solve time: 24.3561 seconds
CEM solve time: 23.4619 seconds
CEM solve time: 23.2424 seconds
CEM solve time: 23.0125 seconds
CEM solve time: 22.8009 seconds
CEM solve time: 22.5713 seconds
CEM solve time: 22.3720 seconds
CEM solve time: 22.3729 seconds
CEM solve time: 22.3599 seconds
CEM solve time: 22.1589 seconds
CEM solve time: 22.1506 seconds
[RESULT] score=block angle=20deg  SR=59.38%  (152/256)
[dspark] commit=fixed theta=0.5 re-drafts=2455 advances=4836 mean_commit_depth=2.00 redraft/advance=0.508 (GDM=1.000; lower=fewer diffusion calls)
[PIN] success = pos_diff<20 [block xy only (paper)] AND angle<5deg
CEM solve time: 54.5646 seconds
CEM solve time: 53.7753 seconds
CEM solve time: 53.3962 seconds
CEM solve time: 53.1645 seconds
CEM solve time: 53.1670 seconds
CEM solve time: 52.9275 seconds
CEM solve time: 52.6889 seconds
CEM solve time: 52.4846 seconds
CEM solve time: 51.8397 seconds
CEM solve time: 50.1727 seconds
CEM solve time: 47.7529 seconds
CEM solve time: 45.0860 seconds
CEM solve time: 41.4355 seconds
CEM solve time: 38.8833 seconds
CEM solve time: 36.5046 seconds
CEM solve time: 34.5657 seconds
CEM solve time: 33.4704 seconds
CEM solve time: 33.2560 seconds
CEM solve time: 32.6453 seconds
CEM solve time: 32.1931 seconds
CEM solve time: 31.3354 seconds
CEM solve time: 30.7137 seconds
CEM solve time: 30.2647 seconds
CEM solve time: 29.4245 seconds
CEM solve time: 29.0384 seconds
CEM solve time: 28.8094 seconds
CEM solve time: 28.6120 seconds
CEM solve time: 28.6166 seconds
CEM solve time: 28.4033 seconds
CEM solve time: 28.1756 seconds
[RESULT] score=block angle=5deg  SR=48.44%  (124/256)
[dspark] commit=fixed theta=0.5 re-drafts=2836 advances=5611 mean_commit_depth=2.00 redraft/advance=0.505 (GDM=1.000; lower=fewer diffusion calls)

==== FF-JEPA eval summary ====
mode=long subgoal=dspark num_eval=256 seed=44 cem_seed=44 eval_filter=none
  score=block   20deg :  59.38%  (152/256)
  score=block    5deg :  48.44%  (124/256)
