=== gap-fill B: paper-protocol t75 t75_gdm seed=43 ===
/lustre/home/ha676/le-wm/.venv/lib/python3.11/site-packages/stable_worldmodel/envs/__init__.py:215: UserWarning: ale-py not found; ALE/* envs are unavailable. Install with: pip install 'stable-worldmodel[env]' or pip install ale-py.
  from stable_worldmodel.envs import ale  # noqa: F401
2026-07-13 17:13:03.753 | INFO     | stable_worldmodel.wm.utils:_resolve_hf:149 - Loading quentinll/lewm-pusht from local cache...
2026-07-13 17:13:03.755 | INFO     | stable_worldmodel.wm.utils:_resolve_folder:137 - Loading checkpoint from folder /lustre/home/ha676/.stable_worldmodel/checkpoints/models--quentinll--lewm-pusht...
/lustre/home/ha676/le-wm/.venv/lib/python3.11/site-packages/stable_worldmodel/wm/utils.py:80: FutureWarning: You are using `torch.load` with `weights_only=False` (the current default value), which uses the default pickle module implicitly. It is possible to construct malicious pickle data which will execute arbitrary code during unpickling (See https://github.com/pytorch/pytorch/blob/main/SECURITY.md#untrusted-models for more details). In a future release, the default value for `weights_only` will be flipped to `True`. This limits the functions that could be executed during unpickling. Arbitrary objects will no longer be allowed to be loaded via this mode unless they are explicitly allowlisted by the user via `torch.serialization.add_safe_globals`. We recommend you start setting `weights_only=True` for any use case where you don't have full control of the loaded file. Please open an issue on GitHub for any issues related to this experimental feature.
  state_dict = torch.load(checkpoint_path, map_location='cpu')
17:13:33 | INFO  | atomic_chec~| [atomic_save] installed crash-safe checkpoint plugin (write to sibling .tmp + fsync + atomic rename)
17:13:33 | INFO  | utils.py    | Created ViT-tiny from scratch with config: {'hidden_size': 192, 'num_hidden_layers': 12, 'num_attention_heads': 3, 'intermediate_size': 768, 'image_size': 224, 'patch_size': 14}
[model] frozen LeWM (18.03M), device=cuda, training=False, subgoal=gdm
[gdm] planner from gdm_stride10.pt: head=53.34M, N=3 WG=1 gamma=1.0 T=1000 sampler=ddim/50-steps param=eps schedule=linear norm=standardize
17:13:38 | INFO  | __init__.py | Cached 'action' from '/lustre/home/ha676/data/pusht/pusht_expert_train.h5'
17:13:40 | INFO  | __init__.py | Cached 'proprio' from '/lustre/home/ha676/data/pusht/pusht_expert_train.h5'
17:13:43 | INFO  | __init__.py | Cached 'state' from '/lustre/home/ha676/data/pusht/pusht_expert_train.h5'
/lustre/home/ha676/le-wm/.venv/lib/python3.11/site-packages/gymnasium/spaces/box.py:415: UserWarning: [33mWARN: Casting input x to numpy array.[0m
  gym.logger.warn("Casting input x to numpy array.")
/lustre/home/ha676/le-wm/.venv/lib/python3.11/site-packages/gymnasium/spaces/box.py:415: UserWarning: [33mWARN: Casting input x to numpy array.[0m
  gym.logger.warn("Casting input x to numpy array.")
[eval-filter] success@5deg: 9094/18685 episodes eligible (goal frame reaches the canonical target)
[eval] mode=long start=final num_eval=256 goal_offset=75 budget=150 eval_filter=success5
[eval] episodes_idx[:5]=[31, 32, 148, 181, 249] start_steps[:5]=[33, 33, 55, 55, 8]
[PIN] success = pos_diff<20 [block xy only (paper)] AND angle<20deg
CEM solve time: 55.7109 seconds
CEM solve time: 52.2871 seconds
CEM solve time: 48.8979 seconds
CEM solve time: 46.7480 seconds
CEM solve time: 40.4556 seconds
CEM solve time: 33.5979 seconds
CEM solve time: 27.4006 seconds
CEM solve time: 20.9694 seconds
CEM solve time: 13.4970 seconds
CEM solve time: 9.0029 seconds
CEM solve time: 5.9998 seconds
CEM solve time: 4.2805 seconds
CEM solve time: 2.7858 seconds
CEM solve time: 2.3550 seconds
CEM solve time: 1.4992 seconds
[RESULT] score=block angle=20deg  SR=97.27%  (249/256)
[PIN] success = pos_diff<20 [block xy only (paper)] AND angle<5deg
CEM solve time: 54.8022 seconds
CEM solve time: 53.9377 seconds
CEM solve time: 52.2356 seconds
CEM solve time: 50.9637 seconds
CEM solve time: 46.6620 seconds
CEM solve time: 41.0920 seconds
CEM solve time: 32.9687 seconds
CEM solve time: 27.1805 seconds
CEM solve time: 17.7970 seconds
CEM solve time: 13.2694 seconds
CEM solve time: 10.4839 seconds
CEM solve time: 8.1327 seconds
CEM solve time: 6.8507 seconds
CEM solve time: 5.7857 seconds
CEM solve time: 4.0675 seconds
[RESULT] score=block angle=5deg  SR=94.53%  (242/256)

==== FF-JEPA eval summary ====
mode=long subgoal=gdm num_eval=256 seed=43 cem_seed=43 eval_filter=success5
  score=block   20deg :  97.27%  (249/256)
  score=block    5deg :  94.53%  (242/256)
