/lustre/home/ha676/le-wm/.venv/lib/python3.11/site-packages/stable_worldmodel/envs/__init__.py:215: UserWarning: ale-py not found; ALE/* envs are unavailable. Install with: pip install 'stable-worldmodel[env]' or pip install ale-py.
  from stable_worldmodel.envs import ale  # noqa: F401
2026-07-13 11:47:57.175 | INFO     | stable_worldmodel.wm.utils:_resolve_hf:149 - Loading quentinll/lewm-pusht from local cache...
2026-07-13 11:47:57.175 | INFO     | stable_worldmodel.wm.utils:_resolve_folder:137 - Loading checkpoint from folder /lustre/home/ha676/.stable_worldmodel/checkpoints/models--quentinll--lewm-pusht...
/lustre/home/ha676/le-wm/.venv/lib/python3.11/site-packages/stable_worldmodel/wm/utils.py:80: FutureWarning: You are using `torch.load` with `weights_only=False` (the current default value), which uses the default pickle module implicitly. It is possible to construct malicious pickle data which will execute arbitrary code during unpickling (See https://github.com/pytorch/pytorch/blob/main/SECURITY.md#untrusted-models for more details). In a future release, the default value for `weights_only` will be flipped to `True`. This limits the functions that could be executed during unpickling. Arbitrary objects will no longer be allowed to be loaded via this mode unless they are explicitly allowlisted by the user via `torch.serialization.add_safe_globals`. We recommend you start setting `weights_only=True` for any use case where you don't have full control of the loaded file. Please open an issue on GitHub for any issues related to this experimental feature.
  state_dict = torch.load(checkpoint_path, map_location='cpu')
11:48:02 | INFO  | atomic_chec~| [atomic_save] installed crash-safe checkpoint plugin (write to sibling .tmp + fsync + atomic rename)
11:48:03 | INFO  | utils.py    | Created ViT-tiny from scratch with config: {'hidden_size': 192, 'num_hidden_layers': 12, 'num_attention_heads': 3, 'intermediate_size': 768, 'image_size': 224, 'patch_size': 14}
[model] frozen LeWM (18.03M), device=cuda, training=False, subgoal=dspark
[gdm] planner from gdm_stride10.pt: head=53.34M, N=3 WG=1 gamma=1.0 T=1000 sampler=ddim/8-steps param=eps schedule=linear norm=standardize
11:48:04 | INFO  | __init__.py | Cached 'action' from '/lustre/home/ha676/data/pusht/pusht_expert_train.h5'
11:48:04 | INFO  | __init__.py | Cached 'proprio' from '/lustre/home/ha676/data/pusht/pusht_expert_train.h5'
11:48:04 | INFO  | __init__.py | Cached 'state' from '/lustre/home/ha676/data/pusht/pusht_expert_train.h5'
/lustre/home/ha676/le-wm/.venv/lib/python3.11/site-packages/gymnasium/spaces/box.py:415: UserWarning: [33mWARN: Casting input x to numpy array.[0m
  gym.logger.warn("Casting input x to numpy array.")
/lustre/home/ha676/le-wm/.venv/lib/python3.11/site-packages/gymnasium/utils/passive_env_checker.py:157: UserWarning: [33mWARN: The obs returned by the `step()` method is not within the observation space.[0m
  logger.warn(f"{pre} is not within the observation space.")
/lustre/home/ha676/le-wm/.venv/lib/python3.11/site-packages/gymnasium/spaces/box.py:415: UserWarning: [33mWARN: Casting input x to numpy array.[0m
  gym.logger.warn("Casting input x to numpy array.")
/lustre/home/ha676/le-wm/.venv/lib/python3.11/site-packages/gymnasium/utils/passive_env_checker.py:157: UserWarning: [33mWARN: The obs returned by the `step()` method is not within the observation space.[0m
  logger.warn(f"{pre} is not within the observation space.")
[episodes-file] pusht.episodes150.json: 256 precomputed pairs (goal_offset=150, seed=42, eval_filter=None) -- sample_long/short bypassed
[eval] mode=long start=final num_eval=256 goal_offset=150 budget=300 eval_filter=none
[eval] episodes_idx[:5]=[636, 688, 700, 834, 850] start_steps[:5]=[7, 7, 7, 34, 34]
[PIN] success = pos_diff<20 [block xy only (paper)] AND angle<20deg
CEM solve time: 54.8772 seconds
CEM solve time: 53.2425 seconds
CEM solve time: 53.2440 seconds
CEM solve time: 53.0346 seconds
CEM solve time: 52.3941 seconds
CEM solve time: 51.5930 seconds
CEM solve time: 50.7133 seconds
CEM solve time: 49.4000 seconds
CEM solve time: 47.5301 seconds
CEM solve time: 45.9913 seconds
CEM solve time: 42.1772 seconds
CEM solve time: 39.2198 seconds
CEM solve time: 36.6297 seconds
CEM solve time: 33.4091 seconds
CEM solve time: 30.8981 seconds
CEM solve time: 28.9474 seconds
CEM solve time: 27.4391 seconds
CEM solve time: 26.8010 seconds
CEM solve time: 25.9317 seconds
CEM solve time: 25.5085 seconds
CEM solve time: 25.2983 seconds
CEM solve time: 25.0881 seconds
CEM solve time: 25.0812 seconds
CEM solve time: 24.6550 seconds
CEM solve time: 24.4513 seconds
CEM solve time: 24.2361 seconds
CEM solve time: 24.0150 seconds
CEM solve time: 23.6088 seconds
CEM solve time: 23.6024 seconds
CEM solve time: 23.3931 seconds
[RESULT] score=block angle=20deg  SR=57.03%  (146/256)
[dspark] commit=fixed theta=0.5 re-drafts=2555 advances=5036 mean_commit_depth=2.00 redraft/advance=0.507 (GDM=1.000; lower=fewer diffusion calls)
[PIN] success = pos_diff<20 [block xy only (paper)] AND angle<5deg
CEM solve time: 54.5258 seconds
CEM solve time: 53.6234 seconds
CEM solve time: 53.4276 seconds
CEM solve time: 53.2018 seconds
CEM solve time: 53.1956 seconds
CEM solve time: 52.8265 seconds
CEM solve time: 52.4008 seconds
CEM solve time: 51.9876 seconds
CEM solve time: 51.1889 seconds
CEM solve time: 50.9755 seconds
CEM solve time: 48.5653 seconds
CEM solve time: 45.5775 seconds
CEM solve time: 42.8529 seconds
CEM solve time: 41.5439 seconds
CEM solve time: 37.9317 seconds
CEM solve time: 35.3900 seconds
CEM solve time: 34.3005 seconds
CEM solve time: 33.2457 seconds
CEM solve time: 32.6241 seconds
CEM solve time: 31.9902 seconds
CEM solve time: 31.1518 seconds
CEM solve time: 30.0729 seconds
CEM solve time: 29.8439 seconds
CEM solve time: 29.4258 seconds
CEM solve time: 28.5239 seconds
CEM solve time: 28.3201 seconds
CEM solve time: 28.3227 seconds
CEM solve time: 28.1126 seconds
CEM solve time: 27.6850 seconds
CEM solve time: 27.6838 seconds
[RESULT] score=block angle=5deg  SR=49.22%  (126/256)
[dspark] commit=fixed theta=0.5 re-drafts=2847 advances=5635 mean_commit_depth=2.00 redraft/advance=0.505 (GDM=1.000; lower=fewer diffusion calls)

==== FF-JEPA eval summary ====
mode=long subgoal=dspark num_eval=256 seed=43 cem_seed=43 eval_filter=none
  score=block   20deg :  57.03%  (146/256)
  score=block    5deg :  49.22%  (126/256)
