/lustre/home/ha676/le-wm/.venv/lib/python3.11/site-packages/stable_worldmodel/envs/__init__.py:215: UserWarning: ale-py not found; ALE/* envs are unavailable. Install with: pip install 'stable-worldmodel[env]' or pip install ale-py.
  from stable_worldmodel.envs import ale  # noqa: F401
2026-07-13 11:47:59.258 | INFO     | stable_worldmodel.wm.utils:_resolve_hf:149 - Loading quentinll/lewm-pusht from local cache...
2026-07-13 11:47:59.259 | INFO     | stable_worldmodel.wm.utils:_resolve_folder:137 - Loading checkpoint from folder /lustre/home/ha676/.stable_worldmodel/checkpoints/models--quentinll--lewm-pusht...
/lustre/home/ha676/le-wm/.venv/lib/python3.11/site-packages/stable_worldmodel/wm/utils.py:80: FutureWarning: You are using `torch.load` with `weights_only=False` (the current default value), which uses the default pickle module implicitly. It is possible to construct malicious pickle data which will execute arbitrary code during unpickling (See https://github.com/pytorch/pytorch/blob/main/SECURITY.md#untrusted-models for more details). In a future release, the default value for `weights_only` will be flipped to `True`. This limits the functions that could be executed during unpickling. Arbitrary objects will no longer be allowed to be loaded via this mode unless they are explicitly allowlisted by the user via `torch.serialization.add_safe_globals`. We recommend you start setting `weights_only=True` for any use case where you don't have full control of the loaded file. Please open an issue on GitHub for any issues related to this experimental feature.
  state_dict = torch.load(checkpoint_path, map_location='cpu')
11:48:06 | INFO  | atomic_chec~| [atomic_save] installed crash-safe checkpoint plugin (write to sibling .tmp + fsync + atomic rename)
11:48:06 | INFO  | utils.py    | Created ViT-tiny from scratch with config: {'hidden_size': 192, 'num_hidden_layers': 12, 'num_attention_heads': 3, 'intermediate_size': 768, 'image_size': 224, 'patch_size': 14}
[model] frozen LeWM (18.03M), device=cuda, training=False, subgoal=dspark
[gdm] planner from gdm_stride10.pt: head=53.34M, N=3 WG=1 gamma=1.0 T=1000 sampler=ddim/8-steps param=eps schedule=linear norm=standardize
11:48:07 | INFO  | __init__.py | Cached 'action' from '/lustre/home/ha676/data/pusht/pusht_expert_train.h5'
11:48:07 | INFO  | __init__.py | Cached 'proprio' from '/lustre/home/ha676/data/pusht/pusht_expert_train.h5'
11:48:07 | INFO  | __init__.py | Cached 'state' from '/lustre/home/ha676/data/pusht/pusht_expert_train.h5'
/lustre/home/ha676/le-wm/.venv/lib/python3.11/site-packages/gymnasium/spaces/box.py:415: UserWarning: [33mWARN: Casting input x to numpy array.[0m
  gym.logger.warn("Casting input x to numpy array.")
/lustre/home/ha676/le-wm/.venv/lib/python3.11/site-packages/gymnasium/utils/passive_env_checker.py:157: UserWarning: [33mWARN: The obs returned by the `step()` method is not within the observation space.[0m
  logger.warn(f"{pre} is not within the observation space.")
/lustre/home/ha676/le-wm/.venv/lib/python3.11/site-packages/gymnasium/spaces/box.py:415: UserWarning: [33mWARN: Casting input x to numpy array.[0m
  gym.logger.warn("Casting input x to numpy array.")
/lustre/home/ha676/le-wm/.venv/lib/python3.11/site-packages/gymnasium/utils/passive_env_checker.py:157: UserWarning: [33mWARN: The obs returned by the `step()` method is not within the observation space.[0m
  logger.warn(f"{pre} is not within the observation space.")
[episodes-file] pusht.episodes150.json: 256 precomputed pairs (goal_offset=150, seed=42, eval_filter=None) -- sample_long/short bypassed
[eval] mode=long start=final num_eval=256 goal_offset=150 budget=300 eval_filter=none
[eval] episodes_idx[:5]=[636, 688, 700, 834, 850] start_steps[:5]=[7, 7, 7, 34, 34]
[PIN] success = pos_diff<20 [block xy only (paper)] AND angle<20deg
CEM solve time: 55.0391 seconds
CEM solve time: 53.6001 seconds
CEM solve time: 53.3941 seconds
CEM solve time: 53.3693 seconds
CEM solve time: 52.5262 seconds
CEM solve time: 52.3408 seconds
CEM solve time: 50.8781 seconds
CEM solve time: 50.2144 seconds
CEM solve time: 47.8429 seconds
CEM solve time: 45.4544 seconds
CEM solve time: 41.8009 seconds
CEM solve time: 39.5055 seconds
CEM solve time: 37.1303 seconds
CEM solve time: 32.8282 seconds
CEM solve time: 30.4672 seconds
CEM solve time: 28.9130 seconds
CEM solve time: 27.6219 seconds
CEM solve time: 26.7679 seconds
CEM solve time: 25.6731 seconds
CEM solve time: 24.8327 seconds
CEM solve time: 24.6124 seconds
CEM solve time: 24.6016 seconds
CEM solve time: 23.7750 seconds
CEM solve time: 23.5613 seconds
CEM solve time: 23.5639 seconds
CEM solve time: 23.5785 seconds
CEM solve time: 23.3578 seconds
CEM solve time: 23.3618 seconds
CEM solve time: 23.1768 seconds
CEM solve time: 22.9648 seconds
[RESULT] score=block angle=20deg  SR=58.20%  (149/256)
[dspark] commit=fixed theta=0.5 re-drafts=2522 advances=4975 mean_commit_depth=2.00 redraft/advance=0.507 (GDM=1.000; lower=fewer diffusion calls)
[PIN] success = pos_diff<20 [block xy only (paper)] AND angle<5deg
CEM solve time: 54.9226 seconds
CEM solve time: 54.0599 seconds
CEM solve time: 53.7889 seconds
CEM solve time: 53.5399 seconds
CEM solve time: 53.3507 seconds
CEM solve time: 53.3462 seconds
CEM solve time: 52.9824 seconds
CEM solve time: 52.4880 seconds
CEM solve time: 51.7248 seconds
CEM solve time: 49.9008 seconds
CEM solve time: 47.8780 seconds
CEM solve time: 45.8562 seconds
CEM solve time: 43.1319 seconds
CEM solve time: 41.8273 seconds
CEM solve time: 38.4487 seconds
CEM solve time: 36.5067 seconds
CEM solve time: 34.1043 seconds
CEM solve time: 33.0146 seconds
CEM solve time: 32.5760 seconds
CEM solve time: 31.7013 seconds
CEM solve time: 30.8759 seconds
CEM solve time: 30.6533 seconds
CEM solve time: 29.5825 seconds
CEM solve time: 29.1279 seconds
CEM solve time: 28.4720 seconds
CEM solve time: 28.2549 seconds
CEM solve time: 28.2591 seconds
CEM solve time: 27.3919 seconds
CEM solve time: 27.3950 seconds
CEM solve time: 26.9795 seconds
[RESULT] score=block angle=5deg  SR=50.78%  (130/256)
[dspark] commit=fixed theta=0.5 re-drafts=2833 advances=5608 mean_commit_depth=2.00 redraft/advance=0.505 (GDM=1.000; lower=fewer diffusion calls)

==== FF-JEPA eval summary ====
mode=long subgoal=dspark num_eval=256 seed=44 cem_seed=44 eval_filter=none
  score=block   20deg :  58.20%  (149/256)
  score=block    5deg :  50.78%  (130/256)
