=== pusht blind commit-2: k=8 t150 seed=45 ===
/lustre/home/ha676/le-wm/.venv/lib/python3.11/site-packages/stable_worldmodel/envs/__init__.py:215: UserWarning: ale-py not found; ALE/* envs are unavailable. Install with: pip install 'stable-worldmodel[env]' or pip install ale-py.
  from stable_worldmodel.envs import ale  # noqa: F401
2026-07-13 11:47:59.258 | INFO     | stable_worldmodel.wm.utils:_resolve_hf:149 - Loading quentinll/lewm-pusht from local cache...
2026-07-13 11:47:59.259 | INFO     | stable_worldmodel.wm.utils:_resolve_folder:137 - Loading checkpoint from folder /lustre/home/ha676/.stable_worldmodel/checkpoints/models--quentinll--lewm-pusht...
/lustre/home/ha676/le-wm/.venv/lib/python3.11/site-packages/stable_worldmodel/wm/utils.py:80: FutureWarning: You are using `torch.load` with `weights_only=False` (the current default value), which uses the default pickle module implicitly. It is possible to construct malicious pickle data which will execute arbitrary code during unpickling (See https://github.com/pytorch/pytorch/blob/main/SECURITY.md#untrusted-models for more details). In a future release, the default value for `weights_only` will be flipped to `True`. This limits the functions that could be executed during unpickling. Arbitrary objects will no longer be allowed to be loaded via this mode unless they are explicitly allowlisted by the user via `torch.serialization.add_safe_globals`. We recommend you start setting `weights_only=True` for any use case where you don't have full control of the loaded file. Please open an issue on GitHub for any issues related to this experimental feature.
  state_dict = torch.load(checkpoint_path, map_location='cpu')
11:48:06 | INFO  | atomic_chec~| [atomic_save] installed crash-safe checkpoint plugin (write to sibling .tmp + fsync + atomic rename)
11:48:06 | INFO  | utils.py    | Created ViT-tiny from scratch with config: {'hidden_size': 192, 'num_hidden_layers': 12, 'num_attention_heads': 3, 'intermediate_size': 768, 'image_size': 224, 'patch_size': 14}
[model] frozen LeWM (18.03M), device=cuda, training=False, subgoal=dspark
[gdm] planner from gdm_stride10.pt: head=53.34M, N=3 WG=1 gamma=1.0 T=1000 sampler=ddim/8-steps param=eps schedule=linear norm=standardize
11:48:07 | INFO  | __init__.py | Cached 'action' from '/lustre/home/ha676/data/pusht/pusht_expert_train.h5'
11:48:07 | INFO  | __init__.py | Cached 'proprio' from '/lustre/home/ha676/data/pusht/pusht_expert_train.h5'
11:48:07 | INFO  | __init__.py | Cached 'state' from '/lustre/home/ha676/data/pusht/pusht_expert_train.h5'
/lustre/home/ha676/le-wm/.venv/lib/python3.11/site-packages/gymnasium/spaces/box.py:415: UserWarning: [33mWARN: Casting input x to numpy array.[0m
  gym.logger.warn("Casting input x to numpy array.")
/lustre/home/ha676/le-wm/.venv/lib/python3.11/site-packages/gymnasium/utils/passive_env_checker.py:157: UserWarning: [33mWARN: The obs returned by the `step()` method is not within the observation space.[0m
  logger.warn(f"{pre} is not within the observation space.")
/lustre/home/ha676/le-wm/.venv/lib/python3.11/site-packages/gymnasium/spaces/box.py:415: UserWarning: [33mWARN: Casting input x to numpy array.[0m
  gym.logger.warn("Casting input x to numpy array.")
/lustre/home/ha676/le-wm/.venv/lib/python3.11/site-packages/gymnasium/utils/passive_env_checker.py:157: UserWarning: [33mWARN: The obs returned by the `step()` method is not within the observation space.[0m
  logger.warn(f"{pre} is not within the observation space.")
[episodes-file] pusht.episodes150.json: 256 precomputed pairs (goal_offset=150, seed=42, eval_filter=None) -- sample_long/short bypassed
[eval] mode=long start=final num_eval=256 goal_offset=150 budget=300 eval_filter=none
[eval] episodes_idx[:5]=[636, 688, 700, 834, 850] start_steps[:5]=[7, 7, 7, 34, 34]
[PIN] success = pos_diff<20 [block xy only (paper)] AND angle<20deg
CEM solve time: 54.8252 seconds
CEM solve time: 53.4323 seconds
CEM solve time: 53.2148 seconds
CEM solve time: 53.2043 seconds
CEM solve time: 52.8463 seconds
CEM solve time: 52.1843 seconds
CEM solve time: 51.1540 seconds
CEM solve time: 49.7868 seconds
CEM solve time: 48.3155 seconds
CEM solve time: 45.6973 seconds
CEM solve time: 43.4124 seconds
CEM solve time: 40.0043 seconds
CEM solve time: 37.6614 seconds
CEM solve time: 34.8503 seconds
CEM solve time: 30.1663 seconds
CEM solve time: 27.9664 seconds
CEM solve time: 27.1208 seconds
CEM solve time: 25.8423 seconds
CEM solve time: 25.1928 seconds
CEM solve time: 24.7466 seconds
CEM solve time: 24.5679 seconds
CEM solve time: 23.9206 seconds
CEM solve time: 23.2836 seconds
CEM solve time: 23.2835 seconds
CEM solve time: 23.2831 seconds
CEM solve time: 23.1066 seconds
CEM solve time: 23.1056 seconds
CEM solve time: 22.6657 seconds
CEM solve time: 22.6685 seconds
CEM solve time: 22.4624 seconds
[RESULT] score=block angle=20deg  SR=58.98%  (151/256)
[dspark] commit=fixed theta=0.5 re-drafts=2529 advances=4977 mean_commit_depth=2.00 redraft/advance=0.508 (GDM=1.000; lower=fewer diffusion calls)
[PIN] success = pos_diff<20 [block xy only (paper)] AND angle<5deg
CEM solve time: 54.7893 seconds
CEM solve time: 53.8823 seconds
CEM solve time: 53.6066 seconds
CEM solve time: 53.4007 seconds
CEM solve time: 53.3952 seconds
CEM solve time: 52.9862 seconds
CEM solve time: 52.8162 seconds
CEM solve time: 52.3709 seconds
CEM solve time: 51.7945 seconds
CEM solve time: 49.5468 seconds
CEM solve time: 47.7230 seconds
CEM solve time: 45.2602 seconds
CEM solve time: 43.6590 seconds
CEM solve time: 42.5436 seconds
CEM solve time: 38.9338 seconds
CEM solve time: 36.7813 seconds
CEM solve time: 35.2945 seconds
CEM solve time: 34.1979 seconds
CEM solve time: 33.3505 seconds
CEM solve time: 33.1350 seconds
CEM solve time: 32.7089 seconds
CEM solve time: 31.4205 seconds
CEM solve time: 31.2322 seconds
CEM solve time: 30.7840 seconds
CEM solve time: 30.7888 seconds
CEM solve time: 30.1645 seconds
CEM solve time: 29.7236 seconds
CEM solve time: 29.7188 seconds
CEM solve time: 29.2856 seconds
CEM solve time: 29.0543 seconds
[RESULT] score=block angle=5deg  SR=47.27%  (121/256)
[dspark] commit=fixed theta=0.5 re-drafts=2895 advances=5727 mean_commit_depth=2.00 redraft/advance=0.506 (GDM=1.000; lower=fewer diffusion calls)

==== FF-JEPA eval summary ====
mode=long subgoal=dspark num_eval=256 seed=45 cem_seed=45 eval_filter=none
  score=block   20deg :  58.98%  (151/256)
  score=block    5deg :  47.27%  (121/256)
