/lustre/home/ha676/le-wm/.venv/lib/python3.11/site-packages/stable_worldmodel/envs/__init__.py:215: UserWarning: ale-py not found; ALE/* envs are unavailable. Install with: pip install 'stable-worldmodel[env]' or pip install ale-py.
  from stable_worldmodel.envs import ale  # noqa: F401
2026-07-13 13:57:23.994 | INFO     | stable_worldmodel.wm.utils:_resolve_hf:149 - Loading quentinll/lewm-pusht from local cache...
2026-07-13 13:57:23.996 | INFO     | stable_worldmodel.wm.utils:_resolve_folder:137 - Loading checkpoint from folder /lustre/home/ha676/.stable_worldmodel/checkpoints/models--quentinll--lewm-pusht...
/lustre/home/ha676/le-wm/.venv/lib/python3.11/site-packages/stable_worldmodel/wm/utils.py:80: FutureWarning: You are using `torch.load` with `weights_only=False` (the current default value), which uses the default pickle module implicitly. It is possible to construct malicious pickle data which will execute arbitrary code during unpickling (See https://github.com/pytorch/pytorch/blob/main/SECURITY.md#untrusted-models for more details). In a future release, the default value for `weights_only` will be flipped to `True`. This limits the functions that could be executed during unpickling. Arbitrary objects will no longer be allowed to be loaded via this mode unless they are explicitly allowlisted by the user via `torch.serialization.add_safe_globals`. We recommend you start setting `weights_only=True` for any use case where you don't have full control of the loaded file. Please open an issue on GitHub for any issues related to this experimental feature.
  state_dict = torch.load(checkpoint_path, map_location='cpu')
13:58:46 | INFO  | atomic_chec~| [atomic_save] installed crash-safe checkpoint plugin (write to sibling .tmp + fsync + atomic rename)
13:58:48 | INFO  | utils.py    | Created ViT-tiny from scratch with config: {'hidden_size': 192, 'num_hidden_layers': 12, 'num_attention_heads': 3, 'intermediate_size': 768, 'image_size': 224, 'patch_size': 14}
[model] frozen LeWM (18.03M), device=cuda, training=False, subgoal=specaccept
[gdm] planner from gdm_stride10.pt: head=53.34M, N=3 WG=1 gamma=1.0 T=1000 sampler=ddim/3-steps param=eps schedule=linear norm=standardize
13:59:24 | INFO  | __init__.py | Cached 'action' from '/lustre/home/ha676/data/pusht/pusht_expert_train.h5'
14:00:02 | INFO  | __init__.py | Cached 'proprio' from '/lustre/home/ha676/data/pusht/pusht_expert_train.h5'
14:00:35 | INFO  | __init__.py | Cached 'state' from '/lustre/home/ha676/data/pusht/pusht_expert_train.h5'
/lustre/home/ha676/le-wm/.venv/lib/python3.11/site-packages/gymnasium/spaces/box.py:415: UserWarning: [33mWARN: Casting input x to numpy array.[0m
  gym.logger.warn("Casting input x to numpy array.")
/lustre/home/ha676/le-wm/.venv/lib/python3.11/site-packages/gymnasium/spaces/box.py:415: UserWarning: [33mWARN: Casting input x to numpy array.[0m
  gym.logger.warn("Casting input x to numpy array.")
[episodes-file] pusht.episodes150s5.json: 256 precomputed pairs (goal_offset=150, seed=42, eval_filter=success5) -- sample_long/short bypassed
[eval] mode=long start=final num_eval=256 goal_offset=150 budget=300 eval_filter=none
[eval] episodes_idx[:5]=[618, 812, 816, 843, 863] start_steps[:5]=[7, 34, 34, 34, 34]
[PIN] success = pos_diff<20 [block xy only (paper)] AND angle<20deg
CEM solve time: 58.3685 seconds
CEM solve time: 54.7081 seconds
CEM solve time: 54.6977 seconds
CEM solve time: 54.6949 seconds
CEM solve time: 54.0956 seconds
CEM solve time: 53.7540 seconds
CEM solve time: 52.7613 seconds
CEM solve time: 51.6808 seconds
CEM solve time: 49.6169 seconds
CEM solve time: 45.4468 seconds
CEM solve time: 39.8827 seconds
CEM solve time: 36.7620 seconds
CEM solve time: 27.9597 seconds
CEM solve time: 23.2278 seconds
CEM solve time: 19.6310 seconds
CEM solve time: 15.3913 seconds
CEM solve time: 11.5421 seconds
CEM solve time: 10.4699 seconds
CEM solve time: 7.2643 seconds
CEM solve time: 5.5647 seconds
CEM solve time: 4.9163 seconds
CEM solve time: 4.0637 seconds
CEM solve time: 3.4216 seconds
CEM solve time: 2.7778 seconds
CEM solve time: 2.5707 seconds
CEM solve time: 1.7101 seconds
CEM solve time: 1.4977 seconds
CEM solve time: 1.2861 seconds
CEM solve time: 1.0694 seconds
CEM solve time: 1.0705 seconds
[RESULT] score=block angle=20deg  SR=98.44%  (252/256)
[specaccept] tau=0.2 gdm_steps=3 re-drafts=2126 advances=1377 rejects=1607 call_ratio=0.607 (every-step=1.000; lower = fewer diffusion calls)
[PIN] success = pos_diff<20 [block xy only (paper)] AND angle<5deg
CEM solve time: 54.5753 seconds
CEM solve time: 54.5924 seconds
CEM solve time: 54.6471 seconds
CEM solve time: 54.6470 seconds
CEM solve time: 54.4005 seconds
CEM solve time: 54.4537 seconds
CEM solve time: 54.2156 seconds
CEM solve time: 53.5717 seconds
CEM solve time: 52.5974 seconds
CEM solve time: 50.2151 seconds
CEM solve time: 46.8682 seconds
CEM solve time: 41.2376 seconds
CEM solve time: 34.3743 seconds
CEM solve time: 28.8371 seconds
CEM solve time: 23.4607 seconds
CEM solve time: 17.2791 seconds
CEM solve time: 13.6477 seconds
CEM solve time: 10.0156 seconds
CEM solve time: 8.7562 seconds
CEM solve time: 6.6202 seconds
CEM solve time: 5.7633 seconds
CEM solve time: 5.5484 seconds
CEM solve time: 5.3456 seconds
CEM solve time: 4.2718 seconds
CEM solve time: 3.8412 seconds
CEM solve time: 3.4192 seconds
CEM solve time: 2.7767 seconds
CEM solve time: 2.3488 seconds
CEM solve time: 1.9227 seconds
CEM solve time: 1.9248 seconds
[RESULT] score=block angle=5deg  SR=96.48%  (247/256)
[specaccept] tau=0.2 gdm_steps=3 re-drafts=2231 advances=1545 rejects=1687 call_ratio=0.591 (every-step=1.000; lower = fewer diffusion calls)

==== FF-JEPA eval summary ====
mode=long subgoal=specaccept num_eval=256 seed=42 cem_seed=42 eval_filter=none
  score=block   20deg :  98.44%  (252/256)
  score=block    5deg :  96.48%  (247/256)
