=== pusht blind commit-2: k=4 t150 seed=45 ===
/lustre/home/ha676/le-wm/.venv/lib/python3.11/site-packages/stable_worldmodel/envs/__init__.py:215: UserWarning: ale-py not found; ALE/* envs are unavailable. Install with: pip install 'stable-worldmodel[env]' or pip install ale-py.
  from stable_worldmodel.envs import ale  # noqa: F401
2026-07-13 11:21:55.800 | INFO     | stable_worldmodel.wm.utils:_resolve_hf:149 - Loading quentinll/lewm-pusht from local cache...
2026-07-13 11:21:55.801 | INFO     | stable_worldmodel.wm.utils:_resolve_folder:137 - Loading checkpoint from folder /lustre/home/ha676/.stable_worldmodel/checkpoints/models--quentinll--lewm-pusht...
/lustre/home/ha676/le-wm/.venv/lib/python3.11/site-packages/stable_worldmodel/wm/utils.py:80: FutureWarning: You are using `torch.load` with `weights_only=False` (the current default value), which uses the default pickle module implicitly. It is possible to construct malicious pickle data which will execute arbitrary code during unpickling (See https://github.com/pytorch/pytorch/blob/main/SECURITY.md#untrusted-models for more details). In a future release, the default value for `weights_only` will be flipped to `True`. This limits the functions that could be executed during unpickling. Arbitrary objects will no longer be allowed to be loaded via this mode unless they are explicitly allowlisted by the user via `torch.serialization.add_safe_globals`. We recommend you start setting `weights_only=True` for any use case where you don't have full control of the loaded file. Please open an issue on GitHub for any issues related to this experimental feature.
  state_dict = torch.load(checkpoint_path, map_location='cpu')
11:22:04 | INFO  | atomic_chec~| [atomic_save] installed crash-safe checkpoint plugin (write to sibling .tmp + fsync + atomic rename)
11:22:04 | INFO  | utils.py    | Created ViT-tiny from scratch with config: {'hidden_size': 192, 'num_hidden_layers': 12, 'num_attention_heads': 3, 'intermediate_size': 768, 'image_size': 224, 'patch_size': 14}
[model] frozen LeWM (18.03M), device=cuda, training=False, subgoal=dspark
[gdm] planner from gdm_stride10.pt: head=53.34M, N=3 WG=1 gamma=1.0 T=1000 sampler=ddim/4-steps param=eps schedule=linear norm=standardize
11:22:07 | INFO  | __init__.py | Cached 'action' from '/lustre/home/ha676/data/pusht/pusht_expert_train.h5'
11:22:09 | INFO  | __init__.py | Cached 'proprio' from '/lustre/home/ha676/data/pusht/pusht_expert_train.h5'
11:22:09 | INFO  | __init__.py | Cached 'state' from '/lustre/home/ha676/data/pusht/pusht_expert_train.h5'
/lustre/home/ha676/le-wm/.venv/lib/python3.11/site-packages/gymnasium/spaces/box.py:415: UserWarning: [33mWARN: Casting input x to numpy array.[0m
  gym.logger.warn("Casting input x to numpy array.")
/lustre/home/ha676/le-wm/.venv/lib/python3.11/site-packages/gymnasium/spaces/box.py:415: UserWarning: [33mWARN: Casting input x to numpy array.[0m
  gym.logger.warn("Casting input x to numpy array.")
[episodes-file] pusht.episodes150.json: 256 precomputed pairs (goal_offset=150, seed=42, eval_filter=None) -- sample_long/short bypassed
[eval] mode=long start=final num_eval=256 goal_offset=150 budget=300 eval_filter=none
[eval] episodes_idx[:5]=[636, 688, 700, 834, 850] start_steps[:5]=[7, 7, 7, 34, 34]
[PIN] success = pos_diff<20 [block xy only (paper)] AND angle<20deg
CEM solve time: 55.4090 seconds
CEM solve time: 53.4942 seconds
CEM solve time: 53.2723 seconds
CEM solve time: 53.2708 seconds
CEM solve time: 52.8680 seconds
CEM solve time: 52.2235 seconds
CEM solve time: 50.2983 seconds
CEM solve time: 49.1753 seconds
CEM solve time: 47.9843 seconds
CEM solve time: 45.3372 seconds
CEM solve time: 43.9086 seconds
CEM solve time: 40.6686 seconds
CEM solve time: 37.4568 seconds
CEM solve time: 34.8937 seconds
CEM solve time: 31.8915 seconds
CEM solve time: 28.8774 seconds
CEM solve time: 27.5780 seconds
CEM solve time: 26.5039 seconds
CEM solve time: 25.6623 seconds
CEM solve time: 24.7994 seconds
CEM solve time: 23.9602 seconds
CEM solve time: 23.9652 seconds
CEM solve time: 23.9609 seconds
CEM solve time: 23.7573 seconds
CEM solve time: 23.7537 seconds
CEM solve time: 23.7553 seconds
CEM solve time: 23.7560 seconds
CEM solve time: 23.7539 seconds
CEM solve time: 23.5451 seconds
CEM solve time: 23.5435 seconds
[RESULT] score=block angle=20deg  SR=57.03%  (146/256)
[dspark] commit=fixed theta=0.5 re-drafts=2545 advances=5013 mean_commit_depth=2.00 redraft/advance=0.508 (GDM=1.000; lower=fewer diffusion calls)
[PIN] success = pos_diff<20 [block xy only (paper)] AND angle<5deg
CEM solve time: 54.8587 seconds
CEM solve time: 53.9297 seconds
CEM solve time: 53.7047 seconds
CEM solve time: 53.4622 seconds
CEM solve time: 53.4662 seconds
CEM solve time: 53.2717 seconds
CEM solve time: 52.6620 seconds
CEM solve time: 52.4371 seconds
CEM solve time: 52.0312 seconds
CEM solve time: 50.9651 seconds
CEM solve time: 49.5895 seconds
CEM solve time: 47.7253 seconds
CEM solve time: 45.9850 seconds
CEM solve time: 42.5842 seconds
CEM solve time: 39.1746 seconds
CEM solve time: 37.0480 seconds
CEM solve time: 35.1023 seconds
CEM solve time: 34.4652 seconds
CEM solve time: 34.0354 seconds
CEM solve time: 33.1765 seconds
CEM solve time: 32.7500 seconds
CEM solve time: 30.8217 seconds
CEM solve time: 30.6176 seconds
CEM solve time: 30.1842 seconds
CEM solve time: 29.5287 seconds
CEM solve time: 29.0907 seconds
CEM solve time: 28.6229 seconds
CEM solve time: 28.4303 seconds
CEM solve time: 28.2127 seconds
CEM solve time: 27.9874 seconds
[RESULT] score=block angle=5deg  SR=49.22%  (126/256)
[dspark] commit=fixed theta=0.5 re-drafts=2899 advances=5729 mean_commit_depth=2.00 redraft/advance=0.506 (GDM=1.000; lower=fewer diffusion calls)

==== FF-JEPA eval summary ====
mode=long subgoal=dspark num_eval=256 seed=45 cem_seed=45 eval_filter=none
  score=block   20deg :  57.03%  (146/256)
  score=block    5deg :  49.22%  (126/256)
