/lustre/home/ha676/le-wm/.venv/lib/python3.11/site-packages/stable_worldmodel/envs/__init__.py:215: UserWarning: ale-py not found; ALE/* envs are unavailable. Install with: pip install 'stable-worldmodel[env]' or pip install ale-py.
  from stable_worldmodel.envs import ale  # noqa: F401
2026-07-13 14:08:29.429 | INFO     | stable_worldmodel.wm.utils:_resolve_hf:149 - Loading quentinll/lewm-pusht from local cache...
2026-07-13 14:08:29.429 | INFO     | stable_worldmodel.wm.utils:_resolve_folder:137 - Loading checkpoint from folder /lustre/home/ha676/.stable_worldmodel/checkpoints/models--quentinll--lewm-pusht...
/lustre/home/ha676/le-wm/.venv/lib/python3.11/site-packages/stable_worldmodel/wm/utils.py:80: FutureWarning: You are using `torch.load` with `weights_only=False` (the current default value), which uses the default pickle module implicitly. It is possible to construct malicious pickle data which will execute arbitrary code during unpickling (See https://github.com/pytorch/pytorch/blob/main/SECURITY.md#untrusted-models for more details). In a future release, the default value for `weights_only` will be flipped to `True`. This limits the functions that could be executed during unpickling. Arbitrary objects will no longer be allowed to be loaded via this mode unless they are explicitly allowlisted by the user via `torch.serialization.add_safe_globals`. We recommend you start setting `weights_only=True` for any use case where you don't have full control of the loaded file. Please open an issue on GitHub for any issues related to this experimental feature.
  state_dict = torch.load(checkpoint_path, map_location='cpu')
14:08:34 | INFO  | atomic_chec~| [atomic_save] installed crash-safe checkpoint plugin (write to sibling .tmp + fsync + atomic rename)
14:08:34 | INFO  | utils.py    | Created ViT-tiny from scratch with config: {'hidden_size': 192, 'num_hidden_layers': 12, 'num_attention_heads': 3, 'intermediate_size': 768, 'image_size': 224, 'patch_size': 14}
[model] frozen LeWM (18.03M), device=cuda, training=False, subgoal=specaccept
[gdm] planner from gdm_stride10.pt: head=53.34M, N=3 WG=1 gamma=1.0 T=1000 sampler=ddim/3-steps param=eps schedule=linear norm=standardize
14:08:35 | INFO  | __init__.py | Cached 'action' from '/lustre/home/ha676/data/pusht/pusht_expert_train.h5'
14:08:35 | INFO  | __init__.py | Cached 'proprio' from '/lustre/home/ha676/data/pusht/pusht_expert_train.h5'
14:08:35 | INFO  | __init__.py | Cached 'state' from '/lustre/home/ha676/data/pusht/pusht_expert_train.h5'
/lustre/home/ha676/le-wm/.venv/lib/python3.11/site-packages/gymnasium/spaces/box.py:415: UserWarning: [33mWARN: Casting input x to numpy array.[0m
  gym.logger.warn("Casting input x to numpy array.")
/lustre/home/ha676/le-wm/.venv/lib/python3.11/site-packages/gymnasium/spaces/box.py:415: UserWarning: [33mWARN: Casting input x to numpy array.[0m
  gym.logger.warn("Casting input x to numpy array.")
[episodes-file] pusht.episodes150.json: 256 precomputed pairs (goal_offset=150, seed=42, eval_filter=None) -- sample_long/short bypassed
[eval] mode=long start=final num_eval=256 goal_offset=150 budget=300 eval_filter=none
[eval] episodes_idx[:5]=[636, 688, 700, 834, 850] start_steps[:5]=[7, 7, 7, 34, 34]
[PIN] success = pos_diff<20 [block xy only (paper)] AND angle<20deg
CEM solve time: 54.7643 seconds
CEM solve time: 53.3807 seconds
CEM solve time: 52.9476 seconds
CEM solve time: 52.9197 seconds
CEM solve time: 52.2935 seconds
CEM solve time: 51.1758 seconds
CEM solve time: 49.0702 seconds
CEM solve time: 47.8022 seconds
CEM solve time: 46.2862 seconds
CEM solve time: 44.3797 seconds
CEM solve time: 42.4343 seconds
CEM solve time: 39.9763 seconds
CEM solve time: 36.8700 seconds
CEM solve time: 34.5486 seconds
CEM solve time: 30.0444 seconds
CEM solve time: 28.3563 seconds
CEM solve time: 27.3688 seconds
CEM solve time: 26.4509 seconds
CEM solve time: 25.7839 seconds
CEM solve time: 25.3830 seconds
CEM solve time: 24.7567 seconds
CEM solve time: 24.3294 seconds
CEM solve time: 24.1235 seconds
CEM solve time: 24.1479 seconds
CEM solve time: 23.6488 seconds
CEM solve time: 23.2890 seconds
CEM solve time: 23.2301 seconds
CEM solve time: 22.8252 seconds
CEM solve time: 22.8467 seconds
CEM solve time: 22.6022 seconds
[RESULT] score=block angle=20deg  SR=58.59%  (150/256)
[specaccept] tau=0.2 gdm_steps=3 re-drafts=2915 advances=2043 rejects=2256 call_ratio=0.588 (every-step=1.000; lower = fewer diffusion calls)
[PIN] success = pos_diff<20 [block xy only (paper)] AND angle<5deg
CEM solve time: 54.6409 seconds
CEM solve time: 53.8277 seconds
CEM solve time: 53.1198 seconds
CEM solve time: 53.1308 seconds
CEM solve time: 53.1640 seconds
CEM solve time: 52.9445 seconds
CEM solve time: 52.2859 seconds
CEM solve time: 51.4415 seconds
CEM solve time: 50.6095 seconds
CEM solve time: 48.9016 seconds
CEM solve time: 47.7133 seconds
CEM solve time: 44.2714 seconds
CEM solve time: 42.7067 seconds
CEM solve time: 39.6736 seconds
CEM solve time: 36.6883 seconds
CEM solve time: 34.4239 seconds
CEM solve time: 32.9185 seconds
CEM solve time: 32.0204 seconds
CEM solve time: 30.3853 seconds
CEM solve time: 29.6499 seconds
CEM solve time: 29.2494 seconds
CEM solve time: 28.3985 seconds
CEM solve time: 28.4419 seconds
CEM solve time: 28.1449 seconds
CEM solve time: 28.0006 seconds
CEM solve time: 27.9610 seconds
CEM solve time: 28.0094 seconds
CEM solve time: 27.9460 seconds
CEM solve time: 27.9932 seconds
CEM solve time: 27.5808 seconds
[RESULT] score=block angle=5deg  SR=50.39%  (129/256)
[specaccept] tau=0.2 gdm_steps=3 re-drafts=3169 advances=2339 rejects=2431 call_ratio=0.575 (every-step=1.000; lower = fewer diffusion calls)

==== FF-JEPA eval summary ====
mode=long subgoal=specaccept num_eval=256 seed=42 cem_seed=42 eval_filter=none
  score=block   20deg :  58.59%  (150/256)
  score=block    5deg :  50.39%  (129/256)
