=== pusht k=3 confirmation: speck3 seed=44 (t100) ===
/lustre/home/ha676/le-wm/.venv/lib/python3.11/site-packages/stable_worldmodel/envs/__init__.py:215: UserWarning: ale-py not found; ALE/* envs are unavailable. Install with: pip install 'stable-worldmodel[env]' or pip install ale-py.
  from stable_worldmodel.envs import ale  # noqa: F401
2026-07-13 13:21:10.179 | INFO     | stable_worldmodel.wm.utils:_resolve_hf:149 - Loading quentinll/lewm-pusht from local cache...
2026-07-13 13:21:10.181 | INFO     | stable_worldmodel.wm.utils:_resolve_folder:137 - Loading checkpoint from folder /lustre/home/ha676/.stable_worldmodel/checkpoints/models--quentinll--lewm-pusht...
/lustre/home/ha676/le-wm/.venv/lib/python3.11/site-packages/stable_worldmodel/wm/utils.py:80: FutureWarning: You are using `torch.load` with `weights_only=False` (the current default value), which uses the default pickle module implicitly. It is possible to construct malicious pickle data which will execute arbitrary code during unpickling (See https://github.com/pytorch/pytorch/blob/main/SECURITY.md#untrusted-models for more details). In a future release, the default value for `weights_only` will be flipped to `True`. This limits the functions that could be executed during unpickling. Arbitrary objects will no longer be allowed to be loaded via this mode unless they are explicitly allowlisted by the user via `torch.serialization.add_safe_globals`. We recommend you start setting `weights_only=True` for any use case where you don't have full control of the loaded file. Please open an issue on GitHub for any issues related to this experimental feature.
  state_dict = torch.load(checkpoint_path, map_location='cpu')
13:21:37 | INFO  | atomic_chec~| [atomic_save] installed crash-safe checkpoint plugin (write to sibling .tmp + fsync + atomic rename)
13:21:37 | INFO  | utils.py    | Created ViT-tiny from scratch with config: {'hidden_size': 192, 'num_hidden_layers': 12, 'num_attention_heads': 3, 'intermediate_size': 768, 'image_size': 224, 'patch_size': 14}
[model] frozen LeWM (18.03M), device=cuda, training=False, subgoal=specaccept
[gdm] planner from gdm_stride10.pt: head=53.34M, N=3 WG=1 gamma=1.0 T=1000 sampler=ddim/3-steps param=eps schedule=linear norm=standardize
13:21:39 | INFO  | __init__.py | Cached 'action' from '/lustre/home/ha676/data/pusht/pusht_expert_train.h5'
13:21:39 | INFO  | __init__.py | Cached 'proprio' from '/lustre/home/ha676/data/pusht/pusht_expert_train.h5'
13:21:39 | INFO  | __init__.py | Cached 'state' from '/lustre/home/ha676/data/pusht/pusht_expert_train.h5'
/lustre/home/ha676/le-wm/.venv/lib/python3.11/site-packages/gymnasium/spaces/box.py:415: UserWarning: [33mWARN: Casting input x to numpy array.[0m
  gym.logger.warn("Casting input x to numpy array.")
/lustre/home/ha676/le-wm/.venv/lib/python3.11/site-packages/gymnasium/utils/passive_env_checker.py:157: UserWarning: [33mWARN: The obs returned by the `step()` method is not within the observation space.[0m
  logger.warn(f"{pre} is not within the observation space.")
/lustre/home/ha676/le-wm/.venv/lib/python3.11/site-packages/gymnasium/spaces/box.py:415: UserWarning: [33mWARN: Casting input x to numpy array.[0m
  gym.logger.warn("Casting input x to numpy array.")
/lustre/home/ha676/le-wm/.venv/lib/python3.11/site-packages/gymnasium/utils/passive_env_checker.py:157: UserWarning: [33mWARN: The obs returned by the `step()` method is not within the observation space.[0m
  logger.warn(f"{pre} is not within the observation space.")
[episodes-file] pusht.episodes150as100.json: 256 precomputed pairs (goal_offset=100, seed=42, eval_filter=None) -- sample_long/short bypassed
[eval] mode=long start=final num_eval=256 goal_offset=100 budget=200 eval_filter=none
[eval] episodes_idx[:5]=[636, 688, 700, 834, 850] start_steps[:5]=[57, 57, 57, 84, 84]
[PIN] success = pos_diff<20 [block xy only (paper)] AND angle<20deg
CEM solve time: 54.7234 seconds
CEM solve time: 47.8787 seconds
CEM solve time: 46.8101 seconds
CEM solve time: 45.2973 seconds
CEM solve time: 43.1388 seconds
CEM solve time: 40.6038 seconds
CEM solve time: 38.2257 seconds
CEM solve time: 34.6010 seconds
CEM solve time: 30.7445 seconds
CEM solve time: 27.7988 seconds
CEM solve time: 25.8186 seconds
CEM solve time: 24.5637 seconds
CEM solve time: 23.2890 seconds
CEM solve time: 22.2085 seconds
CEM solve time: 21.5522 seconds
CEM solve time: 20.9278 seconds
CEM solve time: 20.0632 seconds
CEM solve time: 19.8573 seconds
CEM solve time: 19.6476 seconds
CEM solve time: 18.9893 seconds
[RESULT] score=block angle=20deg  SR=65.23%  (167/256)
[specaccept] tau=0.2 gdm_steps=3 re-drafts=1847 advances=1087 rejects=1424 call_ratio=0.630 (every-step=1.000; lower = fewer diffusion calls)
[PIN] success = pos_diff<20 [block xy only (paper)] AND angle<5deg
CEM solve time: 54.5855 seconds
CEM solve time: 50.5793 seconds
CEM solve time: 50.3384 seconds
CEM solve time: 49.9335 seconds
CEM solve time: 48.8736 seconds
CEM solve time: 46.2574 seconds
CEM solve time: 44.3968 seconds
CEM solve time: 42.9055 seconds
CEM solve time: 38.1901 seconds
CEM solve time: 34.5859 seconds
CEM solve time: 33.9330 seconds
CEM solve time: 32.8785 seconds
CEM solve time: 31.1883 seconds
CEM solve time: 30.1269 seconds
CEM solve time: 29.6570 seconds
CEM solve time: 29.0403 seconds
CEM solve time: 28.3762 seconds
CEM solve time: 27.9339 seconds
CEM solve time: 27.7357 seconds
CEM solve time: 27.1252 seconds
[RESULT] score=block angle=5deg  SR=50.78%  (130/256)
[specaccept] tau=0.2 gdm_steps=3 re-drafts=2178 advances=1377 rejects=1720 call_ratio=0.613 (every-step=1.000; lower = fewer diffusion calls)

==== FF-JEPA eval summary ====
mode=long subgoal=specaccept num_eval=256 seed=44 cem_seed=44 eval_filter=none
  score=block   20deg :  65.23%  (167/256)
  score=block    5deg :  50.78%  (130/256)
