=== gap-fill B: paper-protocol t75 t75_speck3 seed=44 ===
/lustre/home/ha676/le-wm/.venv/lib/python3.11/site-packages/stable_worldmodel/envs/__init__.py:215: UserWarning: ale-py not found; ALE/* envs are unavailable. Install with: pip install 'stable-worldmodel[env]' or pip install ale-py.
  from stable_worldmodel.envs import ale  # noqa: F401
2026-07-13 17:46:27.859 | INFO     | stable_worldmodel.wm.utils:_resolve_hf:149 - Loading quentinll/lewm-pusht from local cache...
2026-07-13 17:46:27.859 | INFO     | stable_worldmodel.wm.utils:_resolve_folder:137 - Loading checkpoint from folder /lustre/home/ha676/.stable_worldmodel/checkpoints/models--quentinll--lewm-pusht...
/lustre/home/ha676/le-wm/.venv/lib/python3.11/site-packages/stable_worldmodel/wm/utils.py:80: FutureWarning: You are using `torch.load` with `weights_only=False` (the current default value), which uses the default pickle module implicitly. It is possible to construct malicious pickle data which will execute arbitrary code during unpickling (See https://github.com/pytorch/pytorch/blob/main/SECURITY.md#untrusted-models for more details). In a future release, the default value for `weights_only` will be flipped to `True`. This limits the functions that could be executed during unpickling. Arbitrary objects will no longer be allowed to be loaded via this mode unless they are explicitly allowlisted by the user via `torch.serialization.add_safe_globals`. We recommend you start setting `weights_only=True` for any use case where you don't have full control of the loaded file. Please open an issue on GitHub for any issues related to this experimental feature.
  state_dict = torch.load(checkpoint_path, map_location='cpu')
17:46:33 | INFO  | atomic_chec~| [atomic_save] installed crash-safe checkpoint plugin (write to sibling .tmp + fsync + atomic rename)
17:46:33 | INFO  | utils.py    | Created ViT-tiny from scratch with config: {'hidden_size': 192, 'num_hidden_layers': 12, 'num_attention_heads': 3, 'intermediate_size': 768, 'image_size': 224, 'patch_size': 14}
[model] frozen LeWM (18.03M), device=cuda, training=False, subgoal=specaccept
[gdm] planner from gdm_stride10.pt: head=53.34M, N=3 WG=1 gamma=1.0 T=1000 sampler=ddim/3-steps param=eps schedule=linear norm=standardize
17:46:34 | INFO  | __init__.py | Cached 'action' from '/lustre/home/ha676/data/pusht/pusht_expert_train.h5'
17:46:34 | INFO  | __init__.py | Cached 'proprio' from '/lustre/home/ha676/data/pusht/pusht_expert_train.h5'
17:46:34 | INFO  | __init__.py | Cached 'state' from '/lustre/home/ha676/data/pusht/pusht_expert_train.h5'
/lustre/home/ha676/le-wm/.venv/lib/python3.11/site-packages/gymnasium/spaces/box.py:415: UserWarning: [33mWARN: Casting input x to numpy array.[0m
  gym.logger.warn("Casting input x to numpy array.")
/lustre/home/ha676/le-wm/.venv/lib/python3.11/site-packages/gymnasium/spaces/box.py:415: UserWarning: [33mWARN: Casting input x to numpy array.[0m
  gym.logger.warn("Casting input x to numpy array.")
[eval-filter] success@5deg: 9094/18685 episodes eligible (goal frame reaches the canonical target)
[eval] mode=long start=final num_eval=256 goal_offset=75 budget=150 eval_filter=success5
[eval] episodes_idx[:5]=[11, 229, 244, 725, 739] start_steps[:5]=[33, 8, 8, 49, 49]
[PIN] success = pos_diff<20 [block xy only (paper)] AND angle<20deg
CEM solve time: 54.6025 seconds
CEM solve time: 51.7658 seconds
CEM solve time: 48.5152 seconds
CEM solve time: 45.9363 seconds
CEM solve time: 41.4955 seconds
CEM solve time: 33.5963 seconds
CEM solve time: 27.6475 seconds
CEM solve time: 19.7938 seconds
CEM solve time: 11.7192 seconds
CEM solve time: 6.8221 seconds
CEM solve time: 4.2645 seconds
CEM solve time: 3.1986 seconds
CEM solve time: 2.5595 seconds
CEM solve time: 1.9195 seconds
CEM solve time: 1.0676 seconds
[RESULT] score=block angle=20deg  SR=98.05%  (251/256)
[specaccept] tau=0.2 gdm_steps=3 re-drafts=999 advances=668 rejects=661 call_ratio=0.599 (every-step=1.000; lower = fewer diffusion calls)
[PIN] success = pos_diff<20 [block xy only (paper)] AND angle<5deg
CEM solve time: 54.4688 seconds
CEM solve time: 54.1569 seconds
CEM solve time: 53.2165 seconds
CEM solve time: 51.9777 seconds
CEM solve time: 48.6157 seconds
CEM solve time: 41.9605 seconds
CEM solve time: 34.9307 seconds
CEM solve time: 27.2651 seconds
CEM solve time: 19.8366 seconds
CEM solve time: 14.3002 seconds
CEM solve time: 11.0903 seconds
CEM solve time: 9.5791 seconds
CEM solve time: 8.7308 seconds
CEM solve time: 7.6693 seconds
CEM solve time: 6.6029 seconds
[RESULT] score=block angle=5deg  SR=88.28%  (226/256)
[specaccept] tau=0.2 gdm_steps=3 re-drafts=1235 advances=851 rejects=860 call_ratio=0.592 (every-step=1.000; lower = fewer diffusion calls)

==== FF-JEPA eval summary ====
mode=long subgoal=specaccept num_eval=256 seed=44 cem_seed=44 eval_filter=success5
  score=block   20deg :  98.05%  (251/256)
  score=block    5deg :  88.28%  (226/256)
