/lustre/home/ha676/le-wm/.venv/lib/python3.11/site-packages/stable_worldmodel/envs/__init__.py:215: UserWarning: ale-py not found; ALE/* envs are unavailable. Install with: pip install 'stable-worldmodel[env]' or pip install ale-py.
  from stable_worldmodel.envs import ale  # noqa: F401
2026-07-13 17:30:29.424 | INFO     | stable_worldmodel.wm.utils:_resolve_hf:149 - Loading quentinll/lewm-pusht from local cache...
2026-07-13 17:30:29.424 | INFO     | stable_worldmodel.wm.utils:_resolve_folder:137 - Loading checkpoint from folder /lustre/home/ha676/.stable_worldmodel/checkpoints/models--quentinll--lewm-pusht...
/lustre/home/ha676/le-wm/.venv/lib/python3.11/site-packages/stable_worldmodel/wm/utils.py:80: FutureWarning: You are using `torch.load` with `weights_only=False` (the current default value), which uses the default pickle module implicitly. It is possible to construct malicious pickle data which will execute arbitrary code during unpickling (See https://github.com/pytorch/pytorch/blob/main/SECURITY.md#untrusted-models for more details). In a future release, the default value for `weights_only` will be flipped to `True`. This limits the functions that could be executed during unpickling. Arbitrary objects will no longer be allowed to be loaded via this mode unless they are explicitly allowlisted by the user via `torch.serialization.add_safe_globals`. We recommend you start setting `weights_only=True` for any use case where you don't have full control of the loaded file. Please open an issue on GitHub for any issues related to this experimental feature.
  state_dict = torch.load(checkpoint_path, map_location='cpu')
17:30:36 | INFO  | atomic_chec~| [atomic_save] installed crash-safe checkpoint plugin (write to sibling .tmp + fsync + atomic rename)
17:30:36 | INFO  | utils.py    | Created ViT-tiny from scratch with config: {'hidden_size': 192, 'num_hidden_layers': 12, 'num_attention_heads': 3, 'intermediate_size': 768, 'image_size': 224, 'patch_size': 14}
[model] frozen LeWM (18.03M), device=cuda, training=False, subgoal=specaccept
[gdm] planner from gdm_stride10.pt: head=53.34M, N=3 WG=1 gamma=1.0 T=1000 sampler=ddim/3-steps param=eps schedule=linear norm=standardize
17:30:37 | INFO  | __init__.py | Cached 'action' from '/lustre/home/ha676/data/pusht/pusht_expert_train.h5'
17:30:37 | INFO  | __init__.py | Cached 'proprio' from '/lustre/home/ha676/data/pusht/pusht_expert_train.h5'
17:30:37 | INFO  | __init__.py | Cached 'state' from '/lustre/home/ha676/data/pusht/pusht_expert_train.h5'
/lustre/home/ha676/le-wm/.venv/lib/python3.11/site-packages/gymnasium/spaces/box.py:415: UserWarning: [33mWARN: Casting input x to numpy array.[0m
  gym.logger.warn("Casting input x to numpy array.")
/lustre/home/ha676/le-wm/.venv/lib/python3.11/site-packages/gymnasium/spaces/box.py:415: UserWarning: [33mWARN: Casting input x to numpy array.[0m
  gym.logger.warn("Casting input x to numpy array.")
[eval-filter] success@5deg: 9094/18685 episodes eligible (goal frame reaches the canonical target)
[eval] mode=long start=final num_eval=256 goal_offset=75 budget=150 eval_filter=success5
[eval] episodes_idx[:5]=[60, 250, 310, 522, 610] start_steps[:5]=[33, 8, 58, 50, 82]
[PIN] success = pos_diff<20 [block xy only (paper)] AND angle<20deg
CEM solve time: 55.0868 seconds
CEM solve time: 52.8157 seconds
CEM solve time: 49.8853 seconds
CEM solve time: 47.8643 seconds
CEM solve time: 43.8111 seconds
CEM solve time: 33.9340 seconds
CEM solve time: 29.2113 seconds
CEM solve time: 21.4806 seconds
CEM solve time: 13.7425 seconds
CEM solve time: 9.4502 seconds
CEM solve time: 7.2947 seconds
CEM solve time: 5.3665 seconds
CEM solve time: 4.7210 seconds
CEM solve time: 4.0785 seconds
CEM solve time: 3.2199 seconds
[RESULT] score=block angle=20deg  SR=96.48%  (247/256)
[specaccept] tau=0.2 gdm_steps=3 re-drafts=1084 advances=694 rejects=730 call_ratio=0.610 (every-step=1.000; lower = fewer diffusion calls)
[PIN] success = pos_diff<20 [block xy only (paper)] AND angle<5deg
CEM solve time: 54.8974 seconds
CEM solve time: 54.5301 seconds
CEM solve time: 51.7933 seconds
CEM solve time: 50.8982 seconds
CEM solve time: 47.6598 seconds
CEM solve time: 40.3628 seconds
CEM solve time: 36.4415 seconds
CEM solve time: 29.4154 seconds
CEM solve time: 20.8264 seconds
CEM solve time: 16.3258 seconds
CEM solve time: 14.3853 seconds
CEM solve time: 12.8699 seconds
CEM solve time: 10.7285 seconds
CEM solve time: 9.2211 seconds
CEM solve time: 7.9377 seconds
[RESULT] score=block angle=5deg  SR=87.50%  (224/256)
[specaccept] tau=0.2 gdm_steps=3 re-drafts=1317 advances=818 rejects=947 call_ratio=0.617 (every-step=1.000; lower = fewer diffusion calls)

==== FF-JEPA eval summary ====
mode=long subgoal=specaccept num_eval=256 seed=42 cem_seed=42 eval_filter=success5
  score=block   20deg :  96.48%  (247/256)
  score=block    5deg :  87.50%  (224/256)
