=== pusht k=3 confirmation: speck3 seed=42 (t100) ===
/lustre/home/ha676/le-wm/.venv/lib/python3.11/site-packages/stable_worldmodel/envs/__init__.py:215: UserWarning: ale-py not found; ALE/* envs are unavailable. Install with: pip install 'stable-worldmodel[env]' or pip install ale-py.
  from stable_worldmodel.envs import ale  # noqa: F401
2026-07-13 13:21:01.176 | INFO     | stable_worldmodel.wm.utils:_resolve_hf:149 - Loading quentinll/lewm-pusht from local cache...
2026-07-13 13:21:01.178 | INFO     | stable_worldmodel.wm.utils:_resolve_folder:137 - Loading checkpoint from folder /lustre/home/ha676/.stable_worldmodel/checkpoints/models--quentinll--lewm-pusht...
/lustre/home/ha676/le-wm/.venv/lib/python3.11/site-packages/stable_worldmodel/wm/utils.py:80: FutureWarning: You are using `torch.load` with `weights_only=False` (the current default value), which uses the default pickle module implicitly. It is possible to construct malicious pickle data which will execute arbitrary code during unpickling (See https://github.com/pytorch/pytorch/blob/main/SECURITY.md#untrusted-models for more details). In a future release, the default value for `weights_only` will be flipped to `True`. This limits the functions that could be executed during unpickling. Arbitrary objects will no longer be allowed to be loaded via this mode unless they are explicitly allowlisted by the user via `torch.serialization.add_safe_globals`. We recommend you start setting `weights_only=True` for any use case where you don't have full control of the loaded file. Please open an issue on GitHub for any issues related to this experimental feature.
  state_dict = torch.load(checkpoint_path, map_location='cpu')
13:21:38 | INFO  | atomic_chec~| [atomic_save] installed crash-safe checkpoint plugin (write to sibling .tmp + fsync + atomic rename)
13:21:38 | INFO  | utils.py    | Created ViT-tiny from scratch with config: {'hidden_size': 192, 'num_hidden_layers': 12, 'num_attention_heads': 3, 'intermediate_size': 768, 'image_size': 224, 'patch_size': 14}
[model] frozen LeWM (18.03M), device=cuda, training=False, subgoal=specaccept
[gdm] planner from gdm_stride10.pt: head=53.34M, N=3 WG=1 gamma=1.0 T=1000 sampler=ddim/3-steps param=eps schedule=linear norm=standardize
13:22:06 | INFO  | __init__.py | Cached 'action' from '/lustre/home/ha676/data/pusht/pusht_expert_train.h5'
13:22:36 | INFO  | __init__.py | Cached 'proprio' from '/lustre/home/ha676/data/pusht/pusht_expert_train.h5'
13:23:08 | INFO  | __init__.py | Cached 'state' from '/lustre/home/ha676/data/pusht/pusht_expert_train.h5'
/lustre/home/ha676/le-wm/.venv/lib/python3.11/site-packages/gymnasium/spaces/box.py:415: UserWarning: [33mWARN: Casting input x to numpy array.[0m
  gym.logger.warn("Casting input x to numpy array.")
/lustre/home/ha676/le-wm/.venv/lib/python3.11/site-packages/gymnasium/utils/passive_env_checker.py:157: UserWarning: [33mWARN: The obs returned by the `step()` method is not within the observation space.[0m
  logger.warn(f"{pre} is not within the observation space.")
/lustre/home/ha676/le-wm/.venv/lib/python3.11/site-packages/gymnasium/spaces/box.py:415: UserWarning: [33mWARN: Casting input x to numpy array.[0m
  gym.logger.warn("Casting input x to numpy array.")
/lustre/home/ha676/le-wm/.venv/lib/python3.11/site-packages/gymnasium/utils/passive_env_checker.py:157: UserWarning: [33mWARN: The obs returned by the `step()` method is not within the observation space.[0m
  logger.warn(f"{pre} is not within the observation space.")
[episodes-file] pusht.episodes150as100.json: 256 precomputed pairs (goal_offset=100, seed=42, eval_filter=None) -- sample_long/short bypassed
[eval] mode=long start=final num_eval=256 goal_offset=100 budget=200 eval_filter=none
[eval] episodes_idx[:5]=[636, 688, 700, 834, 850] start_steps[:5]=[57, 57, 57, 84, 84]
[PIN] success = pos_diff<20 [block xy only (paper)] AND angle<20deg
CEM solve time: 55.0529 seconds
CEM solve time: 47.4542 seconds
CEM solve time: 46.5836 seconds
CEM solve time: 44.5919 seconds
CEM solve time: 42.0408 seconds
CEM solve time: 40.1865 seconds
CEM solve time: 37.2015 seconds
CEM solve time: 33.4288 seconds
CEM solve time: 30.3237 seconds
CEM solve time: 28.0320 seconds
CEM solve time: 25.6882 seconds
CEM solve time: 24.7907 seconds
CEM solve time: 23.3230 seconds
CEM solve time: 22.8988 seconds
CEM solve time: 22.0144 seconds
CEM solve time: 21.3850 seconds
CEM solve time: 21.1934 seconds
CEM solve time: 20.5514 seconds
CEM solve time: 20.5488 seconds
CEM solve time: 20.5603 seconds
[RESULT] score=block angle=20deg  SR=62.89%  (161/256)
[specaccept] tau=0.2 gdm_steps=3 re-drafts=1876 advances=1059 rejects=1472 call_ratio=0.639 (every-step=1.000; lower = fewer diffusion calls)
[PIN] success = pos_diff<20 [block xy only (paper)] AND angle<5deg
CEM solve time: 54.5973 seconds
CEM solve time: 50.8744 seconds
CEM solve time: 49.8460 seconds
CEM solve time: 49.3949 seconds
CEM solve time: 47.6618 seconds
CEM solve time: 46.3129 seconds
CEM solve time: 43.9737 seconds
CEM solve time: 41.8474 seconds
CEM solve time: 38.5513 seconds
CEM solve time: 35.0672 seconds
CEM solve time: 32.5026 seconds
CEM solve time: 30.7987 seconds
CEM solve time: 29.5407 seconds
CEM solve time: 28.8500 seconds
CEM solve time: 28.0052 seconds
CEM solve time: 27.1448 seconds
CEM solve time: 26.9456 seconds
CEM solve time: 26.7516 seconds
CEM solve time: 26.5346 seconds
CEM solve time: 26.2708 seconds
[RESULT] score=block angle=5deg  SR=51.95%  (133/256)
[specaccept] tau=0.2 gdm_steps=3 re-drafts=2136 advances=1333 rejects=1681 call_ratio=0.616 (every-step=1.000; lower = fewer diffusion calls)

==== FF-JEPA eval summary ====
mode=long subgoal=specaccept num_eval=256 seed=42 cem_seed=42 eval_filter=none
  score=block   20deg :  62.89%  (161/256)
  score=block    5deg :  51.95%  (133/256)
