/lustre/home/ha676/le-wm/.venv/lib/python3.11/site-packages/stable_worldmodel/envs/__init__.py:215: UserWarning: ale-py not found; ALE/* envs are unavailable. Install with: pip install 'stable-worldmodel[env]' or pip install ale-py.
  from stable_worldmodel.envs import ale  # noqa: F401
2026-07-13 11:19:11.840 | INFO     | stable_worldmodel.wm.utils:_resolve_hf:149 - Loading quentinll/lewm-pusht from local cache...
2026-07-13 11:19:11.842 | INFO     | stable_worldmodel.wm.utils:_resolve_folder:137 - Loading checkpoint from folder /lustre/home/ha676/.stable_worldmodel/checkpoints/models--quentinll--lewm-pusht...
/lustre/home/ha676/le-wm/.venv/lib/python3.11/site-packages/stable_worldmodel/wm/utils.py:80: FutureWarning: You are using `torch.load` with `weights_only=False` (the current default value), which uses the default pickle module implicitly. It is possible to construct malicious pickle data which will execute arbitrary code during unpickling (See https://github.com/pytorch/pytorch/blob/main/SECURITY.md#untrusted-models for more details). In a future release, the default value for `weights_only` will be flipped to `True`. This limits the functions that could be executed during unpickling. Arbitrary objects will no longer be allowed to be loaded via this mode unless they are explicitly allowlisted by the user via `torch.serialization.add_safe_globals`. We recommend you start setting `weights_only=True` for any use case where you don't have full control of the loaded file. Please open an issue on GitHub for any issues related to this experimental feature.
  state_dict = torch.load(checkpoint_path, map_location='cpu')
11:20:13 | INFO  | atomic_chec~| [atomic_save] installed crash-safe checkpoint plugin (write to sibling .tmp + fsync + atomic rename)
11:20:13 | INFO  | utils.py    | Created ViT-tiny from scratch with config: {'hidden_size': 192, 'num_hidden_layers': 12, 'num_attention_heads': 3, 'intermediate_size': 768, 'image_size': 224, 'patch_size': 14}
[model] frozen LeWM (18.03M), device=cuda, training=False, subgoal=dspark
[gdm] planner from gdm_stride10.pt: head=53.34M, N=3 WG=1 gamma=1.0 T=1000 sampler=ddim/4-steps param=eps schedule=linear norm=standardize
11:20:35 | INFO  | __init__.py | Cached 'action' from '/lustre/home/ha676/data/pusht/pusht_expert_train.h5'
11:20:55 | INFO  | __init__.py | Cached 'proprio' from '/lustre/home/ha676/data/pusht/pusht_expert_train.h5'
11:20:57 | INFO  | __init__.py | Cached 'state' from '/lustre/home/ha676/data/pusht/pusht_expert_train.h5'
/lustre/home/ha676/le-wm/.venv/lib/python3.11/site-packages/gymnasium/spaces/box.py:415: UserWarning: [33mWARN: Casting input x to numpy array.[0m
  gym.logger.warn("Casting input x to numpy array.")
/lustre/home/ha676/le-wm/.venv/lib/python3.11/site-packages/gymnasium/spaces/box.py:415: UserWarning: [33mWARN: Casting input x to numpy array.[0m
  gym.logger.warn("Casting input x to numpy array.")
[episodes-file] pusht.episodes150.json: 256 precomputed pairs (goal_offset=150, seed=42, eval_filter=None) -- sample_long/short bypassed
[eval] mode=long start=final num_eval=256 goal_offset=150 budget=300 eval_filter=none
[eval] episodes_idx[:5]=[636, 688, 700, 834, 850] start_steps[:5]=[7, 7, 7, 34, 34]
[PIN] success = pos_diff<20 [block xy only (paper)] AND angle<20deg
CEM solve time: 58.1505 seconds
CEM solve time: 53.5244 seconds
CEM solve time: 53.3426 seconds
CEM solve time: 53.3273 seconds
CEM solve time: 52.6475 seconds
CEM solve time: 51.7493 seconds
CEM solve time: 50.5072 seconds
CEM solve time: 48.8590 seconds
CEM solve time: 48.1428 seconds
CEM solve time: 45.4208 seconds
CEM solve time: 42.5913 seconds
CEM solve time: 39.4004 seconds
CEM solve time: 37.4602 seconds
CEM solve time: 32.3166 seconds
CEM solve time: 29.1172 seconds
CEM solve time: 27.6470 seconds
CEM solve time: 25.7137 seconds
CEM solve time: 25.0968 seconds
CEM solve time: 24.6368 seconds
CEM solve time: 24.1868 seconds
CEM solve time: 23.9730 seconds
CEM solve time: 23.9682 seconds
CEM solve time: 23.7545 seconds
CEM solve time: 23.7509 seconds
CEM solve time: 23.5430 seconds
CEM solve time: 23.3315 seconds
CEM solve time: 23.3255 seconds
CEM solve time: 23.1067 seconds
CEM solve time: 23.0968 seconds
CEM solve time: 22.8886 seconds
[RESULT] score=block angle=20deg  SR=58.20%  (149/256)
[dspark] commit=fixed theta=0.5 re-drafts=2507 advances=4929 mean_commit_depth=2.00 redraft/advance=0.509 (GDM=1.000; lower=fewer diffusion calls)
[PIN] success = pos_diff<20 [block xy only (paper)] AND angle<5deg
CEM solve time: 54.7646 seconds
CEM solve time: 53.9231 seconds
CEM solve time: 53.5515 seconds
CEM solve time: 53.5154 seconds
CEM solve time: 53.5259 seconds
CEM solve time: 53.2981 seconds
CEM solve time: 53.0780 seconds
CEM solve time: 52.8443 seconds
CEM solve time: 51.9582 seconds
CEM solve time: 50.2850 seconds
CEM solve time: 49.4877 seconds
CEM solve time: 47.0860 seconds
CEM solve time: 45.1620 seconds
CEM solve time: 43.1928 seconds
CEM solve time: 39.4219 seconds
CEM solve time: 37.2458 seconds
CEM solve time: 35.2892 seconds
CEM solve time: 34.4467 seconds
CEM solve time: 33.3737 seconds
CEM solve time: 32.7209 seconds
CEM solve time: 32.3096 seconds
CEM solve time: 31.2260 seconds
CEM solve time: 31.0167 seconds
CEM solve time: 30.7901 seconds
CEM solve time: 30.1712 seconds
CEM solve time: 30.1607 seconds
CEM solve time: 29.7452 seconds
CEM solve time: 29.3182 seconds
CEM solve time: 29.1094 seconds
CEM solve time: 29.1118 seconds
[RESULT] score=block angle=5deg  SR=47.66%  (122/256)
[dspark] commit=fixed theta=0.5 re-drafts=2906 advances=5753 mean_commit_depth=2.00 redraft/advance=0.505 (GDM=1.000; lower=fewer diffusion calls)

==== FF-JEPA eval summary ====
mode=long subgoal=dspark num_eval=256 seed=42 cem_seed=42 eval_filter=none
  score=block   20deg :  58.20%  (149/256)
  score=block    5deg :  47.66%  (122/256)
