=== pusht k=3 confirmation: speck3 seed=43 (t100) ===
/lustre/home/ha676/le-wm/.venv/lib/python3.11/site-packages/stable_worldmodel/envs/__init__.py:215: UserWarning: ale-py not found; ALE/* envs are unavailable. Install with: pip install 'stable-worldmodel[env]' or pip install ale-py.
  from stable_worldmodel.envs import ale  # noqa: F401
2026-07-13 13:21:01.176 | INFO     | stable_worldmodel.wm.utils:_resolve_hf:149 - Loading quentinll/lewm-pusht from local cache...
2026-07-13 13:21:01.177 | INFO     | stable_worldmodel.wm.utils:_resolve_folder:137 - Loading checkpoint from folder /lustre/home/ha676/.stable_worldmodel/checkpoints/models--quentinll--lewm-pusht...
/lustre/home/ha676/le-wm/.venv/lib/python3.11/site-packages/stable_worldmodel/wm/utils.py:80: FutureWarning: You are using `torch.load` with `weights_only=False` (the current default value), which uses the default pickle module implicitly. It is possible to construct malicious pickle data which will execute arbitrary code during unpickling (See https://github.com/pytorch/pytorch/blob/main/SECURITY.md#untrusted-models for more details). In a future release, the default value for `weights_only` will be flipped to `True`. This limits the functions that could be executed during unpickling. Arbitrary objects will no longer be allowed to be loaded via this mode unless they are explicitly allowlisted by the user via `torch.serialization.add_safe_globals`. We recommend you start setting `weights_only=True` for any use case where you don't have full control of the loaded file. Please open an issue on GitHub for any issues related to this experimental feature.
  state_dict = torch.load(checkpoint_path, map_location='cpu')
13:21:38 | INFO  | atomic_chec~| [atomic_save] installed crash-safe checkpoint plugin (write to sibling .tmp + fsync + atomic rename)
13:21:38 | INFO  | utils.py    | Created ViT-tiny from scratch with config: {'hidden_size': 192, 'num_hidden_layers': 12, 'num_attention_heads': 3, 'intermediate_size': 768, 'image_size': 224, 'patch_size': 14}
[model] frozen LeWM (18.03M), device=cuda, training=False, subgoal=specaccept
[gdm] planner from gdm_stride10.pt: head=53.34M, N=3 WG=1 gamma=1.0 T=1000 sampler=ddim/3-steps param=eps schedule=linear norm=standardize
13:22:06 | INFO  | __init__.py | Cached 'action' from '/lustre/home/ha676/data/pusht/pusht_expert_train.h5'
13:22:36 | INFO  | __init__.py | Cached 'proprio' from '/lustre/home/ha676/data/pusht/pusht_expert_train.h5'
13:23:08 | INFO  | __init__.py | Cached 'state' from '/lustre/home/ha676/data/pusht/pusht_expert_train.h5'
/lustre/home/ha676/le-wm/.venv/lib/python3.11/site-packages/gymnasium/spaces/box.py:415: UserWarning: [33mWARN: Casting input x to numpy array.[0m
  gym.logger.warn("Casting input x to numpy array.")
/lustre/home/ha676/le-wm/.venv/lib/python3.11/site-packages/gymnasium/utils/passive_env_checker.py:157: UserWarning: [33mWARN: The obs returned by the `step()` method is not within the observation space.[0m
  logger.warn(f"{pre} is not within the observation space.")
/lustre/home/ha676/le-wm/.venv/lib/python3.11/site-packages/gymnasium/spaces/box.py:415: UserWarning: [33mWARN: Casting input x to numpy array.[0m
  gym.logger.warn("Casting input x to numpy array.")
/lustre/home/ha676/le-wm/.venv/lib/python3.11/site-packages/gymnasium/utils/passive_env_checker.py:157: UserWarning: [33mWARN: The obs returned by the `step()` method is not within the observation space.[0m
  logger.warn(f"{pre} is not within the observation space.")
[episodes-file] pusht.episodes150as100.json: 256 precomputed pairs (goal_offset=100, seed=42, eval_filter=None) -- sample_long/short bypassed
[eval] mode=long start=final num_eval=256 goal_offset=100 budget=200 eval_filter=none
[eval] episodes_idx[:5]=[636, 688, 700, 834, 850] start_steps[:5]=[57, 57, 57, 84, 84]
[PIN] success = pos_diff<20 [block xy only (paper)] AND angle<20deg
CEM solve time: 55.2878 seconds
CEM solve time: 48.0366 seconds
CEM solve time: 47.1524 seconds
CEM solve time: 45.5994 seconds
CEM solve time: 43.2499 seconds
CEM solve time: 40.2420 seconds
CEM solve time: 35.9786 seconds
CEM solve time: 33.0545 seconds
CEM solve time: 29.9748 seconds
CEM solve time: 27.0246 seconds
CEM solve time: 25.6892 seconds
CEM solve time: 24.1957 seconds
CEM solve time: 23.5660 seconds
CEM solve time: 22.7055 seconds
CEM solve time: 22.6990 seconds
CEM solve time: 21.6422 seconds
CEM solve time: 21.0065 seconds
CEM solve time: 20.5178 seconds
CEM solve time: 19.9050 seconds
CEM solve time: 19.6910 seconds
[RESULT] score=block angle=20deg  SR=65.23%  (167/256)
[specaccept] tau=0.2 gdm_steps=3 re-drafts=1838 advances=1088 rejects=1428 call_ratio=0.628 (every-step=1.000; lower = fewer diffusion calls)
[PIN] success = pos_diff<20 [block xy only (paper)] AND angle<5deg
CEM solve time: 54.7964 seconds
CEM solve time: 50.9366 seconds
CEM solve time: 50.2939 seconds
CEM solve time: 49.2252 seconds
CEM solve time: 48.0266 seconds
CEM solve time: 47.0858 seconds
CEM solve time: 44.2441 seconds
CEM solve time: 41.2805 seconds
CEM solve time: 37.4554 seconds
CEM solve time: 34.4610 seconds
CEM solve time: 31.4632 seconds
CEM solve time: 31.0830 seconds
CEM solve time: 28.8966 seconds
CEM solve time: 28.6834 seconds
CEM solve time: 28.2523 seconds
CEM solve time: 27.4402 seconds
CEM solve time: 27.1509 seconds
CEM solve time: 26.9339 seconds
CEM solve time: 26.5227 seconds
CEM solve time: 25.9009 seconds
[RESULT] score=block angle=5deg  SR=53.91%  (138/256)
[specaccept] tau=0.2 gdm_steps=3 re-drafts=2135 advances=1323 rejects=1674 call_ratio=0.617 (every-step=1.000; lower = fewer diffusion calls)

==== FF-JEPA eval summary ====
mode=long subgoal=specaccept num_eval=256 seed=43 cem_seed=43 eval_filter=none
  score=block   20deg :  65.23%  (167/256)
  score=block    5deg :  53.91%  (138/256)
