=== gap-fill B: paper-protocol t75 t75_gdm seed=44 ===
/lustre/home/ha676/le-wm/.venv/lib/python3.11/site-packages/stable_worldmodel/envs/__init__.py:215: UserWarning: ale-py not found; ALE/* envs are unavailable. Install with: pip install 'stable-worldmodel[env]' or pip install ale-py.
  from stable_worldmodel.envs import ale  # noqa: F401
2026-07-13 17:13:03.753 | INFO     | stable_worldmodel.wm.utils:_resolve_hf:149 - Loading quentinll/lewm-pusht from local cache...
2026-07-13 17:13:03.755 | INFO     | stable_worldmodel.wm.utils:_resolve_folder:137 - Loading checkpoint from folder /lustre/home/ha676/.stable_worldmodel/checkpoints/models--quentinll--lewm-pusht...
/lustre/home/ha676/le-wm/.venv/lib/python3.11/site-packages/stable_worldmodel/wm/utils.py:80: FutureWarning: You are using `torch.load` with `weights_only=False` (the current default value), which uses the default pickle module implicitly. It is possible to construct malicious pickle data which will execute arbitrary code during unpickling (See https://github.com/pytorch/pytorch/blob/main/SECURITY.md#untrusted-models for more details). In a future release, the default value for `weights_only` will be flipped to `True`. This limits the functions that could be executed during unpickling. Arbitrary objects will no longer be allowed to be loaded via this mode unless they are explicitly allowlisted by the user via `torch.serialization.add_safe_globals`. We recommend you start setting `weights_only=True` for any use case where you don't have full control of the loaded file. Please open an issue on GitHub for any issues related to this experimental feature.
  state_dict = torch.load(checkpoint_path, map_location='cpu')
17:13:33 | INFO  | atomic_chec~| [atomic_save] installed crash-safe checkpoint plugin (write to sibling .tmp + fsync + atomic rename)
17:13:33 | INFO  | utils.py    | Created ViT-tiny from scratch with config: {'hidden_size': 192, 'num_hidden_layers': 12, 'num_attention_heads': 3, 'intermediate_size': 768, 'image_size': 224, 'patch_size': 14}
[model] frozen LeWM (18.03M), device=cuda, training=False, subgoal=gdm
[gdm] planner from gdm_stride10.pt: head=53.34M, N=3 WG=1 gamma=1.0 T=1000 sampler=ddim/50-steps param=eps schedule=linear norm=standardize
17:13:38 | INFO  | __init__.py | Cached 'action' from '/lustre/home/ha676/data/pusht/pusht_expert_train.h5'
17:13:40 | INFO  | __init__.py | Cached 'proprio' from '/lustre/home/ha676/data/pusht/pusht_expert_train.h5'
17:13:43 | INFO  | __init__.py | Cached 'state' from '/lustre/home/ha676/data/pusht/pusht_expert_train.h5'
/lustre/home/ha676/le-wm/.venv/lib/python3.11/site-packages/gymnasium/spaces/box.py:415: UserWarning: [33mWARN: Casting input x to numpy array.[0m
  gym.logger.warn("Casting input x to numpy array.")
/lustre/home/ha676/le-wm/.venv/lib/python3.11/site-packages/gymnasium/spaces/box.py:415: UserWarning: [33mWARN: Casting input x to numpy array.[0m
  gym.logger.warn("Casting input x to numpy array.")
[eval-filter] success@5deg: 9094/18685 episodes eligible (goal frame reaches the canonical target)
[eval] mode=long start=final num_eval=256 goal_offset=75 budget=150 eval_filter=success5
[eval] episodes_idx[:5]=[11, 229, 244, 725, 739] start_steps[:5]=[33, 8, 8, 49, 49]
[PIN] success = pos_diff<20 [block xy only (paper)] AND angle<20deg
CEM solve time: 55.3533 seconds
CEM solve time: 50.9462 seconds
CEM solve time: 48.5621 seconds
CEM solve time: 45.8882 seconds
CEM solve time: 40.6863 seconds
CEM solve time: 35.1567 seconds
CEM solve time: 27.4942 seconds
CEM solve time: 19.6084 seconds
CEM solve time: 10.8640 seconds
CEM solve time: 6.6129 seconds
CEM solve time: 4.0500 seconds
CEM solve time: 3.1977 seconds
CEM solve time: 2.1338 seconds
CEM solve time: 1.7068 seconds
CEM solve time: 0.6405 seconds
[RESULT] score=block angle=20deg  SR=98.83%  (253/256)
[PIN] success = pos_diff<20 [block xy only (paper)] AND angle<5deg
CEM solve time: 54.6093 seconds
CEM solve time: 54.1459 seconds
CEM solve time: 52.6451 seconds
CEM solve time: 50.7617 seconds
CEM solve time: 48.6378 seconds
CEM solve time: 43.7306 seconds
CEM solve time: 36.9041 seconds
CEM solve time: 29.6781 seconds
CEM solve time: 19.8354 seconds
CEM solve time: 13.2432 seconds
CEM solve time: 9.1717 seconds
CEM solve time: 7.4706 seconds
CEM solve time: 6.8272 seconds
CEM solve time: 5.5472 seconds
CEM solve time: 4.2684 seconds
[RESULT] score=block angle=5deg  SR=93.75%  (240/256)

==== FF-JEPA eval summary ====
mode=long subgoal=gdm num_eval=256 seed=44 cem_seed=44 eval_filter=success5
  score=block   20deg :  98.83%  (253/256)
  score=block    5deg :  93.75%  (240/256)
