/lustre/home/ha676/le-wm/.venv/lib/python3.11/site-packages/stable_worldmodel/envs/__init__.py:215: UserWarning: ale-py not found; ALE/* envs are unavailable. Install with: pip install 'stable-worldmodel[env]' or pip install ale-py.
  from stable_worldmodel.envs import ale  # noqa: F401
2026-07-13 11:19:11.857 | INFO     | stable_worldmodel.wm.utils:_resolve_hf:149 - Loading quentinll/lewm-pusht from local cache...
2026-07-13 11:19:11.859 | INFO     | stable_worldmodel.wm.utils:_resolve_folder:137 - Loading checkpoint from folder /lustre/home/ha676/.stable_worldmodel/checkpoints/models--quentinll--lewm-pusht...
/lustre/home/ha676/le-wm/.venv/lib/python3.11/site-packages/stable_worldmodel/wm/utils.py:80: FutureWarning: You are using `torch.load` with `weights_only=False` (the current default value), which uses the default pickle module implicitly. It is possible to construct malicious pickle data which will execute arbitrary code during unpickling (See https://github.com/pytorch/pytorch/blob/main/SECURITY.md#untrusted-models for more details). In a future release, the default value for `weights_only` will be flipped to `True`. This limits the functions that could be executed during unpickling. Arbitrary objects will no longer be allowed to be loaded via this mode unless they are explicitly allowlisted by the user via `torch.serialization.add_safe_globals`. We recommend you start setting `weights_only=True` for any use case where you don't have full control of the loaded file. Please open an issue on GitHub for any issues related to this experimental feature.
  state_dict = torch.load(checkpoint_path, map_location='cpu')
11:20:13 | INFO  | atomic_chec~| [atomic_save] installed crash-safe checkpoint plugin (write to sibling .tmp + fsync + atomic rename)
11:20:13 | INFO  | utils.py    | Created ViT-tiny from scratch with config: {'hidden_size': 192, 'num_hidden_layers': 12, 'num_attention_heads': 3, 'intermediate_size': 768, 'image_size': 224, 'patch_size': 14}
[model] frozen LeWM (18.03M), device=cuda, training=False, subgoal=dspark
[gdm] planner from gdm_stride10.pt: head=53.34M, N=3 WG=1 gamma=1.0 T=1000 sampler=ddim/4-steps param=eps schedule=linear norm=standardize
11:20:35 | INFO  | __init__.py | Cached 'action' from '/lustre/home/ha676/data/pusht/pusht_expert_train.h5'
11:20:55 | INFO  | __init__.py | Cached 'proprio' from '/lustre/home/ha676/data/pusht/pusht_expert_train.h5'
11:20:57 | INFO  | __init__.py | Cached 'state' from '/lustre/home/ha676/data/pusht/pusht_expert_train.h5'
/lustre/home/ha676/le-wm/.venv/lib/python3.11/site-packages/gymnasium/spaces/box.py:415: UserWarning: [33mWARN: Casting input x to numpy array.[0m
  gym.logger.warn("Casting input x to numpy array.")
/lustre/home/ha676/le-wm/.venv/lib/python3.11/site-packages/gymnasium/utils/passive_env_checker.py:157: UserWarning: [33mWARN: The obs returned by the `step()` method is not within the observation space.[0m
  logger.warn(f"{pre} is not within the observation space.")
/lustre/home/ha676/le-wm/.venv/lib/python3.11/site-packages/gymnasium/spaces/box.py:415: UserWarning: [33mWARN: Casting input x to numpy array.[0m
  gym.logger.warn("Casting input x to numpy array.")
/lustre/home/ha676/le-wm/.venv/lib/python3.11/site-packages/gymnasium/utils/passive_env_checker.py:157: UserWarning: [33mWARN: The obs returned by the `step()` method is not within the observation space.[0m
  logger.warn(f"{pre} is not within the observation space.")
[episodes-file] pusht.episodes150as100.json: 256 precomputed pairs (goal_offset=100, seed=42, eval_filter=None) -- sample_long/short bypassed
[eval] mode=long start=final num_eval=256 goal_offset=100 budget=200 eval_filter=none
[eval] episodes_idx[:5]=[636, 688, 700, 834, 850] start_steps[:5]=[57, 57, 57, 84, 84]
[PIN] success = pos_diff<20 [block xy only (paper)] AND angle<20deg
CEM solve time: 58.3141 seconds
CEM solve time: 47.4056 seconds
CEM solve time: 46.4763 seconds
CEM solve time: 45.8223 seconds
CEM solve time: 42.2881 seconds
CEM solve time: 38.5983 seconds
CEM solve time: 36.0319 seconds
CEM solve time: 33.6260 seconds
CEM solve time: 28.9182 seconds
CEM solve time: 26.9855 seconds
CEM solve time: 24.2110 seconds
CEM solve time: 21.9103 seconds
CEM solve time: 21.4802 seconds
CEM solve time: 20.6126 seconds
CEM solve time: 20.4050 seconds
CEM solve time: 19.9436 seconds
CEM solve time: 19.9582 seconds
CEM solve time: 19.9513 seconds
CEM solve time: 19.7450 seconds
CEM solve time: 19.5205 seconds
[RESULT] score=block angle=20deg  SR=64.84%  (166/256)
[dspark] commit=fixed theta=0.5 re-drafts=1466 advances=2839 mean_commit_depth=2.00 redraft/advance=0.516 (GDM=1.000; lower=fewer diffusion calls)
[PIN] success = pos_diff<20 [block xy only (paper)] AND angle<5deg
CEM solve time: 54.9639 seconds
CEM solve time: 51.0103 seconds
CEM solve time: 50.5917 seconds
CEM solve time: 50.1878 seconds
CEM solve time: 49.0569 seconds
CEM solve time: 47.5930 seconds
CEM solve time: 43.9950 seconds
CEM solve time: 40.7564 seconds
CEM solve time: 34.9781 seconds
CEM solve time: 33.4363 seconds
CEM solve time: 31.9261 seconds
CEM solve time: 29.1191 seconds
CEM solve time: 28.2748 seconds
CEM solve time: 28.0621 seconds
CEM solve time: 26.7765 seconds
CEM solve time: 26.3606 seconds
CEM solve time: 25.4880 seconds
CEM solve time: 25.2773 seconds
CEM solve time: 25.0512 seconds
CEM solve time: 25.0714 seconds
[RESULT] score=block angle=5deg  SR=54.69%  (140/256)
[dspark] commit=fixed theta=0.5 re-drafts=1731 advances=3396 mean_commit_depth=2.00 redraft/advance=0.510 (GDM=1.000; lower=fewer diffusion calls)

==== FF-JEPA eval summary ====
mode=long subgoal=dspark num_eval=256 seed=44 cem_seed=44 eval_filter=none
  score=block   20deg :  64.84%  (166/256)
  score=block    5deg :  54.69%  (140/256)
