=== gap-fill B: paper-protocol t75 t75_speck3 seed=45 ===
/lustre/home/ha676/le-wm/.venv/lib/python3.11/site-packages/stable_worldmodel/envs/__init__.py:215: UserWarning: ale-py not found; ALE/* envs are unavailable. Install with: pip install 'stable-worldmodel[env]' or pip install ale-py.
  from stable_worldmodel.envs import ale  # noqa: F401
2026-07-13 17:46:58.175 | INFO     | stable_worldmodel.wm.utils:_resolve_hf:149 - Loading quentinll/lewm-pusht from local cache...
2026-07-13 17:46:58.176 | INFO     | stable_worldmodel.wm.utils:_resolve_folder:137 - Loading checkpoint from folder /lustre/home/ha676/.stable_worldmodel/checkpoints/models--quentinll--lewm-pusht...
/lustre/home/ha676/le-wm/.venv/lib/python3.11/site-packages/stable_worldmodel/wm/utils.py:80: FutureWarning: You are using `torch.load` with `weights_only=False` (the current default value), which uses the default pickle module implicitly. It is possible to construct malicious pickle data which will execute arbitrary code during unpickling (See https://github.com/pytorch/pytorch/blob/main/SECURITY.md#untrusted-models for more details). In a future release, the default value for `weights_only` will be flipped to `True`. This limits the functions that could be executed during unpickling. Arbitrary objects will no longer be allowed to be loaded via this mode unless they are explicitly allowlisted by the user via `torch.serialization.add_safe_globals`. We recommend you start setting `weights_only=True` for any use case where you don't have full control of the loaded file. Please open an issue on GitHub for any issues related to this experimental feature.
  state_dict = torch.load(checkpoint_path, map_location='cpu')
17:47:04 | INFO  | atomic_chec~| [atomic_save] installed crash-safe checkpoint plugin (write to sibling .tmp + fsync + atomic rename)
17:47:04 | INFO  | utils.py    | Created ViT-tiny from scratch with config: {'hidden_size': 192, 'num_hidden_layers': 12, 'num_attention_heads': 3, 'intermediate_size': 768, 'image_size': 224, 'patch_size': 14}
[model] frozen LeWM (18.03M), device=cuda, training=False, subgoal=specaccept
[gdm] planner from gdm_stride10.pt: head=53.34M, N=3 WG=1 gamma=1.0 T=1000 sampler=ddim/3-steps param=eps schedule=linear norm=standardize
17:47:05 | INFO  | __init__.py | Cached 'action' from '/lustre/home/ha676/data/pusht/pusht_expert_train.h5'
17:47:05 | INFO  | __init__.py | Cached 'proprio' from '/lustre/home/ha676/data/pusht/pusht_expert_train.h5'
17:47:05 | INFO  | __init__.py | Cached 'state' from '/lustre/home/ha676/data/pusht/pusht_expert_train.h5'
/lustre/home/ha676/le-wm/.venv/lib/python3.11/site-packages/gymnasium/spaces/box.py:415: UserWarning: [33mWARN: Casting input x to numpy array.[0m
  gym.logger.warn("Casting input x to numpy array.")
/lustre/home/ha676/le-wm/.venv/lib/python3.11/site-packages/gymnasium/spaces/box.py:415: UserWarning: [33mWARN: Casting input x to numpy array.[0m
  gym.logger.warn("Casting input x to numpy array.")
[eval-filter] success@5deg: 9094/18685 episodes eligible (goal frame reaches the canonical target)
[eval] mode=long start=final num_eval=256 goal_offset=75 budget=150 eval_filter=success5
[eval] episodes_idx[:5]=[0, 43, 167, 216, 232] start_steps[:5]=[33, 33, 55, 8, 8]
[PIN] success = pos_diff<20 [block xy only (paper)] AND angle<20deg
CEM solve time: 54.8195 seconds
CEM solve time: 53.0731 seconds
CEM solve time: 49.1112 seconds
CEM solve time: 47.1573 seconds
CEM solve time: 41.0601 seconds
CEM solve time: 35.8965 seconds
CEM solve time: 29.4429 seconds
CEM solve time: 21.5562 seconds
CEM solve time: 14.5164 seconds
CEM solve time: 8.5553 seconds
CEM solve time: 7.0472 seconds
CEM solve time: 5.7671 seconds
CEM solve time: 4.9216 seconds
CEM solve time: 4.0550 seconds
CEM solve time: 2.9884 seconds
[RESULT] score=block angle=20deg  SR=96.48%  (247/256)
[specaccept] tau=0.2 gdm_steps=3 re-drafts=1107 advances=671 rejects=766 call_ratio=0.623 (every-step=1.000; lower = fewer diffusion calls)
[PIN] success = pos_diff<20 [block xy only (paper)] AND angle<5deg
CEM solve time: 54.6557 seconds
CEM solve time: 53.9848 seconds
CEM solve time: 51.8561 seconds
CEM solve time: 50.3612 seconds
CEM solve time: 46.2730 seconds
CEM solve time: 39.8684 seconds
CEM solve time: 33.9166 seconds
CEM solve time: 28.6231 seconds
CEM solve time: 22.1938 seconds
CEM solve time: 17.0705 seconds
CEM solve time: 14.2976 seconds
CEM solve time: 11.3085 seconds
CEM solve time: 9.3871 seconds
CEM solve time: 8.3247 seconds
CEM solve time: 6.8330 seconds
[RESULT] score=block angle=5deg  SR=88.28%  (226/256)
[specaccept] tau=0.2 gdm_steps=3 re-drafts=1258 advances=846 rejects=892 call_ratio=0.598 (every-step=1.000; lower = fewer diffusion calls)

==== FF-JEPA eval summary ====
mode=long subgoal=specaccept num_eval=256 seed=45 cem_seed=45 eval_filter=success5
  score=block   20deg :  96.48%  (247/256)
  score=block    5deg :  88.28%  (226/256)
