=== pusht blind commit-2: k=4 t150 seed=43 ===
/lustre/home/ha676/le-wm/.venv/lib/python3.11/site-packages/stable_worldmodel/envs/__init__.py:215: UserWarning: ale-py not found; ALE/* envs are unavailable. Install with: pip install 'stable-worldmodel[env]' or pip install ale-py.
  from stable_worldmodel.envs import ale  # noqa: F401
2026-07-13 11:19:11.840 | INFO     | stable_worldmodel.wm.utils:_resolve_hf:149 - Loading quentinll/lewm-pusht from local cache...
2026-07-13 11:19:11.842 | INFO     | stable_worldmodel.wm.utils:_resolve_folder:137 - Loading checkpoint from folder /lustre/home/ha676/.stable_worldmodel/checkpoints/models--quentinll--lewm-pusht...
/lustre/home/ha676/le-wm/.venv/lib/python3.11/site-packages/stable_worldmodel/wm/utils.py:80: FutureWarning: You are using `torch.load` with `weights_only=False` (the current default value), which uses the default pickle module implicitly. It is possible to construct malicious pickle data which will execute arbitrary code during unpickling (See https://github.com/pytorch/pytorch/blob/main/SECURITY.md#untrusted-models for more details). In a future release, the default value for `weights_only` will be flipped to `True`. This limits the functions that could be executed during unpickling. Arbitrary objects will no longer be allowed to be loaded via this mode unless they are explicitly allowlisted by the user via `torch.serialization.add_safe_globals`. We recommend you start setting `weights_only=True` for any use case where you don't have full control of the loaded file. Please open an issue on GitHub for any issues related to this experimental feature.
  state_dict = torch.load(checkpoint_path, map_location='cpu')
11:20:13 | INFO  | atomic_chec~| [atomic_save] installed crash-safe checkpoint plugin (write to sibling .tmp + fsync + atomic rename)
11:20:13 | INFO  | utils.py    | Created ViT-tiny from scratch with config: {'hidden_size': 192, 'num_hidden_layers': 12, 'num_attention_heads': 3, 'intermediate_size': 768, 'image_size': 224, 'patch_size': 14}
[model] frozen LeWM (18.03M), device=cuda, training=False, subgoal=dspark
[gdm] planner from gdm_stride10.pt: head=53.34M, N=3 WG=1 gamma=1.0 T=1000 sampler=ddim/4-steps param=eps schedule=linear norm=standardize
11:20:35 | INFO  | __init__.py | Cached 'action' from '/lustre/home/ha676/data/pusht/pusht_expert_train.h5'
11:20:55 | INFO  | __init__.py | Cached 'proprio' from '/lustre/home/ha676/data/pusht/pusht_expert_train.h5'
11:20:57 | INFO  | __init__.py | Cached 'state' from '/lustre/home/ha676/data/pusht/pusht_expert_train.h5'
/lustre/home/ha676/le-wm/.venv/lib/python3.11/site-packages/gymnasium/spaces/box.py:415: UserWarning: [33mWARN: Casting input x to numpy array.[0m
  gym.logger.warn("Casting input x to numpy array.")
/lustre/home/ha676/le-wm/.venv/lib/python3.11/site-packages/gymnasium/spaces/box.py:415: UserWarning: [33mWARN: Casting input x to numpy array.[0m
  gym.logger.warn("Casting input x to numpy array.")
[episodes-file] pusht.episodes150.json: 256 precomputed pairs (goal_offset=150, seed=42, eval_filter=None) -- sample_long/short bypassed
[eval] mode=long start=final num_eval=256 goal_offset=150 budget=300 eval_filter=none
[eval] episodes_idx[:5]=[636, 688, 700, 834, 850] start_steps[:5]=[7, 7, 7, 34, 34]
[PIN] success = pos_diff<20 [block xy only (paper)] AND angle<20deg
CEM solve time: 57.8971 seconds
CEM solve time: 53.2013 seconds
CEM solve time: 52.9839 seconds
CEM solve time: 52.7870 seconds
CEM solve time: 52.5784 seconds
CEM solve time: 51.7537 seconds
CEM solve time: 50.6697 seconds
CEM solve time: 50.0246 seconds
CEM solve time: 49.1269 seconds
CEM solve time: 47.8809 seconds
CEM solve time: 45.1150 seconds
CEM solve time: 41.3056 seconds
CEM solve time: 37.4717 seconds
CEM solve time: 34.4906 seconds
CEM solve time: 29.8173 seconds
CEM solve time: 27.8707 seconds
CEM solve time: 27.4445 seconds
CEM solve time: 26.6034 seconds
CEM solve time: 25.3215 seconds
CEM solve time: 24.8988 seconds
CEM solve time: 24.4807 seconds
CEM solve time: 24.4877 seconds
CEM solve time: 23.6349 seconds
CEM solve time: 23.6387 seconds
CEM solve time: 23.4206 seconds
CEM solve time: 23.4140 seconds
CEM solve time: 23.4104 seconds
CEM solve time: 23.1829 seconds
CEM solve time: 23.1859 seconds
CEM solve time: 23.1864 seconds
[RESULT] score=block angle=20deg  SR=57.81%  (148/256)
[dspark] commit=fixed theta=0.5 re-drafts=2552 advances=5036 mean_commit_depth=2.00 redraft/advance=0.507 (GDM=1.000; lower=fewer diffusion calls)
[PIN] success = pos_diff<20 [block xy only (paper)] AND angle<5deg
CEM solve time: 54.4565 seconds
CEM solve time: 53.5881 seconds
CEM solve time: 53.3645 seconds
CEM solve time: 53.1484 seconds
CEM solve time: 53.1503 seconds
CEM solve time: 52.9417 seconds
CEM solve time: 52.7195 seconds
CEM solve time: 52.0951 seconds
CEM solve time: 50.8630 seconds
CEM solve time: 49.9714 seconds
CEM solve time: 49.0812 seconds
CEM solve time: 46.5477 seconds
CEM solve time: 42.9696 seconds
CEM solve time: 40.4155 seconds
CEM solve time: 37.2284 seconds
CEM solve time: 34.8916 seconds
CEM solve time: 33.8088 seconds
CEM solve time: 33.3850 seconds
CEM solve time: 31.9078 seconds
CEM solve time: 30.8595 seconds
CEM solve time: 30.6090 seconds
CEM solve time: 30.2214 seconds
CEM solve time: 30.2076 seconds
CEM solve time: 29.7691 seconds
CEM solve time: 29.3502 seconds
CEM solve time: 29.3468 seconds
CEM solve time: 29.3472 seconds
CEM solve time: 29.1346 seconds
CEM solve time: 29.1431 seconds
CEM solve time: 28.9194 seconds
[RESULT] score=block angle=5deg  SR=47.66%  (122/256)
[dspark] commit=fixed theta=0.5 re-drafts=2860 advances=5659 mean_commit_depth=2.00 redraft/advance=0.505 (GDM=1.000; lower=fewer diffusion calls)

==== FF-JEPA eval summary ====
mode=long subgoal=dspark num_eval=256 seed=43 cem_seed=43 eval_filter=none
  score=block   20deg :  57.81%  (148/256)
  score=block    5deg :  47.66%  (122/256)
