=== derived-config spec (k=3): pop=s5 t100 seed=43 ===
/lustre/home/ha676/le-wm/.venv/lib/python3.11/site-packages/stable_worldmodel/envs/__init__.py:215: UserWarning: ale-py not found; ALE/* envs are unavailable. Install with: pip install 'stable-worldmodel[env]' or pip install ale-py.
  from stable_worldmodel.envs import ale  # noqa: F401
2026-07-13 13:55:07.557 | INFO     | stable_worldmodel.wm.utils:_resolve_hf:149 - Loading quentinll/lewm-pusht from local cache...
2026-07-13 13:55:07.557 | INFO     | stable_worldmodel.wm.utils:_resolve_folder:137 - Loading checkpoint from folder /lustre/home/ha676/.stable_worldmodel/checkpoints/models--quentinll--lewm-pusht...
/lustre/home/ha676/le-wm/.venv/lib/python3.11/site-packages/stable_worldmodel/wm/utils.py:80: FutureWarning: You are using `torch.load` with `weights_only=False` (the current default value), which uses the default pickle module implicitly. It is possible to construct malicious pickle data which will execute arbitrary code during unpickling (See https://github.com/pytorch/pytorch/blob/main/SECURITY.md#untrusted-models for more details). In a future release, the default value for `weights_only` will be flipped to `True`. This limits the functions that could be executed during unpickling. Arbitrary objects will no longer be allowed to be loaded via this mode unless they are explicitly allowlisted by the user via `torch.serialization.add_safe_globals`. We recommend you start setting `weights_only=True` for any use case where you don't have full control of the loaded file. Please open an issue on GitHub for any issues related to this experimental feature.
  state_dict = torch.load(checkpoint_path, map_location='cpu')
13:55:13 | INFO  | atomic_chec~| [atomic_save] installed crash-safe checkpoint plugin (write to sibling .tmp + fsync + atomic rename)
13:55:14 | INFO  | utils.py    | Created ViT-tiny from scratch with config: {'hidden_size': 192, 'num_hidden_layers': 12, 'num_attention_heads': 3, 'intermediate_size': 768, 'image_size': 224, 'patch_size': 14}
[model] frozen LeWM (18.03M), device=cuda, training=False, subgoal=specaccept
[gdm] planner from gdm_stride10.pt: head=53.34M, N=3 WG=1 gamma=1.0 T=1000 sampler=ddim/3-steps param=eps schedule=linear norm=standardize
13:55:15 | INFO  | __init__.py | Cached 'action' from '/lustre/home/ha676/data/pusht/pusht_expert_train.h5'
13:55:15 | INFO  | __init__.py | Cached 'proprio' from '/lustre/home/ha676/data/pusht/pusht_expert_train.h5'
13:55:15 | INFO  | __init__.py | Cached 'state' from '/lustre/home/ha676/data/pusht/pusht_expert_train.h5'
/lustre/home/ha676/le-wm/.venv/lib/python3.11/site-packages/gymnasium/spaces/box.py:415: UserWarning: [33mWARN: Casting input x to numpy array.[0m
  gym.logger.warn("Casting input x to numpy array.")
/lustre/home/ha676/le-wm/.venv/lib/python3.11/site-packages/gymnasium/spaces/box.py:415: UserWarning: [33mWARN: Casting input x to numpy array.[0m
  gym.logger.warn("Casting input x to numpy array.")
[episodes-file] pusht.episodes150s5as100.json: 256 precomputed pairs (goal_offset=100, seed=42, eval_filter=success5) -- sample_long/short bypassed
[eval] mode=long start=final num_eval=256 goal_offset=100 budget=200 eval_filter=none
[eval] episodes_idx[:5]=[618, 812, 816, 843, 863] start_steps[:5]=[57, 84, 84, 84, 84]
[PIN] success = pos_diff<20 [block xy only (paper)] AND angle<20deg
CEM solve time: 54.7858 seconds
CEM solve time: 53.1947 seconds
CEM solve time: 53.0019 seconds
CEM solve time: 51.4588 seconds
CEM solve time: 47.0258 seconds
CEM solve time: 40.6302 seconds
CEM solve time: 34.6751 seconds
CEM solve time: 26.8113 seconds
CEM solve time: 22.3166 seconds
CEM solve time: 16.5874 seconds
CEM solve time: 12.7564 seconds
CEM solve time: 9.3543 seconds
CEM solve time: 7.6572 seconds
CEM solve time: 5.9511 seconds
CEM solve time: 5.5251 seconds
CEM solve time: 4.0393 seconds
CEM solve time: 3.1906 seconds
CEM solve time: 2.3408 seconds
CEM solve time: 1.9149 seconds
CEM solve time: 1.4912 seconds
[RESULT] score=block angle=20deg  SR=97.66%  (250/256)
[specaccept] tau=0.2 gdm_steps=3 re-drafts=1328 advances=808 rejects=980 call_ratio=0.622 (every-step=1.000; lower = fewer diffusion calls)
[PIN] success = pos_diff<20 [block xy only (paper)] AND angle<5deg
CEM solve time: 54.3624 seconds
CEM solve time: 54.3870 seconds
CEM solve time: 54.1889 seconds
CEM solve time: 54.1881 seconds
CEM solve time: 52.0783 seconds
CEM solve time: 48.6785 seconds
CEM solve time: 43.2856 seconds
CEM solve time: 35.2283 seconds
CEM solve time: 30.1768 seconds
CEM solve time: 23.7912 seconds
CEM solve time: 19.1347 seconds
CEM solve time: 16.1532 seconds
CEM solve time: 14.2356 seconds
CEM solve time: 11.2640 seconds
CEM solve time: 9.5631 seconds
CEM solve time: 8.2792 seconds
CEM solve time: 6.3696 seconds
CEM solve time: 5.5192 seconds
CEM solve time: 5.0960 seconds
CEM solve time: 4.8838 seconds
[RESULT] score=block angle=5deg  SR=92.58%  (237/256)
[specaccept] tau=0.2 gdm_steps=3 re-drafts=1568 advances=1025 rejects=1187 call_ratio=0.605 (every-step=1.000; lower = fewer diffusion calls)

==== FF-JEPA eval summary ====
mode=long subgoal=specaccept num_eval=256 seed=43 cem_seed=43 eval_filter=none
  score=block   20deg :  97.66%  (250/256)
  score=block    5deg :  92.58%  (237/256)
