/lustre/home/ha676/le-wm/.venv/lib/python3.11/site-packages/stable_worldmodel/envs/__init__.py:215: UserWarning: ale-py not found; ALE/* envs are unavailable. Install with: pip install 'stable-worldmodel[env]' or pip install ale-py.
  from stable_worldmodel.envs import ale  # noqa: F401
[model] frozen LeWM (18.03M), device=cuda, training=False, subgoal=specaccept
[gdm] planner from gdm_reacher_s10.pt: head=53.44M, N=3 WG=1 goal_cond=True T=1000 sampler=ddim/8-steps param=eps schedule=linear norm=standardize
12:47:09 | INFO  | atomic_chec~| [atomic_save] installed crash-safe checkpoint plugin (write to sibling .tmp + fsync + atomic rename)
[episodes-file] reacher_gatev4c.ep150.s999.json: 128 precomputed pairs (built for max_offset=150, seed=999, episode_min=8000); sampling bypassed, running at goal_offset=150
[eval] start=random num_eval=128 goal_offset=150 budget=300 qpos_threshold=0.05 rad/joint
[eval] episodes_idx[:5]=[8000, 8022, 8064, 8071, 8078] start_steps[:5]=[10, 20, 5, 12, 14]
12:47:10 | INFO  | __init__.py | MUJOCO_GL=egl, attempting to import specified OpenGL backend.
12:47:10 | INFO  | __init__.py | No OpenGL_accelerate module loaded: No module named 'OpenGL_accelerate'
12:47:10 | INFO  | __init__.py | MuJoCo library version is: 3.10.0
/lustre/home/ha676/le-wm/.venv/lib/python3.11/site-packages/gymnasium/envs/registration.py:729: UserWarning: [33mWARN: The environment is being initialised with render_mode='rgb_array' that is not in the possible render_modes ([]).[0m
  logger.warn(
[readout-verify] lens=readout_reacher.pt (192->64), tau=0.309 (gap after: [0.29330897331237793, 0.3242935836315155])
CEM solve time: 28.0220 seconds
CEM solve time: 27.1805 seconds
CEM solve time: 24.5876 seconds
CEM solve time: 22.6274 seconds
CEM solve time: 20.4802 seconds
CEM solve time: 18.7390 seconds
CEM solve time: 17.0237 seconds
CEM solve time: 15.3045 seconds
CEM solve time: 14.0098 seconds
CEM solve time: 12.2865 seconds
CEM solve time: 10.3448 seconds
CEM solve time: 9.2722 seconds
CEM solve time: 8.1935 seconds
CEM solve time: 7.3240 seconds
CEM solve time: 5.6082 seconds
CEM solve time: 4.3142 seconds
CEM solve time: 4.0997 seconds
CEM solve time: 3.6649 seconds
CEM solve time: 3.2353 seconds
CEM solve time: 3.2336 seconds
CEM solve time: 3.0228 seconds
CEM solve time: 3.0188 seconds
CEM solve time: 2.8020 seconds
CEM solve time: 2.7994 seconds
CEM solve time: 2.3730 seconds
CEM solve time: 2.1562 seconds
CEM solve time: 2.1581 seconds
CEM solve time: 2.1558 seconds
CEM solve time: 2.1554 seconds
CEM solve time: 1.9403 seconds
[specaccept] tau=0.2 gdm_steps=8 goal_gate=False re-drafts=698 advances=618 rejects=412 gate_serves=0 call_ratio=0.530 call_ratio_all=0.530 (every-step=1.000; lower = fewer diffusion calls)

==== FF-JEPA eval summary (Reacher qpos_match) ====
subgoal=specaccept num_eval=128 goal_offset=150 budget=300 seed=44 cem_seed=44 S=10
  SR = 92.97%  (119/128)
