/lustre/home/ha676/le-wm/.venv/lib/python3.11/site-packages/stable_worldmodel/envs/__init__.py:215: UserWarning: ale-py not found; ALE/* envs are unavailable. Install with: pip install 'stable-worldmodel[env]' or pip install ale-py.
  from stable_worldmodel.envs import ale  # noqa: F401
[model] frozen LeWM (18.03M), device=cuda, training=False, subgoal=specaccept
[gdm] planner from gdm_reacher_s10.pt: head=53.44M, N=3 WG=1 goal_cond=True T=1000 sampler=ddim/8-steps param=eps schedule=linear norm=standardize
12:47:13 | INFO  | atomic_chec~| [atomic_save] installed crash-safe checkpoint plugin (write to sibling .tmp + fsync + atomic rename)
[episodes-file] reacher_gatev4c.ep150.s999.json: 128 precomputed pairs (built for max_offset=150, seed=999, episode_min=8000); sampling bypassed, running at goal_offset=150
[eval] start=random num_eval=128 goal_offset=150 budget=300 qpos_threshold=0.05 rad/joint
[eval] episodes_idx[:5]=[8000, 8022, 8064, 8071, 8078] start_steps[:5]=[10, 20, 5, 12, 14]
12:47:13 | INFO  | __init__.py | MUJOCO_GL=egl, attempting to import specified OpenGL backend.
12:47:13 | INFO  | __init__.py | No OpenGL_accelerate module loaded: No module named 'OpenGL_accelerate'
12:47:13 | INFO  | __init__.py | MuJoCo library version is: 3.10.0
/lustre/home/ha676/le-wm/.venv/lib/python3.11/site-packages/gymnasium/envs/registration.py:729: UserWarning: [33mWARN: The environment is being initialised with render_mode='rgb_array' that is not in the possible render_modes ([]).[0m
  logger.warn(
[readout-verify] lens=readout_reacher.pt (192->64), tau=0.309 (gap after: [0.29330897331237793, 0.3242935836315155])
CEM solve time: 27.6278 seconds
CEM solve time: 26.2313 seconds
CEM solve time: 25.1569 seconds
CEM solve time: 23.2173 seconds
CEM solve time: 21.2852 seconds
CEM solve time: 20.2203 seconds
CEM solve time: 18.9185 seconds
CEM solve time: 16.7704 seconds
CEM solve time: 14.8353 seconds
CEM solve time: 14.1915 seconds
CEM solve time: 12.6998 seconds
CEM solve time: 10.9827 seconds
CEM solve time: 10.1201 seconds
CEM solve time: 9.4755 seconds
CEM solve time: 8.8253 seconds
CEM solve time: 7.9613 seconds
CEM solve time: 6.8864 seconds
CEM solve time: 6.6720 seconds
CEM solve time: 6.0287 seconds
CEM solve time: 6.0270 seconds
CEM solve time: 5.3839 seconds
CEM solve time: 5.1564 seconds
CEM solve time: 4.7290 seconds
CEM solve time: 4.3036 seconds
CEM solve time: 3.8743 seconds
CEM solve time: 3.6610 seconds
CEM solve time: 3.6582 seconds
CEM solve time: 3.4425 seconds
CEM solve time: 3.2273 seconds
CEM solve time: 3.2260 seconds
[specaccept] tau=0.2 gdm_steps=8 goal_gate=False re-drafts=822 advances=734 rejects=504 gate_serves=0 call_ratio=0.528 call_ratio_all=0.528 (every-step=1.000; lower = fewer diffusion calls)

==== FF-JEPA eval summary (Reacher qpos_match) ====
subgoal=specaccept num_eval=128 goal_offset=150 budget=300 seed=43 cem_seed=43 S=10
  SR = 89.06%  (114/128)
