=== reacher blind commit-3 (tau=999): t150 seed=43 (2t, pop=max150) ===
wrote reacher_blind.ep150.t5.json: 128 pairs (episodes >= 8000, start <= ep_len-1-150), sample [[8014, 36], [8074, 26], [8087, 27]]
/lustre/home/ha676/le-wm/.venv/lib/python3.11/site-packages/stable_worldmodel/envs/__init__.py:215: UserWarning: ale-py not found; ALE/* envs are unavailable. Install with: pip install 'stable-worldmodel[env]' or pip install ale-py.
  from stable_worldmodel.envs import ale  # noqa: F401
[model] frozen LeWM (18.03M), device=cuda, training=False, subgoal=specaccept
[gdm] planner from gdm_reacher_s10.pt: head=53.44M, N=3 WG=1 goal_cond=True T=1000 sampler=ddim/8-steps param=eps schedule=linear norm=standardize
12:21:18 | INFO  | atomic_chec~| [atomic_save] installed crash-safe checkpoint plugin (write to sibling .tmp + fsync + atomic rename)
[episodes-file] reacher_blind.ep150.t5.json: 128 precomputed pairs (built for max_offset=150, seed=42, episode_min=8000) -- sampling bypassed; running at goal_offset=150
[eval] start=random num_eval=128 goal_offset=150 budget=300 qpos_threshold=0.05 rad/joint
[eval] episodes_idx[:5]=[8014, 8074, 8087, 8127, 8135] start_steps[:5]=[36, 26, 27, 26, 37]
12:21:18 | INFO  | __init__.py | MUJOCO_GL=egl, attempting to import specified OpenGL backend.
12:21:18 | INFO  | __init__.py | No OpenGL_accelerate module loaded: No module named 'OpenGL_accelerate'
12:21:19 | INFO  | __init__.py | MuJoCo library version is: 3.10.0
/lustre/home/ha676/le-wm/.venv/lib/python3.11/site-packages/gymnasium/envs/registration.py:729: UserWarning: [33mWARN: The environment is being initialised with render_mode='rgb_array' that is not in the possible render_modes ([]).[0m
  logger.warn(
CEM solve time: 27.8400 seconds
CEM solve time: 26.1956 seconds
CEM solve time: 25.3351 seconds
CEM solve time: 24.0780 seconds
CEM solve time: 23.2133 seconds
CEM solve time: 21.6906 seconds
CEM solve time: 20.1839 seconds
CEM solve time: 18.8907 seconds
CEM solve time: 16.7416 seconds
CEM solve time: 16.0900 seconds
CEM solve time: 14.8106 seconds
CEM solve time: 13.3071 seconds
CEM solve time: 12.6660 seconds
CEM solve time: 10.5180 seconds
CEM solve time: 9.4454 seconds
CEM solve time: 8.5825 seconds
CEM solve time: 7.2913 seconds
CEM solve time: 6.8639 seconds
CEM solve time: 6.8709 seconds
CEM solve time: 5.7896 seconds
CEM solve time: 4.7182 seconds
CEM solve time: 4.2926 seconds
CEM solve time: 4.0756 seconds
CEM solve time: 3.8615 seconds
CEM solve time: 3.6457 seconds
CEM solve time: 3.2178 seconds
CEM solve time: 3.2162 seconds
CEM solve time: 3.0061 seconds
CEM solve time: 2.7877 seconds
CEM solve time: 2.3587 seconds
[specaccept] tau=999.0 gdm_steps=8 goal_gate=False re-drafts=591 advances=1045 rejects=0 gate_serves=0 call_ratio=0.361 call_ratio_all=0.361 (every-step=1.000; lower = fewer diffusion calls)

==== FF-JEPA eval summary (Reacher qpos_match) ====
subgoal=specaccept num_eval=128 goal_offset=150 budget=300 seed=43 cem_seed=43 S=10
  SR = 91.41%  (117/128)
