/lustre/home/ha676/le-wm/.venv/lib/python3.11/site-packages/stable_worldmodel/envs/__init__.py:215: UserWarning: ale-py not found; ALE/* envs are unavailable. Install with: pip install 'stable-worldmodel[env]' or pip install ale-py.
  from stable_worldmodel.envs import ale  # noqa: F401
[model] frozen LeWM (18.03M), device=cuda, training=False, subgoal=specaccept
[gdm] planner from gdm_reacher_s10.pt: head=53.44M, N=3 WG=1 goal_cond=True T=1000 sampler=ddim/4-steps param=eps schedule=linear norm=standardize
12:08:22 | INFO  | atomic_chec~| [atomic_save] installed crash-safe checkpoint plugin (write to sibling .tmp + fsync + atomic rename)
[episodes-file] reacher_speck4.ep150.t8.json: 128 precomputed pairs (built for max_offset=150, seed=42, episode_min=8000) -- sampling bypassed; running at goal_offset=150
[eval] start=random num_eval=128 goal_offset=150 budget=300 qpos_threshold=0.05 rad/joint
[eval] episodes_idx[:5]=[8014, 8074, 8087, 8127, 8135] start_steps[:5]=[36, 26, 27, 26, 37]
12:08:22 | INFO  | __init__.py | MUJOCO_GL=egl, attempting to import specified OpenGL backend.
12:08:23 | INFO  | __init__.py | No OpenGL_accelerate module loaded: No module named 'OpenGL_accelerate'
12:08:28 | INFO  | __init__.py | MuJoCo library version is: 3.10.0
/lustre/home/ha676/le-wm/.venv/lib/python3.11/site-packages/gymnasium/envs/registration.py:729: UserWarning: [33mWARN: The environment is being initialised with render_mode='rgb_array' that is not in the possible render_modes ([]).[0m
  logger.warn(
CEM solve time: 27.9796 seconds
CEM solve time: 25.8109 seconds
CEM solve time: 23.6786 seconds
CEM solve time: 20.2244 seconds
CEM solve time: 17.4450 seconds
CEM solve time: 16.1469 seconds
CEM solve time: 13.7775 seconds
CEM solve time: 11.6248 seconds
CEM solve time: 9.9076 seconds
CEM solve time: 7.9690 seconds
CEM solve time: 6.8925 seconds
CEM solve time: 5.8139 seconds
CEM solve time: 5.3823 seconds
CEM solve time: 4.5221 seconds
CEM solve time: 3.8772 seconds
CEM solve time: 3.2310 seconds
CEM solve time: 2.5839 seconds
CEM solve time: 2.3692 seconds
CEM solve time: 2.1538 seconds
CEM solve time: 1.7232 seconds
CEM solve time: 1.5080 seconds
CEM solve time: 1.2928 seconds
CEM solve time: 1.2938 seconds
CEM solve time: 1.2933 seconds
CEM solve time: 1.2930 seconds
CEM solve time: 1.2929 seconds
CEM solve time: 1.2919 seconds
CEM solve time: 1.2927 seconds
CEM solve time: 1.2927 seconds
CEM solve time: 1.2922 seconds
[specaccept] tau=0.2 gdm_steps=4 goal_gate=False re-drafts=686 advances=363 rejects=487 gate_serves=0 call_ratio=0.654 call_ratio_all=0.654 (every-step=1.000; lower = fewer diffusion calls)

==== FF-JEPA eval summary (Reacher qpos_match) ====
subgoal=specaccept num_eval=128 goal_offset=150 budget=300 seed=42 cem_seed=42 S=10
  SR = 95.31%  (122/128)
