/lustre/home/ha676/le-wm/.venv/lib/python3.11/site-packages/stable_worldmodel/envs/__init__.py:215: UserWarning: ale-py not found; ALE/* envs are unavailable. Install with: pip install 'stable-worldmodel[env]' or pip install ale-py.
  from stable_worldmodel.envs import ale  # noqa: F401
[model] frozen LeWM (18.03M), device=cuda, training=False, subgoal=specaccept
[gdm] planner from gdm_reacher_s10.pt: head=53.44M, N=3 WG=1 goal_cond=True T=1000 sampler=ddim/4-steps param=eps schedule=linear norm=standardize
11:49:54 | INFO  | atomic_chec~| [atomic_save] installed crash-safe checkpoint plugin (write to sibling .tmp + fsync + atomic rename)
[episodes-file] reacher_speck4.ep150.t0.json: 128 precomputed pairs (built for max_offset=150, seed=42, episode_min=8000) -- sampling bypassed; running at goal_offset=100
[eval] start=random num_eval=128 goal_offset=100 budget=200 qpos_threshold=0.05 rad/joint
[eval] episodes_idx[:5]=[8014, 8074, 8087, 8127, 8135] start_steps[:5]=[36, 26, 27, 26, 37]
11:49:56 | INFO  | __init__.py | MUJOCO_GL=egl, attempting to import specified OpenGL backend.
11:49:57 | INFO  | __init__.py | No OpenGL_accelerate module loaded: No module named 'OpenGL_accelerate'
11:50:01 | INFO  | __init__.py | MuJoCo library version is: 3.10.0
/lustre/home/ha676/le-wm/.venv/lib/python3.11/site-packages/gymnasium/envs/registration.py:729: UserWarning: [33mWARN: The environment is being initialised with render_mode='rgb_array' that is not in the possible render_modes ([]).[0m
  logger.warn(
CEM solve time: 27.7646 seconds
CEM solve time: 27.0921 seconds
CEM solve time: 24.0236 seconds
CEM solve time: 21.2565 seconds
CEM solve time: 17.3840 seconds
CEM solve time: 13.5152 seconds
CEM solve time: 11.7962 seconds
CEM solve time: 10.5011 seconds
CEM solve time: 9.0028 seconds
CEM solve time: 8.1475 seconds
CEM solve time: 6.0005 seconds
CEM solve time: 5.3582 seconds
CEM solve time: 4.0716 seconds
CEM solve time: 3.6433 seconds
CEM solve time: 3.0002 seconds
CEM solve time: 2.5731 seconds
CEM solve time: 2.3578 seconds
CEM solve time: 1.9290 seconds
CEM solve time: 1.7157 seconds
CEM solve time: 1.2880 seconds
[specaccept] tau=0.2 gdm_steps=4 goal_gate=False re-drafts=591 advances=351 rejects=394 gate_serves=0 call_ratio=0.627 call_ratio_all=0.627 (every-step=1.000; lower = fewer diffusion calls)

==== FF-JEPA eval summary (Reacher qpos_match) ====
subgoal=specaccept num_eval=128 goal_offset=100 budget=200 seed=42 cem_seed=42 S=10
  SR = 95.31%  (122/128)
