=== reacher spec k=4 respin: t100 seed=43 (2t budget=200, pop=max150) ===
wrote reacher_speck4.ep150.t1.json: 128 pairs (episodes >= 8000, start <= ep_len-1-150), sample [[8014, 36], [8074, 26], [8087, 27]]
/lustre/home/ha676/le-wm/.venv/lib/python3.11/site-packages/stable_worldmodel/envs/__init__.py:215: UserWarning: ale-py not found; ALE/* envs are unavailable. Install with: pip install 'stable-worldmodel[env]' or pip install ale-py.
  from stable_worldmodel.envs import ale  # noqa: F401
[model] frozen LeWM (18.03M), device=cuda, training=False, subgoal=specaccept
[gdm] planner from gdm_reacher_s10.pt: head=53.44M, N=3 WG=1 goal_cond=True T=1000 sampler=ddim/4-steps param=eps schedule=linear norm=standardize
11:49:55 | INFO  | atomic_chec~| [atomic_save] installed crash-safe checkpoint plugin (write to sibling .tmp + fsync + atomic rename)
[episodes-file] reacher_speck4.ep150.t1.json: 128 precomputed pairs (built for max_offset=150, seed=42, episode_min=8000) -- sampling bypassed; running at goal_offset=100
[eval] start=random num_eval=128 goal_offset=100 budget=200 qpos_threshold=0.05 rad/joint
[eval] episodes_idx[:5]=[8014, 8074, 8087, 8127, 8135] start_steps[:5]=[36, 26, 27, 26, 37]
11:49:56 | INFO  | __init__.py | MUJOCO_GL=egl, attempting to import specified OpenGL backend.
11:49:57 | INFO  | __init__.py | No OpenGL_accelerate module loaded: No module named 'OpenGL_accelerate'
11:50:01 | INFO  | __init__.py | MuJoCo library version is: 3.10.0
/lustre/home/ha676/le-wm/.venv/lib/python3.11/site-packages/gymnasium/envs/registration.py:729: UserWarning: [33mWARN: The environment is being initialised with render_mode='rgb_array' that is not in the possible render_modes ([]).[0m
  logger.warn(
CEM solve time: 27.8585 seconds
CEM solve time: 26.5832 seconds
CEM solve time: 24.0013 seconds
CEM solve time: 20.1459 seconds
CEM solve time: 18.2138 seconds
CEM solve time: 14.5777 seconds
CEM solve time: 12.6559 seconds
CEM solve time: 10.9452 seconds
CEM solve time: 8.1528 seconds
CEM solve time: 6.6467 seconds
CEM solve time: 4.9414 seconds
CEM solve time: 4.0781 seconds
CEM solve time: 3.6488 seconds
CEM solve time: 3.2178 seconds
CEM solve time: 3.0034 seconds
CEM solve time: 2.7935 seconds
CEM solve time: 2.3615 seconds
CEM solve time: 1.5055 seconds
CEM solve time: 1.2883 seconds
CEM solve time: 1.0736 seconds
[specaccept] tau=0.2 gdm_steps=4 goal_gate=False re-drafts=602 advances=318 rejects=411 gate_serves=0 call_ratio=0.654 call_ratio_all=0.654 (every-step=1.000; lower = fewer diffusion calls)

==== FF-JEPA eval summary (Reacher qpos_match) ====
subgoal=specaccept num_eval=128 goal_offset=100 budget=200 seed=43 cem_seed=43 S=10
  SR = 96.88%  (124/128)
