=== reacher blind commit-3 (tau=999): t100 seed=42 (2t, pop=max150) ===
wrote reacher_blind.ep150.t0.json: 128 pairs (episodes >= 8000, start <= ep_len-1-150), sample [[8014, 36], [8074, 26], [8087, 27]]
/lustre/home/ha676/le-wm/.venv/lib/python3.11/site-packages/stable_worldmodel/envs/__init__.py:215: UserWarning: ale-py not found; ALE/* envs are unavailable. Install with: pip install 'stable-worldmodel[env]' or pip install ale-py.
  from stable_worldmodel.envs import ale  # noqa: F401
[model] frozen LeWM (18.03M), device=cuda, training=False, subgoal=specaccept
[gdm] planner from gdm_reacher_s10.pt: head=53.44M, N=3 WG=1 goal_cond=True T=1000 sampler=ddim/8-steps param=eps schedule=linear norm=standardize
12:21:23 | INFO  | atomic_chec~| [atomic_save] installed crash-safe checkpoint plugin (write to sibling .tmp + fsync + atomic rename)
[episodes-file] reacher_blind.ep150.t0.json: 128 precomputed pairs (built for max_offset=150, seed=42, episode_min=8000) -- sampling bypassed; running at goal_offset=100
[eval] start=random num_eval=128 goal_offset=100 budget=200 qpos_threshold=0.05 rad/joint
[eval] episodes_idx[:5]=[8014, 8074, 8087, 8127, 8135] start_steps[:5]=[36, 26, 27, 26, 37]
12:21:23 | INFO  | __init__.py | MUJOCO_GL=egl, attempting to import specified OpenGL backend.
12:21:23 | INFO  | __init__.py | No OpenGL_accelerate module loaded: No module named 'OpenGL_accelerate'
12:21:24 | INFO  | __init__.py | MuJoCo library version is: 3.10.0
/lustre/home/ha676/le-wm/.venv/lib/python3.11/site-packages/gymnasium/envs/registration.py:729: UserWarning: [33mWARN: The environment is being initialised with render_mode='rgb_array' that is not in the possible render_modes ([]).[0m
  logger.warn(
CEM solve time: 27.7191 seconds
CEM solve time: 26.8011 seconds
CEM solve time: 25.0863 seconds
CEM solve time: 23.5802 seconds
CEM solve time: 21.4374 seconds
CEM solve time: 19.5014 seconds
CEM solve time: 18.0144 seconds
CEM solve time: 16.3008 seconds
CEM solve time: 15.0245 seconds
CEM solve time: 14.3646 seconds
CEM solve time: 13.0871 seconds
CEM solve time: 10.9462 seconds
CEM solve time: 10.7277 seconds
CEM solve time: 9.6502 seconds
CEM solve time: 8.7916 seconds
CEM solve time: 7.5086 seconds
CEM solve time: 6.8675 seconds
CEM solve time: 5.5800 seconds
CEM solve time: 5.1509 seconds
CEM solve time: 4.2925 seconds
[specaccept] tau=999.0 gdm_steps=8 goal_gate=False re-drafts=498 advances=855 rejects=0 gate_serves=0 call_ratio=0.368 call_ratio_all=0.368 (every-step=1.000; lower = fewer diffusion calls)

==== FF-JEPA eval summary (Reacher qpos_match) ====
subgoal=specaccept num_eval=128 goal_offset=100 budget=200 seed=42 cem_seed=42 S=10
  SR = 87.50%  (112/128)
