=== reacher spec k=4 respin: t100 seed=45 (2t budget=200, pop=max150) ===
wrote reacher_speck4.ep150.t3.json: 128 pairs (episodes >= 8000, start <= ep_len-1-150), sample [[8014, 36], [8074, 26], [8087, 27]]
/lustre/home/ha676/le-wm/.venv/lib/python3.11/site-packages/stable_worldmodel/envs/__init__.py:215: UserWarning: ale-py not found; ALE/* envs are unavailable. Install with: pip install 'stable-worldmodel[env]' or pip install ale-py.
  from stable_worldmodel.envs import ale  # noqa: F401
[model] frozen LeWM (18.03M), device=cuda, training=False, subgoal=specaccept
[gdm] planner from gdm_reacher_s10.pt: head=53.44M, N=3 WG=1 goal_cond=True T=1000 sampler=ddim/4-steps param=eps schedule=linear norm=standardize
11:56:08 | INFO  | atomic_chec~| [atomic_save] installed crash-safe checkpoint plugin (write to sibling .tmp + fsync + atomic rename)
[episodes-file] reacher_speck4.ep150.t3.json: 128 precomputed pairs (built for max_offset=150, seed=42, episode_min=8000) -- sampling bypassed; running at goal_offset=100
[eval] start=random num_eval=128 goal_offset=100 budget=200 qpos_threshold=0.05 rad/joint
[eval] episodes_idx[:5]=[8014, 8074, 8087, 8127, 8135] start_steps[:5]=[36, 26, 27, 26, 37]
11:56:08 | INFO  | __init__.py | MUJOCO_GL=egl, attempting to import specified OpenGL backend.
11:56:08 | INFO  | __init__.py | No OpenGL_accelerate module loaded: No module named 'OpenGL_accelerate'
11:56:09 | INFO  | __init__.py | MuJoCo library version is: 3.10.0
/lustre/home/ha676/le-wm/.venv/lib/python3.11/site-packages/gymnasium/envs/registration.py:729: UserWarning: [33mWARN: The environment is being initialised with render_mode='rgb_array' that is not in the possible render_modes ([]).[0m
  logger.warn(
CEM solve time: 27.5209 seconds
CEM solve time: 25.7276 seconds
CEM solve time: 22.5152 seconds
CEM solve time: 19.7309 seconds
CEM solve time: 17.1588 seconds
CEM solve time: 14.9966 seconds
CEM solve time: 12.4142 seconds
CEM solve time: 9.8492 seconds
CEM solve time: 7.9241 seconds
CEM solve time: 6.2133 seconds
CEM solve time: 5.7872 seconds
CEM solve time: 5.3586 seconds
CEM solve time: 5.1422 seconds
CEM solve time: 4.4987 seconds
CEM solve time: 3.0068 seconds
CEM solve time: 2.5688 seconds
CEM solve time: 1.9277 seconds
CEM solve time: 1.7136 seconds
CEM solve time: 1.7145 seconds
CEM solve time: 1.5022 seconds
[specaccept] tau=0.2 gdm_steps=4 goal_gate=False re-drafts=597 advances=323 rejects=402 gate_serves=0 call_ratio=0.649 call_ratio_all=0.649 (every-step=1.000; lower = fewer diffusion calls)

==== FF-JEPA eval summary (Reacher qpos_match) ====
subgoal=specaccept num_eval=128 goal_offset=100 budget=200 seed=45 cem_seed=45 S=10
  SR = 95.31%  (122/128)
