/lustre/home/ha676/le-wm/.venv/lib/python3.11/site-packages/stable_worldmodel/envs/__init__.py:215: UserWarning: ale-py not found; ALE/* envs are unavailable. Install with: pip install 'stable-worldmodel[env]' or pip install ale-py.
  from stable_worldmodel.envs import ale  # noqa: F401
[model] frozen LeWM (18.03M), device=cuda, training=False, subgoal=specaccept
[gdm] planner from gdm_reacher_s10.pt: head=53.44M, N=3 WG=1 goal_cond=True T=1000 sampler=ddim/4-steps param=eps schedule=linear norm=standardize
12:07:05 | INFO  | atomic_chec~| [atomic_save] installed crash-safe checkpoint plugin (write to sibling .tmp + fsync + atomic rename)
[episodes-file] reacher_speck4.ep150.t9.json: 128 precomputed pairs (built for max_offset=150, seed=42, episode_min=8000) -- sampling bypassed; running at goal_offset=150
[eval] start=random num_eval=128 goal_offset=150 budget=300 qpos_threshold=0.05 rad/joint
[eval] episodes_idx[:5]=[8014, 8074, 8087, 8127, 8135] start_steps[:5]=[36, 26, 27, 26, 37]
12:07:05 | INFO  | __init__.py | MUJOCO_GL=egl, attempting to import specified OpenGL backend.
12:07:05 | INFO  | __init__.py | No OpenGL_accelerate module loaded: No module named 'OpenGL_accelerate'
12:07:05 | INFO  | __init__.py | MuJoCo library version is: 3.10.0
/lustre/home/ha676/le-wm/.venv/lib/python3.11/site-packages/gymnasium/envs/registration.py:729: UserWarning: [33mWARN: The environment is being initialised with render_mode='rgb_array' that is not in the possible render_modes ([]).[0m
  logger.warn(
CEM solve time: 27.9407 seconds
CEM solve time: 26.5232 seconds
CEM solve time: 25.2171 seconds
CEM solve time: 22.8348 seconds
CEM solve time: 20.4858 seconds
CEM solve time: 17.6905 seconds
CEM solve time: 15.3135 seconds
CEM solve time: 13.1638 seconds
CEM solve time: 9.7058 seconds
CEM solve time: 7.5560 seconds
CEM solve time: 6.2613 seconds
CEM solve time: 4.0988 seconds
CEM solve time: 3.2398 seconds
CEM solve time: 2.8023 seconds
CEM solve time: 2.8009 seconds
CEM solve time: 2.8063 seconds
CEM solve time: 2.8064 seconds
CEM solve time: 2.8018 seconds
CEM solve time: 2.5872 seconds
CEM solve time: 1.9402 seconds
CEM solve time: 1.5104 seconds
CEM solve time: 1.5111 seconds
CEM solve time: 1.5100 seconds
CEM solve time: 1.5101 seconds
CEM solve time: 1.5093 seconds
CEM solve time: 1.5086 seconds
CEM solve time: 1.5089 seconds
CEM solve time: 1.5105 seconds
CEM solve time: 1.5110 seconds
CEM solve time: 1.2947 seconds
[specaccept] tau=0.2 gdm_steps=4 goal_gate=False re-drafts=707 advances=374 rejects=518 gate_serves=0 call_ratio=0.654 call_ratio_all=0.654 (every-step=1.000; lower = fewer diffusion calls)

==== FF-JEPA eval summary (Reacher qpos_match) ====
subgoal=specaccept num_eval=128 goal_offset=150 budget=300 seed=43 cem_seed=43 S=10
  SR = 95.31%  (122/128)
