=== reacher spec k=4 respin: t150 seed=44 (2t budget=300, pop=max150) ===
wrote reacher_speck4.ep150.t10.json: 128 pairs (episodes >= 8000, start <= ep_len-1-150), sample [[8014, 36], [8074, 26], [8087, 27]]
/lustre/home/ha676/le-wm/.venv/lib/python3.11/site-packages/stable_worldmodel/envs/__init__.py:215: UserWarning: ale-py not found; ALE/* envs are unavailable. Install with: pip install 'stable-worldmodel[env]' or pip install ale-py.
  from stable_worldmodel.envs import ale  # noqa: F401
[model] frozen LeWM (18.03M), device=cuda, training=False, subgoal=specaccept
[gdm] planner from gdm_reacher_s10.pt: head=53.44M, N=3 WG=1 goal_cond=True T=1000 sampler=ddim/4-steps param=eps schedule=linear norm=standardize
12:08:20 | INFO  | atomic_chec~| [atomic_save] installed crash-safe checkpoint plugin (write to sibling .tmp + fsync + atomic rename)
[episodes-file] reacher_speck4.ep150.t10.json: 128 precomputed pairs (built for max_offset=150, seed=42, episode_min=8000) -- sampling bypassed; running at goal_offset=150
[eval] start=random num_eval=128 goal_offset=150 budget=300 qpos_threshold=0.05 rad/joint
[eval] episodes_idx[:5]=[8014, 8074, 8087, 8127, 8135] start_steps[:5]=[36, 26, 27, 26, 37]
12:08:22 | INFO  | __init__.py | MUJOCO_GL=egl, attempting to import specified OpenGL backend.
12:08:23 | INFO  | __init__.py | No OpenGL_accelerate module loaded: No module named 'OpenGL_accelerate'
12:08:28 | INFO  | __init__.py | MuJoCo library version is: 3.10.0
/lustre/home/ha676/le-wm/.venv/lib/python3.11/site-packages/gymnasium/envs/registration.py:729: UserWarning: [33mWARN: The environment is being initialised with render_mode='rgb_array' that is not in the possible render_modes ([]).[0m
  logger.warn(
CEM solve time: 27.9023 seconds
CEM solve time: 26.8990 seconds
CEM solve time: 24.7237 seconds
CEM solve time: 21.5014 seconds
CEM solve time: 18.2821 seconds
CEM solve time: 16.1325 seconds
CEM solve time: 14.2045 seconds
CEM solve time: 12.0521 seconds
CEM solve time: 10.1106 seconds
CEM solve time: 9.0412 seconds
CEM solve time: 7.5350 seconds
CEM solve time: 6.4597 seconds
CEM solve time: 5.5979 seconds
CEM solve time: 4.3069 seconds
CEM solve time: 3.8765 seconds
CEM solve time: 2.7996 seconds
CEM solve time: 2.7996 seconds
CEM solve time: 2.3688 seconds
CEM solve time: 2.1538 seconds
CEM solve time: 1.9380 seconds
CEM solve time: 1.5071 seconds
CEM solve time: 1.5078 seconds
CEM solve time: 1.5077 seconds
CEM solve time: 1.2922 seconds
CEM solve time: 1.2922 seconds
CEM solve time: 1.2917 seconds
CEM solve time: 1.2920 seconds
CEM solve time: 1.2936 seconds
CEM solve time: 1.2933 seconds
CEM solve time: 1.2928 seconds
[specaccept] tau=0.2 gdm_steps=4 goal_gate=False re-drafts=694 advances=393 rejects=499 gate_serves=0 call_ratio=0.638 call_ratio_all=0.638 (every-step=1.000; lower = fewer diffusion calls)

==== FF-JEPA eval summary (Reacher qpos_match) ====
subgoal=specaccept num_eval=128 goal_offset=150 budget=300 seed=44 cem_seed=44 S=10
  SR = 96.09%  (123/128)
