=== reacher spec k=4 respin: t125 seed=44 (2t budget=250, pop=max150) ===
wrote reacher_speck4.ep150.t6.json: 128 pairs (episodes >= 8000, start <= ep_len-1-150), sample [[8014, 36], [8074, 26], [8087, 27]]
/lustre/home/ha676/le-wm/.venv/lib/python3.11/site-packages/stable_worldmodel/envs/__init__.py:215: UserWarning: ale-py not found; ALE/* envs are unavailable. Install with: pip install 'stable-worldmodel[env]' or pip install ale-py.
  from stable_worldmodel.envs import ale  # noqa: F401
[model] frozen LeWM (18.03M), device=cuda, training=False, subgoal=specaccept
[gdm] planner from gdm_reacher_s10.pt: head=53.44M, N=3 WG=1 goal_cond=True T=1000 sampler=ddim/4-steps param=eps schedule=linear norm=standardize
12:08:20 | INFO  | atomic_chec~| [atomic_save] installed crash-safe checkpoint plugin (write to sibling .tmp + fsync + atomic rename)
[episodes-file] reacher_speck4.ep150.t6.json: 128 precomputed pairs (built for max_offset=150, seed=42, episode_min=8000) -- sampling bypassed; running at goal_offset=125
[eval] start=random num_eval=128 goal_offset=125 budget=250 qpos_threshold=0.05 rad/joint
[eval] episodes_idx[:5]=[8014, 8074, 8087, 8127, 8135] start_steps[:5]=[36, 26, 27, 26, 37]
12:08:22 | INFO  | __init__.py | MUJOCO_GL=egl, attempting to import specified OpenGL backend.
12:08:23 | INFO  | __init__.py | No OpenGL_accelerate module loaded: No module named 'OpenGL_accelerate'
12:08:28 | INFO  | __init__.py | MuJoCo library version is: 3.10.0
/lustre/home/ha676/le-wm/.venv/lib/python3.11/site-packages/gymnasium/envs/registration.py:729: UserWarning: [33mWARN: The environment is being initialised with render_mode='rgb_array' that is not in the possible render_modes ([]).[0m
  logger.warn(
CEM solve time: 27.9156 seconds
CEM solve time: 26.8525 seconds
CEM solve time: 24.4612 seconds
CEM solve time: 22.3143 seconds
CEM solve time: 19.7361 seconds
CEM solve time: 17.3782 seconds
CEM solve time: 13.5113 seconds
CEM solve time: 10.7261 seconds
CEM solve time: 9.2292 seconds
CEM solve time: 7.0831 seconds
CEM solve time: 5.3628 seconds
CEM solve time: 4.5074 seconds
CEM solve time: 3.8644 seconds
CEM solve time: 2.7909 seconds
CEM solve time: 2.1470 seconds
CEM solve time: 1.9329 seconds
CEM solve time: 1.9327 seconds
CEM solve time: 1.9328 seconds
CEM solve time: 1.7183 seconds
CEM solve time: 1.5037 seconds
CEM solve time: 1.0753 seconds
CEM solve time: 1.0747 seconds
CEM solve time: 1.0746 seconds
CEM solve time: 1.0744 seconds
CEM solve time: 1.0745 seconds
[specaccept] tau=0.2 gdm_steps=4 goal_gate=False re-drafts=652 advances=335 rejects=462 gate_serves=0 call_ratio=0.661 call_ratio_all=0.661 (every-step=1.000; lower = fewer diffusion calls)

==== FF-JEPA eval summary (Reacher qpos_match) ====
subgoal=specaccept num_eval=128 goal_offset=125 budget=250 seed=44 cem_seed=44 S=10
  SR = 96.09%  (123/128)
