=== reacher (linear) ===
[data] 8500 train / 1500 val episodes, dim=192, attentive=False
[before] val equiv p90=0.414 hop p10=0.374 gap=closed (-0.039)
step     0 loss 1.3393  val gap [0.411, 0.373] width -0.038
step   400 loss 1.2679  val gap [0.303, 0.322] width +0.019
step   800 loss 1.3427  val gap [0.304, 0.325] width +0.021
step  1200 loss 1.2066  val gap [0.298, 0.324] width +0.026
step  1600 loss 1.2440  val gap [0.296, 0.322] width +0.026
step  1999 loss 1.3279  val gap [0.293, 0.324] width +0.031
[after] val gap [0.293, 0.324] width +0.031 (was -0.039); derived tau = 0.309
[saved] readout_reacher.pt
=== droid (attentive over tokens) ===
[data] 84 train / 14 val episodes, dim=1408, attentive=True
[before] val equiv p90=0.127 hop p10=0.087 gap=closed (-0.040)
step     0 loss 2.1646  val gap [0.225, 0.145] width -0.080
step   400 loss 1.3349  val gap [0.300, 0.186] width -0.114
step   800 loss 1.4555  val gap [0.310, 0.192] width -0.118
step  1200 loss 1.2714  val gap [0.317, 0.210] width -0.106
step  1600 loss 1.3976  val gap [0.307, 0.196] width -0.111
step  1999 loss 1.3649  val gap [0.300, 0.218] width -0.082
[after] gap still closed
[saved] readout_droid.pt
=== tworoom (linear; needs the dense file from the gapdense job) ===
[data] 110 train / 19 val episodes, dim=192, attentive=False
[before] val equiv p90=1.392 hop p10=1.006 gap=closed (-0.386)
step     0 loss 6.3275  val gap [1.378, 1.000] width -0.378
step   400 loss 1.9428  val gap [0.512, 0.503] width -0.009
step   800 loss 1.5959  val gap [0.465, 0.470] width +0.005
step  1200 loss 1.5753  val gap [0.464, 0.439] width -0.025
step  1600 loss 1.7088  val gap [0.443, 0.454] width +0.012
step  1999 loss 1.5623  val gap [0.443, 0.445] width +0.002
[after] val gap [0.443, 0.445] width +0.002 (was -0.386); derived tau = 0.444
[saved] readout_tworoom.pt
=== READOUT LEARNING DONE ===
