[cfg] {'h5': ['/lustre/home/ha676/data/tworoom/tworoom.h5'], 'out': 'subgoals_tworoom_s1.pt', 'source': 'pretrained', 'encoder_id': 'quentinll/lewm-tworooms', 'local_dir': 'encoder_tworoom', 'swm_src': None, 'device': 'cuda', 'batch_size': 256, 'stride': 1, 'pos_thresh': 16.0, 'max_episodes': 300, 'sample_mode': 'head', 'sample_seed': 0, 'require_cross_room': True, 'wall_center': 112.0}
/lustre/home/ha676/le-wm/.venv/lib/python3.11/site-packages/stable_worldmodel/envs/__init__.py:215: UserWarning: ale-py not found; ALE/* envs are unavailable. Install with: pip install 'stable-worldmodel[env]' or pip install ale-py.
  from stable_worldmodel.envs import ale  # noqa: F401
2026-07-23 11:53:45.918 | INFO     | stable_worldmodel.wm.utils:_resolve_hf:149 - Loading quentinll/lewm-tworooms from local cache...
2026-07-23 11:53:45.920 | INFO     | stable_worldmodel.wm.utils:_resolve_folder:137 - Loading checkpoint from folder /lustre/home/ha676/.stable_worldmodel/checkpoints/models--quentinll--lewm-tworooms...
/lustre/home/ha676/le-wm/.venv/lib/python3.11/site-packages/stable_worldmodel/wm/utils.py:80: FutureWarning: You are using `torch.load` with `weights_only=False` (the current default value), which uses the default pickle module implicitly. It is possible to construct malicious pickle data which will execute arbitrary code during unpickling (See https://github.com/pytorch/pytorch/blob/main/SECURITY.md#untrusted-models for more details). In a future release, the default value for `weights_only` will be flipped to `True`. This limits the functions that could be executed during unpickling. Arbitrary objects will no longer be allowed to be loaded via this mode unless they are explicitly allowlisted by the user via `torch.serialization.add_safe_globals`. We recommend you start setting `weights_only=True` for any use case where you don't have full control of the loaded file. Please open an issue on GitHub for any issues related to this experimental feature.
  state_dict = torch.load(checkpoint_path, map_location='cpu')
11:55:34 | INFO  | atomic_chec~| [atomic_save] installed crash-safe checkpoint plugin (write to sibling .tmp + fsync + atomic rename)
11:55:35 | INFO  | utils.py    | Created ViT-tiny from scratch with config: {'hidden_size': 192, 'num_hidden_layers': 12, 'num_attention_heads': 3, 'intermediate_size': 768, 'image_size': 224, 'patch_size': 14}
[model] frozen LeWM loaded: 18.03M params, device=cuda, training=False
[data] /lustre/home/ha676/data/tworoom/tworoom.h5: 10000 episodes total; considering 300 (mode=head)
[filter] /lustre/home/ha676/data/tworoom/tworoom.h5: kept=129 dropped_same_room=0 dropped_unsuccessful=171 (43.0% kept)
  encoded 61/10255 frames over 1 eps (221s)
[filter] TOTAL kept=129 dropped=171 (43.0% kept across 1 file(s))
[subsample] stride=1: n_sg/episode min=42 max=101 mean=79.50
[save] subgoals_tworoom_s1.pt  (7.9 MB)
[norm] ||z|| mean=13.89 std=1.55 min=9.24 max=18.27  (sqrt(192)=13.86)
[done] 235s
[tworoom] equiv p10/50/90 = 0.374/0.876/1.393 | hop p10/50/90 = 1.018/1.380/1.558 | cross p50 = 1.456 | gap EMPTY/INVERTED -> verification cannot operate
=== TWOROOM GAP DENSE DONE ===
