-rw-r--r-- 1 ha676 domain_users 11760743310 May 30  2025 /lustre/home/ha676/torch_cache/hub/checkpoints/vjepa2-ac-vitg.pt
[drafter] p_losses=0.3906, sample (4, 3, 16, 32) OK
[lerp] fractions ['0.25', '0.50', '0.75'] OK
[spec] redraft/advance/reject = 2/1/1 OK
[retire] [unified] tau=0.2 retired=1/1 (fired-at-first-replan=0) c*_first p50=0.900 | spec: re-drafts=2 advances=0 rejects=1 OK
[gdm-draft] (2, 3, 16, 32) OK
[pairs] 15 pairs (15, 3, 16, 32) OK

ALL SMOKE TESTS PASSED
/lustre/home/ha676/le-wm/.venv/lib/python3.11/site-packages/timm/models/layers/__init__.py:49: FutureWarning: Importing from timm.models.layers is deprecated, please import via timm.layers
  warnings.warn(f"Importing from {__name__} is deprecated, please import via timm.layers", FutureWarning)
/gpfs/ts0/shared/software/Anaconda3/2023.07-2/lib/python3.11/contextlib.py:105: FutureWarning: `torch.backends.cuda.sdp_kernel()` is deprecated. In the future, this context manager will be removed. Please see `torch.nn.attention.sdpa_kernel()` for the new context manager, with updated signature.
  self.gen = func(*args, **kwds)
/gpfs/ts0/shared/software/Anaconda3/2023.07-2/lib/python3.11/contextlib.py:105: FutureWarning: `torch.backends.cuda.sdp_kernel()` is deprecated. In the future, this context manager will be removed. Please see `torch.nn.attention.sdpa_kernel()` for the new context manager, with updated signature.
  self.gen = func(*args, **kwds)
[traj] franka_example_traj.npz: 2 frames, states (2, 7)
[wm] loading vjepa2_ac_vit_giant on cuda (first run downloads weights)...
[wm] tokens_per_frame=256 embed_dim=1408
[encode] encoding all frames...
[encode] dumped -> lat_franka.npz
[INFO    ][2026-07-20 13:29:38][utils.mpc_utils     ][cem                      ] new mean: tensor([0.0463, 0.0826, 0.0464, 0.1186], device='cuda:0') tensor([0.1283, 0.1264, 0.1340, 1.3367], device='cuda:0')
[INFO    ][2026-07-20 13:29:44][utils.mpc_utils     ][cem                      ] new mean: tensor([0.0680, 0.0754, 0.0680, 0.2778], device='cuda:0') tensor([0.1070, 0.1081, 0.1160, 0.8892], device='cuda:0')
[INFO    ][2026-07-20 13:29:51][utils.mpc_utils     ][cem                      ] new mean: tensor([0.0600, 0.0649, 0.0922, 0.6457], device='cuda:0') tensor([0.0928, 0.0905, 0.0980, 0.7407], device='cuda:0')
[INFO    ][2026-07-20 13:29:57][utils.mpc_utils     ][cem                      ] new mean: tensor([0.0672, 0.0738, 0.0757, 0.7316], device='cuda:0') tensor([0.0808, 0.0780, 0.0881, 0.5072], device='cuda:0')
[INFO    ][2026-07-20 13:30:04][utils.mpc_utils     ][cem                      ] new mean: tensor([0.0772, 0.0757, 0.0825, 0.5267], device='cuda:0') tensor([0.0707, 0.0712, 0.0777, 0.3732], device='cuda:0')

==== ANCHOR (upstream CEM, frame0 -> final frame) ====
  planned first action  xyz = (+0.0750, +0.0750, +0.0750)
  ground-truth action   xyz = (+0.0924, +0.0310, +0.0843)
  cosine(planned, gt) = +0.931  (sanity, not a bar: tiny CEM budget)

==== C* LADDER (frame0 -> frame_t) ====
     t |  c* (certificate) | pooled enc dist
[INFO    ][2026-07-20 13:30:11][utils.mpc_utils     ][cem                      ] new mean: tensor([0.0558, 0.0444, 0.0464, 0.0657], device='cuda:0') tensor([0.1251, 0.1288, 0.1307, 1.1334], device='cuda:0')
[INFO    ][2026-07-20 13:30:18][utils.mpc_utils     ][cem                      ] new mean: tensor([0.0580, 0.0619, 0.0582, 0.4245], device='cuda:0') tensor([0.1083, 0.1094, 0.1058, 0.8167], device='cuda:0')
[INFO    ][2026-07-20 13:30:24][utils.mpc_utils     ][cem                      ] new mean: tensor([0.0580, 0.0515, 0.0538, 0.5771], device='cuda:0') tensor([0.0919, 0.0881, 0.0935, 0.6334], device='cuda:0')
[INFO    ][2026-07-20 13:30:31][utils.mpc_utils     ][cem                      ] new mean: tensor([0.0645, 0.0765, 0.0564, 0.7262], device='cuda:0') tensor([0.0761, 0.0779, 0.0839, 0.4543], device='cuda:0')
[INFO    ][2026-07-20 13:30:37][utils.mpc_utils     ][cem                      ] new mean: tensor([0.0824, 0.0844, 0.0734, 0.7722], device='cuda:0') tensor([0.0663, 0.0679, 0.0751, 0.2799], device='cuda:0')
     1 |            0.2646 |          0.3158
  (tau transfer hypothesis: 0.2; c* should separate near from far where raw distance saturates)

==== CRITERION-FLOOR SHAPE (rel pooled dist between frames S apart) ====
  S=  1: p10=0.3158 p50=0.3158 p90=0.3158  (n=1)
  (tau=0.2 must sit above the p50 single-replan floor to accept true progress; if not, tau is re-derived, per the paper's rule)

==== PLUMBING (certified spec-accept, teacher-forced, lerp drafter) ====
[INFO    ][2026-07-20 13:30:46][utils.mpc_utils     ][cem                      ] new mean: tensor([0.0436, 0.0651, 0.0357, 0.6683], device='cuda:0') tensor([0.1298, 0.1281, 0.1324, 1.1540], device='cuda:0')
[INFO    ][2026-07-20 13:30:52][utils.mpc_utils     ][cem                      ] new mean: tensor([0.0798, 0.0560, 0.0431, 0.8404], device='cuda:0') tensor([0.1122, 0.1083, 0.1086, 0.7920], device='cuda:0')
[INFO    ][2026-07-20 13:30:59][utils.mpc_utils     ][cem                      ] new mean: tensor([0.0910, 0.0477, 0.0416, 0.9243], device='cuda:0') tensor([0.0963, 0.0912, 0.0899, 0.5304], device='cuda:0')
[INFO    ][2026-07-20 13:31:06][utils.mpc_utils     ][cem                      ] new mean: tensor([0.1067, 0.0600, 0.0502, 0.8256], device='cuda:0') tensor([0.0842, 0.0753, 0.0781, 0.3755], device='cuda:0')
[INFO    ][2026-07-20 13:31:12][utils.mpc_utils     ][cem                      ] new mean: tensor([0.1018, 0.0724, 0.0317, 0.7181], device='cuda:0') tensor([0.0737, 0.0609, 0.0684, 0.3605], device='cuda:0')
  [unified] tau=0.2 retired=0/1 (fired-at-first-replan=0) c*_first p50=0.265 | spec: re-drafts=1 advances=0 rejects=0
  replans=1 retire_replan=-1 c*_first=0.2646 c*_last=0.2646
  (expected shape: c* falls as the recorded episode approaches its own final frame; retire fires late or not at all on a short clip)

[done]
