/lustre/home/ha676/le-wm/.venv/lib/python3.11/site-packages/timm/models/layers/__init__.py:49: FutureWarning: Importing from timm.models.layers is deprecated, please import via timm.layers
  warnings.warn(f"Importing from {__name__} is deprecated, please import via timm.layers", FutureWarning)
/gpfs/ts0/shared/software/Anaconda3/2023.07-2/lib/python3.11/contextlib.py:105: FutureWarning: `torch.backends.cuda.sdp_kernel()` is deprecated. In the future, this context manager will be removed. Please see `torch.nn.attention.sdpa_kernel()` for the new context manager, with updated signature.
  self.gen = func(*args, **kwds)
/gpfs/ts0/shared/software/Anaconda3/2023.07-2/lib/python3.11/contextlib.py:105: FutureWarning: `torch.backends.cuda.sdp_kernel()` is deprecated. In the future, this context manager will be removed. Please see `torch.nn.attention.sdpa_kernel()` for the new context manager, with updated signature.
  self.gen = func(*args, **kwds)
[traj] droid_ep000.npz: 56 frames, states (56, 7)
[wm] loading vjepa2_ac_vit_giant on cuda (first run downloads weights)...
[wm] tokens_per_frame=256 embed_dim=1408
[encode] encoding all frames...
[INFO    ][2026-07-20 14:07:32][utils.mpc_utils     ][cem                      ] new mean: tensor([-0.0203,  0.0560, -0.0448,  0.3567], device='cuda:0') tensor([0.1320, 0.1313, 0.1374, 0.8011], device='cuda:0')
[INFO    ][2026-07-20 14:07:38][utils.mpc_utils     ][cem                      ] new mean: tensor([-0.0557,  0.0740, -0.0839,  0.3275], device='cuda:0') tensor([0.1181, 0.1107, 0.1152, 0.5659], device='cuda:0')
[INFO    ][2026-07-20 14:07:45][utils.mpc_utils     ][cem                      ] new mean: tensor([-0.0485,  0.1056, -0.0898,  0.3211], device='cuda:0') tensor([0.1049, 0.0915, 0.0961, 0.4804], device='cuda:0')
[INFO    ][2026-07-20 14:07:51][utils.mpc_utils     ][cem                      ] new mean: tensor([-0.0378,  0.1108, -0.1196,  0.2359], device='cuda:0') tensor([0.0902, 0.0774, 0.0772, 0.4354], device='cuda:0')
[INFO    ][2026-07-20 14:07:58][utils.mpc_utils     ][cem                      ] new mean: tensor([-0.0455,  0.1333, -0.1277,  0.2754], device='cuda:0') tensor([0.0805, 0.0620, 0.0634, 0.3405], device='cuda:0')

==== ANCHOR (upstream CEM, frame0 -> final frame) ====
  planned xyz displacement (H=2)  = (-0.0455, +0.1333, -0.1277)
  true displacement over 2 frames = (-0.0005, +0.0046, -0.0055)  |.|=0.0071
  start->goal displacement          = (+0.0970, -0.0051, -0.2835)  |.|=0.2997
  cosine(plan, true-over-H) = +0.979   cosine(plan, start->goal) = +0.546
  (sanity, not a bar: tiny CEM budget; cosines are meaningless when |.| above is near zero)

==== C* LADDER (frame0 -> frame_t) ====
     t |  c* (certificate) | pooled enc dist
[INFO    ][2026-07-20 14:08:05][utils.mpc_utils     ][cem                      ] new mean: tensor([-0.0169,  0.0437,  0.0395, -0.6359], device='cuda:0') tensor([0.1376, 0.1342, 0.1367, 0.9603], device='cuda:0')
[INFO    ][2026-07-20 14:08:11][utils.mpc_utils     ][cem                      ] new mean: tensor([-0.0509,  0.0575,  0.0333, -0.7242], device='cuda:0') tensor([0.1243, 0.1219, 0.1238, 0.5857], device='cuda:0')
[INFO    ][2026-07-20 14:08:18][utils.mpc_utils     ][cem                      ] new mean: tensor([-0.0833,  0.0954,  0.0870, -0.9402], device='cuda:0') tensor([0.1086, 0.1014, 0.1061, 0.5376], device='cuda:0')
[INFO    ][2026-07-20 14:08:24][utils.mpc_utils     ][cem                      ] new mean: tensor([-0.0993,  0.1178,  0.0663, -0.9121], device='cuda:0') tensor([0.0946, 0.0837, 0.0896, 0.4723], device='cuda:0')
[INFO    ][2026-07-20 14:08:31][utils.mpc_utils     ][cem                      ] new mean: tensor([-0.0972,  0.1338,  0.0478, -0.9135], device='cuda:0') tensor([0.0802, 0.0677, 0.0778, 0.4026], device='cuda:0')
     1 |            0.3596 |          0.0514
[INFO    ][2026-07-20 14:08:38][utils.mpc_utils     ][cem                      ] new mean: tensor([ 4.5173e-02,  1.2206e-04,  2.2654e-02, -8.6947e-01], device='cuda:0') tensor([0.1420, 0.1345, 0.1355, 0.7466], device='cuda:0')
[INFO    ][2026-07-20 14:08:44][utils.mpc_utils     ][cem                      ] new mean: tensor([ 5.8272e-02,  2.1145e-02,  3.6839e-04, -1.0246e+00], device='cuda:0') tensor([0.1236, 0.1197, 0.1231, 0.4135], device='cuda:0')
[INFO    ][2026-07-20 14:08:51][utils.mpc_utils     ][cem                      ] new mean: tensor([ 0.0547, -0.0080, -0.0338, -0.9373], device='cuda:0') tensor([0.1069, 0.1079, 0.1034, 0.4443], device='cuda:0')
[INFO    ][2026-07-20 14:08:58][utils.mpc_utils     ][cem                      ] new mean: tensor([ 0.0585, -0.0031, -0.0445, -0.9685], device='cuda:0') tensor([0.0957, 0.0972, 0.0891, 0.4597], device='cuda:0')
[INFO    ][2026-07-20 14:09:04][utils.mpc_utils     ][cem                      ] new mean: tensor([ 0.0535,  0.0229, -0.0263, -1.0101], device='cuda:0') tensor([0.0882, 0.0860, 0.0825, 0.3602], device='cuda:0')
     2 |            0.3628 |          0.0611
[INFO    ][2026-07-20 14:09:11][utils.mpc_utils     ][cem                      ] new mean: tensor([-0.0133,  0.0507,  0.0239, -0.5661], device='cuda:0') tensor([0.1350, 0.1376, 0.1298, 0.8750], device='cuda:0')
[INFO    ][2026-07-20 14:09:18][utils.mpc_utils     ][cem                      ] new mean: tensor([-0.0349,  0.0750,  0.0461, -0.5668], device='cuda:0') tensor([0.1193, 0.1189, 0.1094, 0.6668], device='cuda:0')
[INFO    ][2026-07-20 14:09:25][utils.mpc_utils     ][cem                      ] new mean: tensor([-0.0495,  0.0701,  0.0614, -0.6428], device='cuda:0') tensor([0.1034, 0.1010, 0.0909, 0.5671], device='cuda:0')
[INFO    ][2026-07-20 14:09:31][utils.mpc_utils     ][cem                      ] new mean: tensor([-0.0445,  0.1224,  0.0639, -0.6724], device='cuda:0') tensor([0.0849, 0.0814, 0.0766, 0.4775], device='cuda:0')
[INFO    ][2026-07-20 14:09:38][utils.mpc_utils     ][cem                      ] new mean: tensor([-0.0624,  0.1329,  0.0475, -0.8296], device='cuda:0') tensor([0.0711, 0.0662, 0.0656, 0.3004], device='cuda:0')
     4 |            0.3859 |          0.0915
[INFO    ][2026-07-20 14:09:45][utils.mpc_utils     ][cem                      ] new mean: tensor([-0.0538,  0.0034, -0.0396,  0.0422], device='cuda:0') tensor([0.1270, 0.1353, 0.1369, 1.1026], device='cuda:0')
[INFO    ][2026-07-20 14:09:51][utils.mpc_utils     ][cem                      ] new mean: tensor([-0.0724,  0.0171, -0.0787,  0.0946], device='cuda:0') tensor([0.1090, 0.1244, 0.1182, 0.8400], device='cuda:0')
[INFO    ][2026-07-20 14:09:58][utils.mpc_utils     ][cem                      ] new mean: tensor([-0.0563,  0.0373, -0.0806,  0.2315], device='cuda:0') tensor([0.0967, 0.1110, 0.1043, 0.5502], device='cuda:0')
[INFO    ][2026-07-20 14:10:05][utils.mpc_utils     ][cem                      ] new mean: tensor([-0.0371,  0.0551, -0.0919,  0.1779], device='cuda:0') tensor([0.0897, 0.0938, 0.0951, 0.3977], device='cuda:0')
[INFO    ][2026-07-20 14:10:11][utils.mpc_utils     ][cem                      ] new mean: tensor([-0.0069,  0.0586, -0.1246,  0.1179], device='cuda:0') tensor([0.0764, 0.0802, 0.0797, 0.3923], device='cuda:0')
     8 |            0.3955 |          0.1191
[INFO    ][2026-07-20 14:10:18][utils.mpc_utils     ][cem                      ] new mean: tensor([-0.0387,  0.0039, -0.0219,  0.4655], device='cuda:0') tensor([0.1322, 0.1357, 0.1357, 0.8894], device='cuda:0')
[INFO    ][2026-07-20 14:10:25][utils.mpc_utils     ][cem                      ] new mean: tensor([-0.0634,  0.0202, -0.0609,  0.6854], device='cuda:0') tensor([0.1159, 0.1208, 0.1225, 0.5836], device='cuda:0')
[INFO    ][2026-07-20 14:10:31][utils.mpc_utils     ][cem                      ] new mean: tensor([-0.0528,  0.0505, -0.1124,  0.6484], device='cuda:0') tensor([0.1051, 0.1064, 0.1001, 0.4901], device='cuda:0')
[INFO    ][2026-07-20 14:10:38][utils.mpc_utils     ][cem                      ] new mean: tensor([-0.0412,  0.0547, -0.1035,  0.7824], device='cuda:0') tensor([0.0940, 0.0955, 0.0872, 0.4696], device='cuda:0')
[INFO    ][2026-07-20 14:10:45][utils.mpc_utils     ][cem                      ] new mean: tensor([-0.0615,  0.0913, -0.1064,  0.5383], device='cuda:0') tensor([0.0847, 0.0815, 0.0767, 0.3569], device='cuda:0')
    16 |            0.4015 |          0.1568
[INFO    ][2026-07-20 14:10:51][utils.mpc_utils     ][cem                      ] new mean: tensor([-0.0458,  0.0493, -0.0509,  0.8119], device='cuda:0') tensor([0.1321, 0.1303, 0.1310, 0.9378], device='cuda:0')
[INFO    ][2026-07-20 14:10:58][utils.mpc_utils     ][cem                      ] new mean: tensor([-0.0556,  0.0700, -0.0763,  0.5582], device='cuda:0') tensor([0.1158, 0.1103, 0.1081, 0.6597], device='cuda:0')
[INFO    ][2026-07-20 14:11:05][utils.mpc_utils     ][cem                      ] new mean: tensor([-0.0585,  0.1071, -0.0939,  0.6046], device='cuda:0') tensor([0.1027, 0.0950, 0.0935, 0.4837], device='cuda:0')
[INFO    ][2026-07-20 14:11:11][utils.mpc_utils     ][cem                      ] new mean: tensor([-0.0387,  0.1090, -0.1009,  0.4519], device='cuda:0') tensor([0.0897, 0.0815, 0.0763, 0.4677], device='cuda:0')
[INFO    ][2026-07-20 14:11:18][utils.mpc_utils     ][cem                      ] new mean: tensor([-0.0284,  0.1330, -0.1165,  0.4090], device='cuda:0') tensor([0.0783, 0.0670, 0.0636, 0.4379], device='cuda:0')
    32 |            0.3699 |          0.1337
[INFO    ][2026-07-20 14:11:25][utils.mpc_utils     ][cem                      ] new mean: tensor([-0.0418,  0.0541, -0.0176,  0.5040], device='cuda:0') tensor([0.1306, 0.1295, 0.1387, 1.0317], device='cuda:0')
[INFO    ][2026-07-20 14:11:31][utils.mpc_utils     ][cem                      ] new mean: tensor([-0.0834,  0.0842, -0.0698,  0.6440], device='cuda:0') tensor([0.1131, 0.1109, 0.1182, 0.6736], device='cuda:0')
[INFO    ][2026-07-20 14:11:38][utils.mpc_utils     ][cem                      ] new mean: tensor([-0.0493,  0.1020, -0.0875,  0.5845], device='cuda:0') tensor([0.1000, 0.0937, 0.1031, 0.4921], device='cuda:0')
[INFO    ][2026-07-20 14:11:45][utils.mpc_utils     ][cem                      ] new mean: tensor([-0.0534,  0.1127, -0.1217,  0.6712], device='cuda:0') tensor([0.0892, 0.0793, 0.0830, 0.4022], device='cuda:0')
[INFO    ][2026-07-20 14:11:51][utils.mpc_utils     ][cem                      ] new mean: tensor([-0.0554,  0.1183, -0.1325,  0.6655], device='cuda:0') tensor([0.0763, 0.0669, 0.0668, 0.3215], device='cuda:0')
    55 |            0.3967 |          0.1357
  (tau transfer hypothesis: 0.2; c* should separate near from far where raw distance saturates)

==== CRITERION-FLOOR SHAPE (rel pooled dist between frames S apart) ====
  S=  1: p10=0.0481 p50=0.0585 p90=0.0793  (n=55)
  S=  2: p10=0.0532 p50=0.0692 p90=0.0922  (n=54)
  S=  5: p10=0.0700 p50=0.0900 p90=0.1147  (n=51)
  S= 10: p10=0.0801 p50=0.1028 p90=0.1169  (n=46)
  (tau=0.2 must sit above the p50 single-replan floor to accept true progress; if not, tau is re-derived, per the paper's rule)

==== PLUMBING (certified spec-accept, teacher-forced, lerp drafter) ====
[INFO    ][2026-07-20 14:11:58][utils.mpc_utils     ][cem                      ] new mean: tensor([-0.0180,  0.0731, -0.0314,  0.5402], device='cuda:0') tensor([0.1349, 0.1320, 0.1427, 0.9793], device='cuda:0')
[INFO    ][2026-07-20 14:12:05][utils.mpc_utils     ][cem                      ] new mean: tensor([-0.0412,  0.0631, -0.0926,  0.6352], device='cuda:0') tensor([0.1213, 0.1132, 0.1226, 0.6508], device='cuda:0')
[INFO    ][2026-07-20 14:12:12][utils.mpc_utils     ][cem                      ] new mean: tensor([-0.0609,  0.0897, -0.1318,  0.7100], device='cuda:0') tensor([0.1049, 0.0991, 0.0973, 0.5444], device='cuda:0')
[INFO    ][2026-07-20 14:12:18][utils.mpc_utils     ][cem                      ] new mean: tensor([-0.0332,  0.1151, -0.1361,  0.7373], device='cuda:0') tensor([0.0866, 0.0820, 0.0800, 0.2944], device='cuda:0')
[INFO    ][2026-07-20 14:12:25][utils.mpc_utils     ][cem                      ] new mean: tensor([-0.0286,  0.1247, -0.1395,  0.6749], device='cuda:0') tensor([0.0750, 0.0659, 0.0628, 0.1421], device='cuda:0')
[INFO    ][2026-07-20 14:12:32][utils.mpc_utils     ][cem                      ] new mean: tensor([-0.0173,  0.0324, -0.0432, -0.1077], device='cuda:0') tensor([0.1307, 0.1362, 0.1363, 1.4771], device='cuda:0')
[INFO    ][2026-07-20 14:12:38][utils.mpc_utils     ][cem                      ] new mean: tensor([-0.0679,  0.0452, -0.0094, -0.0707], device='cuda:0') tensor([0.1186, 0.1258, 0.1327, 1.0215], device='cuda:0')
[INFO    ][2026-07-20 14:12:45][utils.mpc_utils     ][cem                      ] new mean: tensor([-0.0943,  0.0564, -0.0361, -0.2729], device='cuda:0') tensor([0.1026, 0.1156, 0.1226, 1.0855], device='cuda:0')
[INFO    ][2026-07-20 14:12:52][utils.mpc_utils     ][cem                      ] new mean: tensor([-0.0933,  0.0339,  0.0027, -0.1507], device='cuda:0') tensor([0.0910, 0.1056, 0.1099, 1.0110], device='cuda:0')
[INFO    ][2026-07-20 14:12:58][utils.mpc_utils     ][cem                      ] new mean: tensor([-0.0966,  0.0605, -0.0214,  0.2884], device='cuda:0') tensor([0.0831, 0.0993, 0.1013, 0.5202], device='cuda:0')
[INFO    ][2026-07-20 14:13:05][utils.mpc_utils     ][cem                      ] new mean: tensor([-0.0362,  0.0239,  0.0250,  0.0374], device='cuda:0') tensor([0.1376, 0.1380, 0.1370, 1.2929], device='cuda:0')
[INFO    ][2026-07-20 14:13:12][utils.mpc_utils     ][cem                      ] new mean: tensor([-0.0648,  0.0302,  0.0633,  0.3568], device='cuda:0') tensor([0.1214, 0.1253, 0.1219, 0.9653], device='cuda:0')
[INFO    ][2026-07-20 14:13:18][utils.mpc_utils     ][cem                      ] new mean: tensor([-0.0888,  0.0400,  0.0743,  0.4594], device='cuda:0') tensor([0.1083, 0.1131, 0.1023, 0.8107], device='cuda:0')
[INFO    ][2026-07-20 14:13:25][utils.mpc_utils     ][cem                      ] new mean: tensor([-0.0842,  0.0678,  0.0591,  0.6708], device='cuda:0') tensor([0.0969, 0.1006, 0.0941, 0.6339], device='cuda:0')
[INFO    ][2026-07-20 14:13:32][utils.mpc_utils     ][cem                      ] new mean: tensor([-0.0902,  0.0548,  0.0688,  0.6842], device='cuda:0') tensor([0.0844, 0.0959, 0.0795, 0.5977], device='cuda:0')
[INFO    ][2026-07-20 14:13:38][utils.mpc_utils     ][cem                      ] new mean: tensor([0.0345, 0.0235, 0.0514, 0.1138], device='cuda:0') tensor([0.1372, 0.1342, 0.1279, 1.4202], device='cuda:0')
[INFO    ][2026-07-20 14:13:45][utils.mpc_utils     ][cem                      ] new mean: tensor([-0.0044,  0.0192,  0.0660,  0.3552], device='cuda:0') tensor([0.1251, 0.1184, 0.1076, 0.9654], device='cuda:0')
[INFO    ][2026-07-20 14:13:52][utils.mpc_utils     ][cem                      ] new mean: tensor([-0.0123,  0.0295,  0.0651,  0.5593], device='cuda:0') tensor([0.1141, 0.1086, 0.0931, 0.7184], device='cuda:0')
[INFO    ][2026-07-20 14:13:58][utils.mpc_utils     ][cem                      ] new mean: tensor([0.0032, 0.0171, 0.0911, 0.7011], device='cuda:0') tensor([0.1069, 0.0989, 0.0784, 0.4893], device='cuda:0')
[INFO    ][2026-07-20 14:14:05][utils.mpc_utils     ][cem                      ] new mean: tensor([-0.0174, -0.0044,  0.0847,  0.7917], device='cuda:0') tensor([0.0934, 0.0874, 0.0675, 0.4675], device='cuda:0')
[INFO    ][2026-07-20 14:14:12][utils.mpc_utils     ][cem                      ] new mean: tensor([ 0.0181, -0.0428,  0.0327,  0.0623], device='cuda:0') tensor([0.1317, 0.1301, 0.1313, 1.2806], device='cuda:0')
[INFO    ][2026-07-20 14:14:18][utils.mpc_utils     ][cem                      ] new mean: tensor([ 0.0369, -0.0493,  0.0522, -0.4236], device='cuda:0') tensor([0.1166, 0.1145, 0.1163, 0.9322], device='cuda:0')
[INFO    ][2026-07-20 14:14:25][utils.mpc_utils     ][cem                      ] new mean: tensor([ 0.0276, -0.0304,  0.0483, -0.4139], device='cuda:0') tensor([0.1029, 0.1046, 0.1024, 0.8267], device='cuda:0')
[INFO    ][2026-07-20 14:14:32][utils.mpc_utils     ][cem                      ] new mean: tensor([ 0.0235, -0.0201,  0.0666, -0.3926], device='cuda:0') tensor([0.0932, 0.0955, 0.0912, 0.6220], device='cuda:0')
[INFO    ][2026-07-20 14:14:38][utils.mpc_utils     ][cem                      ] new mean: tensor([ 0.0202, -0.0131,  0.0647, -0.3014], device='cuda:0') tensor([0.0887, 0.0902, 0.0857, 0.5688], device='cuda:0')
[INFO    ][2026-07-20 14:14:45][utils.mpc_utils     ][cem                      ] new mean: tensor([0.0086, 0.0227, 0.0638, 0.0443], device='cuda:0') tensor([0.1389, 0.1376, 0.1298, 1.2773], device='cuda:0')
[INFO    ][2026-07-20 14:14:52][utils.mpc_utils     ][cem                      ] new mean: tensor([0.0125, 0.0518, 0.0872, 0.1708], device='cuda:0') tensor([0.1273, 0.1252, 0.1107, 1.1368], device='cuda:0')
[INFO    ][2026-07-20 14:14:58][utils.mpc_utils     ][cem                      ] new mean: tensor([0.0151, 0.0838, 0.0791, 0.3350], device='cuda:0') tensor([0.1165, 0.1151, 0.1008, 0.8404], device='cuda:0')
[INFO    ][2026-07-20 14:15:05][utils.mpc_utils     ][cem                      ] new mean: tensor([0.0507, 0.0862, 0.0932, 0.4449], device='cuda:0') tensor([0.1002, 0.1084, 0.0860, 0.7558], device='cuda:0')
[INFO    ][2026-07-20 14:15:12][utils.mpc_utils     ][cem                      ] new mean: tensor([0.0330, 0.1095, 0.0917, 0.6005], device='cuda:0') tensor([0.0912, 0.0940, 0.0775, 0.6229], device='cuda:0')
[INFO    ][2026-07-20 14:15:18][utils.mpc_utils     ][cem                      ] new mean: tensor([-0.0369,  0.0591, -0.0120, -0.1684], device='cuda:0') tensor([0.1391, 0.1321, 0.1340, 1.3076], device='cuda:0')
[INFO    ][2026-07-20 14:15:25][utils.mpc_utils     ][cem                      ] new mean: tensor([-0.0609,  0.0806, -0.0143, -0.3497], device='cuda:0') tensor([0.1224, 0.1143, 0.1175, 1.0554], device='cuda:0')
[INFO    ][2026-07-20 14:15:32][utils.mpc_utils     ][cem                      ] new mean: tensor([-0.0396,  0.0753,  0.0032, -0.4531], device='cuda:0') tensor([0.1097, 0.1030, 0.1045, 0.7424], device='cuda:0')
[INFO    ][2026-07-20 14:15:38][utils.mpc_utils     ][cem                      ] new mean: tensor([-0.0637,  0.0912,  0.0034, -0.4857], device='cuda:0') tensor([0.0960, 0.0909, 0.0902, 0.6073], device='cuda:0')
[INFO    ][2026-07-20 14:15:45][utils.mpc_utils     ][cem                      ] new mean: tensor([-0.0798,  0.0837,  0.0011, -0.3806], device='cuda:0') tensor([0.0882, 0.0805, 0.0794, 0.5768], device='cuda:0')
[INFO    ][2026-07-20 14:15:52][utils.mpc_utils     ][cem                      ] new mean: tensor([-0.0020,  0.0596,  0.0367, -0.0826], device='cuda:0') tensor([0.1328, 0.1315, 0.1326, 1.1707], device='cuda:0')
[INFO    ][2026-07-20 14:15:59][utils.mpc_utils     ][cem                      ] new mean: tensor([ 0.0154,  0.0458,  0.0357, -0.0811], device='cuda:0') tensor([0.1197, 0.1136, 0.1131, 1.1909], device='cuda:0')
[INFO    ][2026-07-20 14:16:05][utils.mpc_utils     ][cem                      ] new mean: tensor([-4.0306e-05,  6.9581e-02,  2.7433e-02, -6.1842e-02], device='cuda:0') tensor([0.1092, 0.0965, 0.1004, 0.9466], device='cuda:0')
[INFO    ][2026-07-20 14:16:12][utils.mpc_utils     ][cem                      ] new mean: tensor([-0.0074,  0.0533,  0.0234, -0.1430], device='cuda:0') tensor([0.0979, 0.0861, 0.0902, 0.9035], device='cuda:0')
[INFO    ][2026-07-20 14:16:18][utils.mpc_utils     ][cem                      ] new mean: tensor([ 0.0061,  0.0615,  0.0179, -0.3205], device='cuda:0') tensor([0.0925, 0.0801, 0.0817, 0.7134], device='cuda:0')
[INFO    ][2026-07-20 14:16:25][utils.mpc_utils     ][cem                      ] new mean: tensor([ 0.0016,  0.0532,  0.0638, -0.2085], device='cuda:0') tensor([0.1350, 0.1323, 0.1284, 1.1752], device='cuda:0')
[INFO    ][2026-07-20 14:16:32][utils.mpc_utils     ][cem                      ] new mean: tensor([-0.0162,  0.0696,  0.0418,  0.0732], device='cuda:0') tensor([0.1177, 0.1150, 0.1052, 0.9447], device='cuda:0')
[INFO    ][2026-07-20 14:16:38][utils.mpc_utils     ][cem                      ] new mean: tensor([-0.0115,  0.0528,  0.0451,  0.1802], device='cuda:0') tensor([0.1074, 0.1028, 0.0916, 0.8556], device='cuda:0')
[INFO    ][2026-07-20 14:16:45][utils.mpc_utils     ][cem                      ] new mean: tensor([0.0033, 0.0376, 0.0699, 0.0924], device='cuda:0') tensor([0.1015, 0.0913, 0.0791, 0.8015], device='cuda:0')
[INFO    ][2026-07-20 14:16:52][utils.mpc_utils     ][cem                      ] new mean: tensor([0.0194, 0.0407, 0.0703, 0.3423], device='cuda:0') tensor([0.0930, 0.0837, 0.0704, 0.6906], device='cuda:0')
[INFO    ][2026-07-20 14:16:59][utils.mpc_utils     ][cem                      ] new mean: tensor([0.0486, 0.0005, 0.0485, 0.2253], device='cuda:0') tensor([0.1359, 0.1296, 0.1346, 1.0246], device='cuda:0')
[INFO    ][2026-07-20 14:17:05][utils.mpc_utils     ][cem                      ] new mean: tensor([ 0.0586, -0.0016,  0.0728,  0.3112], device='cuda:0') tensor([0.1201, 0.1114, 0.1170, 0.9150], device='cuda:0')
[INFO    ][2026-07-20 14:17:12][utils.mpc_utils     ][cem                      ] new mean: tensor([ 0.0419, -0.0134,  0.0926,  0.4771], device='cuda:0') tensor([0.1081, 0.0988, 0.1020, 0.5642], device='cuda:0')
[INFO    ][2026-07-20 14:17:18][utils.mpc_utils     ][cem                      ] new mean: tensor([ 0.0439, -0.0166,  0.1040,  0.3012], device='cuda:0') tensor([0.1008, 0.0909, 0.0872, 0.5927], device='cuda:0')
[INFO    ][2026-07-20 14:17:25][utils.mpc_utils     ][cem                      ] new mean: tensor([0.0291, 0.0042, 0.1089, 0.2175], device='cuda:0') tensor([0.0954, 0.0841, 0.0739, 0.5640], device='cuda:0')
[INFO    ][2026-07-20 14:17:32][utils.mpc_utils     ][cem                      ] new mean: tensor([0.0593, 0.0211, 0.0382, 0.3446], device='cuda:0') tensor([0.1266, 0.1368, 0.1344, 1.1550], device='cuda:0')
[INFO    ][2026-07-20 14:17:39][utils.mpc_utils     ][cem                      ] new mean: tensor([0.0800, 0.0258, 0.0298, 0.3955], device='cuda:0') tensor([0.1151, 0.1219, 0.1152, 0.8370], device='cuda:0')
[INFO    ][2026-07-20 14:17:45][utils.mpc_utils     ][cem                      ] new mean: tensor([0.0532, 0.0159, 0.0407, 0.6263], device='cuda:0') tensor([0.1057, 0.1086, 0.1016, 0.6562], device='cuda:0')
[INFO    ][2026-07-20 14:17:52][utils.mpc_utils     ][cem                      ] new mean: tensor([0.0213, 0.0210, 0.0333, 0.7381], device='cuda:0') tensor([0.0919, 0.0961, 0.0934, 0.5598], device='cuda:0')
[INFO    ][2026-07-20 14:17:58][utils.mpc_utils     ][cem                      ] new mean: tensor([0.0397, 0.0273, 0.0417, 0.7078], device='cuda:0') tensor([0.0837, 0.0878, 0.0843, 0.4246], device='cuda:0')
[INFO    ][2026-07-20 14:18:05][utils.mpc_utils     ][cem                      ] new mean: tensor([ 0.0083,  0.0219, -0.0015,  0.0824], device='cuda:0') tensor([0.1379, 0.1303, 0.1316, 1.3523], device='cuda:0')
[INFO    ][2026-07-20 14:18:12][utils.mpc_utils     ][cem                      ] new mean: tensor([0.0190, 0.0279, 0.0029, 0.3804], device='cuda:0') tensor([0.1221, 0.1154, 0.1134, 0.8646], device='cuda:0')
[INFO    ][2026-07-20 14:18:18][utils.mpc_utils     ][cem                      ] new mean: tensor([0.0075, 0.0271, 0.0300, 0.3305], device='cuda:0') tensor([0.1103, 0.1016, 0.0967, 0.7280], device='cuda:0')
[INFO    ][2026-07-20 14:18:25][utils.mpc_utils     ][cem                      ] new mean: tensor([0.0017, 0.0507, 0.0241, 0.2313], device='cuda:0') tensor([0.0965, 0.0879, 0.0877, 0.6023], device='cuda:0')
[INFO    ][2026-07-20 14:18:32][utils.mpc_utils     ][cem                      ] new mean: tensor([0.0133, 0.0383, 0.0317, 0.2396], device='cuda:0') tensor([0.0881, 0.0820, 0.0766, 0.5593], device='cuda:0')
  [unified] tau=0.2 retired=0/1 (fired-at-first-replan=0) c*_first p50=0.397 | spec: re-drafts=4 advances=8 rejects=0
  replans=12 retire_replan=-1 c*_first=0.3967 c*_last=0.3740
  (expected shape: c* falls as the recorded episode approaches its own final frame; retire fires late or not at all on a short clip)

[done]
