/lustre/home/ha676/le-wm/.venv/lib/python3.11/site-packages/timm/models/layers/__init__.py:49: FutureWarning: Importing from timm.models.layers is deprecated, please import via timm.layers
  warnings.warn(f"Importing from {__name__} is deprecated, please import via timm.layers", FutureWarning)
/gpfs/ts0/shared/software/Anaconda3/2023.07-2/lib/python3.11/contextlib.py:105: FutureWarning: `torch.backends.cuda.sdp_kernel()` is deprecated. In the future, this context manager will be removed. Please see `torch.nn.attention.sdpa_kernel()` for the new context manager, with updated signature.
  self.gen = func(*args, **kwds)
/gpfs/ts0/shared/software/Anaconda3/2023.07-2/lib/python3.11/contextlib.py:105: FutureWarning: `torch.backends.cuda.sdp_kernel()` is deprecated. In the future, this context manager will be removed. Please see `torch.nn.attention.sdpa_kernel()` for the new context manager, with updated signature.
  self.gen = func(*args, **kwds)
[traj] droid_ep001.npz: 80 frames, states (80, 7)
[wm] loading vjepa2_ac_vit_giant on cuda (first run downloads weights)...
[wm] tokens_per_frame=256 embed_dim=1408
[encode] encoding all frames...
[INFO    ][2026-07-20 14:19:06][utils.mpc_utils     ][cem                      ] new mean: tensor([-0.0071, -0.0313, -0.0097, -0.2804], device='cuda:0') tensor([0.1430, 0.1301, 0.1374, 1.3812], device='cuda:0')
[INFO    ][2026-07-20 14:19:13][utils.mpc_utils     ][cem                      ] new mean: tensor([ 0.0226, -0.0380, -0.0341, -0.2479], device='cuda:0') tensor([0.1334, 0.1095, 0.1173, 1.0995], device='cuda:0')
[INFO    ][2026-07-20 14:19:19][utils.mpc_utils     ][cem                      ] new mean: tensor([ 0.0221, -0.0459, -0.0390, -0.0720], device='cuda:0') tensor([0.1208, 0.0934, 0.1051, 0.9283], device='cuda:0')
[INFO    ][2026-07-20 14:19:26][utils.mpc_utils     ][cem                      ] new mean: tensor([ 0.0094, -0.0434, -0.0349,  0.1082], device='cuda:0') tensor([0.1088, 0.0768, 0.0974, 0.8166], device='cuda:0')
[INFO    ][2026-07-20 14:19:33][utils.mpc_utils     ][cem                      ] new mean: tensor([ 0.0408, -0.0493, -0.0440,  0.3246], device='cuda:0') tensor([0.0972, 0.0656, 0.0905, 0.8672], device='cuda:0')

==== ANCHOR (upstream CEM, frame0 -> final frame) ====
  planned xyz displacement (H=2)  = (+0.0408, -0.0493, -0.0440)
  true displacement over 2 frames = (+0.0036, +0.0022, -0.0031)  |.|=0.0052
  start->goal displacement          = (+0.0557, -0.0374, -0.0560)  |.|=0.0874
  cosine(plan, true-over-H) = +0.426   cosine(plan, start->goal) = +0.969
  (sanity, not a bar: tiny CEM budget; cosines are meaningless when |.| above is near zero)

==== C* LADDER (frame0 -> frame_t) ====
     t |  c* (certificate) | pooled enc dist
[INFO    ][2026-07-20 14:19:39][utils.mpc_utils     ][cem                      ] new mean: tensor([ 0.0123,  0.0287,  0.0291, -0.7124], device='cuda:0') tensor([0.1391, 0.1310, 0.1400, 0.7958], device='cuda:0')
[INFO    ][2026-07-20 14:19:46][utils.mpc_utils     ][cem                      ] new mean: tensor([ 0.0184,  0.0297,  0.0239, -0.8637], device='cuda:0') tensor([0.1199, 0.1149, 0.1242, 0.5689], device='cuda:0')
[INFO    ][2026-07-20 14:19:53][utils.mpc_utils     ][cem                      ] new mean: tensor([ 0.0139,  0.0404,  0.0299, -0.9053], device='cuda:0') tensor([0.1028, 0.1049, 0.1144, 0.4097], device='cuda:0')
[INFO    ][2026-07-20 14:19:59][utils.mpc_utils     ][cem                      ] new mean: tensor([ 0.0085,  0.0346,  0.0240, -0.9686], device='cuda:0') tensor([0.0926, 0.0975, 0.1071, 0.3867], device='cuda:0')
[INFO    ][2026-07-20 14:20:06][utils.mpc_utils     ][cem                      ] new mean: tensor([-7.4693e-04,  3.4382e-02,  1.9602e-02, -1.1110e+00], device='cuda:0') tensor([0.0811, 0.0799, 0.0996, 0.3360], device='cuda:0')
     1 |            0.3963 |          0.1054
[INFO    ][2026-07-20 14:20:13][utils.mpc_utils     ][cem                      ] new mean: tensor([-0.0169,  0.0211,  0.0625, -0.1520], device='cuda:0') tensor([0.1343, 0.1349, 0.1314, 1.3253], device='cuda:0')
[INFO    ][2026-07-20 14:20:19][utils.mpc_utils     ][cem                      ] new mean: tensor([-0.0312,  0.0296,  0.0584, -0.2203], device='cuda:0') tensor([0.1211, 0.1145, 0.1205, 0.8892], device='cuda:0')
[INFO    ][2026-07-20 14:20:26][utils.mpc_utils     ][cem                      ] new mean: tensor([-0.0281,  0.0345,  0.0718, -0.2151], device='cuda:0') tensor([0.1069, 0.1045, 0.1041, 0.8351], device='cuda:0')
[INFO    ][2026-07-20 14:20:33][utils.mpc_utils     ][cem                      ] new mean: tensor([-0.0154,  0.0151,  0.0536, -0.1824], device='cuda:0') tensor([0.0971, 0.0934, 0.0917, 0.6043], device='cuda:0')
[INFO    ][2026-07-20 14:20:39][utils.mpc_utils     ][cem                      ] new mean: tensor([-0.0171,  0.0189,  0.0549, -0.2383], device='cuda:0') tensor([0.0891, 0.0863, 0.0805, 0.5627], device='cuda:0')
     2 |            0.4071 |          0.1207
[INFO    ][2026-07-20 14:20:46][utils.mpc_utils     ][cem                      ] new mean: tensor([-0.0234,  0.0168,  0.0543, -0.1728], device='cuda:0') tensor([0.1384, 0.1391, 0.1318, 1.2229], device='cuda:0')
[INFO    ][2026-07-20 14:20:53][utils.mpc_utils     ][cem                      ] new mean: tensor([-0.0579,  0.0296,  0.0758, -0.3803], device='cuda:0') tensor([0.1199, 0.1329, 0.1199, 0.9281], device='cuda:0')
[INFO    ][2026-07-20 14:20:59][utils.mpc_utils     ][cem                      ] new mean: tensor([-0.0537,  0.0181,  0.0892, -0.4836], device='cuda:0') tensor([0.1085, 0.1249, 0.1115, 0.8054], device='cuda:0')
[INFO    ][2026-07-20 14:21:06][utils.mpc_utils     ][cem                      ] new mean: tensor([-0.0353,  0.0140,  0.0860, -0.4938], device='cuda:0') tensor([0.0988, 0.1175, 0.1019, 0.6025], device='cuda:0')
[INFO    ][2026-07-20 14:21:13][utils.mpc_utils     ][cem                      ] new mean: tensor([-4.3160e-02,  1.5999e-04,  7.9288e-02, -3.7347e-01], device='cuda:0') tensor([0.0872, 0.1125, 0.0968, 0.6260], device='cuda:0')
     4 |            0.3792 |          0.1012
[INFO    ][2026-07-20 14:21:19][utils.mpc_utils     ][cem                      ] new mean: tensor([-0.0274,  0.0217, -0.0257, -0.5175], device='cuda:0') tensor([0.1383, 0.1308, 0.1407, 1.2151], device='cuda:0')
[INFO    ][2026-07-20 14:21:26][utils.mpc_utils     ][cem                      ] new mean: tensor([-0.0465,  0.0186, -0.0170, -0.8729], device='cuda:0') tensor([0.1276, 0.1181, 0.1325, 0.7400], device='cuda:0')
[INFO    ][2026-07-20 14:21:33][utils.mpc_utils     ][cem                      ] new mean: tensor([-0.0364,  0.0145, -0.0260, -0.8528], device='cuda:0') tensor([0.1209, 0.1100, 0.1256, 0.4994], device='cuda:0')
[INFO    ][2026-07-20 14:21:39][utils.mpc_utils     ][cem                      ] new mean: tensor([-0.0257,  0.0248, -0.0165, -1.1050], device='cuda:0') tensor([0.1076, 0.0986, 0.1199, 0.2875], device='cuda:0')
[INFO    ][2026-07-20 14:21:46][utils.mpc_utils     ][cem                      ] new mean: tensor([-0.0278,  0.0149, -0.0216, -0.9346], device='cuda:0') tensor([0.0961, 0.0944, 0.1116, 0.2520], device='cuda:0')
     8 |            0.3880 |          0.1126
[INFO    ][2026-07-20 14:21:53][utils.mpc_utils     ][cem                      ] new mean: tensor([-0.0195,  0.0598, -0.0007, -0.1154], device='cuda:0') tensor([0.1368, 0.1312, 0.1407, 1.0570], device='cuda:0')
[INFO    ][2026-07-20 14:21:59][utils.mpc_utils     ][cem                      ] new mean: tensor([-0.0158,  0.0697,  0.0025, -0.2889], device='cuda:0') tensor([0.1275, 0.1173, 0.1361, 0.9981], device='cuda:0')
[INFO    ][2026-07-20 14:22:06][utils.mpc_utils     ][cem                      ] new mean: tensor([-0.0137,  0.0880,  0.0125, -0.2324], device='cuda:0') tensor([0.1212, 0.1058, 0.1366, 0.7461], device='cuda:0')
[INFO    ][2026-07-20 14:22:13][utils.mpc_utils     ][cem                      ] new mean: tensor([-0.0034,  0.0873, -0.0139, -0.5770], device='cuda:0') tensor([0.1115, 0.0973, 0.1333, 0.7374], device='cuda:0')
[INFO    ][2026-07-20 14:22:19][utils.mpc_utils     ][cem                      ] new mean: tensor([-0.0174,  0.0984, -0.0429, -0.5430], device='cuda:0') tensor([0.1048, 0.0890, 0.1255, 0.4343], device='cuda:0')
    16 |            0.4070 |          0.1685
[INFO    ][2026-07-20 14:22:26][utils.mpc_utils     ][cem                      ] new mean: tensor([-0.0234,  0.0810,  0.0052, -0.0994], device='cuda:0') tensor([0.1402, 0.1230, 0.1430, 1.2713], device='cuda:0')
[INFO    ][2026-07-20 14:22:33][utils.mpc_utils     ][cem                      ] new mean: tensor([-0.0209,  0.0872,  0.0332,  0.1609], device='cuda:0') tensor([0.1255, 0.1068, 0.1271, 1.0557], device='cuda:0')
[INFO    ][2026-07-20 14:22:39][utils.mpc_utils     ][cem                      ] new mean: tensor([-0.0471,  0.0801,  0.0530,  0.0641], device='cuda:0') tensor([0.1160, 0.0968, 0.1148, 0.9127], device='cuda:0')
[INFO    ][2026-07-20 14:22:46][utils.mpc_utils     ][cem                      ] new mean: tensor([-0.0249,  0.0884,  0.0577, -0.0572], device='cuda:0') tensor([0.1037, 0.0806, 0.1079, 0.5499], device='cuda:0')
[INFO    ][2026-07-20 14:22:53][utils.mpc_utils     ][cem                      ] new mean: tensor([-0.0005,  0.0897,  0.0137, -0.2764], device='cuda:0') tensor([0.0948, 0.0670, 0.0889, 0.4658], device='cuda:0')
    32 |            0.3867 |          0.1439
[INFO    ][2026-07-20 14:22:59][utils.mpc_utils     ][cem                      ] new mean: tensor([-0.0220, -0.0606,  0.0684,  0.0523], device='cuda:0') tensor([0.1378, 0.1321, 0.1295, 1.1236], device='cuda:0')
[INFO    ][2026-07-20 14:23:06][utils.mpc_utils     ][cem                      ] new mean: tensor([-0.0471, -0.0758,  0.0976, -0.0850], device='cuda:0') tensor([0.1202, 0.1105, 0.1114, 1.0045], device='cuda:0')
[INFO    ][2026-07-20 14:23:13][utils.mpc_utils     ][cem                      ] new mean: tensor([-0.0389, -0.0912,  0.1207,  0.0011], device='cuda:0') tensor([0.1025, 0.0933, 0.0941, 0.8730], device='cuda:0')
[INFO    ][2026-07-20 14:23:19][utils.mpc_utils     ][cem                      ] new mean: tensor([-0.0895, -0.0732,  0.1152, -0.1067], device='cuda:0') tensor([0.0896, 0.0762, 0.0821, 0.8230], device='cuda:0')
[INFO    ][2026-07-20 14:23:26][utils.mpc_utils     ][cem                      ] new mean: tensor([-0.0859, -0.0764,  0.1312, -0.0758], device='cuda:0') tensor([0.0787, 0.0619, 0.0685, 0.7770], device='cuda:0')
    64 |            0.4034 |          0.1396
[INFO    ][2026-07-20 14:23:33][utils.mpc_utils     ][cem                      ] new mean: tensor([-0.0128, -0.0263, -0.0169, -0.0813], device='cuda:0') tensor([0.1367, 0.1318, 0.1372, 1.2412], device='cuda:0')
[INFO    ][2026-07-20 14:23:39][utils.mpc_utils     ][cem                      ] new mean: tensor([-0.0056, -0.0336, -0.0224, -0.1149], device='cuda:0') tensor([0.1277, 0.1164, 0.1256, 1.1689], device='cuda:0')
[INFO    ][2026-07-20 14:23:46][utils.mpc_utils     ][cem                      ] new mean: tensor([ 0.0009, -0.0439, -0.0260, -0.1904], device='cuda:0') tensor([0.1158, 0.0947, 0.1197, 1.0620], device='cuda:0')
[INFO    ][2026-07-20 14:23:53][utils.mpc_utils     ][cem                      ] new mean: tensor([ 0.0019, -0.0347, -0.0302, -0.1736], device='cuda:0') tensor([0.1112, 0.0775, 0.1078, 0.9853], device='cuda:0')
[INFO    ][2026-07-20 14:23:59][utils.mpc_utils     ][cem                      ] new mean: tensor([ 0.0122, -0.0310, -0.0511, -0.3740], device='cuda:0') tensor([0.1086, 0.0668, 0.0979, 0.5455], device='cuda:0')
    79 |            0.4080 |          0.1624
  (tau transfer hypothesis: 0.2; c* should separate near from far where raw distance saturates)

==== CRITERION-FLOOR SHAPE (rel pooled dist between frames S apart) ====
  S=  1: p10=0.0550 p50=0.0674 p90=0.0937  (n=79)
  S=  2: p10=0.0586 p50=0.0736 p90=0.1051  (n=78)
  S=  5: p10=0.0657 p50=0.0879 p90=0.1245  (n=75)
  S= 10: p10=0.0791 p50=0.1014 p90=0.1540  (n=70)
  (tau=0.2 must sit above the p50 single-replan floor to accept true progress; if not, tau is re-derived, per the paper's rule)

==== PLUMBING (certified spec-accept, teacher-forced, lerp drafter) ====
[INFO    ][2026-07-20 14:24:06][utils.mpc_utils     ][cem                      ] new mean: tensor([-0.0275, -0.0153,  0.0053,  0.1429], device='cuda:0') tensor([0.1337, 0.1415, 0.1414, 1.2418], device='cuda:0')
[INFO    ][2026-07-20 14:24:13][utils.mpc_utils     ][cem                      ] new mean: tensor([-0.0382, -0.0320, -0.0101,  0.0704], device='cuda:0') tensor([0.1245, 0.1223, 0.1323, 0.8860], device='cuda:0')
[INFO    ][2026-07-20 14:24:19][utils.mpc_utils     ][cem                      ] new mean: tensor([-0.0341, -0.0350, -0.0198, -0.2469], device='cuda:0') tensor([0.1125, 0.1020, 0.1169, 0.6892], device='cuda:0')
[INFO    ][2026-07-20 14:24:26][utils.mpc_utils     ][cem                      ] new mean: tensor([ 0.0055, -0.0437, -0.0254, -0.2718], device='cuda:0') tensor([0.1002, 0.0873, 0.1070, 0.6260], device='cuda:0')
[INFO    ][2026-07-20 14:24:32][utils.mpc_utils     ][cem                      ] new mean: tensor([ 0.0170, -0.0425, -0.0378, -0.2046], device='cuda:0') tensor([0.0947, 0.0731, 0.1021, 0.6786], device='cuda:0')
[INFO    ][2026-07-20 14:24:39][utils.mpc_utils     ][cem                      ] new mean: tensor([ 0.0271, -0.0288,  0.0414, -0.2446], device='cuda:0') tensor([0.1349, 0.1314, 0.1358, 1.1751], device='cuda:0')
[INFO    ][2026-07-20 14:24:46][utils.mpc_utils     ][cem                      ] new mean: tensor([ 0.0338, -0.0368,  0.0362, -0.2204], device='cuda:0') tensor([0.1206, 0.1177, 0.1264, 0.8412], device='cuda:0')
[INFO    ][2026-07-20 14:24:53][utils.mpc_utils     ][cem                      ] new mean: tensor([ 0.0241, -0.0433,  0.0456, -0.2139], device='cuda:0') tensor([0.1086, 0.1073, 0.1134, 0.6593], device='cuda:0')
[INFO    ][2026-07-20 14:24:59][utils.mpc_utils     ][cem                      ] new mean: tensor([ 0.0293, -0.0498,  0.0351, -0.4661], device='cuda:0') tensor([0.0969, 0.0959, 0.1053, 0.5278], device='cuda:0')
[INFO    ][2026-07-20 14:25:06][utils.mpc_utils     ][cem                      ] new mean: tensor([ 0.0372, -0.0497,  0.0391, -0.5260], device='cuda:0') tensor([0.0892, 0.0867, 0.0956, 0.4887], device='cuda:0')
[INFO    ][2026-07-20 14:25:13][utils.mpc_utils     ][cem                      ] new mean: tensor([0.0478, 0.0223, 0.0324, 0.1631], device='cuda:0') tensor([0.1311, 0.1344, 0.1265, 1.3020], device='cuda:0')
[INFO    ][2026-07-20 14:25:19][utils.mpc_utils     ][cem                      ] new mean: tensor([0.0445, 0.0677, 0.0503, 0.4856], device='cuda:0') tensor([0.1186, 0.1168, 0.1107, 0.8222], device='cuda:0')
[INFO    ][2026-07-20 14:25:26][utils.mpc_utils     ][cem                      ] new mean: tensor([0.0685, 0.0655, 0.0683, 0.5873], device='cuda:0') tensor([0.1041, 0.1063, 0.0981, 0.5631], device='cuda:0')
[INFO    ][2026-07-20 14:25:32][utils.mpc_utils     ][cem                      ] new mean: tensor([0.0527, 0.0915, 0.0495, 0.5613], device='cuda:0') tensor([0.0957, 0.0944, 0.0826, 0.4575], device='cuda:0')
[INFO    ][2026-07-20 14:25:39][utils.mpc_utils     ][cem                      ] new mean: tensor([0.0335, 0.0981, 0.0530, 0.5091], device='cuda:0') tensor([0.0875, 0.0869, 0.0762, 0.5076], device='cuda:0')
[INFO    ][2026-07-20 14:25:46][utils.mpc_utils     ][cem                      ] new mean: tensor([0.0581, 0.0550, 0.0634, 0.2701], device='cuda:0') tensor([0.1346, 0.1362, 0.1392, 1.2839], device='cuda:0')
[INFO    ][2026-07-20 14:25:52][utils.mpc_utils     ][cem                      ] new mean: tensor([0.0754, 0.0956, 0.0968, 0.1869], device='cuda:0') tensor([0.1192, 0.1138, 0.1121, 0.8300], device='cuda:0')
[INFO    ][2026-07-20 14:25:59][utils.mpc_utils     ][cem                      ] new mean: tensor([0.0813, 0.0969, 0.0852, 0.0992], device='cuda:0') tensor([0.1054, 0.0990, 0.0924, 0.4922], device='cuda:0')
[INFO    ][2026-07-20 14:26:06][utils.mpc_utils     ][cem                      ] new mean: tensor([0.1161, 0.0986, 0.0967, 0.0845], device='cuda:0') tensor([0.0888, 0.0879, 0.0805, 0.3525], device='cuda:0')
[INFO    ][2026-07-20 14:26:12][utils.mpc_utils     ][cem                      ] new mean: tensor([0.1173, 0.0988, 0.0998, 0.0777], device='cuda:0') tensor([0.0783, 0.0769, 0.0734, 0.2487], device='cuda:0')
[INFO    ][2026-07-20 14:26:19][utils.mpc_utils     ][cem                      ] new mean: tensor([ 0.0395,  0.0542, -0.0067,  0.2798], device='cuda:0') tensor([0.1428, 0.1316, 0.1457, 1.3271], device='cuda:0')
[INFO    ][2026-07-20 14:26:26][utils.mpc_utils     ][cem                      ] new mean: tensor([0.0349, 0.0953, 0.0107, 0.7358], device='cuda:0') tensor([0.1328, 0.1152, 0.1406, 0.8091], device='cuda:0')
[INFO    ][2026-07-20 14:26:32][utils.mpc_utils     ][cem                      ] new mean: tensor([0.0311, 0.1207, 0.0178, 0.6242], device='cuda:0') tensor([0.1260, 0.0994, 0.1362, 0.6204], device='cuda:0')
[INFO    ][2026-07-20 14:26:39][utils.mpc_utils     ][cem                      ] new mean: tensor([ 0.0375,  0.1395, -0.0085,  0.4837], device='cuda:0') tensor([0.1192, 0.0782, 0.1118, 0.4445], device='cuda:0')
[INFO    ][2026-07-20 14:26:46][utils.mpc_utils     ][cem                      ] new mean: tensor([0.0176, 0.1473, 0.0011, 0.5180], device='cuda:0') tensor([0.1089, 0.0594, 0.0907, 0.3737], device='cuda:0')
[INFO    ][2026-07-20 14:26:53][utils.mpc_utils     ][cem                      ] new mean: tensor([0.0363, 0.0961, 0.0122, 0.3636], device='cuda:0') tensor([0.1367, 0.1252, 0.1445, 1.2002], device='cuda:0')
[INFO    ][2026-07-20 14:26:59][utils.mpc_utils     ][cem                      ] new mean: tensor([0.0182, 0.1247, 0.0203, 0.1274], device='cuda:0') tensor([0.1268, 0.1031, 0.1274, 0.8590], device='cuda:0')
[INFO    ][2026-07-20 14:27:06][utils.mpc_utils     ][cem                      ] new mean: tensor([0.0487, 0.1354, 0.0310, 0.0032], device='cuda:0') tensor([0.1203, 0.0828, 0.1093, 0.7259], device='cuda:0')
[INFO    ][2026-07-20 14:27:12][utils.mpc_utils     ][cem                      ] new mean: tensor([ 0.0464,  0.1443,  0.0344, -0.1930], device='cuda:0') tensor([0.1123, 0.0638, 0.0934, 0.5224], device='cuda:0')
[INFO    ][2026-07-20 14:27:19][utils.mpc_utils     ][cem                      ] new mean: tensor([ 0.0294,  0.1487,  0.0180, -0.1976], device='cuda:0') tensor([0.0999, 0.0482, 0.0837, 0.4332], device='cuda:0')
[INFO    ][2026-07-20 14:27:26][utils.mpc_utils     ][cem                      ] new mean: tensor([0.0218, 0.0911, 0.0032, 0.0279], device='cuda:0') tensor([0.1418, 0.1253, 0.1404, 1.3784], device='cuda:0')
[INFO    ][2026-07-20 14:27:33][utils.mpc_utils     ][cem                      ] new mean: tensor([ 0.0393,  0.1227, -0.0680, -0.0455], device='cuda:0') tensor([0.1285, 0.1050, 0.1273, 1.0426], device='cuda:0')
[INFO    ][2026-07-20 14:27:39][utils.mpc_utils     ][cem                      ] new mean: tensor([ 0.0495,  0.1419, -0.0559, -0.1974], device='cuda:0') tensor([0.1179, 0.0806, 0.1090, 0.9275], device='cuda:0')
[INFO    ][2026-07-20 14:27:46][utils.mpc_utils     ][cem                      ] new mean: tensor([ 0.0461,  0.1482, -0.0296, -0.3820], device='cuda:0') tensor([0.1106, 0.0610, 0.0896, 0.8179], device='cuda:0')
[INFO    ][2026-07-20 14:27:52][utils.mpc_utils     ][cem                      ] new mean: tensor([ 0.0240,  0.1431, -0.0066, -0.3626], device='cuda:0') tensor([0.0968, 0.0494, 0.0726, 0.6354], device='cuda:0')
[INFO    ][2026-07-20 14:27:59][utils.mpc_utils     ][cem                      ] new mean: tensor([ 0.0191, -0.0172,  0.0945, -0.1338], device='cuda:0') tensor([0.1370, 0.1423, 0.1205, 1.2937], device='cuda:0')
[INFO    ][2026-07-20 14:28:06][utils.mpc_utils     ][cem                      ] new mean: tensor([ 0.0675, -0.0623,  0.1219, -0.3916], device='cuda:0') tensor([0.1252, 0.1251, 0.0981, 1.0706], device='cuda:0')
[INFO    ][2026-07-20 14:28:12][utils.mpc_utils     ][cem                      ] new mean: tensor([ 0.0764, -0.0649,  0.1243, -0.4776], device='cuda:0') tensor([0.1120, 0.1039, 0.0822, 0.8474], device='cuda:0')
[INFO    ][2026-07-20 14:28:19][utils.mpc_utils     ][cem                      ] new mean: tensor([ 0.0799, -0.0655,  0.1243, -0.5247], device='cuda:0') tensor([0.0987, 0.0855, 0.0686, 0.7064], device='cuda:0')
[INFO    ][2026-07-20 14:28:26][utils.mpc_utils     ][cem                      ] new mean: tensor([ 0.0861, -0.0724,  0.1170, -0.6378], device='cuda:0') tensor([0.0935, 0.0811, 0.0576, 0.5667], device='cuda:0')
[INFO    ][2026-07-20 14:28:33][utils.mpc_utils     ][cem                      ] new mean: tensor([-0.0333, -0.0116, -0.0581,  0.0391], device='cuda:0') tensor([0.1387, 0.1433, 0.1339, 1.1995], device='cuda:0')
[INFO    ][2026-07-20 14:28:39][utils.mpc_utils     ][cem                      ] new mean: tensor([-0.0216, -0.0255, -0.0763, -0.3543], device='cuda:0') tensor([0.1308, 0.1359, 0.1149, 0.9888], device='cuda:0')
[INFO    ][2026-07-20 14:28:46][utils.mpc_utils     ][cem                      ] new mean: tensor([-0.0254, -0.0177, -0.0965, -0.3947], device='cuda:0') tensor([0.1240, 0.1140, 0.0975, 0.7997], device='cuda:0')
[INFO    ][2026-07-20 14:28:52][utils.mpc_utils     ][cem                      ] new mean: tensor([-0.0063, -0.0101, -0.0883, -0.6886], device='cuda:0') tensor([0.1176, 0.0995, 0.0835, 0.6173], device='cuda:0')
[INFO    ][2026-07-20 14:28:59][utils.mpc_utils     ][cem                      ] new mean: tensor([-0.0140, -0.0186, -0.0997, -0.8379], device='cuda:0') tensor([0.1102, 0.0895, 0.0711, 0.4703], device='cuda:0')
[INFO    ][2026-07-20 14:29:06][utils.mpc_utils     ][cem                      ] new mean: tensor([-0.0313,  0.0302, -0.0549, -0.0187], device='cuda:0') tensor([0.1406, 0.1414, 0.1396, 1.3371], device='cuda:0')
[INFO    ][2026-07-20 14:29:12][utils.mpc_utils     ][cem                      ] new mean: tensor([-0.0301,  0.0432, -0.0959, -0.1290], device='cuda:0') tensor([0.1247, 0.1267, 0.1222, 0.9329], device='cuda:0')
[INFO    ][2026-07-20 14:29:19][utils.mpc_utils     ][cem                      ] new mean: tensor([-0.0226,  0.0494, -0.1214, -0.6523], device='cuda:0') tensor([0.1008, 0.1162, 0.1008, 0.7224], device='cuda:0')
[INFO    ][2026-07-20 14:29:26][utils.mpc_utils     ][cem                      ] new mean: tensor([-0.0314,  0.0397, -0.1304, -0.6630], device='cuda:0') tensor([0.0870, 0.1076, 0.0824, 0.6892], device='cuda:0')
[INFO    ][2026-07-20 14:29:32][utils.mpc_utils     ][cem                      ] new mean: tensor([-0.0307,  0.0343, -0.1381, -0.5516], device='cuda:0') tensor([0.0791, 0.0942, 0.0660, 0.5918], device='cuda:0')
[INFO    ][2026-07-20 14:29:39][utils.mpc_utils     ][cem                      ] new mean: tensor([-0.0273,  0.0540, -0.0584, -0.1930], device='cuda:0') tensor([0.1381, 0.1296, 0.1345, 1.3049], device='cuda:0')
[INFO    ][2026-07-20 14:29:46][utils.mpc_utils     ][cem                      ] new mean: tensor([-0.0063,  0.0600, -0.1232, -0.0945], device='cuda:0') tensor([0.1276, 0.1121, 0.1076, 0.7738], device='cuda:0')
[INFO    ][2026-07-20 14:29:52][utils.mpc_utils     ][cem                      ] new mean: tensor([-0.0425,  0.0721, -0.1401, -0.1804], device='cuda:0') tensor([0.1167, 0.0992, 0.0837, 0.6517], device='cuda:0')
[INFO    ][2026-07-20 14:29:59][utils.mpc_utils     ][cem                      ] new mean: tensor([-0.0488,  0.0665, -0.1376, -0.2328], device='cuda:0') tensor([0.1070, 0.0822, 0.0679, 0.5357], device='cuda:0')
[INFO    ][2026-07-20 14:30:06][utils.mpc_utils     ][cem                      ] new mean: tensor([-0.0812,  0.0801, -0.1447, -0.2388], device='cuda:0') tensor([0.0956, 0.0711, 0.0527, 0.4216], device='cuda:0')
[INFO    ][2026-07-20 14:30:13][utils.mpc_utils     ][cem                      ] new mean: tensor([-0.0740,  0.0729, -0.0100, -0.5514], device='cuda:0') tensor([0.1264, 0.1351, 0.1447, 1.2224], device='cuda:0')
[INFO    ][2026-07-20 14:30:19][utils.mpc_utils     ][cem                      ] new mean: tensor([-0.1123,  0.1025, -0.0434, -0.6189], device='cuda:0') tensor([0.1055, 0.1198, 0.1323, 1.0442], device='cuda:0')
[INFO    ][2026-07-20 14:30:26][utils.mpc_utils     ][cem                      ] new mean: tensor([-0.1097,  0.1187, -0.0975, -0.5774], device='cuda:0') tensor([0.0904, 0.0973, 0.1116, 0.6329], device='cuda:0')
[INFO    ][2026-07-20 14:30:32][utils.mpc_utils     ][cem                      ] new mean: tensor([-0.1147,  0.1161, -0.1253, -0.3676], device='cuda:0') tensor([0.0815, 0.0786, 0.0926, 0.5219], device='cuda:0')
[INFO    ][2026-07-20 14:30:39][utils.mpc_utils     ][cem                      ] new mean: tensor([-0.1109,  0.1091, -0.1374, -0.4858], device='cuda:0') tensor([0.0710, 0.0664, 0.0732, 0.4659], device='cuda:0')
[INFO    ][2026-07-20 14:30:46][utils.mpc_utils     ][cem                      ] new mean: tensor([-0.0130,  0.0754, -0.0660, -0.2941], device='cuda:0') tensor([0.1313, 0.1287, 0.1289, 1.2955], device='cuda:0')
[INFO    ][2026-07-20 14:30:52][utils.mpc_utils     ][cem                      ] new mean: tensor([-0.0153,  0.1002, -0.1178, -0.0789], device='cuda:0') tensor([0.1098, 0.1102, 0.1048, 0.9531], device='cuda:0')
[INFO    ][2026-07-20 14:30:59][utils.mpc_utils     ][cem                      ] new mean: tensor([-0.0284,  0.0926, -0.1327,  0.1208], device='cuda:0') tensor([0.0972, 0.0991, 0.0861, 0.6159], device='cuda:0')
[INFO    ][2026-07-20 14:31:06][utils.mpc_utils     ][cem                      ] new mean: tensor([-0.0146,  0.0978, -0.1380,  0.1140], device='cuda:0') tensor([0.0803, 0.0860, 0.0699, 0.4868], device='cuda:0')
[INFO    ][2026-07-20 14:31:12][utils.mpc_utils     ][cem                      ] new mean: tensor([-0.0172,  0.0881, -0.1306,  0.1384], device='cuda:0') tensor([0.0695, 0.0767, 0.0566, 0.3239], device='cuda:0')
[INFO    ][2026-07-20 14:31:19][utils.mpc_utils     ][cem                      ] new mean: tensor([ 0.0062,  0.0634, -0.0614, -0.1878], device='cuda:0') tensor([0.1384, 0.1416, 0.1377, 1.3386], device='cuda:0')
[INFO    ][2026-07-20 14:31:26][utils.mpc_utils     ][cem                      ] new mean: tensor([-0.0042,  0.0904, -0.1229, -0.3425], device='cuda:0') tensor([0.1266, 0.1232, 0.1096, 0.9349], device='cuda:0')
[INFO    ][2026-07-20 14:31:32][utils.mpc_utils     ][cem                      ] new mean: tensor([-0.0116,  0.1030, -0.1369, -0.4035], device='cuda:0') tensor([0.1091, 0.1040, 0.0877, 0.7248], device='cuda:0')
[INFO    ][2026-07-20 14:31:39][utils.mpc_utils     ][cem                      ] new mean: tensor([-0.0079,  0.0986, -0.1411, -0.4380], device='cuda:0') tensor([0.0932, 0.0938, 0.0690, 0.5992], device='cuda:0')
[INFO    ][2026-07-20 14:31:46][utils.mpc_utils     ][cem                      ] new mean: tensor([-0.0076,  0.0964, -0.1428, -0.5398], device='cuda:0') tensor([0.0807, 0.0812, 0.0550, 0.3551], device='cuda:0')
[INFO    ][2026-07-20 14:31:53][utils.mpc_utils     ][cem                      ] new mean: tensor([-0.0175,  0.0129, -0.0722, -0.2965], device='cuda:0') tensor([0.1408, 0.1369, 0.1301, 1.3421], device='cuda:0')
[INFO    ][2026-07-20 14:31:59][utils.mpc_utils     ][cem                      ] new mean: tensor([-0.0288,  0.0272, -0.1026, -0.4900], device='cuda:0') tensor([0.1305, 0.1257, 0.1142, 1.0229], device='cuda:0')
[INFO    ][2026-07-20 14:32:06][utils.mpc_utils     ][cem                      ] new mean: tensor([-0.0216,  0.0316, -0.1162, -0.6292], device='cuda:0') tensor([0.1260, 0.1159, 0.1006, 0.8835], device='cuda:0')
[INFO    ][2026-07-20 14:32:12][utils.mpc_utils     ][cem                      ] new mean: tensor([-0.0561,  0.0151, -0.1272, -0.5131], device='cuda:0') tensor([0.1192, 0.1050, 0.0839, 0.8259], device='cuda:0')
[INFO    ][2026-07-20 14:32:19][utils.mpc_utils     ][cem                      ] new mean: tensor([-0.0731,  0.0259, -0.1358, -0.5428], device='cuda:0') tensor([0.1114, 0.0985, 0.0677, 0.7752], device='cuda:0')
[INFO    ][2026-07-20 14:32:26][utils.mpc_utils     ][cem                      ] new mean: tensor([ 0.0445, -0.0079, -0.0077, -0.2598], device='cuda:0') tensor([0.1314, 0.1420, 0.1382, 1.2272], device='cuda:0')
[INFO    ][2026-07-20 14:32:32][utils.mpc_utils     ][cem                      ] new mean: tensor([ 0.0381, -0.0116, -0.0021, -0.3948], device='cuda:0') tensor([0.1200, 0.1219, 0.1224, 0.7144], device='cuda:0')
[INFO    ][2026-07-20 14:32:39][utils.mpc_utils     ][cem                      ] new mean: tensor([ 0.0365, -0.0100, -0.0097, -0.2643], device='cuda:0') tensor([0.1097, 0.1002, 0.1053, 0.5336], device='cuda:0')
[INFO    ][2026-07-20 14:32:46][utils.mpc_utils     ][cem                      ] new mean: tensor([ 0.0454, -0.0112, -0.0117, -0.2246], device='cuda:0') tensor([0.0981, 0.0835, 0.0861, 0.5186], device='cuda:0')
[INFO    ][2026-07-20 14:32:52][utils.mpc_utils     ][cem                      ] new mean: tensor([ 0.0307, -0.0018, -0.0159, -0.2430], device='cuda:0') tensor([0.0892, 0.0731, 0.0746, 0.3488], device='cuda:0')
  [unified] tau=0.2 retired=0/1 (fired-at-first-replan=0) c*_first p50=0.405 | spec: re-drafts=6 advances=10 rejects=0
  replans=16 retire_replan=-1 c*_first=0.4045 c*_last=0.4007
  (expected shape: c* falls as the recorded episode approaches its own final frame; retire fires late or not at all on a short clip)

[done]
