10.122.7.223@o2ib,10.122.7.227@o2ib:10.122.7.224@o2ib,10.122.7.228@o2ib:/exafs  2.9P  2.4P  515T  83% /lustre
=== stage a: fetch 2000 episodes from full droid (TF venv) ===
manifest exists, skipping fetch
2001
10.122.7.223@o2ib,10.122.7.227@o2ib:10.122.7.224@o2ib,10.122.7.228@o2ib:/exafs  2.9P  2.4P  515T  83% /lustre
=== stage b: encode all episodes to mmap-able npy latents ===
/lustre/home/ha676/le-wm/.venv/lib/python3.11/site-packages/timm/models/layers/__init__.py:49: FutureWarning: Importing from timm.models.layers is deprecated, please import via timm.layers
  warnings.warn(f"Importing from {__name__} is deprecated, please import via timm.layers", FutureWarning)
[skip] lat_droid_ep000.npy exists
[skip] lat_droid_ep001.npy exists
[skip] lat_droid_ep002.npy exists
[skip] lat_droid_ep003.npy exists
[skip] lat_droid_ep004.npy exists
[skip] lat_droid_ep005.npy exists
[skip] lat_droid_ep006.npy exists
[skip] lat_droid_ep007.npy exists
[skip] lat_droid_ep008.npy exists
[skip] lat_droid_ep009.npy exists
[skip] lat_droid_ep010.npy exists
[skip] lat_droid_ep011.npy exists
[skip] lat_droid_ep012.npy exists
[skip] lat_droid_ep013.npy exists
[skip] lat_droid_ep014.npy exists
[skip] lat_droid_ep015.npy exists
[skip] lat_droid_ep016.npy exists
[skip] lat_droid_ep017.npy exists
[skip] lat_droid_ep018.npy exists
[skip] lat_droid_ep019.npy exists
[skip] lat_droid_ep020.npy exists
[skip] lat_droid_ep021.npy exists
[skip] lat_droid_ep022.npy exists
[skip] lat_droid_ep023.npy exists
[skip] lat_droid_ep024.npy exists
[skip] lat_droid_ep025.npy exists
[skip] lat_droid_ep026.npy exists
[skip] lat_droid_ep027.npy exists
[skip] lat_droid_ep028.npy exists
[skip] lat_droid_ep029.npy exists
[skip] lat_droid_ep030.npy exists
[skip] lat_droid_ep031.npy exists
[skip] lat_droid_ep032.npy exists
[skip] lat_droid_ep033.npy exists
[skip] lat_droid_ep034.npy exists
[skip] lat_droid_ep035.npy exists
[skip] lat_droid_ep036.npy exists
[skip] lat_droid_ep037.npy exists
[skip] lat_droid_ep038.npy exists
[skip] lat_droid_ep039.npy exists
[skip] lat_droid_ep040.npy exists
[skip] lat_droid_ep041.npy exists
[skip] lat_droid_ep042.npy exists
[skip] lat_droid_ep043.npy exists
[skip] lat_droid_ep044.npy exists
[skip] lat_droid_ep045.npy exists
[skip] lat_droid_ep046.npy exists
[skip] lat_droid_ep047.npy exists
[skip] lat_droid_ep048.npy exists
[skip] lat_droid_ep049.npy exists
[skip] lat_droid_ep050.npy exists
[skip] lat_droid_ep051.npy exists
[skip] lat_droid_ep052.npy exists
[skip] lat_droid_ep053.npy exists
[skip] lat_droid_ep054.npy exists
[skip] lat_droid_ep055.npy exists
[skip] lat_droid_ep056.npy exists
[skip] lat_droid_ep057.npy exists
[skip] lat_droid_ep058.npy exists
[skip] lat_droid_ep059.npy exists
[skip] lat_droid_ep060.npy exists
[skip] lat_droid_ep061.npy exists
[skip] lat_droid_ep062.npy exists
[skip] lat_droid_ep063.npy exists
[skip] lat_droid_ep064.npy exists
[skip] lat_droid_ep065.npy exists
[skip] lat_droid_ep066.npy exists
[skip] lat_droid_ep067.npy exists
[skip] lat_droid_ep068.npy exists
[skip] lat_droid_ep069.npy exists
[skip] lat_droid_ep070.npy exists
[skip] lat_droid_ep071.npy exists
[skip] lat_droid_ep072.npy exists
[skip] lat_droid_ep073.npy exists
[skip] lat_droid_ep074.npy exists
[skip] lat_droid_ep075.npy exists
[skip] lat_droid_ep076.npy exists
[skip] lat_droid_ep077.npy exists
[skip] lat_droid_ep078.npy exists
[skip] lat_droid_ep079.npy exists
[skip] lat_droid_ep080.npy exists
[skip] lat_droid_ep081.npy exists
[skip] lat_droid_ep082.npy exists
[skip] lat_droid_ep083.npy exists
[skip] lat_droid_ep084.npy exists
[skip] lat_droid_ep085.npy exists
[skip] lat_droid_ep086.npy exists
[skip] lat_droid_ep087.npy exists
[skip] lat_droid_ep088.npy exists
[skip] lat_droid_ep089.npy exists
[skip] lat_droid_ep090.npy exists
[skip] lat_droid_ep091.npy exists
[skip] lat_droid_ep092.npy exists
[skip] lat_droid_ep093.npy exists
[skip] lat_droid_ep094.npy exists
[skip] lat_droid_ep095.npy exists
[skip] lat_droid_ep096.npy exists
[skip] lat_droid_ep097.npy exists
[skip] lat_droid_ep098.npy exists
[skip] lat_droid_ep099.npy exists
[skip] lat_droid_ep100.npy exists
[skip] lat_droid_ep1000.npy exists
[skip] lat_droid_ep1001.npy exists
[skip] lat_droid_ep1002.npy exists
[skip] lat_droid_ep1003.npy exists
[skip] lat_droid_ep1004.npy exists
[skip] lat_droid_ep1005.npy exists
[skip] lat_droid_ep1006.npy exists
[skip] lat_droid_ep1007.npy exists
[skip] lat_droid_ep1008.npy exists
[skip] lat_droid_ep1009.npy exists
[skip] lat_droid_ep101.npy exists
[skip] lat_droid_ep1010.npy exists
[skip] lat_droid_ep1011.npy exists
[skip] lat_droid_ep1012.npy exists
[skip] lat_droid_ep1013.npy exists
[skip] lat_droid_ep1014.npy exists
[skip] lat_droid_ep1015.npy exists
[skip] lat_droid_ep1016.npy exists
[skip] lat_droid_ep1017.npy exists
[skip] lat_droid_ep1018.npy exists
[skip] lat_droid_ep1019.npy exists
[skip] lat_droid_ep102.npy exists
[skip] lat_droid_ep1020.npy exists
[skip] lat_droid_ep1021.npy exists
[skip] lat_droid_ep1022.npy exists
[skip] lat_droid_ep1023.npy exists
[skip] lat_droid_ep1024.npy exists
[skip] lat_droid_ep1025.npy exists
[skip] lat_droid_ep1026.npy exists
[skip] lat_droid_ep1027.npy exists
[skip] lat_droid_ep1028.npy exists
[skip] lat_droid_ep1029.npy exists
[skip] lat_droid_ep103.npy exists
[skip] lat_droid_ep1030.npy exists
[skip] lat_droid_ep1031.npy exists
[skip] lat_droid_ep1032.npy exists
[skip] lat_droid_ep1033.npy exists
[skip] lat_droid_ep1034.npy exists
[skip] lat_droid_ep1035.npy exists
[skip] lat_droid_ep1036.npy exists
[skip] lat_droid_ep1037.npy exists
[skip] lat_droid_ep1038.npy exists
[skip] lat_droid_ep1039.npy exists
[skip] lat_droid_ep104.npy exists
[skip] lat_droid_ep1040.npy exists
[skip] lat_droid_ep1041.npy exists
[skip] lat_droid_ep1042.npy exists
[skip] lat_droid_ep1043.npy exists
[skip] lat_droid_ep1044.npy exists
[skip] lat_droid_ep1045.npy exists
[skip] lat_droid_ep1046.npy exists
[skip] lat_droid_ep1047.npy exists
[skip] lat_droid_ep1048.npy exists
[skip] lat_droid_ep1049.npy exists
[skip] lat_droid_ep105.npy exists
[skip] lat_droid_ep1050.npy exists
[skip] lat_droid_ep1051.npy exists
[skip] lat_droid_ep1052.npy exists
[skip] lat_droid_ep1053.npy exists
[skip] lat_droid_ep1054.npy exists
[skip] lat_droid_ep1055.npy exists
[skip] lat_droid_ep1056.npy exists
[skip] lat_droid_ep1057.npy exists
[skip] lat_droid_ep1058.npy exists
[skip] lat_droid_ep1059.npy exists
[skip] lat_droid_ep106.npy exists
[skip] lat_droid_ep1060.npy exists
[skip] lat_droid_ep1061.npy exists
[skip] lat_droid_ep1062.npy exists
[skip] lat_droid_ep1063.npy exists
[skip] lat_droid_ep1064.npy exists
[skip] lat_droid_ep1065.npy exists
[skip] lat_droid_ep1066.npy exists
[skip] lat_droid_ep1067.npy exists
[skip] lat_droid_ep1068.npy exists
[skip] lat_droid_ep1069.npy exists
[skip] lat_droid_ep107.npy exists
[skip] lat_droid_ep1070.npy exists
[skip] lat_droid_ep1071.npy exists
[skip] lat_droid_ep1072.npy exists
[skip] lat_droid_ep1073.npy exists
[skip] lat_droid_ep1074.npy exists
[skip] lat_droid_ep1075.npy exists
[skip] lat_droid_ep1076.npy exists
[skip] lat_droid_ep1077.npy exists
[skip] lat_droid_ep1078.npy exists
[skip] lat_droid_ep1079.npy exists
[skip] lat_droid_ep108.npy exists
[skip] lat_droid_ep1080.npy exists
[skip] lat_droid_ep1081.npy exists
[skip] lat_droid_ep1082.npy exists
[skip] lat_droid_ep1083.npy exists
[skip] lat_droid_ep1084.npy exists
[skip] lat_droid_ep1085.npy exists
[skip] lat_droid_ep1086.npy exists
[skip] lat_droid_ep1087.npy exists
[skip] lat_droid_ep1088.npy exists
[skip] lat_droid_ep1089.npy exists
[skip] lat_droid_ep109.npy exists
[skip] lat_droid_ep1090.npy exists
[skip] lat_droid_ep1091.npy exists
[skip] lat_droid_ep1092.npy exists
[skip] lat_droid_ep1093.npy exists
[skip] lat_droid_ep1094.npy exists
[skip] lat_droid_ep1095.npy exists
[skip] lat_droid_ep1096.npy exists
[skip] lat_droid_ep1097.npy exists
[skip] lat_droid_ep1098.npy exists
[skip] lat_droid_ep1099.npy exists
[skip] lat_droid_ep110.npy exists
[skip] lat_droid_ep1100.npy exists
[skip] lat_droid_ep1101.npy exists
[skip] lat_droid_ep1102.npy exists
[skip] lat_droid_ep1103.npy exists
[skip] lat_droid_ep1104.npy exists
[skip] lat_droid_ep1105.npy exists
[skip] lat_droid_ep1106.npy exists
[skip] lat_droid_ep1107.npy exists
[skip] lat_droid_ep1108.npy exists
[skip] lat_droid_ep1109.npy exists
[skip] lat_droid_ep111.npy exists
[skip] lat_droid_ep1110.npy exists
[skip] lat_droid_ep1111.npy exists
[skip] lat_droid_ep1112.npy exists
[skip] lat_droid_ep1113.npy exists
[skip] lat_droid_ep1114.npy exists
[skip] lat_droid_ep1115.npy exists
[skip] lat_droid_ep1116.npy exists
[skip] lat_droid_ep1117.npy exists
[skip] lat_droid_ep1118.npy exists
[skip] lat_droid_ep1119.npy exists
[skip] lat_droid_ep112.npy exists
[skip] lat_droid_ep1120.npy exists
[skip] lat_droid_ep1121.npy exists
[skip] lat_droid_ep1122.npy exists
[skip] lat_droid_ep1123.npy exists
[skip] lat_droid_ep1124.npy exists
[skip] lat_droid_ep1125.npy exists
[skip] lat_droid_ep1126.npy exists
[skip] lat_droid_ep1127.npy exists
[skip] lat_droid_ep1128.npy exists
[skip] lat_droid_ep1129.npy exists
[skip] lat_droid_ep113.npy exists
[skip] lat_droid_ep1130.npy exists
[skip] lat_droid_ep1131.npy exists
[skip] lat_droid_ep1132.npy exists
[skip] lat_droid_ep1133.npy exists
[skip] lat_droid_ep1134.npy exists
[skip] lat_droid_ep1135.npy exists
[skip] lat_droid_ep1136.npy exists
[skip] lat_droid_ep1137.npy exists
[skip] lat_droid_ep1138.npy exists
[skip] lat_droid_ep1139.npy exists
[skip] lat_droid_ep114.npy exists
[skip] lat_droid_ep1140.npy exists
[skip] lat_droid_ep1141.npy exists
[skip] lat_droid_ep1142.npy exists
[skip] lat_droid_ep1143.npy exists
[skip] lat_droid_ep1144.npy exists
[skip] lat_droid_ep1145.npy exists
[skip] lat_droid_ep1146.npy exists
[skip] lat_droid_ep1147.npy exists
[skip] lat_droid_ep1148.npy exists
[skip] lat_droid_ep1149.npy exists
[skip] lat_droid_ep115.npy exists
[skip] lat_droid_ep1150.npy exists
[skip] lat_droid_ep1151.npy exists
[skip] lat_droid_ep1152.npy exists
[skip] lat_droid_ep1153.npy exists
[skip] lat_droid_ep1154.npy exists
[skip] lat_droid_ep1155.npy exists
[skip] lat_droid_ep1156.npy exists
[skip] lat_droid_ep1157.npy exists
[skip] lat_droid_ep1158.npy exists
[skip] lat_droid_ep1159.npy exists
[skip] lat_droid_ep116.npy exists
[skip] lat_droid_ep1160.npy exists
[skip] lat_droid_ep1161.npy exists
[skip] lat_droid_ep1162.npy exists
[skip] lat_droid_ep1163.npy exists
[skip] lat_droid_ep1164.npy exists
[skip] lat_droid_ep1165.npy exists
[skip] lat_droid_ep1166.npy exists
[skip] lat_droid_ep1167.npy exists
[skip] lat_droid_ep1168.npy exists
[skip] lat_droid_ep1169.npy exists
[skip] lat_droid_ep117.npy exists
[skip] lat_droid_ep1170.npy exists
[skip] lat_droid_ep1171.npy exists
[skip] lat_droid_ep1172.npy exists
[skip] lat_droid_ep1173.npy exists
[skip] lat_droid_ep1174.npy exists
[skip] lat_droid_ep1175.npy exists
[skip] lat_droid_ep1176.npy exists
[skip] lat_droid_ep1177.npy exists
[skip] lat_droid_ep1178.npy exists
[skip] lat_droid_ep1179.npy exists
[skip] lat_droid_ep118.npy exists
[skip] lat_droid_ep1180.npy exists
[skip] lat_droid_ep1181.npy exists
[skip] lat_droid_ep1182.npy exists
[skip] lat_droid_ep1183.npy exists
[skip] lat_droid_ep1184.npy exists
[skip] lat_droid_ep1185.npy exists
[skip] lat_droid_ep1186.npy exists
[skip] lat_droid_ep1187.npy exists
[skip] lat_droid_ep1188.npy exists
[skip] lat_droid_ep1189.npy exists
[skip] lat_droid_ep119.npy exists
[skip] lat_droid_ep1190.npy exists
[skip] lat_droid_ep1191.npy exists
[skip] lat_droid_ep1192.npy exists
[skip] lat_droid_ep1193.npy exists
[skip] lat_droid_ep1194.npy exists
[skip] lat_droid_ep1195.npy exists
[skip] lat_droid_ep1196.npy exists
[skip] lat_droid_ep1197.npy exists
[skip] lat_droid_ep1198.npy exists
[skip] lat_droid_ep1199.npy exists
[skip] lat_droid_ep120.npy exists
[skip] lat_droid_ep1200.npy exists
[skip] lat_droid_ep1201.npy exists
[skip] lat_droid_ep1202.npy exists
[skip] lat_droid_ep1203.npy exists
[skip] lat_droid_ep1204.npy exists
[skip] lat_droid_ep1205.npy exists
[skip] lat_droid_ep1206.npy exists
[skip] lat_droid_ep1207.npy exists
[skip] lat_droid_ep1208.npy exists
[skip] lat_droid_ep1209.npy exists
[skip] lat_droid_ep121.npy exists
[skip] lat_droid_ep1210.npy exists
[skip] lat_droid_ep1211.npy exists
[skip] lat_droid_ep1212.npy exists
[skip] lat_droid_ep1213.npy exists
[skip] lat_droid_ep1214.npy exists
[skip] lat_droid_ep1215.npy exists
[skip] lat_droid_ep1216.npy exists
[skip] lat_droid_ep1217.npy exists
[skip] lat_droid_ep1218.npy exists
[skip] lat_droid_ep1219.npy exists
[skip] lat_droid_ep122.npy exists
[skip] lat_droid_ep1220.npy exists
[skip] lat_droid_ep1221.npy exists
[skip] lat_droid_ep1222.npy exists
[skip] lat_droid_ep1223.npy exists
[skip] lat_droid_ep1224.npy exists
[skip] lat_droid_ep1225.npy exists
[skip] lat_droid_ep1226.npy exists
[skip] lat_droid_ep1227.npy exists
[skip] lat_droid_ep1228.npy exists
[skip] lat_droid_ep1229.npy exists
[skip] lat_droid_ep123.npy exists
[skip] lat_droid_ep1230.npy exists
[skip] lat_droid_ep1231.npy exists
[skip] lat_droid_ep1232.npy exists
[skip] lat_droid_ep1233.npy exists
[skip] lat_droid_ep1234.npy exists
[skip] lat_droid_ep1235.npy exists
[skip] lat_droid_ep1236.npy exists
[skip] lat_droid_ep1237.npy exists
[skip] lat_droid_ep1238.npy exists
[skip] lat_droid_ep1239.npy exists
[skip] lat_droid_ep124.npy exists
[skip] lat_droid_ep1240.npy exists
[skip] lat_droid_ep1241.npy exists
[skip] lat_droid_ep1242.npy exists
[skip] lat_droid_ep1243.npy exists
[skip] lat_droid_ep1244.npy exists
[skip] lat_droid_ep1245.npy exists
[skip] lat_droid_ep1246.npy exists
[skip] lat_droid_ep1247.npy exists
[skip] lat_droid_ep1248.npy exists
[skip] lat_droid_ep1249.npy exists
[skip] lat_droid_ep125.npy exists
[skip] lat_droid_ep1250.npy exists
[skip] lat_droid_ep1251.npy exists
[skip] lat_droid_ep1252.npy exists
[skip] lat_droid_ep1253.npy exists
[skip] lat_droid_ep1254.npy exists
[skip] lat_droid_ep1255.npy exists
[skip] lat_droid_ep1256.npy exists
[skip] lat_droid_ep1257.npy exists
[skip] lat_droid_ep1258.npy exists
[skip] lat_droid_ep1259.npy exists
[skip] lat_droid_ep126.npy exists
[skip] lat_droid_ep1260.npy exists
[skip] lat_droid_ep1261.npy exists
[skip] lat_droid_ep1262.npy exists
[skip] lat_droid_ep1263.npy exists
[skip] lat_droid_ep1264.npy exists
[skip] lat_droid_ep1265.npy exists
[skip] lat_droid_ep1266.npy exists
[skip] lat_droid_ep1267.npy exists
[skip] lat_droid_ep1268.npy exists
[skip] lat_droid_ep1269.npy exists
[skip] lat_droid_ep127.npy exists
[skip] lat_droid_ep1270.npy exists
[skip] lat_droid_ep1271.npy exists
[skip] lat_droid_ep1272.npy exists
[skip] lat_droid_ep1273.npy exists
[skip] lat_droid_ep1274.npy exists
[skip] lat_droid_ep1275.npy exists
[skip] lat_droid_ep1276.npy exists
[skip] lat_droid_ep1277.npy exists
[skip] lat_droid_ep1278.npy exists
[skip] lat_droid_ep1279.npy exists
[skip] lat_droid_ep128.npy exists
[skip] lat_droid_ep1280.npy exists
[skip] lat_droid_ep1281.npy exists
[skip] lat_droid_ep1282.npy exists
[skip] lat_droid_ep1283.npy exists
[skip] lat_droid_ep1284.npy exists
[skip] lat_droid_ep1285.npy exists
[skip] lat_droid_ep1286.npy exists
[skip] lat_droid_ep1287.npy exists
[skip] lat_droid_ep1288.npy exists
[skip] lat_droid_ep1289.npy exists
[skip] lat_droid_ep129.npy exists
[skip] lat_droid_ep1290.npy exists
[skip] lat_droid_ep1291.npy exists
[skip] lat_droid_ep1292.npy exists
[skip] lat_droid_ep1293.npy exists
[skip] lat_droid_ep1294.npy exists
[skip] lat_droid_ep1295.npy exists
[skip] lat_droid_ep1296.npy exists
[skip] lat_droid_ep1297.npy exists
[skip] lat_droid_ep1298.npy exists
[skip] lat_droid_ep1299.npy exists
[skip] lat_droid_ep130.npy exists
[skip] lat_droid_ep1300.npy exists
[skip] lat_droid_ep1301.npy exists
[skip] lat_droid_ep1302.npy exists
[skip] lat_droid_ep1303.npy exists
[skip] lat_droid_ep1304.npy exists
[skip] lat_droid_ep1305.npy exists
[skip] lat_droid_ep1306.npy exists
[skip] lat_droid_ep1307.npy exists
[skip] lat_droid_ep1308.npy exists
[skip] lat_droid_ep1309.npy exists
[skip] lat_droid_ep131.npy exists
[skip] lat_droid_ep1310.npy exists
[skip] lat_droid_ep1311.npy exists
[skip] lat_droid_ep1312.npy exists
[skip] lat_droid_ep1313.npy exists
[skip] lat_droid_ep1314.npy exists
[skip] lat_droid_ep1315.npy exists
[skip] lat_droid_ep1316.npy exists
[skip] lat_droid_ep1317.npy exists
[skip] lat_droid_ep1318.npy exists
[skip] lat_droid_ep1319.npy exists
[skip] lat_droid_ep132.npy exists
[skip] lat_droid_ep1320.npy exists
[skip] lat_droid_ep1321.npy exists
[skip] lat_droid_ep1322.npy exists
[skip] lat_droid_ep1323.npy exists
[skip] lat_droid_ep1324.npy exists
[skip] lat_droid_ep1325.npy exists
[skip] lat_droid_ep1326.npy exists
[skip] lat_droid_ep1327.npy exists
[skip] lat_droid_ep1328.npy exists
[skip] lat_droid_ep1329.npy exists
[skip] lat_droid_ep133.npy exists
[skip] lat_droid_ep1330.npy exists
[skip] lat_droid_ep1331.npy exists
[skip] lat_droid_ep1332.npy exists
[skip] lat_droid_ep1333.npy exists
[skip] lat_droid_ep1334.npy exists
[skip] lat_droid_ep1335.npy exists
[skip] lat_droid_ep1336.npy exists
[skip] lat_droid_ep1337.npy exists
[skip] lat_droid_ep1338.npy exists
[skip] lat_droid_ep1339.npy exists
[skip] lat_droid_ep134.npy exists
[skip] lat_droid_ep1340.npy exists
[skip] lat_droid_ep1341.npy exists
[skip] lat_droid_ep1342.npy exists
[skip] lat_droid_ep1343.npy exists
[skip] lat_droid_ep1344.npy exists
[skip] lat_droid_ep1345.npy exists
[skip] lat_droid_ep1346.npy exists
[skip] lat_droid_ep1347.npy exists
[skip] lat_droid_ep1348.npy exists
[skip] lat_droid_ep1349.npy exists
[skip] lat_droid_ep135.npy exists
[skip] lat_droid_ep1350.npy exists
[skip] lat_droid_ep1351.npy exists
[skip] lat_droid_ep1352.npy exists
[skip] lat_droid_ep1353.npy exists
[skip] lat_droid_ep1354.npy exists
[skip] lat_droid_ep1355.npy exists
[skip] lat_droid_ep1356.npy exists
[skip] lat_droid_ep1357.npy exists
[skip] lat_droid_ep1358.npy exists
[skip] lat_droid_ep1359.npy exists
[skip] lat_droid_ep136.npy exists
[skip] lat_droid_ep1360.npy exists
[skip] lat_droid_ep1361.npy exists
[skip] lat_droid_ep1362.npy exists
[skip] lat_droid_ep1363.npy exists
[skip] lat_droid_ep1364.npy exists
[skip] lat_droid_ep1365.npy exists
[skip] lat_droid_ep1366.npy exists
[skip] lat_droid_ep1367.npy exists
[skip] lat_droid_ep1368.npy exists
[skip] lat_droid_ep1369.npy exists
[skip] lat_droid_ep137.npy exists
[skip] lat_droid_ep1370.npy exists
[skip] lat_droid_ep1371.npy exists
[skip] lat_droid_ep1372.npy exists
[skip] lat_droid_ep1373.npy exists
[skip] lat_droid_ep1374.npy exists
[skip] lat_droid_ep1375.npy exists
[skip] lat_droid_ep1376.npy exists
[skip] lat_droid_ep1377.npy exists
[skip] lat_droid_ep1378.npy exists
[skip] lat_droid_ep1379.npy exists
[skip] lat_droid_ep138.npy exists
[skip] lat_droid_ep1380.npy exists
[skip] lat_droid_ep1381.npy exists
[skip] lat_droid_ep1382.npy exists
[skip] lat_droid_ep1383.npy exists
[skip] lat_droid_ep1384.npy exists
[skip] lat_droid_ep1385.npy exists
[skip] lat_droid_ep1386.npy exists
[skip] lat_droid_ep1387.npy exists
[skip] lat_droid_ep1388.npy exists
[skip] lat_droid_ep1389.npy exists
[skip] lat_droid_ep139.npy exists
[skip] lat_droid_ep1390.npy exists
[skip] lat_droid_ep1391.npy exists
[skip] lat_droid_ep1392.npy exists
[skip] lat_droid_ep1393.npy exists
[skip] lat_droid_ep1394.npy exists
[skip] lat_droid_ep1395.npy exists
[skip] lat_droid_ep1396.npy exists
[skip] lat_droid_ep1397.npy exists
[skip] lat_droid_ep1398.npy exists
[skip] lat_droid_ep1399.npy exists
[skip] lat_droid_ep140.npy exists
[skip] lat_droid_ep1400.npy exists
[skip] lat_droid_ep1401.npy exists
[skip] lat_droid_ep1402.npy exists
[skip] lat_droid_ep1403.npy exists
[skip] lat_droid_ep1404.npy exists
[skip] lat_droid_ep1405.npy exists
[skip] lat_droid_ep1406.npy exists
[skip] lat_droid_ep1407.npy exists
[skip] lat_droid_ep1408.npy exists
[skip] lat_droid_ep1409.npy exists
[skip] lat_droid_ep141.npy exists
[skip] lat_droid_ep1410.npy exists
[skip] lat_droid_ep1411.npy exists
[skip] lat_droid_ep1412.npy exists
[skip] lat_droid_ep1413.npy exists
[skip] lat_droid_ep1414.npy exists
[skip] lat_droid_ep1415.npy exists
[skip] lat_droid_ep1416.npy exists
[skip] lat_droid_ep1417.npy exists
[skip] lat_droid_ep1418.npy exists
[skip] lat_droid_ep1419.npy exists
[skip] lat_droid_ep142.npy exists
[skip] lat_droid_ep1420.npy exists
[skip] lat_droid_ep1421.npy exists
[skip] lat_droid_ep1422.npy exists
[skip] lat_droid_ep1423.npy exists
[skip] lat_droid_ep1424.npy exists
[skip] lat_droid_ep1425.npy exists
[skip] lat_droid_ep1426.npy exists
[skip] lat_droid_ep1427.npy exists
[skip] lat_droid_ep1428.npy exists
[skip] lat_droid_ep1429.npy exists
[skip] lat_droid_ep143.npy exists
[skip] lat_droid_ep1430.npy exists
[skip] lat_droid_ep1431.npy exists
[skip] lat_droid_ep1432.npy exists
[skip] lat_droid_ep1433.npy exists
[skip] lat_droid_ep1434.npy exists
[skip] lat_droid_ep1435.npy exists
[skip] lat_droid_ep1436.npy exists
[skip] lat_droid_ep1437.npy exists
[skip] lat_droid_ep1438.npy exists
[skip] lat_droid_ep1439.npy exists
[skip] lat_droid_ep144.npy exists
[skip] lat_droid_ep1440.npy exists
[skip] lat_droid_ep1441.npy exists
[skip] lat_droid_ep1442.npy exists
[skip] lat_droid_ep1443.npy exists
[skip] lat_droid_ep1444.npy exists
[skip] lat_droid_ep1445.npy exists
[skip] lat_droid_ep1446.npy exists
[skip] lat_droid_ep1447.npy exists
[skip] lat_droid_ep1448.npy exists
[skip] lat_droid_ep1449.npy exists
[skip] lat_droid_ep145.npy exists
[skip] lat_droid_ep1450.npy exists
[skip] lat_droid_ep1451.npy exists
[skip] lat_droid_ep1452.npy exists
[skip] lat_droid_ep1453.npy exists
[skip] lat_droid_ep1454.npy exists
[skip] lat_droid_ep1455.npy exists
[skip] lat_droid_ep1456.npy exists
[skip] lat_droid_ep1457.npy exists
[skip] lat_droid_ep1458.npy exists
[skip] lat_droid_ep1459.npy exists
[skip] lat_droid_ep146.npy exists
[skip] lat_droid_ep1460.npy exists
[skip] lat_droid_ep1461.npy exists
[skip] lat_droid_ep1462.npy exists
[skip] lat_droid_ep1463.npy exists
[skip] lat_droid_ep1464.npy exists
[skip] lat_droid_ep1465.npy exists
[skip] lat_droid_ep1466.npy exists
[skip] lat_droid_ep1467.npy exists
[skip] lat_droid_ep1468.npy exists
[skip] lat_droid_ep1469.npy exists
[skip] lat_droid_ep147.npy exists
[skip] lat_droid_ep1470.npy exists
[skip] lat_droid_ep1471.npy exists
[skip] lat_droid_ep1472.npy exists
[skip] lat_droid_ep1473.npy exists
[skip] lat_droid_ep1474.npy exists
[skip] lat_droid_ep1475.npy exists
[skip] lat_droid_ep1476.npy exists
[skip] lat_droid_ep1477.npy exists
[skip] lat_droid_ep1478.npy exists
[skip] lat_droid_ep1479.npy exists
[skip] lat_droid_ep148.npy exists
[skip] lat_droid_ep1480.npy exists
[skip] lat_droid_ep1481.npy exists
[skip] lat_droid_ep1482.npy exists
[skip] lat_droid_ep1483.npy exists
[skip] lat_droid_ep1484.npy exists
[skip] lat_droid_ep1485.npy exists
[skip] lat_droid_ep1486.npy exists
[skip] lat_droid_ep1487.npy exists
[skip] lat_droid_ep1488.npy exists
[skip] lat_droid_ep1489.npy exists
[skip] lat_droid_ep149.npy exists
[skip] lat_droid_ep1490.npy exists
[skip] lat_droid_ep1491.npy exists
[skip] lat_droid_ep1492.npy exists
[skip] lat_droid_ep1493.npy exists
[skip] lat_droid_ep1494.npy exists
[skip] lat_droid_ep1495.npy exists
[skip] lat_droid_ep1496.npy exists
[skip] lat_droid_ep1497.npy exists
[skip] lat_droid_ep1498.npy exists
[skip] lat_droid_ep1499.npy exists
[skip] lat_droid_ep150.npy exists
[skip] lat_droid_ep1500.npy exists
[skip] lat_droid_ep1501.npy exists
[skip] lat_droid_ep1502.npy exists
[skip] lat_droid_ep1503.npy exists
[skip] lat_droid_ep1504.npy exists
[skip] lat_droid_ep1505.npy exists
[skip] lat_droid_ep1506.npy exists
[skip] lat_droid_ep1507.npy exists
[skip] lat_droid_ep1508.npy exists
[skip] lat_droid_ep1509.npy exists
[skip] lat_droid_ep151.npy exists
[skip] lat_droid_ep1510.npy exists
[skip] lat_droid_ep1511.npy exists
[skip] lat_droid_ep1512.npy exists
[skip] lat_droid_ep1513.npy exists
[skip] lat_droid_ep1514.npy exists
[skip] lat_droid_ep1515.npy exists
[skip] lat_droid_ep1516.npy exists
[skip] lat_droid_ep1517.npy exists
[skip] lat_droid_ep1518.npy exists
[skip] lat_droid_ep1519.npy exists
[skip] lat_droid_ep152.npy exists
[skip] lat_droid_ep1520.npy exists
[skip] lat_droid_ep1521.npy exists
[skip] lat_droid_ep1522.npy exists
[skip] lat_droid_ep1523.npy exists
[skip] lat_droid_ep1524.npy exists
[skip] lat_droid_ep1525.npy exists
[skip] lat_droid_ep1526.npy exists
[skip] lat_droid_ep1527.npy exists
[skip] lat_droid_ep1528.npy exists
[skip] lat_droid_ep1529.npy exists
[skip] lat_droid_ep153.npy exists
[skip] lat_droid_ep1530.npy exists
[skip] lat_droid_ep1531.npy exists
[skip] lat_droid_ep1532.npy exists
[skip] lat_droid_ep1533.npy exists
[skip] lat_droid_ep1534.npy exists
[skip] lat_droid_ep1535.npy exists
[skip] lat_droid_ep1536.npy exists
[skip] lat_droid_ep1537.npy exists
[skip] lat_droid_ep1538.npy exists
[skip] lat_droid_ep1539.npy exists
[skip] lat_droid_ep154.npy exists
[skip] lat_droid_ep1540.npy exists
[skip] lat_droid_ep1541.npy exists
[skip] lat_droid_ep1542.npy exists
[skip] lat_droid_ep1543.npy exists
[skip] lat_droid_ep1544.npy exists
[skip] lat_droid_ep1545.npy exists
[skip] lat_droid_ep1546.npy exists
[skip] lat_droid_ep1547.npy exists
[skip] lat_droid_ep1548.npy exists
[skip] lat_droid_ep1549.npy exists
[skip] lat_droid_ep155.npy exists
[skip] lat_droid_ep1550.npy exists
[skip] lat_droid_ep1551.npy exists
[skip] lat_droid_ep1552.npy exists
[skip] lat_droid_ep1553.npy exists
[skip] lat_droid_ep1554.npy exists
[skip] lat_droid_ep1555.npy exists
[skip] lat_droid_ep1556.npy exists
[skip] lat_droid_ep1557.npy exists
[skip] lat_droid_ep1558.npy exists
[skip] lat_droid_ep1559.npy exists
[skip] lat_droid_ep156.npy exists
[skip] lat_droid_ep1560.npy exists
[skip] lat_droid_ep1561.npy exists
[skip] lat_droid_ep1562.npy exists
[skip] lat_droid_ep1563.npy exists
[skip] lat_droid_ep1564.npy exists
[skip] lat_droid_ep1565.npy exists
[skip] lat_droid_ep1566.npy exists
[skip] lat_droid_ep1567.npy exists
[skip] lat_droid_ep1568.npy exists
[skip] lat_droid_ep1569.npy exists
[skip] lat_droid_ep157.npy exists
[skip] lat_droid_ep1570.npy exists
[skip] lat_droid_ep1571.npy exists
[skip] lat_droid_ep1572.npy exists
[skip] lat_droid_ep1573.npy exists
[skip] lat_droid_ep1574.npy exists
[skip] lat_droid_ep1575.npy exists
[skip] lat_droid_ep1576.npy exists
[skip] lat_droid_ep1577.npy exists
[skip] lat_droid_ep1578.npy exists
[skip] lat_droid_ep1579.npy exists
[skip] lat_droid_ep158.npy exists
[skip] lat_droid_ep1580.npy exists
[skip] lat_droid_ep1581.npy exists
[skip] lat_droid_ep1582.npy exists
[skip] lat_droid_ep1583.npy exists
[skip] lat_droid_ep1584.npy exists
[skip] lat_droid_ep1585.npy exists
[skip] lat_droid_ep1586.npy exists
[skip] lat_droid_ep1587.npy exists
[skip] lat_droid_ep1588.npy exists
[skip] lat_droid_ep1589.npy exists
[skip] lat_droid_ep159.npy exists
[skip] lat_droid_ep1590.npy exists
[skip] lat_droid_ep1591.npy exists
[skip] lat_droid_ep1592.npy exists
[skip] lat_droid_ep1593.npy exists
[skip] lat_droid_ep1594.npy exists
[skip] lat_droid_ep1595.npy exists
[skip] lat_droid_ep1596.npy exists
[skip] lat_droid_ep1597.npy exists
[skip] lat_droid_ep1598.npy exists
[skip] lat_droid_ep1599.npy exists
[skip] lat_droid_ep160.npy exists
[skip] lat_droid_ep1600.npy exists
[skip] lat_droid_ep1601.npy exists
[skip] lat_droid_ep1602.npy exists
[skip] lat_droid_ep1603.npy exists
[skip] lat_droid_ep1604.npy exists
[skip] lat_droid_ep1605.npy exists
[skip] lat_droid_ep1606.npy exists
[skip] lat_droid_ep1607.npy exists
[skip] lat_droid_ep1608.npy exists
[skip] lat_droid_ep1609.npy exists
[skip] lat_droid_ep161.npy exists
[skip] lat_droid_ep1610.npy exists
[skip] lat_droid_ep1611.npy exists
[skip] lat_droid_ep1612.npy exists
[skip] lat_droid_ep1613.npy exists
[skip] lat_droid_ep1614.npy exists
[skip] lat_droid_ep1615.npy exists
[skip] lat_droid_ep1616.npy exists
[skip] lat_droid_ep1617.npy exists
[skip] lat_droid_ep1618.npy exists
[skip] lat_droid_ep1619.npy exists
[skip] lat_droid_ep162.npy exists
[skip] lat_droid_ep1620.npy exists
[skip] lat_droid_ep1621.npy exists
[skip] lat_droid_ep1622.npy exists
[skip] lat_droid_ep1623.npy exists
[skip] lat_droid_ep1624.npy exists
[skip] lat_droid_ep1625.npy exists
[skip] lat_droid_ep1626.npy exists
[skip] lat_droid_ep1627.npy exists
[skip] lat_droid_ep1628.npy exists
[skip] lat_droid_ep1629.npy exists
[skip] lat_droid_ep163.npy exists
[skip] lat_droid_ep1630.npy exists
[skip] lat_droid_ep1631.npy exists
[skip] lat_droid_ep1632.npy exists
[skip] lat_droid_ep1633.npy exists
[skip] lat_droid_ep1634.npy exists
[skip] lat_droid_ep1635.npy exists
[skip] lat_droid_ep1636.npy exists
[skip] lat_droid_ep1637.npy exists
[skip] lat_droid_ep1638.npy exists
[skip] lat_droid_ep1639.npy exists
[skip] lat_droid_ep164.npy exists
[skip] lat_droid_ep1640.npy exists
[skip] lat_droid_ep1641.npy exists
[skip] lat_droid_ep1642.npy exists
[skip] lat_droid_ep1643.npy exists
[skip] lat_droid_ep1644.npy exists
[skip] lat_droid_ep1645.npy exists
[skip] lat_droid_ep1646.npy exists
[skip] lat_droid_ep1647.npy exists
[skip] lat_droid_ep1648.npy exists
[skip] lat_droid_ep1649.npy exists
[skip] lat_droid_ep165.npy exists
[skip] lat_droid_ep1650.npy exists
[skip] lat_droid_ep1651.npy exists
[skip] lat_droid_ep1652.npy exists
[skip] lat_droid_ep1653.npy exists
[skip] lat_droid_ep1654.npy exists
[skip] lat_droid_ep1655.npy exists
[skip] lat_droid_ep1656.npy exists
[skip] lat_droid_ep1657.npy exists
[skip] lat_droid_ep1658.npy exists
[skip] lat_droid_ep1659.npy exists
[skip] lat_droid_ep166.npy exists
[skip] lat_droid_ep1660.npy exists
[skip] lat_droid_ep1661.npy exists
[skip] lat_droid_ep1662.npy exists
[skip] lat_droid_ep1663.npy exists
[skip] lat_droid_ep1664.npy exists
[skip] lat_droid_ep1665.npy exists
[skip] lat_droid_ep1666.npy exists
[skip] lat_droid_ep1667.npy exists
[skip] lat_droid_ep1668.npy exists
[skip] lat_droid_ep1669.npy exists
[skip] lat_droid_ep167.npy exists
[skip] lat_droid_ep1670.npy exists
[skip] lat_droid_ep1671.npy exists
[skip] lat_droid_ep1672.npy exists
[skip] lat_droid_ep1673.npy exists
[skip] lat_droid_ep1674.npy exists
[skip] lat_droid_ep1675.npy exists
[skip] lat_droid_ep1676.npy exists
[skip] lat_droid_ep1677.npy exists
[skip] lat_droid_ep1678.npy exists
[skip] lat_droid_ep1679.npy exists
[skip] lat_droid_ep168.npy exists
[skip] lat_droid_ep1680.npy exists
[skip] lat_droid_ep1681.npy exists
[skip] lat_droid_ep1682.npy exists
[skip] lat_droid_ep1683.npy exists
[skip] lat_droid_ep1684.npy exists
[skip] lat_droid_ep1685.npy exists
[skip] lat_droid_ep1686.npy exists
[skip] lat_droid_ep1687.npy exists
[skip] lat_droid_ep1688.npy exists
[skip] lat_droid_ep1689.npy exists
[skip] lat_droid_ep169.npy exists
[skip] lat_droid_ep1690.npy exists
[skip] lat_droid_ep1691.npy exists
[skip] lat_droid_ep1692.npy exists
[skip] lat_droid_ep1693.npy exists
[skip] lat_droid_ep1694.npy exists
[skip] lat_droid_ep1695.npy exists
[skip] lat_droid_ep1696.npy exists
[skip] lat_droid_ep1697.npy exists
[skip] lat_droid_ep1698.npy exists
[skip] lat_droid_ep1699.npy exists
[skip] lat_droid_ep170.npy exists
[skip] lat_droid_ep1700.npy exists
[skip] lat_droid_ep1701.npy exists
[skip] lat_droid_ep1702.npy exists
[skip] lat_droid_ep1703.npy exists
[skip] lat_droid_ep1704.npy exists
[skip] lat_droid_ep1705.npy exists
[skip] lat_droid_ep1706.npy exists
[skip] lat_droid_ep1707.npy exists
[skip] lat_droid_ep1708.npy exists
[skip] lat_droid_ep1709.npy exists
[skip] lat_droid_ep171.npy exists
[skip] lat_droid_ep1710.npy exists
[skip] lat_droid_ep1711.npy exists
[skip] lat_droid_ep1712.npy exists
[skip] lat_droid_ep1713.npy exists
[skip] lat_droid_ep1714.npy exists
[skip] lat_droid_ep1715.npy exists
[skip] lat_droid_ep1716.npy exists
[skip] lat_droid_ep1717.npy exists
[skip] lat_droid_ep1718.npy exists
[skip] lat_droid_ep1719.npy exists
[skip] lat_droid_ep172.npy exists
[skip] lat_droid_ep1720.npy exists
[skip] lat_droid_ep1721.npy exists
[skip] lat_droid_ep1722.npy exists
[skip] lat_droid_ep1723.npy exists
[skip] lat_droid_ep1724.npy exists
[skip] lat_droid_ep1725.npy exists
[skip] lat_droid_ep1726.npy exists
[skip] lat_droid_ep1727.npy exists
[skip] lat_droid_ep1728.npy exists
[skip] lat_droid_ep1729.npy exists
[skip] lat_droid_ep173.npy exists
[skip] lat_droid_ep1730.npy exists
[skip] lat_droid_ep1731.npy exists
[skip] lat_droid_ep1732.npy exists
[skip] lat_droid_ep1733.npy exists
[skip] lat_droid_ep1734.npy exists
[skip] lat_droid_ep1735.npy exists
[skip] lat_droid_ep1736.npy exists
[skip] lat_droid_ep1737.npy exists
[skip] lat_droid_ep1738.npy exists
[skip] lat_droid_ep1739.npy exists
[skip] lat_droid_ep174.npy exists
[skip] lat_droid_ep1740.npy exists
[skip] lat_droid_ep1741.npy exists
[skip] lat_droid_ep1742.npy exists
[skip] lat_droid_ep1743.npy exists
[skip] lat_droid_ep1744.npy exists
[skip] lat_droid_ep1745.npy exists
[skip] lat_droid_ep1746.npy exists
[skip] lat_droid_ep1747.npy exists
[skip] lat_droid_ep1748.npy exists
[skip] lat_droid_ep1749.npy exists
[skip] lat_droid_ep175.npy exists
[skip] lat_droid_ep1750.npy exists
[skip] lat_droid_ep1751.npy exists
[skip] lat_droid_ep1752.npy exists
[skip] lat_droid_ep1753.npy exists
[skip] lat_droid_ep1754.npy exists
[skip] lat_droid_ep1755.npy exists
[skip] lat_droid_ep1756.npy exists
[skip] lat_droid_ep1757.npy exists
[skip] lat_droid_ep1758.npy exists
[skip] lat_droid_ep1759.npy exists
[skip] lat_droid_ep176.npy exists
[skip] lat_droid_ep1760.npy exists
[skip] lat_droid_ep1761.npy exists
[skip] lat_droid_ep1762.npy exists
[skip] lat_droid_ep1763.npy exists
[skip] lat_droid_ep1764.npy exists
[skip] lat_droid_ep1765.npy exists
[skip] lat_droid_ep1766.npy exists
[skip] lat_droid_ep1767.npy exists
[skip] lat_droid_ep1768.npy exists
[skip] lat_droid_ep1769.npy exists
[skip] lat_droid_ep177.npy exists
[skip] lat_droid_ep1770.npy exists
[skip] lat_droid_ep1771.npy exists
[skip] lat_droid_ep1772.npy exists
[skip] lat_droid_ep1773.npy exists
[skip] lat_droid_ep1774.npy exists
[skip] lat_droid_ep1775.npy exists
[skip] lat_droid_ep1776.npy exists
[skip] lat_droid_ep1777.npy exists
[skip] lat_droid_ep1778.npy exists
[skip] lat_droid_ep1779.npy exists
[skip] lat_droid_ep178.npy exists
[skip] lat_droid_ep1780.npy exists
[skip] lat_droid_ep1781.npy exists
[skip] lat_droid_ep1782.npy exists
[skip] lat_droid_ep1783.npy exists
[skip] lat_droid_ep1784.npy exists
[skip] lat_droid_ep1785.npy exists
[skip] lat_droid_ep1786.npy exists
[skip] lat_droid_ep1787.npy exists
[skip] lat_droid_ep1788.npy exists
[skip] lat_droid_ep1789.npy exists
[skip] lat_droid_ep179.npy exists
[skip] lat_droid_ep1790.npy exists
[skip] lat_droid_ep1791.npy exists
[skip] lat_droid_ep1792.npy exists
[skip] lat_droid_ep1793.npy exists
[skip] lat_droid_ep1794.npy exists
[skip] lat_droid_ep1795.npy exists
[skip] lat_droid_ep1796.npy exists
[skip] lat_droid_ep1797.npy exists
[skip] lat_droid_ep1798.npy exists
[skip] lat_droid_ep1799.npy exists
[skip] lat_droid_ep180.npy exists
[skip] lat_droid_ep1800.npy exists
[skip] lat_droid_ep1801.npy exists
[skip] lat_droid_ep1802.npy exists
[skip] lat_droid_ep1803.npy exists
[skip] lat_droid_ep1804.npy exists
[skip] lat_droid_ep1805.npy exists
[skip] lat_droid_ep1806.npy exists
[skip] lat_droid_ep1807.npy exists
[skip] lat_droid_ep1808.npy exists
[skip] lat_droid_ep1809.npy exists
[skip] lat_droid_ep181.npy exists
[skip] lat_droid_ep1810.npy exists
[skip] lat_droid_ep1811.npy exists
[skip] lat_droid_ep1812.npy exists
[skip] lat_droid_ep1813.npy exists
[skip] lat_droid_ep1814.npy exists
[skip] lat_droid_ep1815.npy exists
[skip] lat_droid_ep1816.npy exists
[skip] lat_droid_ep1817.npy exists
[skip] lat_droid_ep1818.npy exists
[skip] lat_droid_ep1819.npy exists
[skip] lat_droid_ep182.npy exists
[skip] lat_droid_ep1820.npy exists
[skip] lat_droid_ep1821.npy exists
[skip] lat_droid_ep1822.npy exists
[skip] lat_droid_ep1823.npy exists
[skip] lat_droid_ep1824.npy exists
[skip] lat_droid_ep1825.npy exists
[skip] lat_droid_ep1826.npy exists
[skip] lat_droid_ep1827.npy exists
[skip] lat_droid_ep1828.npy exists
[skip] lat_droid_ep1829.npy exists
[skip] lat_droid_ep183.npy exists
[skip] lat_droid_ep1830.npy exists
[skip] lat_droid_ep1831.npy exists
[skip] lat_droid_ep1832.npy exists
[skip] lat_droid_ep1833.npy exists
[skip] lat_droid_ep1834.npy exists
[skip] lat_droid_ep1835.npy exists
[skip] lat_droid_ep1836.npy exists
[skip] lat_droid_ep1837.npy exists
[skip] lat_droid_ep1838.npy exists
[skip] lat_droid_ep1839.npy exists
[skip] lat_droid_ep184.npy exists
[skip] lat_droid_ep1840.npy exists
[skip] lat_droid_ep1841.npy exists
[skip] lat_droid_ep1842.npy exists
[skip] lat_droid_ep1843.npy exists
[skip] lat_droid_ep1844.npy exists
[skip] lat_droid_ep1845.npy exists
[skip] lat_droid_ep1846.npy exists
[skip] lat_droid_ep1847.npy exists
[skip] lat_droid_ep1848.npy exists
[skip] lat_droid_ep1849.npy exists
[skip] lat_droid_ep185.npy exists
[skip] lat_droid_ep1850.npy exists
[skip] lat_droid_ep1851.npy exists
[skip] lat_droid_ep1852.npy exists
[skip] lat_droid_ep1853.npy exists
[skip] lat_droid_ep1854.npy exists
[skip] lat_droid_ep1855.npy exists
[skip] lat_droid_ep1856.npy exists
[skip] lat_droid_ep1857.npy exists
[skip] lat_droid_ep1858.npy exists
[skip] lat_droid_ep1859.npy exists
[skip] lat_droid_ep186.npy exists
[skip] lat_droid_ep1860.npy exists
[skip] lat_droid_ep1861.npy exists
[skip] lat_droid_ep1862.npy exists
[skip] lat_droid_ep1863.npy exists
[skip] lat_droid_ep1864.npy exists
[skip] lat_droid_ep1865.npy exists
[skip] lat_droid_ep1866.npy exists
[skip] lat_droid_ep1867.npy exists
[skip] lat_droid_ep1868.npy exists
[skip] lat_droid_ep1869.npy exists
[skip] lat_droid_ep187.npy exists
[skip] lat_droid_ep1870.npy exists
[skip] lat_droid_ep1871.npy exists
[skip] lat_droid_ep1872.npy exists
[skip] lat_droid_ep1873.npy exists
[skip] lat_droid_ep1874.npy exists
[skip] lat_droid_ep1875.npy exists
[skip] lat_droid_ep1876.npy exists
[skip] lat_droid_ep1877.npy exists
[skip] lat_droid_ep1878.npy exists
[skip] lat_droid_ep1879.npy exists
[skip] lat_droid_ep188.npy exists
[skip] lat_droid_ep1880.npy exists
[skip] lat_droid_ep1881.npy exists
[skip] lat_droid_ep1882.npy exists
[skip] lat_droid_ep1883.npy exists
[skip] lat_droid_ep1884.npy exists
[skip] lat_droid_ep1885.npy exists
[skip] lat_droid_ep1886.npy exists
[skip] lat_droid_ep1887.npy exists
[skip] lat_droid_ep1888.npy exists
[skip] lat_droid_ep1889.npy exists
[skip] lat_droid_ep189.npy exists
[skip] lat_droid_ep1890.npy exists
[skip] lat_droid_ep1891.npy exists
[skip] lat_droid_ep1892.npy exists
[skip] lat_droid_ep1893.npy exists
[skip] lat_droid_ep1894.npy exists
[skip] lat_droid_ep1895.npy exists
[skip] lat_droid_ep1896.npy exists
[skip] lat_droid_ep1897.npy exists
[skip] lat_droid_ep1898.npy exists
[skip] lat_droid_ep1899.npy exists
[skip] lat_droid_ep190.npy exists
[skip] lat_droid_ep1900.npy exists
[skip] lat_droid_ep1901.npy exists
[skip] lat_droid_ep1902.npy exists
[skip] lat_droid_ep1903.npy exists
[skip] lat_droid_ep1904.npy exists
[skip] lat_droid_ep1905.npy exists
[skip] lat_droid_ep1906.npy exists
[skip] lat_droid_ep1907.npy exists
[skip] lat_droid_ep1908.npy exists
[skip] lat_droid_ep1909.npy exists
[skip] lat_droid_ep191.npy exists
[skip] lat_droid_ep1910.npy exists
[skip] lat_droid_ep1911.npy exists
[skip] lat_droid_ep1912.npy exists
[skip] lat_droid_ep1913.npy exists
[skip] lat_droid_ep1914.npy exists
[skip] lat_droid_ep1915.npy exists
[skip] lat_droid_ep1916.npy exists
[skip] lat_droid_ep1917.npy exists
[skip] lat_droid_ep1918.npy exists
[skip] lat_droid_ep1919.npy exists
[skip] lat_droid_ep192.npy exists
[skip] lat_droid_ep1920.npy exists
[skip] lat_droid_ep1921.npy exists
[skip] lat_droid_ep1922.npy exists
[skip] lat_droid_ep1923.npy exists
[skip] lat_droid_ep1924.npy exists
[skip] lat_droid_ep1925.npy exists
[skip] lat_droid_ep1926.npy exists
[skip] lat_droid_ep1927.npy exists
[skip] lat_droid_ep1928.npy exists
[skip] lat_droid_ep1929.npy exists
[skip] lat_droid_ep193.npy exists
[skip] lat_droid_ep1930.npy exists
[skip] lat_droid_ep1931.npy exists
[skip] lat_droid_ep1932.npy exists
[skip] lat_droid_ep1933.npy exists
[skip] lat_droid_ep1934.npy exists
[skip] lat_droid_ep1935.npy exists
[skip] lat_droid_ep1936.npy exists
[skip] lat_droid_ep1937.npy exists
[skip] lat_droid_ep1938.npy exists
[skip] lat_droid_ep1939.npy exists
[skip] lat_droid_ep194.npy exists
[skip] lat_droid_ep1940.npy exists
[skip] lat_droid_ep1941.npy exists
[skip] lat_droid_ep1942.npy exists
[skip] lat_droid_ep1943.npy exists
[skip] lat_droid_ep1944.npy exists
[skip] lat_droid_ep1945.npy exists
[skip] lat_droid_ep1946.npy exists
[skip] lat_droid_ep1947.npy exists
[skip] lat_droid_ep1948.npy exists
[skip] lat_droid_ep1949.npy exists
[skip] lat_droid_ep195.npy exists
[skip] lat_droid_ep1950.npy exists
[skip] lat_droid_ep1951.npy exists
[skip] lat_droid_ep1952.npy exists
[skip] lat_droid_ep1953.npy exists
[skip] lat_droid_ep1954.npy exists
[skip] lat_droid_ep1955.npy exists
[skip] lat_droid_ep1956.npy exists
[skip] lat_droid_ep1957.npy exists
[skip] lat_droid_ep1958.npy exists
[skip] lat_droid_ep1959.npy exists
[skip] lat_droid_ep196.npy exists
[skip] lat_droid_ep1960.npy exists
[skip] lat_droid_ep1961.npy exists
[skip] lat_droid_ep1962.npy exists
[skip] lat_droid_ep1963.npy exists
[skip] lat_droid_ep1964.npy exists
[skip] lat_droid_ep1965.npy exists
[skip] lat_droid_ep1966.npy exists
[skip] lat_droid_ep1967.npy exists
[skip] lat_droid_ep1968.npy exists
[skip] lat_droid_ep1969.npy exists
[skip] lat_droid_ep197.npy exists
[skip] lat_droid_ep1970.npy exists
[skip] lat_droid_ep1971.npy exists
[skip] lat_droid_ep1972.npy exists
[skip] lat_droid_ep1973.npy exists
[skip] lat_droid_ep1974.npy exists
[skip] lat_droid_ep1975.npy exists
[skip] lat_droid_ep1976.npy exists
[skip] lat_droid_ep1977.npy exists
[skip] lat_droid_ep1978.npy exists
[skip] lat_droid_ep1979.npy exists
[skip] lat_droid_ep198.npy exists
[skip] lat_droid_ep1980.npy exists
[skip] lat_droid_ep1981.npy exists
[skip] lat_droid_ep1982.npy exists
[skip] lat_droid_ep1983.npy exists
[skip] lat_droid_ep1984.npy exists
[skip] lat_droid_ep1985.npy exists
[skip] lat_droid_ep1986.npy exists
[skip] lat_droid_ep1987.npy exists
[skip] lat_droid_ep1988.npy exists
[skip] lat_droid_ep1989.npy exists
[skip] lat_droid_ep199.npy exists
[skip] lat_droid_ep1990.npy exists
[skip] lat_droid_ep1991.npy exists
[skip] lat_droid_ep1992.npy exists
[skip] lat_droid_ep1993.npy exists
[skip] lat_droid_ep1994.npy exists
[skip] lat_droid_ep1995.npy exists
[skip] lat_droid_ep1996.npy exists
[skip] lat_droid_ep1997.npy exists
[skip] lat_droid_ep1998.npy exists
[skip] lat_droid_ep1999.npy exists
[skip] lat_droid_ep200.npy exists
[skip] lat_droid_ep201.npy exists
[skip] lat_droid_ep202.npy exists
[skip] lat_droid_ep203.npy exists
[skip] lat_droid_ep204.npy exists
[skip] lat_droid_ep205.npy exists
[skip] lat_droid_ep206.npy exists
[skip] lat_droid_ep207.npy exists
[skip] lat_droid_ep208.npy exists
[skip] lat_droid_ep209.npy exists
[skip] lat_droid_ep210.npy exists
[skip] lat_droid_ep211.npy exists
[skip] lat_droid_ep212.npy exists
[skip] lat_droid_ep213.npy exists
[skip] lat_droid_ep214.npy exists
[skip] lat_droid_ep215.npy exists
[skip] lat_droid_ep216.npy exists
[skip] lat_droid_ep217.npy exists
[skip] lat_droid_ep218.npy exists
[skip] lat_droid_ep219.npy exists
[skip] lat_droid_ep220.npy exists
[skip] lat_droid_ep221.npy exists
[skip] lat_droid_ep222.npy exists
[skip] lat_droid_ep223.npy exists
[skip] lat_droid_ep224.npy exists
[skip] lat_droid_ep225.npy exists
[skip] lat_droid_ep226.npy exists
[skip] lat_droid_ep227.npy exists
[skip] lat_droid_ep228.npy exists
[skip] lat_droid_ep229.npy exists
[skip] lat_droid_ep230.npy exists
[skip] lat_droid_ep231.npy exists
[skip] lat_droid_ep232.npy exists
[skip] lat_droid_ep233.npy exists
[skip] lat_droid_ep234.npy exists
[skip] lat_droid_ep235.npy exists
[skip] lat_droid_ep236.npy exists
[skip] lat_droid_ep237.npy exists
[skip] lat_droid_ep238.npy exists
[skip] lat_droid_ep239.npy exists
[skip] lat_droid_ep240.npy exists
[skip] lat_droid_ep241.npy exists
[skip] lat_droid_ep242.npy exists
[skip] lat_droid_ep243.npy exists
[skip] lat_droid_ep244.npy exists
[skip] lat_droid_ep245.npy exists
[skip] lat_droid_ep246.npy exists
[skip] lat_droid_ep247.npy exists
[skip] lat_droid_ep248.npy exists
[skip] lat_droid_ep249.npy exists
[skip] lat_droid_ep250.npy exists
[skip] lat_droid_ep251.npy exists
[skip] lat_droid_ep252.npy exists
[skip] lat_droid_ep253.npy exists
[skip] lat_droid_ep254.npy exists
[skip] lat_droid_ep255.npy exists
[skip] lat_droid_ep256.npy exists
[skip] lat_droid_ep257.npy exists
[skip] lat_droid_ep258.npy exists
[skip] lat_droid_ep259.npy exists
[skip] lat_droid_ep260.npy exists
[skip] lat_droid_ep261.npy exists
[skip] lat_droid_ep262.npy exists
[skip] lat_droid_ep263.npy exists
[skip] lat_droid_ep264.npy exists
[skip] lat_droid_ep265.npy exists
[skip] lat_droid_ep266.npy exists
[skip] lat_droid_ep267.npy exists
[skip] lat_droid_ep268.npy exists
[skip] lat_droid_ep269.npy exists
[skip] lat_droid_ep270.npy exists
[skip] lat_droid_ep271.npy exists
[skip] lat_droid_ep272.npy exists
[skip] lat_droid_ep273.npy exists
[skip] lat_droid_ep274.npy exists
[skip] lat_droid_ep275.npy exists
[skip] lat_droid_ep276.npy exists
[skip] lat_droid_ep277.npy exists
[skip] lat_droid_ep278.npy exists
[skip] lat_droid_ep279.npy exists
[skip] lat_droid_ep280.npy exists
[skip] lat_droid_ep281.npy exists
[skip] lat_droid_ep282.npy exists
[skip] lat_droid_ep283.npy exists
[skip] lat_droid_ep284.npy exists
[skip] lat_droid_ep285.npy exists
[skip] lat_droid_ep286.npy exists
[skip] lat_droid_ep287.npy exists
[skip] lat_droid_ep288.npy exists
[skip] lat_droid_ep289.npy exists
[skip] lat_droid_ep290.npy exists
[skip] lat_droid_ep291.npy exists
[skip] lat_droid_ep292.npy exists
[skip] lat_droid_ep293.npy exists
[skip] lat_droid_ep294.npy exists
[skip] lat_droid_ep295.npy exists
[skip] lat_droid_ep296.npy exists
[skip] lat_droid_ep297.npy exists
[skip] lat_droid_ep298.npy exists
[skip] lat_droid_ep299.npy exists
[skip] lat_droid_ep300.npy exists
[skip] lat_droid_ep301.npy exists
[skip] lat_droid_ep302.npy exists
[skip] lat_droid_ep303.npy exists
[skip] lat_droid_ep304.npy exists
[skip] lat_droid_ep305.npy exists
[skip] lat_droid_ep306.npy exists
[skip] lat_droid_ep307.npy exists
[skip] lat_droid_ep308.npy exists
[skip] lat_droid_ep309.npy exists
[skip] lat_droid_ep310.npy exists
[skip] lat_droid_ep311.npy exists
[skip] lat_droid_ep312.npy exists
[skip] lat_droid_ep313.npy exists
[skip] lat_droid_ep314.npy exists
[skip] lat_droid_ep315.npy exists
[skip] lat_droid_ep316.npy exists
[skip] lat_droid_ep317.npy exists
[skip] lat_droid_ep318.npy exists
[skip] lat_droid_ep319.npy exists
[skip] lat_droid_ep320.npy exists
[skip] lat_droid_ep321.npy exists
[skip] lat_droid_ep322.npy exists
[skip] lat_droid_ep323.npy exists
[skip] lat_droid_ep324.npy exists
[skip] lat_droid_ep325.npy exists
[skip] lat_droid_ep326.npy exists
[skip] lat_droid_ep327.npy exists
[skip] lat_droid_ep328.npy exists
[skip] lat_droid_ep329.npy exists
[skip] lat_droid_ep330.npy exists
[skip] lat_droid_ep331.npy exists
[skip] lat_droid_ep332.npy exists
[skip] lat_droid_ep333.npy exists
[skip] lat_droid_ep334.npy exists
[skip] lat_droid_ep335.npy exists
[skip] lat_droid_ep336.npy exists
[skip] lat_droid_ep337.npy exists
[skip] lat_droid_ep338.npy exists
[skip] lat_droid_ep339.npy exists
[skip] lat_droid_ep340.npy exists
[skip] lat_droid_ep341.npy exists
[skip] lat_droid_ep342.npy exists
[skip] lat_droid_ep343.npy exists
[skip] lat_droid_ep344.npy exists
[skip] lat_droid_ep345.npy exists
[skip] lat_droid_ep346.npy exists
[skip] lat_droid_ep347.npy exists
[skip] lat_droid_ep348.npy exists
[skip] lat_droid_ep349.npy exists
[skip] lat_droid_ep350.npy exists
[skip] lat_droid_ep351.npy exists
[skip] lat_droid_ep352.npy exists
[skip] lat_droid_ep353.npy exists
[skip] lat_droid_ep354.npy exists
[skip] lat_droid_ep355.npy exists
[skip] lat_droid_ep356.npy exists
[skip] lat_droid_ep357.npy exists
[skip] lat_droid_ep358.npy exists
[skip] lat_droid_ep359.npy exists
[skip] lat_droid_ep360.npy exists
[skip] lat_droid_ep361.npy exists
[skip] lat_droid_ep362.npy exists
[skip] lat_droid_ep363.npy exists
[skip] lat_droid_ep364.npy exists
[skip] lat_droid_ep365.npy exists
[skip] lat_droid_ep366.npy exists
[skip] lat_droid_ep367.npy exists
[skip] lat_droid_ep368.npy exists
[skip] lat_droid_ep369.npy exists
[skip] lat_droid_ep370.npy exists
[skip] lat_droid_ep371.npy exists
[skip] lat_droid_ep372.npy exists
[skip] lat_droid_ep373.npy exists
[skip] lat_droid_ep374.npy exists
[skip] lat_droid_ep375.npy exists
[skip] lat_droid_ep376.npy exists
[skip] lat_droid_ep377.npy exists
[skip] lat_droid_ep378.npy exists
[skip] lat_droid_ep379.npy exists
[skip] lat_droid_ep380.npy exists
[skip] lat_droid_ep381.npy exists
[skip] lat_droid_ep382.npy exists
[skip] lat_droid_ep383.npy exists
[skip] lat_droid_ep384.npy exists
[skip] lat_droid_ep385.npy exists
[skip] lat_droid_ep386.npy exists
[skip] lat_droid_ep387.npy exists
[skip] lat_droid_ep388.npy exists
[skip] lat_droid_ep389.npy exists
[skip] lat_droid_ep390.npy exists
[skip] lat_droid_ep391.npy exists
[skip] lat_droid_ep392.npy exists
[skip] lat_droid_ep393.npy exists
[skip] lat_droid_ep394.npy exists
[skip] lat_droid_ep395.npy exists
[skip] lat_droid_ep396.npy exists
[skip] lat_droid_ep397.npy exists
[skip] lat_droid_ep398.npy exists
[skip] lat_droid_ep399.npy exists
[skip] lat_droid_ep400.npy exists
[skip] lat_droid_ep401.npy exists
[skip] lat_droid_ep402.npy exists
[skip] lat_droid_ep403.npy exists
[skip] lat_droid_ep404.npy exists
[skip] lat_droid_ep405.npy exists
[skip] lat_droid_ep406.npy exists
[skip] lat_droid_ep407.npy exists
[skip] lat_droid_ep408.npy exists
[skip] lat_droid_ep409.npy exists
[skip] lat_droid_ep410.npy exists
[skip] lat_droid_ep411.npy exists
[skip] lat_droid_ep412.npy exists
[skip] lat_droid_ep413.npy exists
[skip] lat_droid_ep414.npy exists
[skip] lat_droid_ep415.npy exists
[skip] lat_droid_ep416.npy exists
[skip] lat_droid_ep417.npy exists
[skip] lat_droid_ep418.npy exists
[skip] lat_droid_ep419.npy exists
[skip] lat_droid_ep420.npy exists
[skip] lat_droid_ep421.npy exists
[skip] lat_droid_ep422.npy exists
[skip] lat_droid_ep423.npy exists
[skip] lat_droid_ep424.npy exists
[skip] lat_droid_ep425.npy exists
[skip] lat_droid_ep426.npy exists
[skip] lat_droid_ep427.npy exists
[skip] lat_droid_ep428.npy exists
[skip] lat_droid_ep429.npy exists
[skip] lat_droid_ep430.npy exists
[skip] lat_droid_ep431.npy exists
[skip] lat_droid_ep432.npy exists
[skip] lat_droid_ep433.npy exists
[skip] lat_droid_ep434.npy exists
[skip] lat_droid_ep435.npy exists
[skip] lat_droid_ep436.npy exists
[skip] lat_droid_ep437.npy exists
[skip] lat_droid_ep438.npy exists
[skip] lat_droid_ep439.npy exists
[skip] lat_droid_ep440.npy exists
[skip] lat_droid_ep441.npy exists
[skip] lat_droid_ep442.npy exists
[skip] lat_droid_ep443.npy exists
[skip] lat_droid_ep444.npy exists
[skip] lat_droid_ep445.npy exists
[skip] lat_droid_ep446.npy exists
[skip] lat_droid_ep447.npy exists
[skip] lat_droid_ep448.npy exists
[skip] lat_droid_ep449.npy exists
[skip] lat_droid_ep450.npy exists
[skip] lat_droid_ep451.npy exists
[skip] lat_droid_ep452.npy exists
[skip] lat_droid_ep453.npy exists
[skip] lat_droid_ep454.npy exists
[skip] lat_droid_ep455.npy exists
[skip] lat_droid_ep456.npy exists
[skip] lat_droid_ep457.npy exists
[skip] lat_droid_ep458.npy exists
[skip] lat_droid_ep459.npy exists
[skip] lat_droid_ep460.npy exists
[skip] lat_droid_ep461.npy exists
[skip] lat_droid_ep462.npy exists
[skip] lat_droid_ep463.npy exists
[skip] lat_droid_ep464.npy exists
[skip] lat_droid_ep465.npy exists
[skip] lat_droid_ep466.npy exists
[skip] lat_droid_ep467.npy exists
[skip] lat_droid_ep468.npy exists
[skip] lat_droid_ep469.npy exists
[skip] lat_droid_ep470.npy exists
[skip] lat_droid_ep471.npy exists
[skip] lat_droid_ep472.npy exists
[skip] lat_droid_ep473.npy exists
[skip] lat_droid_ep474.npy exists
[skip] lat_droid_ep475.npy exists
[skip] lat_droid_ep476.npy exists
[skip] lat_droid_ep477.npy exists
[skip] lat_droid_ep478.npy exists
[skip] lat_droid_ep479.npy exists
[skip] lat_droid_ep480.npy exists
[skip] lat_droid_ep481.npy exists
[skip] lat_droid_ep482.npy exists
[skip] lat_droid_ep483.npy exists
[skip] lat_droid_ep484.npy exists
[skip] lat_droid_ep485.npy exists
[skip] lat_droid_ep486.npy exists
[skip] lat_droid_ep487.npy exists
[skip] lat_droid_ep488.npy exists
[skip] lat_droid_ep489.npy exists
[skip] lat_droid_ep490.npy exists
[skip] lat_droid_ep491.npy exists
[skip] lat_droid_ep492.npy exists
[skip] lat_droid_ep493.npy exists
[skip] lat_droid_ep494.npy exists
[skip] lat_droid_ep495.npy exists
[skip] lat_droid_ep496.npy exists
[skip] lat_droid_ep497.npy exists
[skip] lat_droid_ep498.npy exists
[skip] lat_droid_ep499.npy exists
[skip] lat_droid_ep500.npy exists
[skip] lat_droid_ep501.npy exists
[skip] lat_droid_ep502.npy exists
[skip] lat_droid_ep503.npy exists
[skip] lat_droid_ep504.npy exists
[skip] lat_droid_ep505.npy exists
[skip] lat_droid_ep506.npy exists
[skip] lat_droid_ep507.npy exists
[skip] lat_droid_ep508.npy exists
[skip] lat_droid_ep509.npy exists
[skip] lat_droid_ep510.npy exists
[skip] lat_droid_ep511.npy exists
[skip] lat_droid_ep512.npy exists
[skip] lat_droid_ep513.npy exists
[skip] lat_droid_ep514.npy exists
[skip] lat_droid_ep515.npy exists
[skip] lat_droid_ep516.npy exists
[skip] lat_droid_ep517.npy exists
[skip] lat_droid_ep518.npy exists
[skip] lat_droid_ep519.npy exists
[skip] lat_droid_ep520.npy exists
[skip] lat_droid_ep521.npy exists
[skip] lat_droid_ep522.npy exists
[skip] lat_droid_ep523.npy exists
[skip] lat_droid_ep524.npy exists
[skip] lat_droid_ep525.npy exists
[skip] lat_droid_ep526.npy exists
[skip] lat_droid_ep527.npy exists
[skip] lat_droid_ep528.npy exists
[skip] lat_droid_ep529.npy exists
[skip] lat_droid_ep530.npy exists
[skip] lat_droid_ep531.npy exists
[skip] lat_droid_ep532.npy exists
[skip] lat_droid_ep533.npy exists
[skip] lat_droid_ep534.npy exists
[skip] lat_droid_ep535.npy exists
[skip] lat_droid_ep536.npy exists
[skip] lat_droid_ep537.npy exists
[skip] lat_droid_ep538.npy exists
[skip] lat_droid_ep539.npy exists
[skip] lat_droid_ep540.npy exists
[skip] lat_droid_ep541.npy exists
[skip] lat_droid_ep542.npy exists
[skip] lat_droid_ep543.npy exists
[skip] lat_droid_ep544.npy exists
[skip] lat_droid_ep545.npy exists
[skip] lat_droid_ep546.npy exists
[skip] lat_droid_ep547.npy exists
[skip] lat_droid_ep548.npy exists
[skip] lat_droid_ep549.npy exists
[skip] lat_droid_ep550.npy exists
[skip] lat_droid_ep551.npy exists
[skip] lat_droid_ep552.npy exists
[skip] lat_droid_ep553.npy exists
[skip] lat_droid_ep554.npy exists
[skip] lat_droid_ep555.npy exists
[skip] lat_droid_ep556.npy exists
[skip] lat_droid_ep557.npy exists
[skip] lat_droid_ep558.npy exists
[skip] lat_droid_ep559.npy exists
[skip] lat_droid_ep560.npy exists
[skip] lat_droid_ep561.npy exists
[skip] lat_droid_ep562.npy exists
[skip] lat_droid_ep563.npy exists
[skip] lat_droid_ep564.npy exists
[skip] lat_droid_ep565.npy exists
[skip] lat_droid_ep566.npy exists
[skip] lat_droid_ep567.npy exists
[skip] lat_droid_ep568.npy exists
[skip] lat_droid_ep569.npy exists
[skip] lat_droid_ep570.npy exists
[skip] lat_droid_ep571.npy exists
[skip] lat_droid_ep572.npy exists
[skip] lat_droid_ep573.npy exists
[skip] lat_droid_ep574.npy exists
[skip] lat_droid_ep575.npy exists
[skip] lat_droid_ep576.npy exists
[skip] lat_droid_ep577.npy exists
[skip] lat_droid_ep578.npy exists
[skip] lat_droid_ep579.npy exists
[skip] lat_droid_ep580.npy exists
[skip] lat_droid_ep581.npy exists
[skip] lat_droid_ep582.npy exists
[skip] lat_droid_ep583.npy exists
[skip] lat_droid_ep584.npy exists
[skip] lat_droid_ep585.npy exists
[skip] lat_droid_ep586.npy exists
[skip] lat_droid_ep587.npy exists
[skip] lat_droid_ep588.npy exists
[skip] lat_droid_ep589.npy exists
[skip] lat_droid_ep590.npy exists
[skip] lat_droid_ep591.npy exists
[skip] lat_droid_ep592.npy exists
[skip] lat_droid_ep593.npy exists
[skip] lat_droid_ep594.npy exists
[skip] lat_droid_ep595.npy exists
[skip] lat_droid_ep596.npy exists
[skip] lat_droid_ep597.npy exists
[skip] lat_droid_ep598.npy exists
[skip] lat_droid_ep599.npy exists
[skip] lat_droid_ep600.npy exists
[skip] lat_droid_ep601.npy exists
[skip] lat_droid_ep602.npy exists
[skip] lat_droid_ep603.npy exists
[skip] lat_droid_ep604.npy exists
[skip] lat_droid_ep605.npy exists
[skip] lat_droid_ep606.npy exists
[skip] lat_droid_ep607.npy exists
[skip] lat_droid_ep608.npy exists
[skip] lat_droid_ep609.npy exists
[skip] lat_droid_ep610.npy exists
[skip] lat_droid_ep611.npy exists
[skip] lat_droid_ep612.npy exists
[skip] lat_droid_ep613.npy exists
[skip] lat_droid_ep614.npy exists
[skip] lat_droid_ep615.npy exists
[skip] lat_droid_ep616.npy exists
[skip] lat_droid_ep617.npy exists
[skip] lat_droid_ep618.npy exists
[skip] lat_droid_ep619.npy exists
[skip] lat_droid_ep620.npy exists
[skip] lat_droid_ep621.npy exists
[skip] lat_droid_ep622.npy exists
[skip] lat_droid_ep623.npy exists
[skip] lat_droid_ep624.npy exists
[skip] lat_droid_ep625.npy exists
[skip] lat_droid_ep626.npy exists
[skip] lat_droid_ep627.npy exists
[skip] lat_droid_ep628.npy exists
[skip] lat_droid_ep629.npy exists
[skip] lat_droid_ep630.npy exists
[skip] lat_droid_ep631.npy exists
[skip] lat_droid_ep632.npy exists
[skip] lat_droid_ep633.npy exists
[skip] lat_droid_ep634.npy exists
[skip] lat_droid_ep635.npy exists
[skip] lat_droid_ep636.npy exists
[skip] lat_droid_ep637.npy exists
[skip] lat_droid_ep638.npy exists
[skip] lat_droid_ep639.npy exists
[skip] lat_droid_ep640.npy exists
[skip] lat_droid_ep641.npy exists
[skip] lat_droid_ep642.npy exists
[skip] lat_droid_ep643.npy exists
[skip] lat_droid_ep644.npy exists
[skip] lat_droid_ep645.npy exists
[skip] lat_droid_ep646.npy exists
[skip] lat_droid_ep647.npy exists
[skip] lat_droid_ep648.npy exists
[skip] lat_droid_ep649.npy exists
[skip] lat_droid_ep650.npy exists
[skip] lat_droid_ep651.npy exists
[skip] lat_droid_ep652.npy exists
[skip] lat_droid_ep653.npy exists
[skip] lat_droid_ep654.npy exists
[skip] lat_droid_ep655.npy exists
[skip] lat_droid_ep656.npy exists
[skip] lat_droid_ep657.npy exists
[skip] lat_droid_ep658.npy exists
[skip] lat_droid_ep659.npy exists
[skip] lat_droid_ep660.npy exists
[skip] lat_droid_ep661.npy exists
[skip] lat_droid_ep662.npy exists
[skip] lat_droid_ep663.npy exists
[skip] lat_droid_ep664.npy exists
[skip] lat_droid_ep665.npy exists
[skip] lat_droid_ep666.npy exists
[skip] lat_droid_ep667.npy exists
[skip] lat_droid_ep668.npy exists
[skip] lat_droid_ep669.npy exists
[skip] lat_droid_ep670.npy exists
[skip] lat_droid_ep671.npy exists
[skip] lat_droid_ep672.npy exists
[skip] lat_droid_ep673.npy exists
[skip] lat_droid_ep674.npy exists
[skip] lat_droid_ep675.npy exists
[skip] lat_droid_ep676.npy exists
[skip] lat_droid_ep677.npy exists
[skip] lat_droid_ep678.npy exists
[skip] lat_droid_ep679.npy exists
[skip] lat_droid_ep680.npy exists
[skip] lat_droid_ep681.npy exists
[skip] lat_droid_ep682.npy exists
[skip] lat_droid_ep683.npy exists
[skip] lat_droid_ep684.npy exists
[skip] lat_droid_ep685.npy exists
[skip] lat_droid_ep686.npy exists
[skip] lat_droid_ep687.npy exists
[skip] lat_droid_ep688.npy exists
[skip] lat_droid_ep689.npy exists
[skip] lat_droid_ep690.npy exists
[skip] lat_droid_ep691.npy exists
[skip] lat_droid_ep692.npy exists
[skip] lat_droid_ep693.npy exists
[skip] lat_droid_ep694.npy exists
[skip] lat_droid_ep695.npy exists
[skip] lat_droid_ep696.npy exists
[skip] lat_droid_ep697.npy exists
[skip] lat_droid_ep698.npy exists
[skip] lat_droid_ep699.npy exists
[skip] lat_droid_ep700.npy exists
[skip] lat_droid_ep701.npy exists
[skip] lat_droid_ep702.npy exists
[skip] lat_droid_ep703.npy exists
[skip] lat_droid_ep704.npy exists
[skip] lat_droid_ep705.npy exists
[skip] lat_droid_ep706.npy exists
[skip] lat_droid_ep707.npy exists
[skip] lat_droid_ep708.npy exists
[skip] lat_droid_ep709.npy exists
[skip] lat_droid_ep710.npy exists
[skip] lat_droid_ep711.npy exists
[skip] lat_droid_ep712.npy exists
[skip] lat_droid_ep713.npy exists
[skip] lat_droid_ep714.npy exists
[skip] lat_droid_ep715.npy exists
[skip] lat_droid_ep716.npy exists
[skip] lat_droid_ep717.npy exists
[skip] lat_droid_ep718.npy exists
[skip] lat_droid_ep719.npy exists
[skip] lat_droid_ep720.npy exists
[skip] lat_droid_ep721.npy exists
[skip] lat_droid_ep722.npy exists
[skip] lat_droid_ep723.npy exists
[skip] lat_droid_ep724.npy exists
[skip] lat_droid_ep725.npy exists
[skip] lat_droid_ep726.npy exists
[skip] lat_droid_ep727.npy exists
[skip] lat_droid_ep728.npy exists
[skip] lat_droid_ep729.npy exists
[skip] lat_droid_ep730.npy exists
[skip] lat_droid_ep731.npy exists
[skip] lat_droid_ep732.npy exists
[skip] lat_droid_ep733.npy exists
[skip] lat_droid_ep734.npy exists
[skip] lat_droid_ep735.npy exists
[skip] lat_droid_ep736.npy exists
[skip] lat_droid_ep737.npy exists
[skip] lat_droid_ep738.npy exists
[skip] lat_droid_ep739.npy exists
[skip] lat_droid_ep740.npy exists
[skip] lat_droid_ep741.npy exists
[skip] lat_droid_ep742.npy exists
[skip] lat_droid_ep743.npy exists
[skip] lat_droid_ep744.npy exists
[skip] lat_droid_ep745.npy exists
[skip] lat_droid_ep746.npy exists
[skip] lat_droid_ep747.npy exists
[skip] lat_droid_ep748.npy exists
[skip] lat_droid_ep749.npy exists
[skip] lat_droid_ep750.npy exists
[skip] lat_droid_ep751.npy exists
[skip] lat_droid_ep752.npy exists
[skip] lat_droid_ep753.npy exists
[skip] lat_droid_ep754.npy exists
[skip] lat_droid_ep755.npy exists
[skip] lat_droid_ep756.npy exists
[skip] lat_droid_ep757.npy exists
[skip] lat_droid_ep758.npy exists
[skip] lat_droid_ep759.npy exists
[skip] lat_droid_ep760.npy exists
[skip] lat_droid_ep761.npy exists
[skip] lat_droid_ep762.npy exists
[skip] lat_droid_ep763.npy exists
[skip] lat_droid_ep764.npy exists
[skip] lat_droid_ep765.npy exists
[skip] lat_droid_ep766.npy exists
[skip] lat_droid_ep767.npy exists
[skip] lat_droid_ep768.npy exists
[skip] lat_droid_ep769.npy exists
[skip] lat_droid_ep770.npy exists
[skip] lat_droid_ep771.npy exists
[skip] lat_droid_ep772.npy exists
[skip] lat_droid_ep773.npy exists
[skip] lat_droid_ep774.npy exists
[skip] lat_droid_ep775.npy exists
[skip] lat_droid_ep776.npy exists
[skip] lat_droid_ep777.npy exists
[skip] lat_droid_ep778.npy exists
[skip] lat_droid_ep779.npy exists
[skip] lat_droid_ep780.npy exists
[skip] lat_droid_ep781.npy exists
[skip] lat_droid_ep782.npy exists
[skip] lat_droid_ep783.npy exists
[skip] lat_droid_ep784.npy exists
[skip] lat_droid_ep785.npy exists
[skip] lat_droid_ep786.npy exists
[skip] lat_droid_ep787.npy exists
[skip] lat_droid_ep788.npy exists
[skip] lat_droid_ep789.npy exists
[skip] lat_droid_ep790.npy exists
[skip] lat_droid_ep791.npy exists
[skip] lat_droid_ep792.npy exists
[skip] lat_droid_ep793.npy exists
[skip] lat_droid_ep794.npy exists
[skip] lat_droid_ep795.npy exists
[skip] lat_droid_ep796.npy exists
[skip] lat_droid_ep797.npy exists
[skip] lat_droid_ep798.npy exists
[skip] lat_droid_ep799.npy exists
[skip] lat_droid_ep800.npy exists
[skip] lat_droid_ep801.npy exists
[skip] lat_droid_ep802.npy exists
[skip] lat_droid_ep803.npy exists
[skip] lat_droid_ep804.npy exists
[skip] lat_droid_ep805.npy exists
[skip] lat_droid_ep806.npy exists
[skip] lat_droid_ep807.npy exists
[skip] lat_droid_ep808.npy exists
[skip] lat_droid_ep809.npy exists
[skip] lat_droid_ep810.npy exists
[skip] lat_droid_ep811.npy exists
[skip] lat_droid_ep812.npy exists
[skip] lat_droid_ep813.npy exists
[skip] lat_droid_ep814.npy exists
[skip] lat_droid_ep815.npy exists
[skip] lat_droid_ep816.npy exists
[skip] lat_droid_ep817.npy exists
[skip] lat_droid_ep818.npy exists
[skip] lat_droid_ep819.npy exists
[skip] lat_droid_ep820.npy exists
[skip] lat_droid_ep821.npy exists
[skip] lat_droid_ep822.npy exists
[skip] lat_droid_ep823.npy exists
[skip] lat_droid_ep824.npy exists
[skip] lat_droid_ep825.npy exists
[skip] lat_droid_ep826.npy exists
[skip] lat_droid_ep827.npy exists
[skip] lat_droid_ep828.npy exists
[skip] lat_droid_ep829.npy exists
[skip] lat_droid_ep830.npy exists
[skip] lat_droid_ep831.npy exists
[skip] lat_droid_ep832.npy exists
[skip] lat_droid_ep833.npy exists
[skip] lat_droid_ep834.npy exists
[skip] lat_droid_ep835.npy exists
[skip] lat_droid_ep836.npy exists
[skip] lat_droid_ep837.npy exists
[skip] lat_droid_ep838.npy exists
[skip] lat_droid_ep839.npy exists
[skip] lat_droid_ep840.npy exists
[skip] lat_droid_ep841.npy exists
[skip] lat_droid_ep842.npy exists
[skip] lat_droid_ep843.npy exists
[skip] lat_droid_ep844.npy exists
[skip] lat_droid_ep845.npy exists
[skip] lat_droid_ep846.npy exists
[skip] lat_droid_ep847.npy exists
[skip] lat_droid_ep848.npy exists
[skip] lat_droid_ep849.npy exists
[skip] lat_droid_ep850.npy exists
[skip] lat_droid_ep851.npy exists
[skip] lat_droid_ep852.npy exists
[skip] lat_droid_ep853.npy exists
[skip] lat_droid_ep854.npy exists
[skip] lat_droid_ep855.npy exists
[skip] lat_droid_ep856.npy exists
[skip] lat_droid_ep857.npy exists
[skip] lat_droid_ep858.npy exists
[skip] lat_droid_ep859.npy exists
[skip] lat_droid_ep860.npy exists
[skip] lat_droid_ep861.npy exists
[skip] lat_droid_ep862.npy exists
[skip] lat_droid_ep863.npy exists
[skip] lat_droid_ep864.npy exists
[skip] lat_droid_ep865.npy exists
[skip] lat_droid_ep866.npy exists
[skip] lat_droid_ep867.npy exists
[skip] lat_droid_ep868.npy exists
[skip] lat_droid_ep869.npy exists
[skip] lat_droid_ep870.npy exists
[skip] lat_droid_ep871.npy exists
[skip] lat_droid_ep872.npy exists
[skip] lat_droid_ep873.npy exists
[skip] lat_droid_ep874.npy exists
[skip] lat_droid_ep875.npy exists
[skip] lat_droid_ep876.npy exists
[skip] lat_droid_ep877.npy exists
[skip] lat_droid_ep878.npy exists
[skip] lat_droid_ep879.npy exists
[skip] lat_droid_ep880.npy exists
[skip] lat_droid_ep881.npy exists
[skip] lat_droid_ep882.npy exists
[skip] lat_droid_ep883.npy exists
[skip] lat_droid_ep884.npy exists
[skip] lat_droid_ep885.npy exists
[skip] lat_droid_ep886.npy exists
[skip] lat_droid_ep887.npy exists
[skip] lat_droid_ep888.npy exists
[skip] lat_droid_ep889.npy exists
[skip] lat_droid_ep890.npy exists
[skip] lat_droid_ep891.npy exists
[skip] lat_droid_ep892.npy exists
[skip] lat_droid_ep893.npy exists
[skip] lat_droid_ep894.npy exists
[skip] lat_droid_ep895.npy exists
[skip] lat_droid_ep896.npy exists
[skip] lat_droid_ep897.npy exists
[skip] lat_droid_ep898.npy exists
[skip] lat_droid_ep899.npy exists
[skip] lat_droid_ep900.npy exists
[skip] lat_droid_ep901.npy exists
[skip] lat_droid_ep902.npy exists
[skip] lat_droid_ep903.npy exists
[skip] lat_droid_ep904.npy exists
[skip] lat_droid_ep905.npy exists
[skip] lat_droid_ep906.npy exists
[skip] lat_droid_ep907.npy exists
[skip] lat_droid_ep908.npy exists
[skip] lat_droid_ep909.npy exists
[skip] lat_droid_ep910.npy exists
[skip] lat_droid_ep911.npy exists
[skip] lat_droid_ep912.npy exists
[skip] lat_droid_ep913.npy exists
[skip] lat_droid_ep914.npy exists
[skip] lat_droid_ep915.npy exists
[skip] lat_droid_ep916.npy exists
[skip] lat_droid_ep917.npy exists
[skip] lat_droid_ep918.npy exists
[skip] lat_droid_ep919.npy exists
[skip] lat_droid_ep920.npy exists
[skip] lat_droid_ep921.npy exists
[skip] lat_droid_ep922.npy exists
[skip] lat_droid_ep923.npy exists
[skip] lat_droid_ep924.npy exists
[skip] lat_droid_ep925.npy exists
[skip] lat_droid_ep926.npy exists
[skip] lat_droid_ep927.npy exists
[skip] lat_droid_ep928.npy exists
[skip] lat_droid_ep929.npy exists
[skip] lat_droid_ep930.npy exists
[skip] lat_droid_ep931.npy exists
[skip] lat_droid_ep932.npy exists
[skip] lat_droid_ep933.npy exists
[skip] lat_droid_ep934.npy exists
[skip] lat_droid_ep935.npy exists
[skip] lat_droid_ep936.npy exists
[skip] lat_droid_ep937.npy exists
[skip] lat_droid_ep938.npy exists
[skip] lat_droid_ep939.npy exists
[skip] lat_droid_ep940.npy exists
[skip] lat_droid_ep941.npy exists
[skip] lat_droid_ep942.npy exists
[skip] lat_droid_ep943.npy exists
[skip] lat_droid_ep944.npy exists
[skip] lat_droid_ep945.npy exists
[skip] lat_droid_ep946.npy exists
[skip] lat_droid_ep947.npy exists
[skip] lat_droid_ep948.npy exists
[skip] lat_droid_ep949.npy exists
[skip] lat_droid_ep950.npy exists
[skip] lat_droid_ep951.npy exists
[skip] lat_droid_ep952.npy exists
[skip] lat_droid_ep953.npy exists
[skip] lat_droid_ep954.npy exists
[skip] lat_droid_ep955.npy exists
[skip] lat_droid_ep956.npy exists
[skip] lat_droid_ep957.npy exists
[skip] lat_droid_ep958.npy exists
[skip] lat_droid_ep959.npy exists
[skip] lat_droid_ep960.npy exists
[skip] lat_droid_ep961.npy exists
[skip] lat_droid_ep962.npy exists
[skip] lat_droid_ep963.npy exists
[skip] lat_droid_ep964.npy exists
[skip] lat_droid_ep965.npy exists
[skip] lat_droid_ep966.npy exists
[skip] lat_droid_ep967.npy exists
[skip] lat_droid_ep968.npy exists
[skip] lat_droid_ep969.npy exists
[skip] lat_droid_ep970.npy exists
[skip] lat_droid_ep971.npy exists
[skip] lat_droid_ep972.npy exists
[skip] lat_droid_ep973.npy exists
[skip] lat_droid_ep974.npy exists
[skip] lat_droid_ep975.npy exists
[skip] lat_droid_ep976.npy exists
[skip] lat_droid_ep977.npy exists
[skip] lat_droid_ep978.npy exists
[skip] lat_droid_ep979.npy exists
[skip] lat_droid_ep980.npy exists
[skip] lat_droid_ep981.npy exists
[skip] lat_droid_ep982.npy exists
[skip] lat_droid_ep983.npy exists
[skip] lat_droid_ep984.npy exists
[skip] lat_droid_ep985.npy exists
[skip] lat_droid_ep986.npy exists
[skip] lat_droid_ep987.npy exists
[skip] lat_droid_ep988.npy exists
[skip] lat_droid_ep989.npy exists
[skip] lat_droid_ep990.npy exists
[skip] lat_droid_ep991.npy exists
[skip] lat_droid_ep992.npy exists
[skip] lat_droid_ep993.npy exists
[skip] lat_droid_ep994.npy exists
[skip] lat_droid_ep995.npy exists
[skip] lat_droid_ep996.npy exists
[skip] lat_droid_ep997.npy exists
[skip] lat_droid_ep998.npy exists
[skip] lat_droid_ep999.npy exists
[done]
4000
10.122.7.223@o2ib,10.122.7.227@o2ib:10.122.7.224@o2ib,10.122.7.228@o2ib:/exafs  2.9P  2.4P  515T  83% /lustre
=== stage c: train v3 (v1 recipe, 20x data, matched steps) ===
[pairs] train 135551 / val 8027 from 2000 files (N=3, T_tok=256, D=1408, S=10)
[model] TokenGDM 41.9M params, goal_cond=True
epoch    0  train 0.22359  val 0.21707
epoch    5  train 0.20260  val 0.20749
epoch   10  train 0.20010  val 0.20589
epoch   11  train 0.19926  val 0.20337
[saved] gdm_vj2_s10_v3.pt
=== stage d: v3 drafter quality (held-out = the 100 val episodes) ===
==== DRAFTER QUALITY (16 held-out eps, 298 anchors, S=10, k=8) ====
  pos |  gdm rel    cos | lerp rel    cos | noop rel | noop/gdm
  m+1  |   0.2880  0.198 |   0.1057  0.344 |   0.1117 |     0.39x
  m+2  |   0.2792  0.242 |   0.1226  0.398 |   0.1282 |     0.46x
  m+3  |   0.2841  0.258 |   0.1358  0.448 |   0.1368 |     0.48x
(LeWM-stack reference: gdm rel 0.159/0.229/0.318, noop/gdm 7.2/6.2/4.5x; a drafter that loses to lerp or noop is not yet usable)
=== D2K CHAIN DONE ===
