=== unif-reacher t=150 seed=44 n=32 (unified c*-retire, budget=300) ===
/lustre/home/ha676/le-wm/.venv/lib/python3.11/site-packages/stable_worldmodel/envs/__init__.py:215: UserWarning: ale-py not found; ALE/* envs are unavailable. Install with: pip install 'stable-worldmodel[env]' or pip install ale-py.
  from stable_worldmodel.envs import ale  # noqa: F401
[model] frozen LeWM (18.03M), device=cuda, training=False, subgoal=unified
[gdm] planner from gdm_reacher_s10.pt: head=53.44M, N=3 WG=1 goal_cond=True T=1000 sampler=ddim/8-steps param=eps schedule=linear norm=standardize
17:30:05 | INFO  | atomic_chec~| [atomic_save] installed crash-safe checkpoint plugin (write to sibling .tmp + fsync + atomic rename)
[episodes-file] reacher_gatev4c_route_t150_spec.json: 32 precomputed pairs (built for max_offset=150, seed=999, episode_min=8000) -- sampling bypassed; running at goal_offset=150
[eval] start=random num_eval=32 goal_offset=150 budget=300 qpos_threshold=0.05 rad/joint
[eval] episodes_idx[:5]=[8082, 8176, 8222, 8231, 8236] start_steps[:5]=[25, 14, 47, 27, 38]
17:30:06 | INFO  | __init__.py | MUJOCO_GL=egl, attempting to import specified OpenGL backend.
17:30:06 | INFO  | __init__.py | No OpenGL_accelerate module loaded: No module named 'OpenGL_accelerate'
17:30:06 | INFO  | __init__.py | MuJoCo library version is: 3.10.0
/lustre/home/ha676/le-wm/.venv/lib/python3.11/site-packages/gymnasium/envs/registration.py:729: UserWarning: [33mWARN: The environment is being initialised with render_mode='rgb_array' that is not in the possible render_modes ([]).[0m
  logger.warn(
[unified] c*-retire spec-accept: tau=0.2, retire window=10 steps; drafting only while the goal is out of certified reach
CEM solve time: 4.3536 seconds
CEM solve time: 6.9084 seconds
CEM solve time: 4.3045 seconds
CEM solve time: 6.8993 seconds
CEM solve time: 3.8802 seconds
CEM solve time: 6.8981 seconds
CEM solve time: 3.3989 seconds
CEM solve time: 6.0365 seconds
CEM solve time: 3.1062 seconds
CEM solve time: 5.8238 seconds
CEM solve time: 2.4639 seconds
CEM solve time: 5.6056 seconds
CEM solve time: 1.9294 seconds
CEM solve time: 4.9600 seconds
CEM solve time: 1.6851 seconds
CEM solve time: 4.7440 seconds
CEM solve time: 1.2819 seconds
CEM solve time: 4.5245 seconds
CEM solve time: 1.0001 seconds
CEM solve time: 4.0946 seconds
CEM solve time: 0.8788 seconds
CEM solve time: 3.4474 seconds
CEM solve time: 0.8810 seconds
CEM solve time: 3.0170 seconds
CEM solve time: 0.8810 seconds
CEM solve time: 3.0170 seconds
CEM solve time: 0.8819 seconds
CEM solve time: 3.0167 seconds
CEM solve time: 0.7397 seconds
CEM solve time: 3.0169 seconds
CEM solve time: 0.6185 seconds
CEM solve time: 2.8050 seconds
CEM solve time: 0.6177 seconds
CEM solve time: 2.8058 seconds
CEM solve time: 0.6172 seconds
CEM solve time: 2.5907 seconds
CEM solve time: 0.6177 seconds
CEM solve time: 2.5900 seconds
CEM solve time: 0.6189 seconds
CEM solve time: 2.6123 seconds
CEM solve time: 0.4751 seconds
CEM solve time: 2.5875 seconds
CEM solve time: 0.4745 seconds
CEM solve time: 2.5875 seconds
CEM solve time: 0.4741 seconds
CEM solve time: 2.5873 seconds
CEM solve time: 0.4742 seconds
CEM solve time: 2.5890 seconds
CEM solve time: 0.4747 seconds
CEM solve time: 2.5904 seconds
CEM solve time: 0.4740 seconds
CEM solve time: 2.5919 seconds
CEM solve time: 0.4744 seconds
CEM solve time: 2.5882 seconds
CEM solve time: 0.4744 seconds
CEM solve time: 2.5874 seconds
CEM solve time: 0.4739 seconds
CEM solve time: 2.5860 seconds
CEM solve time: 0.4746 seconds
CEM solve time: 2.5868 seconds
[unified] tau=0.2 retired=29/32 (fired-at-first-replan=0, == the router fire test) retire_replan p10/p50/p90=2/5/10 c*_first p50=1.475 | spec: re-drafts=177 advances=74 rejects=131 call_ratio=0.705

==== FF-JEPA eval summary (Reacher qpos_match) ====
subgoal=unified num_eval=32 goal_offset=150 budget=300 seed=44 cem_seed=44 S=10
  SR = 62.50%  (20/32)
