=== unif-cube seed=51 (unified c*-retire, certified protocol) ===
/lustre/home/ha676/le-wm/.venv/lib/python3.11/site-packages/stable_worldmodel/envs/__init__.py:215: UserWarning: ale-py not found; ALE/* envs are unavailable. Install with: pip install 'stable-worldmodel[env]' or pip install ale-py.
  from stable_worldmodel.envs import ale  # noqa: F401
2026-07-15 17:20:29.508 | INFO     | stable_worldmodel.wm.utils:_resolve_hf:149 - Loading quentinll/lewm-cube from local cache...
2026-07-15 17:20:29.508 | INFO     | stable_worldmodel.wm.utils:_resolve_folder:137 - Loading checkpoint from folder /lustre/home/ha676/.stable_worldmodel/checkpoints/models--quentinll--lewm-cube...
/lustre/home/ha676/le-wm/.venv/lib/python3.11/site-packages/stable_worldmodel/wm/utils.py:80: FutureWarning: You are using `torch.load` with `weights_only=False` (the current default value), which uses the default pickle module implicitly. It is possible to construct malicious pickle data which will execute arbitrary code during unpickling (See https://github.com/pytorch/pytorch/blob/main/SECURITY.md#untrusted-models for more details). In a future release, the default value for `weights_only` will be flipped to `True`. This limits the functions that could be executed during unpickling. Arbitrary objects will no longer be allowed to be loaded via this mode unless they are explicitly allowlisted by the user via `torch.serialization.add_safe_globals`. We recommend you start setting `weights_only=True` for any use case where you don't have full control of the loaded file. Please open an issue on GitHub for any issues related to this experimental feature.
  state_dict = torch.load(checkpoint_path, map_location='cpu')
17:20:34 | INFO  | atomic_chec~| [atomic_save] installed crash-safe checkpoint plugin (write to sibling .tmp + fsync + atomic rename)
17:20:34 | INFO  | utils.py    | Created ViT-tiny from scratch with config: {'hidden_size': 192, 'num_hidden_layers': 12, 'num_attention_heads': 3, 'intermediate_size': 768, 'image_size': 224, 'patch_size': 14}
[model] frozen LeWM (18.03M), device=cuda, training=False, subgoal=unified
[gdm] planner from gdm_cube_s10_gc.pt: N=3 goal_cond=True sampler=ddim norm=standardize
17:20:35 | INFO  | __init__.py | Cached 'action' from '/lustre/home/ha676/data/cube/cube_single_expert.h5'
[holdout] eval restricted to episodes [8000, 10000) (2000/10000)
[eval] start=final num_eval=128 goal_offset=150 budget=300 success_thresh=0.04 m
17:20:35 | INFO  | __init__.py | No OpenGL_accelerate module loaded: No module named 'OpenGL_accelerate'
17:20:35 | INFO  | __init__.py | MUJOCO_GL=egl, attempting to import specified OpenGL backend.
17:20:35 | INFO  | __init__.py | MuJoCo library version is: 3.10.0
/lustre/home/ha676/le-wm/.venv/lib/python3.11/site-packages/gymnasium/envs/registration.py:729: UserWarning: [33mWARN: The environment is being initialised with render_mode='rgb_array' that is not in the possible render_modes ([]).[0m
  logger.warn(
/lustre/home/ha676/le-wm/.venv/lib/python3.11/site-packages/gymnasium/spaces/box.py:231: UserWarning: [33mWARN: Box low's precision lowered by casting to float32, current low.dtype=float64[0m
  gym.logger.warn(
/lustre/home/ha676/le-wm/.venv/lib/python3.11/site-packages/gymnasium/spaces/box.py:297: UserWarning: [33mWARN: Box high's precision lowered by casting to float32, current high.dtype=float64[0m
  gym.logger.warn(
/lustre/home/ha676/le-wm/.venv/lib/python3.11/site-packages/gymnasium/spaces/box.py:415: UserWarning: [33mWARN: Casting input x to numpy array.[0m
  gym.logger.warn("Casting input x to numpy array.")
[unified] c*-retire spec-accept: tau=0.2, retire window=10 steps; drafting only while the goal is out of certified reach
17:23:30 | ERROR | richuru.py  | Exception:
Traceback (most recent call last):

> File "<frozen runpy>", line 198, in _run_module_as_main
  File "<frozen runpy>", line 88, in _run_code

  File "/lustre/home/ha676/le-wm/specaccept/envs/cube/eval.py", line 340, in <module>
    main()
    └ <function main at 0x7f5fb86f4860>

  File "/lustre/home/ha676/le-wm/specaccept/envs/cube/eval.py", line 287, in main
    metrics = world.evaluate(
              │     └ <function World.evaluate at 0x7f5f48edf880>
              └ <stable_worldmodel.world.world.World object at 0x7f5f287774d0>

  File "/lustre/home/ha676/le-wm/.venv/lib/python3.11/site-packages/stable_worldmodel/world/world.py", line 244, in evaluate
    return self._evaluate_from_dataset(
           │    └ <function World._evaluate_from_dataset at 0x7f5f48edfc40>
           └ <stable_worldmodel.world.world.World object at 0x7f5f287774d0>
  File "/lustre/home/ha676/le-wm/.venv/lib/python3.11/site-packages/stable_worldmodel/world/world.py", line 550, in _evaluate_from_dataset
    self._run(max_steps=eval_budget, mode=mode, on_step=on_step)
    │    │              │                 │             └ <function World._evaluate_from_dataset.<locals>.on_step at 0x7f5d71e2d4e0>
    │    │              │                 └ 'wait'
    │    │              └ 300
    │    └ <function World._run at 0x7f5f48edf9c0>
    └ <stable_worldmodel.world.world.World object at 0x7f5f287774d0>
  File "/lustre/home/ha676/le-wm/.venv/lib/python3.11/site-packages/stable_worldmodel/world/world.py", line 365, in _run
    for env_idx, ep_count in self._run_iter(
                             │    └ <function World._run_iter at 0x7f5f48edfa60>
                             └ <stable_worldmodel.world.world.World object at 0x7f5f287774d0>
  File "/lustre/home/ha676/le-wm/.venv/lib/python3.11/site-packages/stable_worldmodel/world/world.py", line 404, in _run_iter
    actions = self._get_actions()
              │    └ <function World._get_actions at 0x7f5f48edfb00>
              └ <stable_worldmodel.world.world.World object at 0x7f5f287774d0>
  File "/lustre/home/ha676/le-wm/.venv/lib/python3.11/site-packages/stable_worldmodel/world/world.py", line 449, in _get_actions
    return self.policy.get_action(self.infos)
           │    │      │          │    └ {'proprio/joint_pos': array([[[-1.89167562, -1.77380626,  1.89785218, -1.69484225,
           │    │      │          │               -1.57079633,  1.36840698]],
           │    │      │          │      
           │    │      │          │          ...
           │    │      │          └ <stable_worldmodel.world.world.World object at 0x7f5f287774d0>
           │    │      └ <function make_ffjepa_policy.<locals>._FFJEPAPolicy.get_action at 0x7f5f1c53e520>
           │    └ <specaccept.sources.make_ffjepa_policy.<locals>._FFJEPAPolicy object at 0x7f5ba66cca10>
           └ <stable_worldmodel.world.world.World object at 0x7f5f287774d0>

  File "/lustre/home/ha676/le-wm/specaccept/sources.py", line 850, in get_action
    z = self.subgoal_source.current(self._sg_step, obs_latent=obs_latent,
        │    │              │       │    │                    └ tensor([[ 0.4131, -0.3459,  1.0685,  ...,  0.4747,  1.0483,  0.2396],
        │    │              │       │    │                              [-0.5333, -0.8930, -0.3218,  ...,  0.7127,  0.9...
        │    │              │       │    └ array([1, 1, 1, 1, 1, 1, 1, 1, 1, 1, 1, 1, 1, 1, 1, 1, 1, 1, 1, 1, 1, 1,
        │    │              │       │             1, 1, 1, 1, 1, 1, 1, 1, 1, 1, 1, 1, 1, 1, 1, ...
        │    │              │       └ <specaccept.sources.make_ffjepa_policy.<locals>._FFJEPAPolicy object at 0x7f5ba66cca10>
        │    │              └ <function CstarRetireSource.current at 0x7f5fb86bfa60>
        │    └ <specaccept.sources.CstarRetireSource object at 0x7f5be47e6f10>
        └ <specaccept.sources.make_ffjepa_policy.<locals>._FFJEPAPolicy object at 0x7f5ba66cca10>

  File "/lustre/home/ha676/le-wm/.venv/lib/python3.11/site-packages/torch/utils/_contextlib.py", line 116, in decorate_context
    return func(*args, **kwargs)
           │     │       └ {'obs_latent': tensor([[ 0.4131, -0.3459,  1.0685,  ...,  0.4747,  1.0483,  0.2396],
           │     │                 [-0.5333, -0.8930, -0.3218,  ......
           │     └ (<specaccept.sources.CstarRetireSource object at 0x7f5be47e6f10>, array([1, 1, 1, 1, 1, 1, 1, 1, 1, 1, 1, 1, 1, 1, 1, 1, 1, 1...
           └ <function CstarRetireSource.current at 0x7f5fb86bf9c0>

  File "/lustre/home/ha676/le-wm/specaccept/sources.py", line 476, in current
    cs = cem_flat_cstar(self.lewm, self.cost_model,
         │              │    │     │    └ SubgoalCostModel(
         │              │    │     │        (lewm): LeWM(
         │              │    │     │          (encoder): ViTModel(
         │              │    │     │            (embeddings): ViTEmbeddings(
         │              │    │     │              (patch_embeddings): ViT...
         │              │    │     └ <specaccept.sources.CstarRetireSource object at 0x7f5be47e6f10>
         │              │    └ LeWM(
         │              │        (encoder): ViTModel(
         │              │          (embeddings): ViTEmbeddings(
         │              │            (patch_embeddings): ViTPatchEmbeddings(
         │              │              (projecti...
         │              └ <specaccept.sources.CstarRetireSource object at 0x7f5be47e6f10>
         └ <function cem_flat_cstar at 0x7f5fb86bf7e0>

  File "/lustre/home/ha676/le-wm/.venv/lib/python3.11/site-packages/torch/utils/_contextlib.py", line 116, in decorate_context
    return func(*args, **kwargs)
           │     │       └ {'adim': 5}
           │     └ (LeWM(
           │         (encoder): ViTModel(
           │           (embeddings): ViTEmbeddings(
           │             (patch_embeddings): ViTPatchEmbeddings(
           │               (project...
           └ <function cem_flat_cstar at 0x7f5fb86be3e0>

  File "/lustre/home/ha676/le-wm/specaccept/sources.py", line 403, in cem_flat_cstar
    plan = solver.solve(info)["actions"].to(dev)       # (n, H, block*adim)
           │      │     │                   └ device(type='cuda', index=0)
           │      │     └ {'pixels': tensor([[[[[0.]]]],
           │      │       
           │      │       
           │      │       
           │      │               [[[[0.]]]],
           │      │       
           │      │       
           │      │       
           │      │               [[[[0.]]]],
           │      │       
           │      │       
           │      │       
           │      │               [[[[0.]]]],
           │      │       
           │      │       
           │      │       
           │      │               [[[[0.]]]],
           │      │       
           │      │       
           │      │       ...
           │      └ <function CEMSolver.solve at 0x7f5f8f194ea0>
           └ <stable_worldmodel.solver.cem.CEMSolver object at 0x7f5cdc06f510>

  File "/lustre/home/ha676/le-wm/.venv/lib/python3.11/site-packages/torch/utils/_contextlib.py", line 116, in decorate_context
    return func(*args, **kwargs)
           │     │       └ {}
           │     └ (<stable_worldmodel.solver.cem.CEMSolver object at 0x7f5cdc06f510>, {'pixels': tensor([[[[[0.]]]],
           │       
           │       
           │       
           │               [[[[0.]]]],
           │       
           │       
           │       
           │       ...
           └ <function CEMSolver.solve at 0x7f5f8f194e00>
  File "/lustre/home/ha676/le-wm/.venv/lib/python3.11/site-packages/stable_worldmodel/solver/cem.py", line 210, in solve
    costs = self.model.get_cost(expanded_infos, candidates)
            │    │     │        │               └ tensor([[[[ 0.0000e+00,  0.0000e+00,  0.0000e+00,  ...,  0.0000e+00,
            │    │     │        │                             0.0000e+00,  0.0000e+00],
            │    │     │        │                           [ 0.0000...
            │    │     │        └ {'pixels': tensor([[[[[[0.]]]],
            │    │     │          
            │    │     │          
            │    │     │          
            │    │     │                   [[[[0.]]]],
            │    │     │          
            │    │     │          
            │    │     │          
            │    │     │                   [[[[0.]]]],
            │    │     │          
            │    │     │          
            │    │     │          
            │    │     │                   ...,
            │    │     │          
            │    │     │          
            │    │     │          
            │    │     │                   [[[[0.]]]],
            │    │     │          
            │    │     │          
            │    │     │          
            │    │     │           ...
            │    │     └ <function SubgoalCostModel.get_cost at 0x7f5fb86bed40>
            │    └ SubgoalCostModel(
            │        (lewm): LeWM(
            │          (encoder): ViTModel(
            │            (embeddings): ViTEmbeddings(
            │              (patch_embeddings): ViT...
            └ <stable_worldmodel.solver.cem.CEMSolver object at 0x7f5cdc06f510>

  File "/lustre/home/ha676/le-wm/specaccept/sources.py", line 87, in get_cost
    info_dict = self.lewm.rollout(info_dict, action_candidates)
                │                 │          └ tensor([[[[ 0.0000e+00,  0.0000e+00,  0.0000e+00,  ...,  0.0000e+00,
                │                 │                        0.0000e+00,  0.0000e+00],
                │                 │                      [ 0.0000...
                │                 └ {'pixels': tensor([[[[[[0.]]]],
                │                   
                │                   
                │                   
                │                            [[[[0.]]]],
                │                   
                │                   
                │                   
                │                            [[[[0.]]]],
                │                   
                │                   
                │                   
                │                            ...,
                │                   
                │                   
                │                   
                │                            [[[[0.]]]],
                │                   
                │                   
                │                   
                │                    ...
                └ SubgoalCostModel(
                    (lewm): LeWM(
                      (encoder): ViTModel(
                        (embeddings): ViTEmbeddings(
                          (patch_embeddings): ViT...

  File "/lustre/home/ha676/le-wm/.venv/lib/python3.11/site-packages/stable_worldmodel/wm/lewm/lewm.py", line 100, in rollout
    emb_list.append(self.predict(emb_trunc, act_trunc)[:, -1])
    │        │      │    │       │          └ tensor([[[-0.4947, -0.3824, -0.0227,  ..., -0.0463,  0.1193,  0.1738]],
    │        │      │    │       │            
    │        │      │    │       │                    [[ 0.2016, -0.1809, -0.3341,  ...,  0.1710, ...
    │        │      │    │       └ tensor([[[ 0.4131, -0.3459,  1.0685,  ...,  0.4747,  1.0483,  0.2396]],
    │        │      │    │         
    │        │      │    │                 [[ 0.4131, -0.3459,  1.0685,  ...,  0.4747, ...
    │        │      │    └ <function LeWM.predict at 0x7f5f8f20e200>
    │        │      └ LeWM(
    │        │          (encoder): ViTModel(
    │        │            (embeddings): ViTEmbeddings(
    │        │              (patch_embeddings): ViTPatchEmbeddings(
    │        │                (projecti...
    │        └ <method 'append' of 'list' objects>
    └ [tensor([[ 0.4131, -0.3459,  1.0685,  ...,  0.4747,  1.0483,  0.2396],
              [ 0.4131, -0.3459,  1.0685,  ...,  0.4747,  1....
  File "/lustre/home/ha676/le-wm/.venv/lib/python3.11/site-packages/stable_worldmodel/wm/lewm/lewm.py", line 49, in predict
    preds = self.predictor(emb, act_emb)
            │              │    └ tensor([[[-0.4947, -0.3824, -0.0227,  ..., -0.0463,  0.1193,  0.1738]],
            │              │      
            │              │              [[ 0.2016, -0.1809, -0.3341,  ...,  0.1710, ...
            │              └ tensor([[[ 0.4131, -0.3459,  1.0685,  ...,  0.4747,  1.0483,  0.2396]],
            │                
            │                        [[ 0.4131, -0.3459,  1.0685,  ...,  0.4747, ...
            └ LeWM(
                (encoder): ViTModel(
                  (embeddings): ViTEmbeddings(
                    (patch_embeddings): ViTPatchEmbeddings(
                      (projecti...
  File "/lustre/home/ha676/le-wm/.venv/lib/python3.11/site-packages/torch/nn/modules/module.py", line 1736, in _wrapped_call_impl
    return self._call_impl(*args, **kwargs)
           │    │           │       └ {}
           │    │           └ (tensor([[[ 0.4131, -0.3459,  1.0685,  ...,  0.4747,  1.0483,  0.2396]],
           │    │             
           │    │                     [[ 0.4131, -0.3459,  1.0685,  ...,  0.4747,...
           │    └ <function Module._call_impl at 0x7f5fba1cb240>
           └ Predictor(
               (dropout): Dropout(p=0.0, inplace=False)
               (transformer): Transformer(
                 (norm): LayerNorm((192,), eps=1e-05, ...
  File "/lustre/home/ha676/le-wm/.venv/lib/python3.11/site-packages/torch/nn/modules/module.py", line 1747, in _call_impl
    return forward_call(*args, **kwargs)
           │             │       └ {}
           │             └ (tensor([[[ 0.4131, -0.3459,  1.0685,  ...,  0.4747,  1.0483,  0.2396]],
           │               
           │                       [[ 0.4131, -0.3459,  1.0685,  ...,  0.4747,...
           └ <bound method Predictor.forward of Predictor(
               (dropout): Dropout(p=0.0, inplace=False)
               (transformer): Transformer(
                 (n...
  File "/lustre/home/ha676/le-wm/.venv/lib/python3.11/site-packages/stable_worldmodel/wm/lewm/module.py", line 293, in forward
    x = self.transformer(x, c)
        │                │  └ tensor([[[-0.4947, -0.3824, -0.0227,  ..., -0.0463,  0.1193,  0.1738]],
        │                │    
        │                │            [[ 0.2016, -0.1809, -0.3341,  ...,  0.1710, ...
        │                └ tensor([[[ 0.5185,  0.0939,  0.0821,  ...,  0.3041,  1.2074,  0.4292]],
        │                  
        │                          [[ 0.5185,  0.0939,  0.0821,  ...,  0.3041, ...
        └ Predictor(
            (dropout): Dropout(p=0.0, inplace=False)
            (transformer): Transformer(
              (norm): LayerNorm((192,), eps=1e-05, ...
  File "/lustre/home/ha676/le-wm/.venv/lib/python3.11/site-packages/torch/nn/modules/module.py", line 1736, in _wrapped_call_impl
    return self._call_impl(*args, **kwargs)
           │    │           │       └ {}
           │    │           └ (tensor([[[ 0.5185,  0.0939,  0.0821,  ...,  0.3041,  1.2074,  0.4292]],
           │    │             
           │    │                     [[ 0.5185,  0.0939,  0.0821,  ...,  0.3041,...
           │    └ <function Module._call_impl at 0x7f5fba1cb240>
           └ Transformer(
               (norm): LayerNorm((192,), eps=1e-05, elementwise_affine=True)
               (layers): ModuleList(
                 (0-5): 6 x Condition...
  File "/lustre/home/ha676/le-wm/.venv/lib/python3.11/site-packages/torch/nn/modules/module.py", line 1747, in _call_impl
    return forward_call(*args, **kwargs)
           │             │       └ {}
           │             └ (tensor([[[ 0.5185,  0.0939,  0.0821,  ...,  0.3041,  1.2074,  0.4292]],
           │               
           │                       [[ 0.5185,  0.0939,  0.0821,  ...,  0.3041,...
           └ <bound method Transformer.forward of Transformer(
               (norm): LayerNorm((192,), eps=1e-05, elementwise_affine=True)
               (layers):...
  File "/lustre/home/ha676/le-wm/.venv/lib/python3.11/site-packages/stable_worldmodel/wm/lewm/module.py", line 172, in forward
    x = block(x) if isinstance(block, Block) else block(x, c)
        │     │                │      │           │     │  └ tensor([[[-0.4947, -0.3824, -0.0227,  ..., -0.0463,  0.1193,  0.1738]],
        │     │                │      │           │     │    
        │     │                │      │           │     │            [[ 0.2016, -0.1809, -0.3341,  ...,  0.1710, ...
        │     │                │      │           │     └ tensor([[[ 0.5185,  0.0939,  0.0821,  ...,  0.3041,  1.2074,  0.4292]],
        │     │                │      │           │       
        │     │                │      │           │               [[ 0.5185,  0.0939,  0.0821,  ...,  0.3041, ...
        │     │                │      │           └ ConditionalBlock(
        │     │                │      │               (attn): Attention(
        │     │                │      │                 (norm): LayerNorm((192,), eps=1e-05, elementwise_affine=True)
        │     │                │      │                 (attend): Softma...
        │     │                │      └ <class 'stable_worldmodel.wm.lewm.module.Block'>
        │     │                └ ConditionalBlock(
        │     │                    (attn): Attention(
        │     │                      (norm): LayerNorm((192,), eps=1e-05, elementwise_affine=True)
        │     │                      (attend): Softma...
        │     └ tensor([[[ 0.5185,  0.0939,  0.0821,  ...,  0.3041,  1.2074,  0.4292]],
        │       
        │               [[ 0.5185,  0.0939,  0.0821,  ...,  0.3041, ...
        └ ConditionalBlock(
            (attn): Attention(
              (norm): LayerNorm((192,), eps=1e-05, elementwise_affine=True)
              (attend): Softma...
  File "/lustre/home/ha676/le-wm/.venv/lib/python3.11/site-packages/torch/nn/modules/module.py", line 1736, in _wrapped_call_impl
    return self._call_impl(*args, **kwargs)
           │    │           │       └ {}
           │    │           └ (tensor([[[ 0.5185,  0.0939,  0.0821,  ...,  0.3041,  1.2074,  0.4292]],
           │    │             
           │    │                     [[ 0.5185,  0.0939,  0.0821,  ...,  0.3041,...
           │    └ <function Module._call_impl at 0x7f5fba1cb240>
           └ ConditionalBlock(
               (attn): Attention(
                 (norm): LayerNorm((192,), eps=1e-05, elementwise_affine=True)
                 (attend): Softma...
  File "/lustre/home/ha676/le-wm/.venv/lib/python3.11/site-packages/torch/nn/modules/module.py", line 1747, in _call_impl
    return forward_call(*args, **kwargs)
           │             │       └ {}
           │             └ (tensor([[[ 0.5185,  0.0939,  0.0821,  ...,  0.3041,  1.2074,  0.4292]],
           │               
           │                       [[ 0.5185,  0.0939,  0.0821,  ...,  0.3041,...
           └ <bound method ConditionalBlock.forward of ConditionalBlock(
               (attn): Attention(
                 (norm): LayerNorm((192,), eps=1e-05, ele...
  File "/lustre/home/ha676/le-wm/.venv/lib/python3.11/site-packages/stable_worldmodel/wm/lewm/module.py", line 95, in forward
    x = x + gate_msa * self.attn(
        │   │          └ ConditionalBlock(
        │   │              (attn): Attention(
        │   │                (norm): LayerNorm((192,), eps=1e-05, elementwise_affine=True)
        │   │                (attend): Softma...
        │   └ tensor([[[-0.0032, -0.0010, -0.3531,  ...,  0.2115, -0.0197,  0.0056]],
        │     
        │             [[-0.0020, -0.0142, -0.3662,  ...,  0.2386, ...
        └ tensor([[[ 0.5185,  0.0939,  0.0821,  ...,  0.3041,  1.2074,  0.4292]],
          
                  [[ 0.5185,  0.0939,  0.0821,  ...,  0.3041, ...
  File "/lustre/home/ha676/le-wm/.venv/lib/python3.11/site-packages/torch/nn/modules/module.py", line 1736, in _wrapped_call_impl
    return self._call_impl(*args, **kwargs)
           │    │           │       └ {}
           │    │           └ (tensor([[[ 0.2025, -0.2584, -0.1519,  ..., -0.1920,  1.0269,  0.2081]],
           │    │             
           │    │                     [[ 0.2434, -0.2472, -0.1881,  ..., -0.2250,...
           │    └ <function Module._call_impl at 0x7f5fba1cb240>
           └ Attention(
               (norm): LayerNorm((192,), eps=1e-05, elementwise_affine=True)
               (attend): Softmax(dim=-1)
               (to_qkv): Linear(in_...
  File "/lustre/home/ha676/le-wm/.venv/lib/python3.11/site-packages/torch/nn/modules/module.py", line 1747, in _call_impl
    return forward_call(*args, **kwargs)
           │             │       └ {}
           │             └ (tensor([[[ 0.2025, -0.2584, -0.1519,  ..., -0.1920,  1.0269,  0.2081]],
           │               
           │                       [[ 0.2434, -0.2472, -0.1881,  ..., -0.2250,...
           └ <bound method Attention.forward of Attention(
               (norm): LayerNorm((192,), eps=1e-05, elementwise_affine=True)
               (attend): Sof...
  File "/lustre/home/ha676/le-wm/.venv/lib/python3.11/site-packages/stable_worldmodel/wm/lewm/module.py", line 65, in forward
    out = F.scaled_dot_product_attention(
          │ └ <built-in function scaled_dot_product_attention>
          └ <module 'torch.nn.functional' from '/lustre/home/ha676/le-wm/.venv/lib/python3.11/site-packages/torch/nn/functional.py'>

RuntimeError: CUDA error: invalid configuration argument
CUDA kernel errors might be asynchronously reported at some other API call, so the stacktrace below might be incorrect.
For debugging consider passing CUDA_LAUNCH_BLOCKING=1
Compile with `TORCH_USE_CUDA_DSA` to enable device-side assertions.

