=== unif-pusht t=25 seed=42 n=31 (unified c*-retire, budget=50) ===
/lustre/home/ha676/le-wm/.venv/lib/python3.11/site-packages/stable_worldmodel/envs/__init__.py:215: UserWarning: ale-py not found; ALE/* envs are unavailable. Install with: pip install 'stable-worldmodel[env]' or pip install ale-py.
  from stable_worldmodel.envs import ale  # noqa: F401
2026-07-15 17:18:29.521 | INFO     | stable_worldmodel.wm.utils:_resolve_hf:149 - Loading quentinll/lewm-pusht from local cache...
2026-07-15 17:18:29.522 | INFO     | stable_worldmodel.wm.utils:_resolve_folder:137 - Loading checkpoint from folder /lustre/home/ha676/.stable_worldmodel/checkpoints/models--quentinll--lewm-pusht...
/lustre/home/ha676/le-wm/.venv/lib/python3.11/site-packages/stable_worldmodel/wm/utils.py:80: FutureWarning: You are using `torch.load` with `weights_only=False` (the current default value), which uses the default pickle module implicitly. It is possible to construct malicious pickle data which will execute arbitrary code during unpickling (See https://github.com/pytorch/pytorch/blob/main/SECURITY.md#untrusted-models for more details). In a future release, the default value for `weights_only` will be flipped to `True`. This limits the functions that could be executed during unpickling. Arbitrary objects will no longer be allowed to be loaded via this mode unless they are explicitly allowlisted by the user via `torch.serialization.add_safe_globals`. We recommend you start setting `weights_only=True` for any use case where you don't have full control of the loaded file. Please open an issue on GitHub for any issues related to this experimental feature.
  state_dict = torch.load(checkpoint_path, map_location='cpu')
17:18:34 | INFO  | atomic_chec~| [atomic_save] installed crash-safe checkpoint plugin (write to sibling .tmp + fsync + atomic rename)
17:18:34 | INFO  | utils.py    | Created ViT-tiny from scratch with config: {'hidden_size': 192, 'num_hidden_layers': 12, 'num_attention_heads': 3, 'intermediate_size': 768, 'image_size': 224, 'patch_size': 14}
[model] frozen LeWM (18.03M), device=cuda, training=False, subgoal=unified
[gdm] planner from gdm_stride10.pt: head=53.34M, N=3 WG=1 gamma=1.0 T=1000 sampler=ddim/3-steps param=eps schedule=linear norm=standardize
17:18:39 | INFO  | __init__.py | Cached 'action' from '/lustre/home/ha676/data/pusht/pusht_expert_train.h5'
17:18:41 | INFO  | __init__.py | Cached 'proprio' from '/lustre/home/ha676/data/pusht/pusht_expert_train.h5'
17:19:06 | INFO  | __init__.py | Cached 'state' from '/lustre/home/ha676/data/pusht/pusht_expert_train.h5'
/lustre/home/ha676/le-wm/.venv/lib/python3.11/site-packages/gymnasium/spaces/box.py:415: UserWarning: [33mWARN: Casting input x to numpy array.[0m
  gym.logger.warn("Casting input x to numpy array.")
/lustre/home/ha676/le-wm/.venv/lib/python3.11/site-packages/gymnasium/spaces/box.py:415: UserWarning: [33mWARN: Casting input x to numpy array.[0m
  gym.logger.warn("Casting input x to numpy array.")
[episodes-file] pusht_gatev4_route_t25_spec.json: 31 precomputed pairs (goal_offset=25, seed=42, eval_filter=None) -- sample_long/short bypassed
[eval] mode=long start=final num_eval=31 goal_offset=25 budget=50 eval_filter=none
[eval] episodes_idx[:5]=[4651, 4657, 4675, 4690, 4725] start_steps[:5]=[134, 134, 134, 134, 134]
[PIN] success = pos_diff<20 [block xy only (paper)] AND angle<20deg
[unified] c*-retire spec-accept: tau=0.2, retire window=10 steps; drafting only while the goal is out of certified reach
CEM solve time: 4.2419 seconds
CEM solve time: 6.6482 seconds
CEM solve time: 0.6144 seconds
CEM solve time: 0.8570 seconds
CEM solve time: 0.4713 seconds
CEM solve time: 0.6444 seconds
CEM solve time: 0.2111 seconds
CEM solve time: 0.2152 seconds
CEM solve time: 0.2115 seconds
CEM solve time: 0.2153 seconds
[RESULT] score=block angle=20deg  SR=96.77%  (30/31)
[unified] tau=0.2 retired=2/31 (fired-at-first-replan=0, == the router fire test) retire_replan p10/p50/p90=2/2/2 c*_first p50=0.757 | spec: re-drafts=37 advances=1 rejects=6 call_ratio=0.974
[PIN] success = pos_diff<20 [block xy only (paper)] AND angle<5deg
[unified] c*-retire spec-accept: tau=0.2, retire window=10 steps; drafting only while the goal is out of certified reach
CEM solve time: 4.1626 seconds
CEM solve time: 6.6475 seconds
CEM solve time: 1.2590 seconds
CEM solve time: 1.9353 seconds
CEM solve time: 0.9869 seconds
CEM solve time: 1.5028 seconds
CEM solve time: 0.6144 seconds
CEM solve time: 0.8591 seconds
CEM solve time: 0.3462 seconds
CEM solve time: 0.4298 seconds
[RESULT] score=block angle=5deg  SR=93.55%  (29/31)
[unified] tau=0.2 retired=3/31 (fired-at-first-replan=0, == the router fire test) retire_replan p10/p50/p90=1/2/2 c*_first p50=0.757 | spec: re-drafts=44 advances=6 rejects=13 call_ratio=0.880

==== FF-JEPA eval summary ====
mode=long subgoal=unified num_eval=31 seed=42 cem_seed=42 eval_filter=none
  score=block   20deg :  96.77%  (30/31)
  score=block    5deg :  93.55%  (29/31)
