=== unif-reacher t=100 seed=43 n=30 (unified c*-retire, budget=200) ===
/lustre/home/ha676/le-wm/.venv/lib/python3.11/site-packages/stable_worldmodel/envs/__init__.py:215: UserWarning: ale-py not found; ALE/* envs are unavailable. Install with: pip install 'stable-worldmodel[env]' or pip install ale-py.
  from stable_worldmodel.envs import ale  # noqa: F401
[model] frozen LeWM (18.03M), device=cuda, training=False, subgoal=unified
[gdm] planner from gdm_reacher_s10.pt: head=53.44M, N=3 WG=1 goal_cond=True T=1000 sampler=ddim/8-steps param=eps schedule=linear norm=standardize
17:27:48 | INFO  | atomic_chec~| [atomic_save] installed crash-safe checkpoint plugin (write to sibling .tmp + fsync + atomic rename)
[episodes-file] reacher_gatev4c_route_t100_spec.json: 30 precomputed pairs (built for max_offset=100, seed=999, episode_min=8000) -- sampling bypassed; running at goal_offset=100
[eval] start=random num_eval=30 goal_offset=100 budget=200 qpos_threshold=0.05 rad/joint
[eval] episodes_idx[:5]=[8000, 8082, 8176, 8208, 8231] start_steps[:5]=[19, 54, 31, 46, 65]
17:27:48 | INFO  | __init__.py | MUJOCO_GL=egl, attempting to import specified OpenGL backend.
17:27:48 | INFO  | __init__.py | No OpenGL_accelerate module loaded: No module named 'OpenGL_accelerate'
17:27:48 | INFO  | __init__.py | MuJoCo library version is: 3.10.0
/lustre/home/ha676/le-wm/.venv/lib/python3.11/site-packages/gymnasium/envs/registration.py:729: UserWarning: [33mWARN: The environment is being initialised with render_mode='rgb_array' that is not in the possible render_modes ([]).[0m
  logger.warn(
[unified] c*-retire spec-accept: tau=0.2, retire window=10 steps; drafting only while the goal is out of certified reach
CEM solve time: 3.9984 seconds
CEM solve time: 6.5124 seconds
CEM solve time: 3.9462 seconds
CEM solve time: 6.4625 seconds
CEM solve time: 3.4656 seconds
CEM solve time: 6.2434 seconds
CEM solve time: 2.8088 seconds
CEM solve time: 5.3858 seconds
CEM solve time: 2.0147 seconds
CEM solve time: 5.1690 seconds
CEM solve time: 1.8949 seconds
CEM solve time: 3.8767 seconds
CEM solve time: 1.2593 seconds
CEM solve time: 3.2284 seconds
CEM solve time: 0.8666 seconds
CEM solve time: 3.0165 seconds
CEM solve time: 0.7332 seconds
CEM solve time: 2.3698 seconds
CEM solve time: 0.6126 seconds
CEM solve time: 2.1540 seconds
CEM solve time: 0.4706 seconds
CEM solve time: 1.9384 seconds
CEM solve time: 0.4699 seconds
CEM solve time: 1.9382 seconds
CEM solve time: 0.4703 seconds
CEM solve time: 1.9377 seconds
CEM solve time: 0.4696 seconds
CEM solve time: 1.9380 seconds
CEM solve time: 0.4697 seconds
CEM solve time: 1.9380 seconds
CEM solve time: 0.4697 seconds
CEM solve time: 1.9384 seconds
CEM solve time: 0.4697 seconds
CEM solve time: 1.9377 seconds
CEM solve time: 0.3456 seconds
CEM solve time: 1.9383 seconds
CEM solve time: 0.3447 seconds
CEM solve time: 1.9377 seconds
CEM solve time: 0.3447 seconds
CEM solve time: 1.9379 seconds
[unified] tau=0.2 retired=28/30 (fired-at-first-replan=0, == the router fire test) retire_replan p10/p50/p90=1/3/7 c*_first p50=1.435 | spec: re-drafts=105 advances=54 rejects=67 call_ratio=0.660

==== FF-JEPA eval summary (Reacher qpos_match) ====
subgoal=unified num_eval=30 goal_offset=100 budget=200 seed=43 cem_seed=43 S=10
  SR = 70.00%  (21/30)
