=== unif-reacher t=100 seed=45 n=30 (unified c*-retire, budget=200) ===
/lustre/home/ha676/le-wm/.venv/lib/python3.11/site-packages/stable_worldmodel/envs/__init__.py:215: UserWarning: ale-py not found; ALE/* envs are unavailable. Install with: pip install 'stable-worldmodel[env]' or pip install ale-py.
  from stable_worldmodel.envs import ale  # noqa: F401
[model] frozen LeWM (18.03M), device=cuda, training=False, subgoal=unified
[gdm] planner from gdm_reacher_s10.pt: head=53.44M, N=3 WG=1 goal_cond=True T=1000 sampler=ddim/8-steps param=eps schedule=linear norm=standardize
17:27:48 | INFO  | atomic_chec~| [atomic_save] installed crash-safe checkpoint plugin (write to sibling .tmp + fsync + atomic rename)
[episodes-file] reacher_gatev4c_route_t100_spec.json: 30 precomputed pairs (built for max_offset=100, seed=999, episode_min=8000) -- sampling bypassed; running at goal_offset=100
[eval] start=random num_eval=30 goal_offset=100 budget=200 qpos_threshold=0.05 rad/joint
[eval] episodes_idx[:5]=[8000, 8082, 8176, 8208, 8231] start_steps[:5]=[19, 54, 31, 46, 65]
17:27:48 | INFO  | __init__.py | MUJOCO_GL=egl, attempting to import specified OpenGL backend.
17:27:48 | INFO  | __init__.py | No OpenGL_accelerate module loaded: No module named 'OpenGL_accelerate'
17:27:48 | INFO  | __init__.py | MuJoCo library version is: 3.10.0
/lustre/home/ha676/le-wm/.venv/lib/python3.11/site-packages/gymnasium/envs/registration.py:729: UserWarning: [33mWARN: The environment is being initialised with render_mode='rgb_array' that is not in the possible render_modes ([]).[0m
  logger.warn(
[unified] c*-retire spec-accept: tau=0.2, retire window=10 steps; drafting only while the goal is out of certified reach
CEM solve time: 3.9868 seconds
CEM solve time: 6.4828 seconds
CEM solve time: 3.9529 seconds
CEM solve time: 6.4508 seconds
CEM solve time: 3.7199 seconds
CEM solve time: 6.2285 seconds
CEM solve time: 3.2330 seconds
CEM solve time: 5.8005 seconds
CEM solve time: 2.5580 seconds
CEM solve time: 5.5891 seconds
CEM solve time: 1.9139 seconds
CEM solve time: 4.9371 seconds
CEM solve time: 1.5172 seconds
CEM solve time: 4.0819 seconds
CEM solve time: 1.3940 seconds
CEM solve time: 3.4370 seconds
CEM solve time: 0.9908 seconds
CEM solve time: 2.7922 seconds
CEM solve time: 0.8725 seconds
CEM solve time: 2.5781 seconds
CEM solve time: 0.8717 seconds
CEM solve time: 2.5772 seconds
CEM solve time: 0.7342 seconds
CEM solve time: 2.5771 seconds
CEM solve time: 0.7336 seconds
CEM solve time: 2.1481 seconds
CEM solve time: 0.4701 seconds
CEM solve time: 2.1472 seconds
CEM solve time: 0.4691 seconds
CEM solve time: 1.9330 seconds
CEM solve time: 0.3452 seconds
CEM solve time: 1.5040 seconds
CEM solve time: 0.3443 seconds
CEM solve time: 1.5034 seconds
CEM solve time: 0.3445 seconds
CEM solve time: 1.2894 seconds
CEM solve time: 0.3443 seconds
CEM solve time: 1.2892 seconds
CEM solve time: 0.3445 seconds
CEM solve time: 1.2889 seconds
[unified] tau=0.2 retired=28/30 (fired-at-first-replan=0, == the router fire test) retire_replan p10/p50/p90=2/4/11 c*_first p50=1.430 | spec: re-drafts=133 advances=50 rejects=94 call_ratio=0.727

==== FF-JEPA eval summary (Reacher qpos_match) ====
subgoal=unified num_eval=30 goal_offset=100 budget=200 seed=45 cem_seed=45 S=10
  SR = 80.00%  (24/30)
