=== unif-reacher t=100 seed=42 n=30 (unified c*-retire, budget=200) ===
/lustre/home/ha676/le-wm/.venv/lib/python3.11/site-packages/stable_worldmodel/envs/__init__.py:215: UserWarning: ale-py not found; ALE/* envs are unavailable. Install with: pip install 'stable-worldmodel[env]' or pip install ale-py.
  from stable_worldmodel.envs import ale  # noqa: F401
[model] frozen LeWM (18.03M), device=cuda, training=False, subgoal=unified
[gdm] planner from gdm_reacher_s10.pt: head=53.44M, N=3 WG=1 goal_cond=True T=1000 sampler=ddim/8-steps param=eps schedule=linear norm=standardize
17:27:49 | INFO  | atomic_chec~| [atomic_save] installed crash-safe checkpoint plugin (write to sibling .tmp + fsync + atomic rename)
[episodes-file] reacher_gatev4c_route_t100_spec.json: 30 precomputed pairs (built for max_offset=100, seed=999, episode_min=8000) -- sampling bypassed; running at goal_offset=100
[eval] start=random num_eval=30 goal_offset=100 budget=200 qpos_threshold=0.05 rad/joint
[eval] episodes_idx[:5]=[8000, 8082, 8176, 8208, 8231] start_steps[:5]=[19, 54, 31, 46, 65]
17:27:49 | INFO  | __init__.py | MUJOCO_GL=egl, attempting to import specified OpenGL backend.
17:27:49 | INFO  | __init__.py | No OpenGL_accelerate module loaded: No module named 'OpenGL_accelerate'
17:27:49 | INFO  | __init__.py | MuJoCo library version is: 3.10.0
/lustre/home/ha676/le-wm/.venv/lib/python3.11/site-packages/gymnasium/envs/registration.py:729: UserWarning: [33mWARN: The environment is being initialised with render_mode='rgb_array' that is not in the possible render_modes ([]).[0m
  logger.warn(
[unified] c*-retire spec-accept: tau=0.2, retire window=10 steps; drafting only while the goal is out of certified reach
CEM solve time: 3.9969 seconds
CEM solve time: 6.4488 seconds
CEM solve time: 3.9472 seconds
CEM solve time: 6.4325 seconds
CEM solve time: 3.3437 seconds
CEM solve time: 6.2183 seconds
CEM solve time: 2.9462 seconds
CEM solve time: 6.2159 seconds
CEM solve time: 2.1863 seconds
CEM solve time: 5.5683 seconds
CEM solve time: 1.6614 seconds
CEM solve time: 3.8559 seconds
CEM solve time: 1.1378 seconds
CEM solve time: 3.4279 seconds
CEM solve time: 0.7328 seconds
CEM solve time: 2.7841 seconds
CEM solve time: 0.4704 seconds
CEM solve time: 2.5702 seconds
CEM solve time: 0.4695 seconds
CEM solve time: 2.3571 seconds
CEM solve time: 0.4694 seconds
CEM solve time: 2.1436 seconds
CEM solve time: 0.4694 seconds
CEM solve time: 1.9304 seconds
CEM solve time: 0.3448 seconds
CEM solve time: 1.7153 seconds
CEM solve time: 0.3439 seconds
CEM solve time: 1.7144 seconds
CEM solve time: 0.2109 seconds
CEM solve time: 1.7151 seconds
CEM solve time: 0.2111 seconds
CEM solve time: 1.7162 seconds
CEM solve time: 0.2109 seconds
CEM solve time: 1.7140 seconds
CEM solve time: 0.2111 seconds
CEM solve time: 1.7163 seconds
CEM solve time: 0.2113 seconds
CEM solve time: 1.7155 seconds
CEM solve time: 0.2111 seconds
CEM solve time: 1.7157 seconds
[unified] tau=0.2 retired=29/30 (fired-at-first-replan=0, == the router fire test) retire_replan p10/p50/p90=1/4/7 c*_first p50=1.459 | spec: re-drafts=108 advances=33 rejects=71 call_ratio=0.766

==== FF-JEPA eval summary (Reacher qpos_match) ====
subgoal=unified num_eval=30 goal_offset=100 budget=200 seed=42 cem_seed=42 S=10
  SR = 73.33%  (22/30)
