=== unif-reacher t=150 seed=43 n=32 (unified c*-retire, budget=300) ===
/lustre/home/ha676/le-wm/.venv/lib/python3.11/site-packages/stable_worldmodel/envs/__init__.py:215: UserWarning: ale-py not found; ALE/* envs are unavailable. Install with: pip install 'stable-worldmodel[env]' or pip install ale-py.
  from stable_worldmodel.envs import ale  # noqa: F401
[model] frozen LeWM (18.03M), device=cuda, training=False, subgoal=unified
[gdm] planner from gdm_reacher_s10.pt: head=53.44M, N=3 WG=1 goal_cond=True T=1000 sampler=ddim/8-steps param=eps schedule=linear norm=standardize
17:30:04 | INFO  | atomic_chec~| [atomic_save] installed crash-safe checkpoint plugin (write to sibling .tmp + fsync + atomic rename)
[episodes-file] reacher_gatev4c_route_t150_spec.json: 32 precomputed pairs (built for max_offset=150, seed=999, episode_min=8000) -- sampling bypassed; running at goal_offset=150
[eval] start=random num_eval=32 goal_offset=150 budget=300 qpos_threshold=0.05 rad/joint
[eval] episodes_idx[:5]=[8082, 8176, 8222, 8231, 8236] start_steps[:5]=[25, 14, 47, 27, 38]
17:30:04 | INFO  | __init__.py | MUJOCO_GL=egl, attempting to import specified OpenGL backend.
17:30:04 | INFO  | __init__.py | No OpenGL_accelerate module loaded: No module named 'OpenGL_accelerate'
17:30:04 | INFO  | __init__.py | MuJoCo library version is: 3.10.0
/lustre/home/ha676/le-wm/.venv/lib/python3.11/site-packages/gymnasium/envs/registration.py:729: UserWarning: [33mWARN: The environment is being initialised with render_mode='rgb_array' that is not in the possible render_modes ([]).[0m
  logger.warn(
[unified] c*-retire spec-accept: tau=0.2, retire window=10 steps; drafting only while the goal is out of certified reach
CEM solve time: 4.3255 seconds
CEM solve time: 6.9087 seconds
CEM solve time: 4.2871 seconds
CEM solve time: 6.9033 seconds
CEM solve time: 3.4937 seconds
CEM solve time: 6.4662 seconds
CEM solve time: 3.2456 seconds
CEM solve time: 6.2500 seconds
CEM solve time: 2.7144 seconds
CEM solve time: 5.6039 seconds
CEM solve time: 2.4517 seconds
CEM solve time: 5.1755 seconds
CEM solve time: 1.8010 seconds
CEM solve time: 4.7442 seconds
CEM solve time: 1.6762 seconds
CEM solve time: 4.0983 seconds
CEM solve time: 1.5249 seconds
CEM solve time: 3.8835 seconds
CEM solve time: 1.5252 seconds
CEM solve time: 3.6676 seconds
CEM solve time: 1.2737 seconds
CEM solve time: 3.4522 seconds
CEM solve time: 0.8746 seconds
CEM solve time: 3.2364 seconds
CEM solve time: 0.8736 seconds
CEM solve time: 3.0228 seconds
CEM solve time: 0.7342 seconds
CEM solve time: 2.8060 seconds
CEM solve time: 0.7333 seconds
CEM solve time: 2.8054 seconds
CEM solve time: 0.6136 seconds
CEM solve time: 2.5930 seconds
CEM solve time: 0.6127 seconds
CEM solve time: 2.5926 seconds
CEM solve time: 0.6127 seconds
CEM solve time: 2.5932 seconds
CEM solve time: 0.6127 seconds
CEM solve time: 2.5932 seconds
CEM solve time: 0.6129 seconds
CEM solve time: 2.5905 seconds
CEM solve time: 0.4718 seconds
CEM solve time: 2.5902 seconds
CEM solve time: 0.3466 seconds
CEM solve time: 2.5918 seconds
CEM solve time: 0.3454 seconds
CEM solve time: 2.5908 seconds
CEM solve time: 0.3455 seconds
CEM solve time: 2.5907 seconds
CEM solve time: 0.3453 seconds
CEM solve time: 2.5924 seconds
CEM solve time: 0.3452 seconds
CEM solve time: 2.5918 seconds
CEM solve time: 0.3457 seconds
CEM solve time: 2.5898 seconds
CEM solve time: 0.3457 seconds
CEM solve time: 2.5904 seconds
CEM solve time: 0.3455 seconds
CEM solve time: 2.5974 seconds
CEM solve time: 0.3454 seconds
CEM solve time: 2.5891 seconds
[unified] tau=0.2 retired=30/32 (fired-at-first-replan=0, == the router fire test) retire_replan p10/p50/p90=1/5/12 c*_first p50=1.550 | spec: re-drafts=172 advances=69 rejects=130 call_ratio=0.714

==== FF-JEPA eval summary (Reacher qpos_match) ====
subgoal=unified num_eval=32 goal_offset=150 budget=300 seed=43 cem_seed=43 S=10
  SR = 62.50%  (20/32)
