=== unif-reacher t=150 seed=45 n=32 (unified c*-retire, budget=300) ===
/lustre/home/ha676/le-wm/.venv/lib/python3.11/site-packages/stable_worldmodel/envs/__init__.py:215: UserWarning: ale-py not found; ALE/* envs are unavailable. Install with: pip install 'stable-worldmodel[env]' or pip install ale-py.
  from stable_worldmodel.envs import ale  # noqa: F401
[model] frozen LeWM (18.03M), device=cuda, training=False, subgoal=unified
[gdm] planner from gdm_reacher_s10.pt: head=53.44M, N=3 WG=1 goal_cond=True T=1000 sampler=ddim/8-steps param=eps schedule=linear norm=standardize
17:30:05 | INFO  | atomic_chec~| [atomic_save] installed crash-safe checkpoint plugin (write to sibling .tmp + fsync + atomic rename)
[episodes-file] reacher_gatev4c_route_t150_spec.json: 32 precomputed pairs (built for max_offset=150, seed=999, episode_min=8000) -- sampling bypassed; running at goal_offset=150
[eval] start=random num_eval=32 goal_offset=150 budget=300 qpos_threshold=0.05 rad/joint
[eval] episodes_idx[:5]=[8082, 8176, 8222, 8231, 8236] start_steps[:5]=[25, 14, 47, 27, 38]
17:30:06 | INFO  | __init__.py | MUJOCO_GL=egl, attempting to import specified OpenGL backend.
17:30:06 | INFO  | __init__.py | No OpenGL_accelerate module loaded: No module named 'OpenGL_accelerate'
17:30:06 | INFO  | __init__.py | MuJoCo library version is: 3.10.0
/lustre/home/ha676/le-wm/.venv/lib/python3.11/site-packages/gymnasium/envs/registration.py:729: UserWarning: [33mWARN: The environment is being initialised with render_mode='rgb_array' that is not in the possible render_modes ([]).[0m
  logger.warn(
[unified] c*-retire spec-accept: tau=0.2, retire window=10 steps; drafting only while the goal is out of certified reach
CEM solve time: 4.3838 seconds
CEM solve time: 6.8852 seconds
CEM solve time: 4.3393 seconds
CEM solve time: 6.8845 seconds
CEM solve time: 3.9094 seconds
CEM solve time: 6.6642 seconds
CEM solve time: 3.2917 seconds
CEM solve time: 6.2344 seconds
CEM solve time: 2.6016 seconds
CEM solve time: 5.5918 seconds
CEM solve time: 2.0675 seconds
CEM solve time: 4.5154 seconds
CEM solve time: 1.9445 seconds
CEM solve time: 3.6550 seconds
CEM solve time: 1.5415 seconds
CEM solve time: 3.2235 seconds
CEM solve time: 1.0017 seconds
CEM solve time: 2.7957 seconds
CEM solve time: 0.8809 seconds
CEM solve time: 2.3659 seconds
CEM solve time: 0.8803 seconds
CEM solve time: 2.3658 seconds
CEM solve time: 0.8803 seconds
CEM solve time: 2.3666 seconds
CEM solve time: 0.8797 seconds
CEM solve time: 2.3666 seconds
CEM solve time: 0.7440 seconds
CEM solve time: 2.1509 seconds
CEM solve time: 0.7434 seconds
CEM solve time: 2.1505 seconds
CEM solve time: 0.7436 seconds
CEM solve time: 2.1512 seconds
CEM solve time: 0.7441 seconds
CEM solve time: 2.1510 seconds
CEM solve time: 0.7442 seconds
CEM solve time: 2.1507 seconds
CEM solve time: 0.7443 seconds
CEM solve time: 2.1504 seconds
CEM solve time: 0.6207 seconds
CEM solve time: 2.1481 seconds
CEM solve time: 0.6217 seconds
CEM solve time: 2.1475 seconds
CEM solve time: 0.4777 seconds
CEM solve time: 1.9335 seconds
CEM solve time: 0.4768 seconds
CEM solve time: 1.9338 seconds
CEM solve time: 0.3455 seconds
CEM solve time: 1.9334 seconds
CEM solve time: 0.3440 seconds
CEM solve time: 1.9328 seconds
CEM solve time: 0.3456 seconds
CEM solve time: 1.7181 seconds
CEM solve time: 0.3455 seconds
CEM solve time: 1.7178 seconds
CEM solve time: 0.2113 seconds
CEM solve time: 1.7176 seconds
CEM solve time: 0.2112 seconds
CEM solve time: 1.7182 seconds
CEM solve time: 0.2113 seconds
CEM solve time: 1.7186 seconds
[unified] tau=0.2 retired=31/32 (fired-at-first-replan=0, == the router fire test) retire_replan p10/p50/p90=2/4/18 c*_first p50=1.531 | spec: re-drafts=169 advances=62 rejects=132 call_ratio=0.732

==== FF-JEPA eval summary (Reacher qpos_match) ====
subgoal=unified num_eval=32 goal_offset=150 budget=300 seed=45 cem_seed=45 S=10
  SR = 75.00%  (24/32)
