=== unif-reacher t=25 seed=45 n=1 (unified c*-retire, budget=50) ===
/lustre/home/ha676/le-wm/.venv/lib/python3.11/site-packages/stable_worldmodel/envs/__init__.py:215: UserWarning: ale-py not found; ALE/* envs are unavailable. Install with: pip install 'stable-worldmodel[env]' or pip install ale-py.
  from stable_worldmodel.envs import ale  # noqa: F401
[model] frozen LeWM (18.03M), device=cuda, training=False, subgoal=unified
[gdm] planner from gdm_reacher_s10.pt: head=53.44M, N=3 WG=1 goal_cond=True T=1000 sampler=ddim/8-steps param=eps schedule=linear norm=standardize
17:26:36 | INFO  | atomic_chec~| [atomic_save] installed crash-safe checkpoint plugin (write to sibling .tmp + fsync + atomic rename)
[episodes-file] reacher_gatev4c_route_t25_spec.json: 1 precomputed pairs (built for max_offset=100, seed=999, episode_min=8000) -- sampling bypassed; running at goal_offset=25
[eval] start=random num_eval=1 goal_offset=25 budget=50 qpos_threshold=0.05 rad/joint
[eval] episodes_idx[:5]=[9592] start_steps[:5]=[4]
17:26:36 | INFO  | __init__.py | MUJOCO_GL=egl, attempting to import specified OpenGL backend.
17:26:36 | INFO  | __init__.py | No OpenGL_accelerate module loaded: No module named 'OpenGL_accelerate'
17:26:36 | INFO  | __init__.py | MuJoCo library version is: 3.10.0
/lustre/home/ha676/le-wm/.venv/lib/python3.11/site-packages/gymnasium/envs/registration.py:729: UserWarning: [33mWARN: The environment is being initialised with render_mode='rgb_array' that is not in the possible render_modes ([]).[0m
  logger.warn(
[unified] c*-retire spec-accept: tau=0.2, retire window=10 steps; drafting only while the goal is out of certified reach
CEM solve time: 0.2616 seconds
CEM solve time: 0.2166 seconds
CEM solve time: 0.2113 seconds
CEM solve time: 0.2148 seconds
CEM solve time: 0.2112 seconds
CEM solve time: 0.2152 seconds
CEM solve time: 0.2124 seconds
CEM solve time: 0.2152 seconds
CEM solve time: 0.2113 seconds
CEM solve time: 0.2149 seconds
[unified] tau=0.2 retired=0/1 (fired-at-first-replan=0, == the router fire test) retire_replan p10/p50/p90=-/-/- c*_first p50=4.586 | spec: re-drafts=5 advances=0 rejects=4 call_ratio=1.000

==== FF-JEPA eval summary (Reacher qpos_match) ====
subgoal=unified num_eval=1 goal_offset=25 budget=50 seed=45 cem_seed=45 S=10
  SR = 0.00%  (0/1)
