=== unif-reacher t=150 seed=42 n=32 (unified c*-retire, budget=300) ===
/lustre/home/ha676/le-wm/.venv/lib/python3.11/site-packages/stable_worldmodel/envs/__init__.py:215: UserWarning: ale-py not found; ALE/* envs are unavailable. Install with: pip install 'stable-worldmodel[env]' or pip install ale-py.
  from stable_worldmodel.envs import ale  # noqa: F401
[model] frozen LeWM (18.03M), device=cuda, training=False, subgoal=unified
[gdm] planner from gdm_reacher_s10.pt: head=53.44M, N=3 WG=1 goal_cond=True T=1000 sampler=ddim/8-steps param=eps schedule=linear norm=standardize
17:29:57 | INFO  | atomic_chec~| [atomic_save] installed crash-safe checkpoint plugin (write to sibling .tmp + fsync + atomic rename)
[episodes-file] reacher_gatev4c_route_t150_spec.json: 32 precomputed pairs (built for max_offset=150, seed=999, episode_min=8000) -- sampling bypassed; running at goal_offset=150
[eval] start=random num_eval=32 goal_offset=150 budget=300 qpos_threshold=0.05 rad/joint
[eval] episodes_idx[:5]=[8082, 8176, 8222, 8231, 8236] start_steps[:5]=[25, 14, 47, 27, 38]
17:29:57 | INFO  | __init__.py | MUJOCO_GL=egl, attempting to import specified OpenGL backend.
17:29:57 | INFO  | __init__.py | No OpenGL_accelerate module loaded: No module named 'OpenGL_accelerate'
17:29:57 | INFO  | __init__.py | MuJoCo library version is: 3.10.0
/lustre/home/ha676/le-wm/.venv/lib/python3.11/site-packages/gymnasium/envs/registration.py:729: UserWarning: [33mWARN: The environment is being initialised with render_mode='rgb_array' that is not in the possible render_modes ([]).[0m
  logger.warn(
[unified] c*-retire spec-accept: tau=0.2, retire window=10 steps; drafting only while the goal is out of certified reach
CEM solve time: 4.3472 seconds
CEM solve time: 6.8826 seconds
CEM solve time: 4.2909 seconds
CEM solve time: 6.8594 seconds
CEM solve time: 3.9924 seconds
CEM solve time: 6.6451 seconds
CEM solve time: 3.5085 seconds
CEM solve time: 6.0037 seconds
CEM solve time: 2.5734 seconds
CEM solve time: 5.5746 seconds
CEM solve time: 2.0474 seconds
CEM solve time: 5.3596 seconds
CEM solve time: 1.9258 seconds
CEM solve time: 4.2892 seconds
CEM solve time: 1.6783 seconds
CEM solve time: 3.6994 seconds
CEM solve time: 1.6797 seconds
CEM solve time: 3.6459 seconds
CEM solve time: 1.5284 seconds
CEM solve time: 3.6501 seconds
CEM solve time: 1.2730 seconds
CEM solve time: 3.0045 seconds
CEM solve time: 0.9942 seconds
CEM solve time: 2.7861 seconds
CEM solve time: 0.8736 seconds
CEM solve time: 2.5717 seconds
CEM solve time: 0.7351 seconds
CEM solve time: 2.5719 seconds
CEM solve time: 0.6109 seconds
CEM solve time: 2.5713 seconds
CEM solve time: 0.6098 seconds
CEM solve time: 2.3567 seconds
CEM solve time: 0.6100 seconds
CEM solve time: 2.3584 seconds
CEM solve time: 0.6100 seconds
CEM solve time: 2.3590 seconds
CEM solve time: 0.6099 seconds
CEM solve time: 2.3553 seconds
CEM solve time: 0.6117 seconds
CEM solve time: 2.3554 seconds
CEM solve time: 0.6122 seconds
CEM solve time: 2.3550 seconds
CEM solve time: 0.6113 seconds
CEM solve time: 2.3551 seconds
CEM solve time: 0.6111 seconds
CEM solve time: 2.3549 seconds
CEM solve time: 0.4698 seconds
CEM solve time: 2.1433 seconds
CEM solve time: 0.4690 seconds
CEM solve time: 2.1411 seconds
CEM solve time: 0.4691 seconds
CEM solve time: 2.1412 seconds
CEM solve time: 0.4689 seconds
CEM solve time: 2.1493 seconds
CEM solve time: 0.4693 seconds
CEM solve time: 2.1411 seconds
CEM solve time: 0.4687 seconds
CEM solve time: 2.1419 seconds
CEM solve time: 0.4692 seconds
CEM solve time: 2.1430 seconds
[unified] tau=0.2 retired=29/32 (fired-at-first-replan=0, == the router fire test) retire_replan p10/p50/p90=2/4/11 c*_first p50=1.513 | spec: re-drafts=196 advances=62 rejects=157 call_ratio=0.760

==== FF-JEPA eval summary (Reacher qpos_match) ====
subgoal=unified num_eval=32 goal_offset=150 budget=300 seed=42 cem_seed=42 S=10
  SR = 68.75%  (22/32)
