=== unif-reacher t=50 seed=44 n=7 (unified c*-retire, budget=100) ===
/lustre/home/ha676/le-wm/.venv/lib/python3.11/site-packages/stable_worldmodel/envs/__init__.py:215: UserWarning: ale-py not found; ALE/* envs are unavailable. Install with: pip install 'stable-worldmodel[env]' or pip install ale-py.
  from stable_worldmodel.envs import ale  # noqa: F401
[model] frozen LeWM (18.03M), device=cuda, training=False, subgoal=unified
[gdm] planner from gdm_reacher_s10.pt: head=53.44M, N=3 WG=1 goal_cond=True T=1000 sampler=ddim/8-steps param=eps schedule=linear norm=standardize
17:27:05 | INFO  | atomic_chec~| [atomic_save] installed crash-safe checkpoint plugin (write to sibling .tmp + fsync + atomic rename)
[episodes-file] reacher_gatev4c_route_t50_spec.json: 7 precomputed pairs (built for max_offset=100, seed=999, episode_min=8000) -- sampling bypassed; running at goal_offset=50
[eval] start=random num_eval=7 goal_offset=50 budget=100 qpos_threshold=0.05 rad/joint
[eval] episodes_idx[:5]=[8231, 8283, 8626, 9130, 9592] start_steps[:5]=[65, 40, 97, 61, 4]
17:27:06 | INFO  | __init__.py | MUJOCO_GL=egl, attempting to import specified OpenGL backend.
17:27:06 | INFO  | __init__.py | No OpenGL_accelerate module loaded: No module named 'OpenGL_accelerate'
17:27:06 | INFO  | __init__.py | MuJoCo library version is: 3.10.0
/lustre/home/ha676/le-wm/.venv/lib/python3.11/site-packages/gymnasium/envs/registration.py:729: UserWarning: [33mWARN: The environment is being initialised with render_mode='rgb_array' that is not in the possible render_modes ([]).[0m
  logger.warn(
[unified] c*-retire spec-accept: tau=0.2, retire window=10 steps; drafting only while the goal is out of certified reach
CEM solve time: 1.0182 seconds
CEM solve time: 1.5159 seconds
CEM solve time: 0.9822 seconds
CEM solve time: 1.5069 seconds
CEM solve time: 0.6133 seconds
CEM solve time: 1.2915 seconds
CEM solve time: 0.6125 seconds
CEM solve time: 1.2917 seconds
CEM solve time: 0.4711 seconds
CEM solve time: 1.0767 seconds
CEM solve time: 0.2121 seconds
CEM solve time: 0.6476 seconds
CEM solve time: 0.2122 seconds
CEM solve time: 0.6462 seconds
CEM solve time: 0.2127 seconds
CEM solve time: 0.2157 seconds
CEM solve time: 0.2121 seconds
CEM solve time: 0.2158 seconds
CEM solve time: 0.2122 seconds
CEM solve time: 0.2157 seconds
[unified] tau=0.2 retired=5/7 (fired-at-first-replan=0, == the router fire test) retire_replan p10/p50/p90=1/3/4 c*_first p50=1.417 | spec: re-drafts=19 advances=6 rejects=10 call_ratio=0.760

==== FF-JEPA eval summary (Reacher qpos_match) ====
subgoal=unified num_eval=7 goal_offset=50 budget=100 seed=44 cem_seed=44 S=10
  SR = 85.71%  (6/7)
