[mask] train episodes: 8000/10000 (holdout = 2000)
=== train gdm_reacher_s25.pt (faithful recipe, goal-cond sampled gap 1..100, eps<8000) ===
[cfg] {'subgoals': 'subgoals_reacher_dense.pt', 'out': 'gdm_reacher_s25.pt', 'device': 'cuda', 'seed': 42, 'mask': 'custom', 'custom_mask_file': 'reacher_train_mask.npy', 'window_rule': 'clamp', 'subgoal_step': 25, 'latent_dim': 192, 'n_future': 3, 'wg': 1, 'hidden': 512, 'depth': 11, 'heads': 8, 'mlp_ratio': 4.0, 'goal_cond': True, 'goal_rule': 'window', 'goal_gap': 1, 'goal_gap_max': 100, 'timesteps': 1000, 'parameterization': 'eps', 'schedule': 'linear', 'min_snr_gamma': 0.0, 'sampler': 'ddim', 'normalization': 'standardize', 'epochs': 20, 'batch_size': 128, 'lr': 5e-05, 'weight_decay': 0.001, 'grad_clip': 1.0, 'lr_schedule': 'warmup_cosine', 'warmup_frac': 0.01, 'amp': True, 'ema_decay': 0.0, 'num_workers': 0, 'log_every': 500}
[data] mask=customdeg: 8000 episodes used; 1600000 (cond,target) pairs; window_rule=clamp; file_stride=1 subgoal_step=25 => subgoal horizon = 25 frames  [GOAL-COND ablation, goal_rule=window gap=1]
[norm] native ||z|| mean=13.79 (sqrt(D)=13.86); standardize per-dim (mean|.|=0.035, std mean=0.993)
[model] GDM (DiT) head params = 53.44M (hidden=512 depth=11 heads=8); diffusion T=1000 param=eps schedule=linear sampler=ddim norm=standardize min_snr_gamma=0.0
[sched] warmup_cosine: total_steps=250000 warmup=2500 peak_lr=5.0e-05 -> 0 (eta_min)
  [iter 500] loss=0.37764 (run 0.88982, 100s, 201ms/it)
  [iter 1000] loss=0.15492 (run 0.52861, 129s, 129ms/it)
  [iter 1500] loss=0.13495 (run 0.39393, 159s, 106ms/it)
  [iter 2000] loss=0.07997 (run 0.32166, 187s, 93ms/it)
  [iter 2500] loss=0.07375 (run 0.27485, 215s, 86ms/it)
  [iter 3000] loss=0.07640 (run 0.24160, 243s, 81ms/it)
  [iter 3500] loss=0.05521 (run 0.21665, 273s, 78ms/it)
  [iter 4000] loss=0.05182 (run 0.19723, 303s, 76ms/it)
  [iter 4500] loss=0.03956 (run 0.18165, 332s, 74ms/it)
  [iter 5000] loss=0.03511 (run 0.16874, 362s, 72ms/it)
  [iter 5500] loss=0.04962 (run 0.15797, 391s, 71ms/it)
  [iter 6000] loss=0.04603 (run 0.14879, 420s, 70ms/it)
  [iter 6500] loss=0.04523 (run 0.14092, 448s, 69ms/it)
  [iter 7000] loss=0.05082 (run 0.13400, 477s, 68ms/it)
  [iter 7500] loss=0.05479 (run 0.12797, 506s, 67ms/it)
  [iter 8000] loss=0.03615 (run 0.12257, 534s, 67ms/it)
  [iter 8500] loss=0.03642 (run 0.11769, 562s, 66ms/it)
  [iter 9000] loss=0.04378 (run 0.11329, 592s, 66ms/it)
  [iter 9500] loss=0.03834 (run 0.10934, 621s, 65ms/it)
  [iter 10000] loss=0.02413 (run 0.10568, 651s, 65ms/it)
  [iter 10500] loss=0.03011 (run 0.10233, 680s, 65ms/it)
  [iter 11000] loss=0.03025 (run 0.09923, 710s, 65ms/it)
  [iter 11500] loss=0.03682 (run 0.09636, 739s, 64ms/it)
  [iter 12000] loss=0.03067 (run 0.09369, 767s, 64ms/it)
  [iter 12500] loss=0.03435 (run 0.09126, 795s, 64ms/it)
[epoch 01/20] loss=0.09126 iters=12500 (795s)
  [iter 13000] loss=0.04549 (run 0.03228, 823s, 63ms/it)
  [iter 13500] loss=0.02378 (run 0.03159, 852s, 63ms/it)
  [iter 14000] loss=0.02879 (run 0.03117, 881s, 63ms/it)
  [iter 14500] loss=0.02917 (run 0.03078, 910s, 63ms/it)
  [iter 15000] loss=0.02578 (run 0.03054, 939s, 63ms/it)
  [iter 15500] loss=0.02458 (run 0.03031, 968s, 62ms/it)
  [iter 16000] loss=0.02872 (run 0.02993, 997s, 62ms/it)
  [iter 16500] loss=0.03048 (run 0.02961, 1027s, 62ms/it)
  [iter 17000] loss=0.02350 (run 0.02936, 1056s, 62ms/it)
  [iter 17500] loss=0.02717 (run 0.02908, 1086s, 62ms/it)
  [iter 18000] loss=0.02717 (run 0.02885, 1116s, 62ms/it)
  [iter 18500] loss=0.02388 (run 0.02858, 1145s, 62ms/it)
  [iter 19000] loss=0.03060 (run 0.02836, 1175s, 62ms/it)
  [iter 19500] loss=0.02127 (run 0.02815, 1204s, 62ms/it)
  [iter 20000] loss=0.02408 (run 0.02792, 1232s, 62ms/it)
  [iter 20500] loss=0.02854 (run 0.02769, 1261s, 62ms/it)
  [iter 21000] loss=0.02427 (run 0.02749, 1289s, 61ms/it)
  [iter 21500] loss=0.01719 (run 0.02729, 1318s, 61ms/it)
  [iter 22000] loss=0.02600 (run 0.02710, 1346s, 61ms/it)
  [iter 22500] loss=0.02319 (run 0.02692, 1374s, 61ms/it)
  [iter 23000] loss=0.02320 (run 0.02674, 1403s, 61ms/it)
  [iter 23500] loss=0.03250 (run 0.02655, 1431s, 61ms/it)
  [iter 24000] loss=0.03452 (run 0.02634, 1459s, 61ms/it)
  [iter 24500] loss=0.02463 (run 0.02616, 1488s, 61ms/it)
  [iter 25000] loss=0.03932 (run 0.02597, 1517s, 61ms/it)
[epoch 02/20] loss=0.02597 iters=25000 (1517s)
  [iter 25500] loss=0.02651 (run 0.02157, 1547s, 61ms/it)
  [iter 26000] loss=0.02982 (run 0.02146, 1576s, 61ms/it)
  [iter 26500] loss=0.01743 (run 0.02114, 1604s, 61ms/it)
  [iter 27000] loss=0.02180 (run 0.02107, 1632s, 60ms/it)
  [iter 27500] loss=0.02146 (run 0.02103, 1662s, 60ms/it)
  [iter 28000] loss=0.02522 (run 0.02099, 1692s, 60ms/it)
  [iter 28500] loss=0.02404 (run 0.02090, 1721s, 60ms/it)
  [iter 29000] loss=0.02056 (run 0.02071, 1750s, 60ms/it)
  [iter 29500] loss=0.01362 (run 0.02063, 1778s, 60ms/it)
  [iter 30000] loss=0.02584 (run 0.02056, 1807s, 60ms/it)
  [iter 30500] loss=0.02098 (run 0.02042, 1835s, 60ms/it)
  [iter 31000] loss=0.02144 (run 0.02030, 1864s, 60ms/it)
  [iter 31500] loss=0.03159 (run 0.02018, 1893s, 60ms/it)
  [iter 32000] loss=0.02000 (run 0.02010, 1921s, 60ms/it)
  [iter 32500] loss=0.01859 (run 0.02000, 1950s, 60ms/it)
  [iter 33000] loss=0.01902 (run 0.01993, 1978s, 60ms/it)
  [iter 33500] loss=0.01409 (run 0.01986, 2006s, 60ms/it)
  [iter 34000] loss=0.02272 (run 0.01978, 2034s, 60ms/it)
  [iter 34500] loss=0.01466 (run 0.01970, 2063s, 60ms/it)
  [iter 35000] loss=0.01141 (run 0.01963, 2091s, 60ms/it)
  [iter 35500] loss=0.01574 (run 0.01955, 2119s, 60ms/it)
  [iter 36000] loss=0.01376 (run 0.01945, 2147s, 60ms/it)
  [iter 36500] loss=0.00803 (run 0.01936, 2176s, 60ms/it)
  [iter 37000] loss=0.01548 (run 0.01926, 2204s, 60ms/it)
  [iter 37500] loss=0.01561 (run 0.01919, 2233s, 60ms/it)
[epoch 03/20] loss=0.01919 iters=37500 (2233s)
  [iter 38000] loss=0.01380 (run 0.01749, 2261s, 60ms/it)
  [iter 38500] loss=0.01814 (run 0.01739, 2289s, 59ms/it)
  [iter 39000] loss=0.00870 (run 0.01728, 2319s, 59ms/it)
  [iter 39500] loss=0.02390 (run 0.01719, 2349s, 59ms/it)
  [iter 40000] loss=0.01912 (run 0.01719, 2379s, 59ms/it)
  [iter 40500] loss=0.01747 (run 0.01719, 2409s, 59ms/it)
  [iter 41000] loss=0.00794 (run 0.01709, 2438s, 59ms/it)
  [iter 41500] loss=0.01446 (run 0.01707, 2466s, 59ms/it)
  [iter 42000] loss=0.01581 (run 0.01701, 2495s, 59ms/it)
  [iter 42500] loss=0.01684 (run 0.01697, 2523s, 59ms/it)
  [iter 43000] loss=0.02615 (run 0.01692, 2552s, 59ms/it)
  [iter 43500] loss=0.01035 (run 0.01684, 2581s, 59ms/it)
  [iter 44000] loss=0.01661 (run 0.01680, 2611s, 59ms/it)
  [iter 44500] loss=0.01402 (run 0.01674, 2641s, 59ms/it)
  [iter 45000] loss=0.02320 (run 0.01668, 2669s, 59ms/it)
  [iter 45500] loss=0.02290 (run 0.01661, 2697s, 59ms/it)
  [iter 46000] loss=0.02023 (run 0.01656, 2726s, 59ms/it)
  [iter 46500] loss=0.01187 (run 0.01653, 2754s, 59ms/it)
  [iter 47000] loss=0.01976 (run 0.01648, 2782s, 59ms/it)
  [iter 47500] loss=0.01252 (run 0.01643, 2810s, 59ms/it)
  [iter 48000] loss=0.00939 (run 0.01639, 2839s, 59ms/it)
  [iter 48500] loss=0.01047 (run 0.01636, 2867s, 59ms/it)
  [iter 49000] loss=0.01175 (run 0.01630, 2895s, 59ms/it)
  [iter 49500] loss=0.01847 (run 0.01627, 2924s, 59ms/it)
  [iter 50000] loss=0.01654 (run 0.01623, 2952s, 59ms/it)
[epoch 04/20] loss=0.01623 iters=50000 (2952s)
  [iter 50500] loss=0.02279 (run 0.01486, 2980s, 59ms/it)
  [iter 51000] loss=0.01302 (run 0.01480, 3009s, 59ms/it)
  [iter 51500] loss=0.01381 (run 0.01494, 3037s, 59ms/it)
  [iter 52000] loss=0.02216 (run 0.01501, 3066s, 59ms/it)
  [iter 52500] loss=0.00936 (run 0.01500, 3094s, 59ms/it)
  [iter 53000] loss=0.00826 (run 0.01498, 3122s, 59ms/it)
  [iter 53500] loss=0.00818 (run 0.01492, 3151s, 59ms/it)
  [iter 54000] loss=0.01090 (run 0.01488, 3179s, 59ms/it)
  [iter 54500] loss=0.02466 (run 0.01486, 3207s, 59ms/it)
  [iter 55000] loss=0.01574 (run 0.01484, 3236s, 59ms/it)
  [iter 55500] loss=0.01438 (run 0.01480, 3264s, 59ms/it)
  [iter 56000] loss=0.01209 (run 0.01477, 3294s, 59ms/it)
  [iter 56500] loss=0.01170 (run 0.01476, 3323s, 59ms/it)
  [iter 57000] loss=0.01435 (run 0.01475, 3353s, 59ms/it)
  [iter 57500] loss=0.01235 (run 0.01473, 3382s, 59ms/it)
  [iter 58000] loss=0.01396 (run 0.01469, 3410s, 59ms/it)
  [iter 58500] loss=0.01340 (run 0.01465, 3439s, 59ms/it)
  [iter 59000] loss=0.01113 (run 0.01462, 3467s, 59ms/it)
  [iter 59500] loss=0.01930 (run 0.01457, 3495s, 59ms/it)
  [iter 60000] loss=0.01349 (run 0.01454, 3524s, 59ms/it)
  [iter 60500] loss=0.01135 (run 0.01453, 3552s, 59ms/it)
  [iter 61000] loss=0.00950 (run 0.01449, 3580s, 59ms/it)
  [iter 61500] loss=0.01098 (run 0.01446, 3608s, 59ms/it)
  [iter 62000] loss=0.01502 (run 0.01443, 3636s, 59ms/it)
  [iter 62500] loss=0.01165 (run 0.01439, 3665s, 59ms/it)
[epoch 05/20] loss=0.01439 iters=62500 (3665s)
  [iter 63000] loss=0.01006 (run 0.01383, 3693s, 59ms/it)
  [iter 63500] loss=0.01215 (run 0.01378, 3723s, 59ms/it)
  [iter 64000] loss=0.01461 (run 0.01376, 3752s, 59ms/it)
  [iter 64500] loss=0.00926 (run 0.01376, 3780s, 59ms/it)
  [iter 65000] loss=0.01403 (run 0.01375, 3809s, 59ms/it)
  [iter 65500] loss=0.01313 (run 0.01366, 3838s, 59ms/it)
  [iter 66000] loss=0.01698 (run 0.01363, 3866s, 59ms/it)
  [iter 66500] loss=0.02159 (run 0.01355, 3895s, 59ms/it)
  [iter 67000] loss=0.00873 (run 0.01350, 3924s, 59ms/it)
  [iter 67500] loss=0.00916 (run 0.01350, 3953s, 59ms/it)
  [iter 68000] loss=0.01939 (run 0.01345, 3983s, 59ms/it)
  [iter 68500] loss=0.01664 (run 0.01344, 4011s, 59ms/it)
  [iter 69000] loss=0.01543 (run 0.01345, 4039s, 59ms/it)
  [iter 69500] loss=0.02003 (run 0.01344, 4068s, 59ms/it)
  [iter 70000] loss=0.01453 (run 0.01339, 4096s, 59ms/it)
  [iter 70500] loss=0.01466 (run 0.01337, 4124s, 58ms/it)
  [iter 71000] loss=0.01309 (run 0.01333, 4153s, 58ms/it)
  [iter 71500] loss=0.00771 (run 0.01329, 4181s, 58ms/it)
  [iter 72000] loss=0.01384 (run 0.01326, 4210s, 58ms/it)
  [iter 72500] loss=0.01390 (run 0.01323, 4239s, 58ms/it)
  [iter 73000] loss=0.01280 (run 0.01322, 4267s, 58ms/it)
  [iter 73500] loss=0.01010 (run 0.01319, 4295s, 58ms/it)
  [iter 74000] loss=0.01147 (run 0.01317, 4324s, 58ms/it)
  [iter 74500] loss=0.00810 (run 0.01314, 4352s, 58ms/it)
  [iter 75000] loss=0.01203 (run 0.01313, 4382s, 58ms/it)
[epoch 06/20] loss=0.01313 iters=75000 (4382s)
  [iter 75500] loss=0.00905 (run 0.01241, 4412s, 58ms/it)
  [iter 76000] loss=0.01632 (run 0.01251, 4442s, 58ms/it)
  [iter 76500] loss=0.01116 (run 0.01249, 4471s, 58ms/it)
  [iter 77000] loss=0.01513 (run 0.01246, 4500s, 58ms/it)
  [iter 77500] loss=0.01408 (run 0.01242, 4528s, 58ms/it)
  [iter 78000] loss=0.00734 (run 0.01238, 4556s, 58ms/it)
  [iter 78500] loss=0.01426 (run 0.01241, 4584s, 58ms/it)
  [iter 79000] loss=0.01159 (run 0.01234, 4612s, 58ms/it)
  [iter 79500] loss=0.01370 (run 0.01233, 4640s, 58ms/it)
  [iter 80000] loss=0.01655 (run 0.01231, 4669s, 58ms/it)
  [iter 80500] loss=0.01337 (run 0.01229, 4698s, 58ms/it)
  [iter 81000] loss=0.00909 (run 0.01228, 4726s, 58ms/it)
  [iter 81500] loss=0.01230 (run 0.01228, 4754s, 58ms/it)
  [iter 82000] loss=0.01765 (run 0.01229, 4783s, 58ms/it)
  [iter 82500] loss=0.00999 (run 0.01227, 4812s, 58ms/it)
  [iter 83000] loss=0.01747 (run 0.01226, 4841s, 58ms/it)
  [iter 83500] loss=0.00596 (run 0.01221, 4870s, 58ms/it)
  [iter 84000] loss=0.01194 (run 0.01221, 4898s, 58ms/it)
  [iter 84500] loss=0.00929 (run 0.01220, 4926s, 58ms/it)
  [iter 85000] loss=0.01551 (run 0.01219, 4954s, 58ms/it)
  [iter 85500] loss=0.01070 (run 0.01217, 4982s, 58ms/it)
  [iter 86000] loss=0.00885 (run 0.01215, 5011s, 58ms/it)
  [iter 86500] loss=0.01827 (run 0.01213, 5039s, 58ms/it)
  [iter 87000] loss=0.01516 (run 0.01213, 5067s, 58ms/it)
  [iter 87500] loss=0.01167 (run 0.01210, 5095s, 58ms/it)
[epoch 07/20] loss=0.01210 iters=87500 (5095s)
  [iter 88000] loss=0.01015 (run 0.01160, 5123s, 58ms/it)
  [iter 88500] loss=0.00987 (run 0.01163, 5152s, 58ms/it)
  [iter 89000] loss=0.00907 (run 0.01171, 5180s, 58ms/it)
  [iter 89500] loss=0.00879 (run 0.01170, 5208s, 58ms/it)
  [iter 90000] loss=0.01538 (run 0.01165, 5236s, 58ms/it)
  [iter 90500] loss=0.01252 (run 0.01164, 5264s, 58ms/it)
  [iter 91000] loss=0.01820 (run 0.01162, 5293s, 58ms/it)
  [iter 91500] loss=0.00759 (run 0.01160, 5323s, 58ms/it)
  [iter 92000] loss=0.01584 (run 0.01157, 5352s, 58ms/it)
  [iter 92500] loss=0.00980 (run 0.01156, 5380s, 58ms/it)
  [iter 93000] loss=0.01372 (run 0.01152, 5408s, 58ms/it)
  [iter 93500] loss=0.00698 (run 0.01150, 5437s, 58ms/it)
  [iter 94000] loss=0.00892 (run 0.01151, 5467s, 58ms/it)
  [iter 94500] loss=0.00752 (run 0.01149, 5496s, 58ms/it)
  [iter 95000] loss=0.01188 (run 0.01147, 5525s, 58ms/it)
  [iter 95500] loss=0.00606 (run 0.01146, 5553s, 58ms/it)
  [iter 96000] loss=0.02135 (run 0.01146, 5582s, 58ms/it)
  [iter 96500] loss=0.01354 (run 0.01140, 5610s, 58ms/it)
  [iter 97000] loss=0.01086 (run 0.01139, 5640s, 58ms/it)
  [iter 97500] loss=0.01003 (run 0.01137, 5669s, 58ms/it)
  [iter 98000] loss=0.01425 (run 0.01135, 5698s, 58ms/it)
  [iter 98500] loss=0.00787 (run 0.01133, 5726s, 58ms/it)
  [iter 99000] loss=0.01875 (run 0.01133, 5755s, 58ms/it)
  [iter 99500] loss=0.01685 (run 0.01131, 5784s, 58ms/it)
  [iter 100000] loss=0.00625 (run 0.01129, 5813s, 58ms/it)
[epoch 08/20] loss=0.01129 iters=100000 (5813s)
  [iter 100500] loss=0.01012 (run 0.01081, 5842s, 58ms/it)
  [iter 101000] loss=0.01000 (run 0.01089, 5872s, 58ms/it)
  [iter 101500] loss=0.01489 (run 0.01094, 5901s, 58ms/it)
  [iter 102000] loss=0.01149 (run 0.01086, 5930s, 58ms/it)
  [iter 102500] loss=0.01537 (run 0.01080, 5959s, 58ms/it)
  [iter 103000] loss=0.00984 (run 0.01075, 5988s, 58ms/it)
  [iter 103500] loss=0.01685 (run 0.01074, 6017s, 58ms/it)
  [iter 104000] loss=0.00753 (run 0.01075, 6046s, 58ms/it)
  [iter 104500] loss=0.00976 (run 0.01077, 6075s, 58ms/it)
  [iter 105000] loss=0.01307 (run 0.01077, 6105s, 58ms/it)
  [iter 105500] loss=0.01457 (run 0.01075, 6134s, 58ms/it)
  [iter 106000] loss=0.00747 (run 0.01075, 6163s, 58ms/it)
  [iter 106500] loss=0.01013 (run 0.01073, 6192s, 58ms/it)
  [iter 107000] loss=0.00853 (run 0.01071, 6221s, 58ms/it)
  [iter 107500] loss=0.01101 (run 0.01071, 6251s, 58ms/it)
  [iter 108000] loss=0.00634 (run 0.01070, 6280s, 58ms/it)
  [iter 108500] loss=0.00972 (run 0.01068, 6309s, 58ms/it)
  [iter 109000] loss=0.00818 (run 0.01065, 6338s, 58ms/it)
  [iter 109500] loss=0.00861 (run 0.01066, 6367s, 58ms/it)
  [iter 110000] loss=0.01121 (run 0.01065, 6396s, 58ms/it)
  [iter 110500] loss=0.00915 (run 0.01063, 6425s, 58ms/it)
  [iter 111000] loss=0.00934 (run 0.01063, 6454s, 58ms/it)
  [iter 111500] loss=0.00619 (run 0.01061, 6483s, 58ms/it)
  [iter 112000] loss=0.00738 (run 0.01060, 6512s, 58ms/it)
  [iter 112500] loss=0.00708 (run 0.01057, 6541s, 58ms/it)
[epoch 09/20] loss=0.01057 iters=112500 (6541s)
  [iter 113000] loss=0.00925 (run 0.01041, 6571s, 58ms/it)
  [iter 113500] loss=0.00923 (run 0.01027, 6601s, 58ms/it)
  [iter 114000] loss=0.00689 (run 0.01028, 6630s, 58ms/it)
  [iter 114500] loss=0.01467 (run 0.01019, 6659s, 58ms/it)
  [iter 115000] loss=0.00875 (run 0.01018, 6688s, 58ms/it)
  [iter 115500] loss=0.00921 (run 0.01015, 6717s, 58ms/it)
  [iter 116000] loss=0.01726 (run 0.01016, 6746s, 58ms/it)
  [iter 116500] loss=0.01523 (run 0.01014, 6775s, 58ms/it)
  [iter 117000] loss=0.00996 (run 0.01011, 6804s, 58ms/it)
  [iter 117500] loss=0.00980 (run 0.01010, 6833s, 58ms/it)
  [iter 118000] loss=0.00830 (run 0.01007, 6862s, 58ms/it)
  [iter 118500] loss=0.00918 (run 0.01005, 6891s, 58ms/it)
  [iter 119000] loss=0.00800 (run 0.01003, 6920s, 58ms/it)
  [iter 119500] loss=0.00646 (run 0.01004, 6950s, 58ms/it)
  [iter 120000] loss=0.01201 (run 0.01002, 6980s, 58ms/it)
  [iter 120500] loss=0.00876 (run 0.00998, 7009s, 58ms/it)
  [iter 121000] loss=0.01162 (run 0.00997, 7038s, 58ms/it)
  [iter 121500] loss=0.00771 (run 0.00997, 7067s, 58ms/it)
  [iter 122000] loss=0.00866 (run 0.00997, 7096s, 58ms/it)
  [iter 122500] loss=0.00713 (run 0.00995, 7125s, 58ms/it)
  [iter 123000] loss=0.00922 (run 0.00994, 7154s, 58ms/it)
  [iter 123500] loss=0.01142 (run 0.00993, 7183s, 58ms/it)
  [iter 124000] loss=0.01561 (run 0.00991, 7212s, 58ms/it)
  [iter 124500] loss=0.00868 (run 0.00990, 7241s, 58ms/it)
  [iter 125000] loss=0.01047 (run 0.00988, 7270s, 58ms/it)
[epoch 10/20] loss=0.00988 iters=125000 (7270s)
  [iter 125500] loss=0.00840 (run 0.00926, 7299s, 58ms/it)
  [iter 126000] loss=0.00895 (run 0.00934, 7329s, 58ms/it)
  [iter 126500] loss=0.00772 (run 0.00937, 7358s, 58ms/it)
  [iter 127000] loss=0.00674 (run 0.00937, 7387s, 58ms/it)
  [iter 127500] loss=0.01231 (run 0.00940, 7415s, 58ms/it)
  [iter 128000] loss=0.01184 (run 0.00942, 7444s, 58ms/it)
  [iter 128500] loss=0.00843 (run 0.00941, 7473s, 58ms/it)
  [iter 129000] loss=0.00642 (run 0.00938, 7503s, 58ms/it)
  [iter 129500] loss=0.00637 (run 0.00937, 7532s, 58ms/it)
  [iter 130000] loss=0.01167 (run 0.00936, 7561s, 58ms/it)
  [iter 130500] loss=0.00982 (run 0.00936, 7590s, 58ms/it)
  [iter 131000] loss=0.01472 (run 0.00935, 7619s, 58ms/it)
  [iter 131500] loss=0.00605 (run 0.00935, 7648s, 58ms/it)
  [iter 132000] loss=0.00491 (run 0.00934, 7677s, 58ms/it)
  [iter 132500] loss=0.00847 (run 0.00933, 7706s, 58ms/it)
  [iter 133000] loss=0.00691 (run 0.00932, 7736s, 58ms/it)
  [iter 133500] loss=0.01360 (run 0.00931, 7766s, 58ms/it)
  [iter 134000] loss=0.00930 (run 0.00930, 7794s, 58ms/it)
  [iter 134500] loss=0.00845 (run 0.00929, 7825s, 58ms/it)
  [iter 135000] loss=0.00694 (run 0.00928, 7854s, 58ms/it)
  [iter 135500] loss=0.01318 (run 0.00928, 7882s, 58ms/it)
  [iter 136000] loss=0.00794 (run 0.00927, 7911s, 58ms/it)
  [iter 136500] loss=0.00622 (run 0.00926, 7941s, 58ms/it)
  [iter 137000] loss=0.00927 (run 0.00925, 7970s, 58ms/it)
  [iter 137500] loss=0.00763 (run 0.00924, 7999s, 58ms/it)
[epoch 11/20] loss=0.00924 iters=137500 (7999s)
  [iter 138000] loss=0.00820 (run 0.00892, 8028s, 58ms/it)
  [iter 138500] loss=0.01448 (run 0.00882, 8057s, 58ms/it)
  [iter 139000] loss=0.00947 (run 0.00882, 8086s, 58ms/it)
  [iter 139500] loss=0.00651 (run 0.00880, 8115s, 58ms/it)
  [iter 140000] loss=0.00835 (run 0.00881, 8144s, 58ms/it)
  [iter 140500] loss=0.00794 (run 0.00882, 8173s, 58ms/it)
  [iter 141000] loss=0.01194 (run 0.00880, 8202s, 58ms/it)
  [iter 141500] loss=0.00823 (run 0.00881, 8231s, 58ms/it)
  [iter 142000] loss=0.01416 (run 0.00882, 8260s, 58ms/it)
  [iter 142500] loss=0.00590 (run 0.00879, 8288s, 58ms/it)
  [iter 143000] loss=0.00512 (run 0.00877, 8317s, 58ms/it)
  [iter 143500] loss=0.00490 (run 0.00874, 8346s, 58ms/it)
  [iter 144000] loss=0.00769 (run 0.00875, 8375s, 58ms/it)
  [iter 144500] loss=0.01331 (run 0.00873, 8404s, 58ms/it)
  [iter 145000] loss=0.00625 (run 0.00873, 8433s, 58ms/it)
  [iter 145500] loss=0.00773 (run 0.00873, 8462s, 58ms/it)
  [iter 146000] loss=0.00591 (run 0.00873, 8490s, 58ms/it)
  [iter 146500] loss=0.00569 (run 0.00872, 8520s, 58ms/it)
  [iter 147000] loss=0.00814 (run 0.00871, 8549s, 58ms/it)
  [iter 147500] loss=0.00681 (run 0.00870, 8578s, 58ms/it)
  [iter 148000] loss=0.00594 (run 0.00869, 8606s, 58ms/it)
  [iter 148500] loss=0.01574 (run 0.00867, 8636s, 58ms/it)
  [iter 149000] loss=0.00975 (run 0.00866, 8665s, 58ms/it)
  [iter 149500] loss=0.00553 (run 0.00865, 8694s, 58ms/it)
  [iter 150000] loss=0.00528 (run 0.00864, 8723s, 58ms/it)
[epoch 12/20] loss=0.00864 iters=150000 (8723s)
  [iter 150500] loss=0.01268 (run 0.00859, 8753s, 58ms/it)
  [iter 151000] loss=0.00727 (run 0.00850, 8782s, 58ms/it)
  [iter 151500] loss=0.01231 (run 0.00846, 8811s, 58ms/it)
  [iter 152000] loss=0.00675 (run 0.00838, 8840s, 58ms/it)
  [iter 152500] loss=0.00858 (run 0.00834, 8869s, 58ms/it)
  [iter 153000] loss=0.00581 (run 0.00839, 8898s, 58ms/it)
  [iter 153500] loss=0.00894 (run 0.00833, 8926s, 58ms/it)
  [iter 154000] loss=0.01452 (run 0.00834, 8956s, 58ms/it)
  [iter 154500] loss=0.00645 (run 0.00832, 8985s, 58ms/it)
  [iter 155000] loss=0.01132 (run 0.00831, 9013s, 58ms/it)
  [iter 155500] loss=0.00605 (run 0.00828, 9042s, 58ms/it)
  [iter 156000] loss=0.00976 (run 0.00826, 9071s, 58ms/it)
  [iter 156500] loss=0.01009 (run 0.00826, 9100s, 58ms/it)
  [iter 157000] loss=0.01160 (run 0.00825, 9129s, 58ms/it)
  [iter 157500] loss=0.01267 (run 0.00824, 9157s, 58ms/it)
  [iter 158000] loss=0.00583 (run 0.00824, 9186s, 58ms/it)
  [iter 158500] loss=0.00545 (run 0.00822, 9215s, 58ms/it)
  [iter 159000] loss=0.00883 (run 0.00821, 9244s, 58ms/it)
  [iter 159500] loss=0.00840 (run 0.00820, 9273s, 58ms/it)
  [iter 160000] loss=0.00507 (run 0.00819, 9302s, 58ms/it)
  [iter 160500] loss=0.00686 (run 0.00817, 9332s, 58ms/it)
  [iter 161000] loss=0.00750 (run 0.00816, 9361s, 58ms/it)
  [iter 161500] loss=0.00910 (run 0.00814, 9390s, 58ms/it)
  [iter 162000] loss=0.00650 (run 0.00814, 9418s, 58ms/it)
  [iter 162500] loss=0.00686 (run 0.00813, 9447s, 58ms/it)
[epoch 13/20] loss=0.00813 iters=162500 (9447s)
  [iter 163000] loss=0.00629 (run 0.00779, 9476s, 58ms/it)
  [iter 163500] loss=0.00781 (run 0.00773, 9505s, 58ms/it)
  [iter 164000] loss=0.01070 (run 0.00779, 9534s, 58ms/it)
  [iter 164500] loss=0.00641 (run 0.00775, 9563s, 58ms/it)
  [iter 165000] loss=0.00551 (run 0.00772, 9592s, 58ms/it)
  [iter 165500] loss=0.00882 (run 0.00772, 9622s, 58ms/it)
  [iter 166000] loss=0.00781 (run 0.00768, 9652s, 58ms/it)
  [iter 166500] loss=0.00994 (run 0.00769, 9680s, 58ms/it)
  [iter 167000] loss=0.00665 (run 0.00769, 9709s, 58ms/it)
  [iter 167500] loss=0.01171 (run 0.00766, 9738s, 58ms/it)
  [iter 168000] loss=0.01072 (run 0.00765, 9767s, 58ms/it)
  [iter 168500] loss=0.00519 (run 0.00764, 9796s, 58ms/it)
  [iter 169000] loss=0.00917 (run 0.00763, 9825s, 58ms/it)
  [iter 169500] loss=0.00516 (run 0.00762, 9854s, 58ms/it)
  [iter 170000] loss=0.00669 (run 0.00762, 9883s, 58ms/it)
  [iter 170500] loss=0.01508 (run 0.00761, 9912s, 58ms/it)
  [iter 171000] loss=0.01228 (run 0.00760, 9942s, 58ms/it)
  [iter 171500] loss=0.00931 (run 0.00758, 9971s, 58ms/it)
  [iter 172000] loss=0.00705 (run 0.00758, 10000s, 58ms/it)
  [iter 172500] loss=0.00626 (run 0.00757, 10029s, 58ms/it)
  [iter 173000] loss=0.00503 (run 0.00757, 10058s, 58ms/it)
  [iter 173500] loss=0.00644 (run 0.00757, 10087s, 58ms/it)
  [iter 174000] loss=0.01429 (run 0.00756, 10116s, 58ms/it)
  [iter 174500] loss=0.00790 (run 0.00755, 10146s, 58ms/it)
  [iter 175000] loss=0.01338 (run 0.00755, 10175s, 58ms/it)
[epoch 14/20] loss=0.00755 iters=175000 (10175s)
  [iter 175500] loss=0.01076 (run 0.00750, 10204s, 58ms/it)
  [iter 176000] loss=0.00953 (run 0.00737, 10233s, 58ms/it)
  [iter 176500] loss=0.00679 (run 0.00733, 10261s, 58ms/it)
  [iter 177000] loss=0.01040 (run 0.00730, 10290s, 58ms/it)
  [iter 177500] loss=0.00797 (run 0.00729, 10319s, 58ms/it)
  [iter 178000] loss=0.00862 (run 0.00730, 10349s, 58ms/it)
  [iter 178500] loss=0.01103 (run 0.00727, 10378s, 58ms/it)
  [iter 179000] loss=0.00730 (run 0.00726, 10407s, 58ms/it)
  [iter 179500] loss=0.00855 (run 0.00725, 10436s, 58ms/it)
  [iter 180000] loss=0.00625 (run 0.00721, 10465s, 58ms/it)
  [iter 180500] loss=0.00512 (run 0.00721, 10494s, 58ms/it)
  [iter 181000] loss=0.00559 (run 0.00720, 10523s, 58ms/it)
  [iter 181500] loss=0.01449 (run 0.00721, 10552s, 58ms/it)
  [iter 182000] loss=0.00749 (run 0.00721, 10581s, 58ms/it)
  [iter 182500] loss=0.01091 (run 0.00720, 10610s, 58ms/it)
  [iter 183000] loss=0.00606 (run 0.00719, 10639s, 58ms/it)
  [iter 183500] loss=0.00764 (run 0.00718, 10668s, 58ms/it)
  [iter 184000] loss=0.00598 (run 0.00717, 10697s, 58ms/it)
  [iter 184500] loss=0.00844 (run 0.00716, 10727s, 58ms/it)
  [iter 185000] loss=0.00669 (run 0.00716, 10756s, 58ms/it)
  [iter 185500] loss=0.00990 (run 0.00715, 10786s, 58ms/it)
  [iter 186000] loss=0.00683 (run 0.00713, 10816s, 58ms/it)
  [iter 186500] loss=0.00833 (run 0.00712, 10845s, 58ms/it)
  [iter 187000] loss=0.00693 (run 0.00711, 10874s, 58ms/it)
  [iter 187500] loss=0.00739 (run 0.00710, 10903s, 58ms/it)
[epoch 15/20] loss=0.00710 iters=187500 (10903s)
  [iter 188000] loss=0.01010 (run 0.00692, 10932s, 58ms/it)
  [iter 188500] loss=0.00718 (run 0.00691, 10962s, 58ms/it)
  [iter 189000] loss=0.00808 (run 0.00687, 10991s, 58ms/it)
  [iter 189500] loss=0.00645 (run 0.00688, 11020s, 58ms/it)
  [iter 190000] loss=0.01028 (run 0.00687, 11049s, 58ms/it)
  [iter 190500] loss=0.01206 (run 0.00688, 11078s, 58ms/it)
  [iter 191000] loss=0.00610 (run 0.00687, 11107s, 58ms/it)
  [iter 191500] loss=0.00548 (run 0.00686, 11137s, 58ms/it)
  [iter 192000] loss=0.00498 (run 0.00685, 11166s, 58ms/it)
  [iter 192500] loss=0.00587 (run 0.00683, 11195s, 58ms/it)
  [iter 193000] loss=0.00493 (run 0.00682, 11225s, 58ms/it)
  [iter 193500] loss=0.00569 (run 0.00683, 11254s, 58ms/it)
  [iter 194000] loss=0.00583 (run 0.00681, 11283s, 58ms/it)
  [iter 194500] loss=0.00575 (run 0.00680, 11313s, 58ms/it)
  [iter 195000] loss=0.01138 (run 0.00679, 11343s, 58ms/it)
  [iter 195500] loss=0.00591 (run 0.00679, 11372s, 58ms/it)
  [iter 196000] loss=0.00673 (run 0.00678, 11402s, 58ms/it)
  [iter 196500] loss=0.00494 (run 0.00678, 11432s, 58ms/it)
  [iter 197000] loss=0.00610 (run 0.00677, 11462s, 58ms/it)
  [iter 197500] loss=0.00509 (run 0.00675, 11491s, 58ms/it)
  [iter 198000] loss=0.00679 (run 0.00675, 11521s, 58ms/it)
  [iter 198500] loss=0.00441 (run 0.00674, 11551s, 58ms/it)
  [iter 199000] loss=0.00593 (run 0.00673, 11580s, 58ms/it)
  [iter 199500] loss=0.00826 (run 0.00673, 11610s, 58ms/it)
  [iter 200000] loss=0.00568 (run 0.00672, 11639s, 58ms/it)
[epoch 16/20] loss=0.00672 iters=200000 (11639s)
  [iter 200500] loss=0.00590 (run 0.00649, 11669s, 58ms/it)
  [iter 201000] loss=0.00728 (run 0.00645, 11698s, 58ms/it)
  [iter 201500] loss=0.00599 (run 0.00650, 11729s, 58ms/it)
  [iter 202000] loss=0.00548 (run 0.00650, 11758s, 58ms/it)
  [iter 202500] loss=0.00385 (run 0.00648, 11788s, 58ms/it)
  [iter 203000] loss=0.00638 (run 0.00649, 11817s, 58ms/it)
  [iter 203500] loss=0.00516 (run 0.00648, 11847s, 58ms/it)
  [iter 204000] loss=0.00660 (run 0.00647, 11876s, 58ms/it)
  [iter 204500] loss=0.00907 (run 0.00648, 11906s, 58ms/it)
  [iter 205000] loss=0.00649 (run 0.00648, 11935s, 58ms/it)
  [iter 205500] loss=0.00629 (run 0.00648, 11965s, 58ms/it)
  [iter 206000] loss=0.00670 (run 0.00647, 11995s, 58ms/it)
  [iter 206500] loss=0.00839 (run 0.00647, 12024s, 58ms/it)
  [iter 207000] loss=0.00425 (run 0.00646, 12053s, 58ms/it)
  [iter 207500] loss=0.00627 (run 0.00646, 12083s, 58ms/it)
  [iter 208000] loss=0.00470 (run 0.00645, 12113s, 58ms/it)
  [iter 208500] loss=0.00838 (run 0.00645, 12142s, 58ms/it)
  [iter 209000] loss=0.00687 (run 0.00645, 12172s, 58ms/it)
  [iter 209500] loss=0.00443 (run 0.00644, 12201s, 58ms/it)
  [iter 210000] loss=0.00817 (run 0.00644, 12230s, 58ms/it)
  [iter 210500] loss=0.00509 (run 0.00644, 12260s, 58ms/it)
  [iter 211000] loss=0.00521 (run 0.00643, 12289s, 58ms/it)
  [iter 211500] loss=0.00694 (run 0.00643, 12319s, 58ms/it)
  [iter 212000] loss=0.00931 (run 0.00641, 12349s, 58ms/it)
  [iter 212500] loss=0.00496 (run 0.00641, 12379s, 58ms/it)
[epoch 17/20] loss=0.00641 iters=212500 (12379s)
  [iter 213000] loss=0.00602 (run 0.00624, 12408s, 58ms/it)
  [iter 213500] loss=0.00556 (run 0.00618, 12438s, 58ms/it)
  [iter 214000] loss=0.00701 (run 0.00623, 12468s, 58ms/it)
  [iter 214500] loss=0.00760 (run 0.00622, 12497s, 58ms/it)
  [iter 215000] loss=0.00478 (run 0.00624, 12527s, 58ms/it)
  [iter 215500] loss=0.00646 (run 0.00624, 12556s, 58ms/it)
  [iter 216000] loss=0.00618 (run 0.00625, 12586s, 58ms/it)
  [iter 216500] loss=0.00652 (run 0.00626, 12615s, 58ms/it)
  [iter 217000] loss=0.00706 (run 0.00625, 12645s, 58ms/it)
  [iter 217500] loss=0.00513 (run 0.00625, 12674s, 58ms/it)
  [iter 218000] loss=0.00887 (run 0.00625, 12704s, 58ms/it)
  [iter 218500] loss=0.00487 (run 0.00624, 12733s, 58ms/it)
  [iter 219000] loss=0.00736 (run 0.00624, 12763s, 58ms/it)
  [iter 219500] loss=0.00528 (run 0.00624, 12793s, 58ms/it)
  [iter 220000] loss=0.00588 (run 0.00623, 12822s, 58ms/it)
  [iter 220500] loss=0.00714 (run 0.00622, 12852s, 58ms/it)
  [iter 221000] loss=0.00510 (run 0.00621, 12881s, 58ms/it)
  [iter 221500] loss=0.00585 (run 0.00621, 12911s, 58ms/it)
  [iter 222000] loss=0.00732 (run 0.00621, 12941s, 58ms/it)
  [iter 222500] loss=0.01095 (run 0.00621, 12970s, 58ms/it)
  [iter 223000] loss=0.00925 (run 0.00621, 13000s, 58ms/it)
  [iter 223500] loss=0.00497 (run 0.00620, 13029s, 58ms/it)
  [iter 224000] loss=0.00395 (run 0.00620, 13058s, 58ms/it)
  [iter 224500] loss=0.00518 (run 0.00619, 13088s, 58ms/it)
  [iter 225000] loss=0.00535 (run 0.00619, 13117s, 58ms/it)
[epoch 18/20] loss=0.00619 iters=225000 (13117s)
  [iter 225500] loss=0.00554 (run 0.00605, 13147s, 58ms/it)
  [iter 226000] loss=0.00529 (run 0.00610, 13176s, 58ms/it)
  [iter 226500] loss=0.00835 (run 0.00612, 13206s, 58ms/it)
  [iter 227000] loss=0.00544 (run 0.00609, 13236s, 58ms/it)
  [iter 227500] loss=0.00518 (run 0.00608, 13266s, 58ms/it)
  [iter 228000] loss=0.00805 (run 0.00607, 13295s, 58ms/it)
  [iter 228500] loss=0.00964 (run 0.00606, 13324s, 58ms/it)
  [iter 229000] loss=0.00494 (run 0.00606, 13354s, 58ms/it)
  [iter 229500] loss=0.00909 (run 0.00606, 13383s, 58ms/it)
  [iter 230000] loss=0.00854 (run 0.00606, 13413s, 58ms/it)
  [iter 230500] loss=0.00560 (run 0.00606, 13442s, 58ms/it)
  [iter 231000] loss=0.00503 (run 0.00606, 13472s, 58ms/it)
  [iter 231500] loss=0.00624 (run 0.00606, 13501s, 58ms/it)
  [iter 232000] loss=0.00514 (run 0.00607, 13531s, 58ms/it)
  [iter 232500] loss=0.00514 (run 0.00606, 13560s, 58ms/it)
  [iter 233000] loss=0.00470 (run 0.00606, 13589s, 58ms/it)
  [iter 233500] loss=0.00544 (run 0.00606, 13619s, 58ms/it)
  [iter 234000] loss=0.00658 (run 0.00606, 13648s, 58ms/it)
  [iter 234500] loss=0.00497 (run 0.00605, 13678s, 58ms/it)
  [iter 235000] loss=0.00413 (run 0.00605, 13707s, 58ms/it)
  [iter 235500] loss=0.00502 (run 0.00605, 13737s, 58ms/it)
  [iter 236000] loss=0.00743 (run 0.00604, 13766s, 58ms/it)
  [iter 236500] loss=0.00417 (run 0.00605, 13795s, 58ms/it)
  [iter 237000] loss=0.00524 (run 0.00605, 13825s, 58ms/it)
  [iter 237500] loss=0.00637 (run 0.00605, 13854s, 58ms/it)
[epoch 19/20] loss=0.00605 iters=237500 (13854s)
  [iter 238000] loss=0.00560 (run 0.00592, 13884s, 58ms/it)
  [iter 238500] loss=0.00472 (run 0.00602, 13913s, 58ms/it)
  [iter 239000] loss=0.00788 (run 0.00605, 13942s, 58ms/it)
  [iter 239500] loss=0.00439 (run 0.00603, 13972s, 58ms/it)
  [iter 240000] loss=0.00722 (run 0.00602, 14001s, 58ms/it)
  [iter 240500] loss=0.00456 (run 0.00601, 14031s, 58ms/it)
  [iter 241000] loss=0.00659 (run 0.00600, 14061s, 58ms/it)
  [iter 241500] loss=0.00775 (run 0.00600, 14090s, 58ms/it)
  [iter 242000] loss=0.00602 (run 0.00600, 14120s, 58ms/it)
  [iter 242500] loss=0.00551 (run 0.00601, 14149s, 58ms/it)
  [iter 243000] loss=0.00694 (run 0.00601, 14179s, 58ms/it)
  [iter 243500] loss=0.00770 (run 0.00600, 14209s, 58ms/it)
  [iter 244000] loss=0.00527 (run 0.00599, 14238s, 58ms/it)
  [iter 244500] loss=0.00736 (run 0.00599, 14268s, 58ms/it)
  [iter 245000] loss=0.00479 (run 0.00599, 14297s, 58ms/it)
  [iter 245500] loss=0.00622 (run 0.00600, 14326s, 58ms/it)
  [iter 246000] loss=0.00630 (run 0.00599, 14356s, 58ms/it)
  [iter 246500] loss=0.00507 (run 0.00599, 14385s, 58ms/it)
  [iter 247000] loss=0.00413 (run 0.00599, 14414s, 58ms/it)
  [iter 247500] loss=0.00473 (run 0.00599, 14444s, 58ms/it)
  [iter 248000] loss=0.00628 (run 0.00599, 14473s, 58ms/it)
  [iter 248500] loss=0.00474 (run 0.00598, 14502s, 58ms/it)
  [iter 249000] loss=0.00506 (run 0.00598, 14532s, 58ms/it)
  [iter 249500] loss=0.00805 (run 0.00598, 14561s, 58ms/it)
  [iter 250000] loss=0.00710 (run 0.00598, 14590s, 58ms/it)
[epoch 20/20] loss=0.00598 iters=250000 (14590s)
[save] gdm_reacher_s25.pt  (213.8 MB)
[done] 14591s; 250000 iters over 20 epochs
