=== arm=s10gdm offset=100 seed=44 (2t budget=200, pop=max150) ===
wrote reacher_horizon150.ep.t14.json: 128 pairs (episodes >= 8000, start <= ep_len-1-150), sample [[8014, 36], [8074, 26], [8087, 27]]
/lustre/home/ha676/le-wm/.venv/lib/python3.11/site-packages/stable_worldmodel/envs/__init__.py:215: UserWarning: ale-py not found; ALE/* envs are unavailable. Install with: pip install 'stable-worldmodel[env]' or pip install ale-py.
  from stable_worldmodel.envs import ale  # noqa: F401
[model] frozen LeWM (18.03M), device=cuda, training=False, subgoal=gdm
[gdm] planner from gdm_reacher_s10.pt: head=53.44M, N=3 WG=1 goal_cond=True T=1000 sampler=ddim/50-steps param=eps schedule=linear norm=standardize
09:59:00 | INFO  | atomic_chec~| [atomic_save] installed crash-safe checkpoint plugin (write to sibling .tmp + fsync + atomic rename)
[episodes-file] reacher_horizon150.ep.t14.json: 128 precomputed pairs (built for max_offset=150, seed=42, episode_min=8000) -- sampling bypassed; running at goal_offset=100
[eval] start=random num_eval=128 goal_offset=100 budget=200 qpos_threshold=0.05 rad/joint
[eval] episodes_idx[:5]=[8014, 8074, 8087, 8127, 8135] start_steps[:5]=[36, 26, 27, 26, 37]
09:59:00 | INFO  | __init__.py | MUJOCO_GL=egl, attempting to import specified OpenGL backend.
09:59:00 | INFO  | __init__.py | No OpenGL_accelerate module loaded: No module named 'OpenGL_accelerate'
09:59:00 | INFO  | __init__.py | MuJoCo library version is: 3.10.0
/lustre/home/ha676/le-wm/.venv/lib/python3.11/site-packages/gymnasium/envs/registration.py:729: UserWarning: [33mWARN: The environment is being initialised with render_mode='rgb_array' that is not in the possible render_modes ([]).[0m
  logger.warn(
CEM solve time: 27.9389 seconds
CEM solve time: 26.0887 seconds
CEM solve time: 22.4151 seconds
CEM solve time: 20.4741 seconds
CEM solve time: 17.6877 seconds
CEM solve time: 14.8637 seconds
CEM solve time: 12.7128 seconds
CEM solve time: 10.3402 seconds
CEM solve time: 8.8316 seconds
CEM solve time: 7.5407 seconds
CEM solve time: 6.2485 seconds
CEM solve time: 4.7431 seconds
CEM solve time: 4.0977 seconds
CEM solve time: 3.2348 seconds
CEM solve time: 2.5874 seconds
CEM solve time: 2.3726 seconds
CEM solve time: 2.3732 seconds
CEM solve time: 2.1545 seconds
CEM solve time: 1.9400 seconds
CEM solve time: 1.5095 seconds
[traces] saved runs/reacher/traces_hz150_s10gdm_t100_seed44.pt

==== FF-JEPA eval summary (Reacher qpos_match) ====
subgoal=gdm num_eval=128 goal_offset=100 budget=200 seed=44 cem_seed=44 S=10
  SR = 95.31%  (122/128)
