/lustre/home/ha676/le-wm/.venv/lib/python3.11/site-packages/stable_worldmodel/envs/__init__.py:215: UserWarning: ale-py not found; ALE/* envs are unavailable. Install with: pip install 'stable-worldmodel[env]' or pip install ale-py.
  from stable_worldmodel.envs import ale  # noqa: F401
[model] frozen LeWM (18.03M), device=cuda, training=False, subgoal=specaccept
[gdm] planner from gdm_reacher_s10.pt: head=53.44M, N=3 WG=1 goal_cond=True T=1000 sampler=ddim/8-steps param=eps schedule=linear norm=standardize
10:06:00 | INFO  | atomic_chec~| [atomic_save] installed crash-safe checkpoint plugin (write to sibling .tmp + fsync + atomic rename)
[episodes-file] reacher_horizon150.ep.t31.json: 128 precomputed pairs (built for max_offset=150, seed=42, episode_min=8000) -- sampling bypassed; running at goal_offset=125
[eval] start=random num_eval=128 goal_offset=125 budget=250 qpos_threshold=0.05 rad/joint
[eval] episodes_idx[:5]=[8014, 8074, 8087, 8127, 8135] start_steps[:5]=[36, 26, 27, 26, 37]
10:06:00 | INFO  | __init__.py | MUJOCO_GL=egl, attempting to import specified OpenGL backend.
10:06:00 | INFO  | __init__.py | No OpenGL_accelerate module loaded: No module named 'OpenGL_accelerate'
10:06:00 | INFO  | __init__.py | MuJoCo library version is: 3.10.0
/lustre/home/ha676/le-wm/.venv/lib/python3.11/site-packages/gymnasium/envs/registration.py:729: UserWarning: [33mWARN: The environment is being initialised with render_mode='rgb_array' that is not in the possible render_modes ([]).[0m
  logger.warn(
CEM solve time: 27.9293 seconds
CEM solve time: 26.6655 seconds
CEM solve time: 25.1563 seconds
CEM solve time: 22.1484 seconds
CEM solve time: 20.0007 seconds
CEM solve time: 18.9335 seconds
CEM solve time: 16.3602 seconds
CEM solve time: 13.7713 seconds
CEM solve time: 12.9137 seconds
CEM solve time: 10.1152 seconds
CEM solve time: 8.6071 seconds
CEM solve time: 7.9611 seconds
CEM solve time: 7.3172 seconds
CEM solve time: 6.0217 seconds
CEM solve time: 5.8097 seconds
CEM solve time: 5.1628 seconds
CEM solve time: 3.8721 seconds
CEM solve time: 3.2265 seconds
CEM solve time: 2.3671 seconds
CEM solve time: 2.3668 seconds
CEM solve time: 2.1523 seconds
CEM solve time: 1.9369 seconds
CEM solve time: 1.7236 seconds
CEM solve time: 1.7213 seconds
CEM solve time: 1.7219 seconds
[specaccept] tau=0.2 gdm_steps=8 re-drafts=735 advances=453 rejects=529 call_ratio=0.619 (every-step=1.000; lower = fewer diffusion calls)
[traces] saved runs/reacher/traces_hz150_s10spec_t125_seed45.pt

==== FF-JEPA eval summary (Reacher qpos_match) ====
subgoal=specaccept num_eval=128 goal_offset=125 budget=250 seed=45 cem_seed=45 S=10
  SR = 93.75%  (120/128)
