=== arm=s10spec offset=75 seed=45 (2t budget=150) ===
wrote reacher_horizon.ep.ext.t9.json: 128 pairs (episodes >= 8000, start <= ep_len-1-100), sample [[8014, 73], [8074, 52], [8087, 58]]
/lustre/home/ha676/le-wm/.venv/lib/python3.11/site-packages/stable_worldmodel/envs/__init__.py:215: UserWarning: ale-py not found; ALE/* envs are unavailable. Install with: pip install 'stable-worldmodel[env]' or pip install ale-py.
  from stable_worldmodel.envs import ale  # noqa: F401
[model] frozen LeWM (18.03M), device=cuda, training=False, subgoal=specaccept
[gdm] planner from gdm_reacher_s10.pt: head=53.44M, N=3 WG=1 goal_cond=True T=1000 sampler=ddim/8-steps param=eps schedule=linear norm=standardize
09:30:02 | INFO  | atomic_chec~| [atomic_save] installed crash-safe checkpoint plugin (write to sibling .tmp + fsync + atomic rename)
[episodes-file] reacher_horizon.ep.ext.t9.json: 128 precomputed pairs (built for max_offset=100, seed=42, episode_min=8000) -- sampling bypassed; running at goal_offset=75
[eval] start=random num_eval=128 goal_offset=75 budget=150 qpos_threshold=0.05 rad/joint
[eval] episodes_idx[:5]=[8014, 8074, 8087, 8127, 8135] start_steps[:5]=[73, 52, 58, 58, 79]
09:30:02 | INFO  | __init__.py | MUJOCO_GL=egl, attempting to import specified OpenGL backend.
09:30:03 | INFO  | __init__.py | No OpenGL_accelerate module loaded: No module named 'OpenGL_accelerate'
09:30:03 | INFO  | __init__.py | MuJoCo library version is: 3.10.0
/lustre/home/ha676/le-wm/.venv/lib/python3.11/site-packages/gymnasium/envs/registration.py:729: UserWarning: [33mWARN: The environment is being initialised with render_mode='rgb_array' that is not in the possible render_modes ([]).[0m
  logger.warn(
CEM solve time: 28.2624 seconds
CEM solve time: 26.2508 seconds
CEM solve time: 23.0289 seconds
CEM solve time: 21.3089 seconds
CEM solve time: 17.4368 seconds
CEM solve time: 16.3621 seconds
CEM solve time: 13.9932 seconds
CEM solve time: 11.2003 seconds
CEM solve time: 9.2560 seconds
CEM solve time: 7.7433 seconds
CEM solve time: 4.8085 seconds
CEM solve time: 3.8787 seconds
CEM solve time: 3.4486 seconds
CEM solve time: 2.8021 seconds
CEM solve time: 2.5875 seconds
[specaccept] tau=0.2 gdm_steps=8 re-drafts=556 advances=334 rejects=376 call_ratio=0.625 (every-step=1.000; lower = fewer diffusion calls)
[traces] saved runs/reacher/traces_hz_s10spec_t75_2t_seed45.pt

==== FF-JEPA eval summary (Reacher qpos_match) ====
subgoal=specaccept num_eval=128 goal_offset=75 budget=150 seed=45 cem_seed=45 S=10
  SR = 90.62%  (116/128)
