=== arm=s5spec subgoal=specaccept ckpt=gdm_reacher_s5.pt horizon=receding=1 k=8 seed=43 ===
/lustre/home/ha676/le-wm/.venv/lib/python3.11/site-packages/stable_worldmodel/envs/__init__.py:215: UserWarning: ale-py not found; ALE/* envs are unavailable. Install with: pip install 'stable-worldmodel[env]' or pip install ale-py.
  from stable_worldmodel.envs import ale  # noqa: F401
[model] frozen LeWM (18.03M), device=cuda, training=False, subgoal=specaccept
[gdm] planner from gdm_reacher_s5.pt: head=53.44M, N=3 WG=1 goal_cond=True T=1000 sampler=ddim/8-steps param=eps schedule=linear norm=standardize
05:21:58 | INFO  | atomic_chec~| [atomic_save] installed crash-safe checkpoint plugin (write to sibling .tmp + fsync + atomic rename)
[holdout] eval restricted to episodes [8000, 10000) (2000/10000 eligible)
[eval] start=random num_eval=128 goal_offset=25 budget=50 qpos_threshold=0.05 rad/joint
[eval] episodes_idx[:5]=[8007, 8008, 8008, 8025, 8028] start_steps[:5]=[162, 26, 53, 71, 16]
05:21:58 | INFO  | __init__.py | MUJOCO_GL=egl, attempting to import specified OpenGL backend.
05:21:58 | INFO  | __init__.py | No OpenGL_accelerate module loaded: No module named 'OpenGL_accelerate'
05:21:58 | INFO  | __init__.py | MuJoCo library version is: 3.10.0
/lustre/home/ha676/le-wm/.venv/lib/python3.11/site-packages/gymnasium/envs/registration.py:729: UserWarning: [33mWARN: The environment is being initialised with render_mode='rgb_array' that is not in the possible render_modes ([]).[0m
  logger.warn(
CEM solve time: 14.2712 seconds
CEM solve time: 13.0598 seconds
CEM solve time: 11.8626 seconds
CEM solve time: 10.9039 seconds
CEM solve time: 10.1562 seconds
CEM solve time: 9.9232 seconds
CEM solve time: 8.8479 seconds
CEM solve time: 8.2068 seconds
CEM solve time: 7.3541 seconds
CEM solve time: 7.1427 seconds
[specaccept] tau=0.2 gdm_steps=8 re-drafts=552 advances=395 rejects=337 call_ratio=0.583 (every-step=1.000; lower = fewer diffusion calls)
[traces] saved runs/reacher/traces_s5spec_seed43.pt

==== FF-JEPA eval summary (Reacher qpos_match) ====
subgoal=specaccept num_eval=128 goal_offset=25 budget=50 seed=43 cem_seed=43 S=5
  SR = 51.56%  (66/128)
