=== arm=s10gdm offset=75 seed=42 (budgets: 2t=150, vlwm=50) ===
wrote reacher_horizon.ep.t12.json: 128 pairs (episodes >= 8000, start <= ep_len-1-100), sample [[8014, 73], [8074, 52], [8087, 58]]
--- FF-JEPA regime: budget 2t ---
/lustre/home/ha676/le-wm/.venv/lib/python3.11/site-packages/stable_worldmodel/envs/__init__.py:215: UserWarning: ale-py not found; ALE/* envs are unavailable. Install with: pip install 'stable-worldmodel[env]' or pip install ale-py.
  from stable_worldmodel.envs import ale  # noqa: F401
[model] frozen LeWM (18.03M), device=cuda, training=False, subgoal=gdm
[gdm] planner from gdm_reacher_s10.pt: head=53.44M, N=3 WG=1 goal_cond=True T=1000 sampler=ddim/50-steps param=eps schedule=linear norm=standardize
05:29:08 | INFO  | atomic_chec~| [atomic_save] installed crash-safe checkpoint plugin (write to sibling .tmp + fsync + atomic rename)
[episodes-file] reacher_horizon.ep.t12.json: 128 precomputed pairs (built for max_offset=100, seed=42, episode_min=8000) -- sampling bypassed; running at goal_offset=75
[eval] start=random num_eval=128 goal_offset=75 budget=150 qpos_threshold=0.05 rad/joint
[eval] episodes_idx[:5]=[8014, 8074, 8087, 8127, 8135] start_steps[:5]=[73, 52, 58, 58, 79]
05:29:08 | INFO  | __init__.py | MUJOCO_GL=egl, attempting to import specified OpenGL backend.
05:29:08 | INFO  | __init__.py | No OpenGL_accelerate module loaded: No module named 'OpenGL_accelerate'
05:29:08 | INFO  | __init__.py | MuJoCo library version is: 3.10.0
/lustre/home/ha676/le-wm/.venv/lib/python3.11/site-packages/gymnasium/envs/registration.py:729: UserWarning: [33mWARN: The environment is being initialised with render_mode='rgb_array' that is not in the possible render_modes ([]).[0m
  logger.warn(
CEM solve time: 27.7056 seconds
CEM solve time: 26.0970 seconds
CEM solve time: 24.1821 seconds
CEM solve time: 20.9456 seconds
CEM solve time: 17.0737 seconds
CEM solve time: 14.2389 seconds
CEM solve time: 11.0169 seconds
CEM solve time: 8.6417 seconds
CEM solve time: 7.5589 seconds
CEM solve time: 5.8275 seconds
CEM solve time: 4.9624 seconds
CEM solve time: 4.1012 seconds
CEM solve time: 3.0206 seconds
CEM solve time: 2.5938 seconds
CEM solve time: 2.3755 seconds
[traces] saved runs/reacher/traces_hz_s10gdm_t75_2t_seed42.pt

==== FF-JEPA eval summary (Reacher qpos_match) ====
subgoal=gdm num_eval=128 goal_offset=75 budget=150 seed=42 cem_seed=42 S=10
  SR = 92.19%  (118/128)
--- VLWM regime: budget 50 fixed ---
/lustre/home/ha676/le-wm/.venv/lib/python3.11/site-packages/stable_worldmodel/envs/__init__.py:215: UserWarning: ale-py not found; ALE/* envs are unavailable. Install with: pip install 'stable-worldmodel[env]' or pip install ale-py.
  from stable_worldmodel.envs import ale  # noqa: F401
[model] frozen LeWM (18.03M), device=cuda, training=False, subgoal=gdm
[gdm] planner from gdm_reacher_s10.pt: head=53.44M, N=3 WG=1 goal_cond=True T=1000 sampler=ddim/50-steps param=eps schedule=linear norm=standardize
05:33:49 | INFO  | atomic_chec~| [atomic_save] installed crash-safe checkpoint plugin (write to sibling .tmp + fsync + atomic rename)
[episodes-file] reacher_horizon.ep.t12.json: 128 precomputed pairs (built for max_offset=100, seed=42, episode_min=8000) -- sampling bypassed; running at goal_offset=75
[eval] start=random num_eval=128 goal_offset=75 budget=50 qpos_threshold=0.05 rad/joint
[eval] episodes_idx[:5]=[8014, 8074, 8087, 8127, 8135] start_steps[:5]=[73, 52, 58, 58, 79]
05:33:50 | INFO  | __init__.py | MUJOCO_GL=egl, attempting to import specified OpenGL backend.
05:33:50 | INFO  | __init__.py | No OpenGL_accelerate module loaded: No module named 'OpenGL_accelerate'
05:33:50 | INFO  | __init__.py | MuJoCo library version is: 3.10.0
/lustre/home/ha676/le-wm/.venv/lib/python3.11/site-packages/gymnasium/envs/registration.py:729: UserWarning: [33mWARN: The environment is being initialised with render_mode='rgb_array' that is not in the possible render_modes ([]).[0m
  logger.warn(
CEM solve time: 27.7270 seconds
CEM solve time: 26.0962 seconds
CEM solve time: 24.1942 seconds
CEM solve time: 20.9422 seconds
CEM solve time: 17.0620 seconds
[traces] saved runs/reacher/traces_hz_s10gdm_t75_b50_seed42.pt

==== FF-JEPA eval summary (Reacher qpos_match) ====
subgoal=gdm num_eval=128 goal_offset=75 budget=50 seed=42 cem_seed=42 S=10
  SR = 49.22%  (63/128)
