[mask] train episodes: 8000/10000 (holdout = 2000)
=== train gdm_reacher_s10.pt (faithful recipe, goal-cond sampled gap 1..100, eps<8000) ===
[cfg] {'subgoals': 'subgoals_reacher_dense.pt', 'out': 'gdm_reacher_s10.pt', 'device': 'cuda', 'seed': 42, 'mask': 'custom', 'custom_mask_file': 'reacher_train_mask.npy', 'window_rule': 'clamp', 'subgoal_step': 10, 'latent_dim': 192, 'n_future': 3, 'wg': 1, 'hidden': 512, 'depth': 11, 'heads': 8, 'mlp_ratio': 4.0, 'goal_cond': True, 'goal_rule': 'window', 'goal_gap': 1, 'goal_gap_max': 100, 'timesteps': 1000, 'parameterization': 'eps', 'schedule': 'linear', 'min_snr_gamma': 0.0, 'sampler': 'ddim', 'normalization': 'standardize', 'epochs': 20, 'batch_size': 128, 'lr': 5e-05, 'weight_decay': 0.001, 'grad_clip': 1.0, 'lr_schedule': 'warmup_cosine', 'warmup_frac': 0.01, 'amp': True, 'ema_decay': 0.0, 'num_workers': 0, 'log_every': 500}
[data] mask=customdeg: 8000 episodes used; 1600000 (cond,target) pairs; window_rule=clamp; file_stride=1 subgoal_step=10 => subgoal horizon = 10 frames  [GOAL-COND ablation, goal_rule=window gap=1]
[norm] native ||z|| mean=13.79 (sqrt(D)=13.86); standardize per-dim (mean|.|=0.035, std mean=0.993)
[model] GDM (DiT) head params = 53.44M (hidden=512 depth=11 heads=8); diffusion T=1000 param=eps schedule=linear sampler=ddim norm=standardize min_snr_gamma=0.0
[sched] warmup_cosine: total_steps=250000 warmup=2500 peak_lr=5.0e-05 -> 0 (eta_min)
  [iter 500] loss=0.38259 (run 0.89154, 76s, 152ms/it)
  [iter 1000] loss=0.15680 (run 0.53435, 104s, 104ms/it)
  [iter 1500] loss=0.13928 (run 0.39935, 133s, 88ms/it)
  [iter 2000] loss=0.08603 (run 0.32669, 162s, 81ms/it)
  [iter 2500] loss=0.07943 (run 0.27963, 192s, 77ms/it)
  [iter 3000] loss=0.07725 (run 0.24611, 221s, 74ms/it)
  [iter 3500] loss=0.05869 (run 0.22088, 250s, 71ms/it)
  [iter 4000] loss=0.05731 (run 0.20116, 279s, 70ms/it)
  [iter 4500] loss=0.04339 (run 0.18536, 307s, 68ms/it)
  [iter 5000] loss=0.03755 (run 0.17223, 336s, 67ms/it)
  [iter 5500] loss=0.05388 (run 0.16130, 364s, 66ms/it)
  [iter 6000] loss=0.04914 (run 0.15195, 393s, 65ms/it)
  [iter 6500] loss=0.04869 (run 0.14392, 422s, 65ms/it)
  [iter 7000] loss=0.05512 (run 0.13686, 452s, 65ms/it)
  [iter 7500] loss=0.05461 (run 0.13070, 481s, 64ms/it)
  [iter 8000] loss=0.03694 (run 0.12519, 511s, 64ms/it)
  [iter 8500] loss=0.03427 (run 0.12021, 541s, 64ms/it)
  [iter 9000] loss=0.04462 (run 0.11571, 570s, 63ms/it)
  [iter 9500] loss=0.03957 (run 0.11167, 599s, 63ms/it)
  [iter 10000] loss=0.02628 (run 0.10795, 628s, 63ms/it)
  [iter 10500] loss=0.03078 (run 0.10454, 658s, 63ms/it)
  [iter 11000] loss=0.03199 (run 0.10137, 686s, 62ms/it)
  [iter 11500] loss=0.03987 (run 0.09843, 716s, 62ms/it)
  [iter 12000] loss=0.03173 (run 0.09571, 745s, 62ms/it)
  [iter 12500] loss=0.03147 (run 0.09322, 774s, 62ms/it)
[epoch 01/20] loss=0.09322 iters=12500 (774s)
  [iter 13000] loss=0.04382 (run 0.03290, 803s, 62ms/it)
  [iter 13500] loss=0.02241 (run 0.03222, 832s, 62ms/it)
  [iter 14000] loss=0.02881 (run 0.03174, 861s, 62ms/it)
  [iter 14500] loss=0.03009 (run 0.03137, 890s, 61ms/it)
  [iter 15000] loss=0.02654 (run 0.03110, 920s, 61ms/it)
  [iter 15500] loss=0.02577 (run 0.03084, 949s, 61ms/it)
  [iter 16000] loss=0.02576 (run 0.03045, 978s, 61ms/it)
  [iter 16500] loss=0.03207 (run 0.03014, 1007s, 61ms/it)
  [iter 17000] loss=0.02399 (run 0.02988, 1036s, 61ms/it)
  [iter 17500] loss=0.02682 (run 0.02961, 1065s, 61ms/it)
  [iter 18000] loss=0.02763 (run 0.02938, 1094s, 61ms/it)
  [iter 18500] loss=0.02473 (run 0.02912, 1123s, 61ms/it)
  [iter 19000] loss=0.03048 (run 0.02891, 1152s, 61ms/it)
  [iter 19500] loss=0.02302 (run 0.02872, 1181s, 61ms/it)
  [iter 20000] loss=0.02354 (run 0.02850, 1210s, 60ms/it)
  [iter 20500] loss=0.02774 (run 0.02828, 1239s, 60ms/it)
  [iter 21000] loss=0.02575 (run 0.02809, 1268s, 60ms/it)
  [iter 21500] loss=0.02007 (run 0.02792, 1297s, 60ms/it)
  [iter 22000] loss=0.02637 (run 0.02775, 1326s, 60ms/it)
  [iter 22500] loss=0.02476 (run 0.02759, 1356s, 60ms/it)
  [iter 23000] loss=0.02486 (run 0.02741, 1385s, 60ms/it)
  [iter 23500] loss=0.03335 (run 0.02725, 1415s, 60ms/it)
  [iter 24000] loss=0.03365 (run 0.02705, 1444s, 60ms/it)
  [iter 24500] loss=0.02709 (run 0.02689, 1473s, 60ms/it)
  [iter 25000] loss=0.04252 (run 0.02672, 1502s, 60ms/it)
[epoch 02/20] loss=0.02672 iters=25000 (1502s)
  [iter 25500] loss=0.02728 (run 0.02282, 1532s, 60ms/it)
  [iter 26000] loss=0.03358 (run 0.02281, 1561s, 60ms/it)
  [iter 26500] loss=0.01770 (run 0.02254, 1591s, 60ms/it)
  [iter 27000] loss=0.02640 (run 0.02247, 1620s, 60ms/it)
  [iter 27500] loss=0.02393 (run 0.02244, 1649s, 60ms/it)
  [iter 28000] loss=0.02684 (run 0.02241, 1678s, 60ms/it)
  [iter 28500] loss=0.02507 (run 0.02235, 1707s, 60ms/it)
  [iter 29000] loss=0.02089 (run 0.02216, 1736s, 60ms/it)
  [iter 29500] loss=0.01481 (run 0.02209, 1765s, 60ms/it)
  [iter 30000] loss=0.02641 (run 0.02204, 1794s, 60ms/it)
  [iter 30500] loss=0.02016 (run 0.02190, 1823s, 60ms/it)
  [iter 31000] loss=0.02362 (run 0.02180, 1852s, 60ms/it)
  [iter 31500] loss=0.02996 (run 0.02169, 1881s, 60ms/it)
  [iter 32000] loss=0.02191 (run 0.02162, 1910s, 60ms/it)
  [iter 32500] loss=0.02034 (run 0.02153, 1939s, 60ms/it)
  [iter 33000] loss=0.02223 (run 0.02147, 1969s, 60ms/it)
  [iter 33500] loss=0.01576 (run 0.02141, 1999s, 60ms/it)
  [iter 34000] loss=0.02587 (run 0.02135, 2029s, 60ms/it)
  [iter 34500] loss=0.01577 (run 0.02128, 2058s, 60ms/it)
  [iter 35000] loss=0.01365 (run 0.02121, 2088s, 60ms/it)
  [iter 35500] loss=0.01783 (run 0.02115, 2117s, 60ms/it)
  [iter 36000] loss=0.01595 (run 0.02106, 2146s, 60ms/it)
  [iter 36500] loss=0.00982 (run 0.02098, 2175s, 60ms/it)
  [iter 37000] loss=0.01716 (run 0.02090, 2204s, 60ms/it)
  [iter 37500] loss=0.01862 (run 0.02084, 2233s, 60ms/it)
[epoch 03/20] loss=0.02084 iters=37500 (2233s)
  [iter 38000] loss=0.01440 (run 0.01941, 2262s, 60ms/it)
  [iter 38500] loss=0.01973 (run 0.01932, 2291s, 60ms/it)
  [iter 39000] loss=0.01047 (run 0.01919, 2320s, 59ms/it)
  [iter 39500] loss=0.02396 (run 0.01911, 2349s, 59ms/it)
  [iter 40000] loss=0.02130 (run 0.01913, 2379s, 59ms/it)
  [iter 40500] loss=0.01879 (run 0.01913, 2408s, 59ms/it)
  [iter 41000] loss=0.01056 (run 0.01904, 2437s, 59ms/it)
  [iter 41500] loss=0.01560 (run 0.01903, 2466s, 59ms/it)
  [iter 42000] loss=0.01774 (run 0.01898, 2496s, 59ms/it)
  [iter 42500] loss=0.01665 (run 0.01896, 2525s, 59ms/it)
  [iter 43000] loss=0.02704 (run 0.01891, 2554s, 59ms/it)
  [iter 43500] loss=0.01268 (run 0.01882, 2583s, 59ms/it)
  [iter 44000] loss=0.01806 (run 0.01879, 2612s, 59ms/it)
  [iter 44500] loss=0.01495 (run 0.01874, 2641s, 59ms/it)
  [iter 45000] loss=0.02527 (run 0.01868, 2669s, 59ms/it)
  [iter 45500] loss=0.02527 (run 0.01862, 2698s, 59ms/it)
  [iter 46000] loss=0.02050 (run 0.01858, 2727s, 59ms/it)
  [iter 46500] loss=0.01463 (run 0.01855, 2756s, 59ms/it)
  [iter 47000] loss=0.02188 (run 0.01851, 2785s, 59ms/it)
  [iter 47500] loss=0.01371 (run 0.01847, 2814s, 59ms/it)
  [iter 48000] loss=0.01190 (run 0.01843, 2843s, 59ms/it)
  [iter 48500] loss=0.01215 (run 0.01841, 2872s, 59ms/it)
  [iter 49000] loss=0.01393 (run 0.01835, 2901s, 59ms/it)
  [iter 49500] loss=0.02041 (run 0.01832, 2930s, 59ms/it)
  [iter 50000] loss=0.01826 (run 0.01829, 2959s, 59ms/it)
[epoch 04/20] loss=0.01829 iters=50000 (2959s)
  [iter 50500] loss=0.02484 (run 0.01704, 2988s, 59ms/it)
  [iter 51000] loss=0.01532 (run 0.01695, 3017s, 59ms/it)
  [iter 51500] loss=0.01755 (run 0.01711, 3045s, 59ms/it)
  [iter 52000] loss=0.02530 (run 0.01719, 3074s, 59ms/it)
  [iter 52500] loss=0.01155 (run 0.01720, 3103s, 59ms/it)
  [iter 53000] loss=0.01014 (run 0.01719, 3132s, 59ms/it)
  [iter 53500] loss=0.00962 (run 0.01714, 3161s, 59ms/it)
  [iter 54000] loss=0.01373 (run 0.01711, 3190s, 59ms/it)
  [iter 54500] loss=0.02426 (run 0.01708, 3219s, 59ms/it)
  [iter 55000] loss=0.01737 (run 0.01707, 3248s, 59ms/it)
  [iter 55500] loss=0.01537 (run 0.01703, 3277s, 59ms/it)
  [iter 56000] loss=0.01428 (run 0.01700, 3306s, 59ms/it)
  [iter 56500] loss=0.01274 (run 0.01700, 3334s, 59ms/it)
  [iter 57000] loss=0.01590 (run 0.01699, 3363s, 59ms/it)
  [iter 57500] loss=0.01636 (run 0.01698, 3392s, 59ms/it)
  [iter 58000] loss=0.01736 (run 0.01694, 3421s, 59ms/it)
  [iter 58500] loss=0.01580 (run 0.01690, 3450s, 59ms/it)
  [iter 59000] loss=0.01473 (run 0.01687, 3479s, 59ms/it)
  [iter 59500] loss=0.01952 (run 0.01682, 3508s, 59ms/it)
  [iter 60000] loss=0.01533 (run 0.01679, 3537s, 59ms/it)
  [iter 60500] loss=0.01458 (run 0.01679, 3566s, 59ms/it)
  [iter 61000] loss=0.01246 (run 0.01675, 3595s, 59ms/it)
  [iter 61500] loss=0.01316 (run 0.01672, 3624s, 59ms/it)
  [iter 62000] loss=0.01760 (run 0.01669, 3653s, 59ms/it)
  [iter 62500] loss=0.01336 (run 0.01665, 3681s, 59ms/it)
[epoch 05/20] loss=0.01665 iters=62500 (3681s)
  [iter 63000] loss=0.01214 (run 0.01615, 3710s, 59ms/it)
  [iter 63500] loss=0.01331 (run 0.01611, 3739s, 59ms/it)
  [iter 64000] loss=0.01749 (run 0.01606, 3768s, 59ms/it)
  [iter 64500] loss=0.01111 (run 0.01604, 3797s, 59ms/it)
  [iter 65000] loss=0.01852 (run 0.01605, 3826s, 59ms/it)
  [iter 65500] loss=0.01456 (run 0.01596, 3855s, 59ms/it)
  [iter 66000] loss=0.01979 (run 0.01593, 3884s, 59ms/it)
  [iter 66500] loss=0.02494 (run 0.01585, 3913s, 59ms/it)
  [iter 67000] loss=0.01183 (run 0.01581, 3942s, 59ms/it)
  [iter 67500] loss=0.01227 (run 0.01582, 3972s, 59ms/it)
  [iter 68000] loss=0.01822 (run 0.01576, 4000s, 59ms/it)
  [iter 68500] loss=0.02065 (run 0.01575, 4030s, 59ms/it)
  [iter 69000] loss=0.01655 (run 0.01577, 4059s, 59ms/it)
  [iter 69500] loss=0.01836 (run 0.01577, 4088s, 59ms/it)
  [iter 70000] loss=0.01691 (run 0.01572, 4117s, 59ms/it)
  [iter 70500] loss=0.01695 (run 0.01570, 4147s, 59ms/it)
  [iter 71000] loss=0.01369 (run 0.01567, 4176s, 59ms/it)
  [iter 71500] loss=0.01013 (run 0.01562, 4205s, 59ms/it)
  [iter 72000] loss=0.01742 (run 0.01560, 4235s, 59ms/it)
  [iter 72500] loss=0.01408 (run 0.01557, 4264s, 59ms/it)
  [iter 73000] loss=0.01393 (run 0.01555, 4293s, 59ms/it)
  [iter 73500] loss=0.01302 (run 0.01552, 4322s, 59ms/it)
  [iter 74000] loss=0.01345 (run 0.01551, 4351s, 59ms/it)
  [iter 74500] loss=0.01082 (run 0.01548, 4379s, 59ms/it)
  [iter 75000] loss=0.01406 (run 0.01548, 4408s, 59ms/it)
[epoch 06/20] loss=0.01548 iters=75000 (4408s)
  [iter 75500] loss=0.01168 (run 0.01470, 4438s, 59ms/it)
  [iter 76000] loss=0.02055 (run 0.01487, 4467s, 59ms/it)
  [iter 76500] loss=0.01268 (run 0.01486, 4496s, 59ms/it)
  [iter 77000] loss=0.01804 (run 0.01485, 4524s, 59ms/it)
  [iter 77500] loss=0.01691 (run 0.01478, 4553s, 59ms/it)
  [iter 78000] loss=0.00982 (run 0.01474, 4582s, 59ms/it)
  [iter 78500] loss=0.01673 (run 0.01478, 4611s, 59ms/it)
  [iter 79000] loss=0.01361 (run 0.01472, 4640s, 59ms/it)
  [iter 79500] loss=0.01405 (run 0.01471, 4669s, 59ms/it)
  [iter 80000] loss=0.01913 (run 0.01468, 4698s, 59ms/it)
  [iter 80500] loss=0.01569 (run 0.01467, 4726s, 59ms/it)
  [iter 81000] loss=0.01051 (run 0.01467, 4755s, 59ms/it)
  [iter 81500] loss=0.01376 (run 0.01466, 4784s, 59ms/it)
  [iter 82000] loss=0.02129 (run 0.01467, 4813s, 59ms/it)
  [iter 82500] loss=0.01118 (run 0.01465, 4843s, 59ms/it)
  [iter 83000] loss=0.02048 (run 0.01463, 4872s, 59ms/it)
  [iter 83500] loss=0.00933 (run 0.01460, 4902s, 59ms/it)
  [iter 84000] loss=0.01560 (run 0.01459, 4931s, 59ms/it)
  [iter 84500] loss=0.01106 (run 0.01458, 4960s, 59ms/it)
  [iter 85000] loss=0.01743 (run 0.01457, 4990s, 59ms/it)
  [iter 85500] loss=0.01378 (run 0.01455, 5019s, 59ms/it)
  [iter 86000] loss=0.01190 (run 0.01454, 5048s, 59ms/it)
  [iter 86500] loss=0.02092 (run 0.01452, 5076s, 59ms/it)
  [iter 87000] loss=0.01826 (run 0.01451, 5106s, 59ms/it)
  [iter 87500] loss=0.01516 (run 0.01449, 5135s, 59ms/it)
[epoch 07/20] loss=0.01449 iters=87500 (5135s)
  [iter 88000] loss=0.01191 (run 0.01399, 5164s, 59ms/it)
  [iter 88500] loss=0.01306 (run 0.01400, 5192s, 59ms/it)
  [iter 89000] loss=0.01075 (run 0.01407, 5221s, 59ms/it)
  [iter 89500] loss=0.01104 (run 0.01406, 5250s, 59ms/it)
  [iter 90000] loss=0.01851 (run 0.01403, 5279s, 59ms/it)
  [iter 90500] loss=0.01586 (run 0.01402, 5309s, 59ms/it)
  [iter 91000] loss=0.01944 (run 0.01400, 5338s, 59ms/it)
  [iter 91500] loss=0.01057 (run 0.01398, 5367s, 59ms/it)
  [iter 92000] loss=0.01865 (run 0.01395, 5397s, 59ms/it)
  [iter 92500] loss=0.01286 (run 0.01394, 5426s, 59ms/it)
  [iter 93000] loss=0.01680 (run 0.01391, 5455s, 59ms/it)
  [iter 93500] loss=0.01028 (run 0.01390, 5484s, 59ms/it)
  [iter 94000] loss=0.01034 (run 0.01389, 5513s, 59ms/it)
  [iter 94500] loss=0.01065 (run 0.01389, 5542s, 59ms/it)
  [iter 95000] loss=0.01546 (run 0.01387, 5571s, 59ms/it)
  [iter 95500] loss=0.00885 (run 0.01386, 5601s, 59ms/it)
  [iter 96000] loss=0.02166 (run 0.01386, 5630s, 59ms/it)
  [iter 96500] loss=0.01653 (run 0.01381, 5659s, 59ms/it)
  [iter 97000] loss=0.01239 (run 0.01379, 5688s, 59ms/it)
  [iter 97500] loss=0.01247 (run 0.01378, 5717s, 59ms/it)
  [iter 98000] loss=0.01554 (run 0.01376, 5747s, 59ms/it)
  [iter 98500] loss=0.00969 (run 0.01374, 5776s, 59ms/it)
  [iter 99000] loss=0.02262 (run 0.01374, 5805s, 59ms/it)
  [iter 99500] loss=0.01830 (run 0.01373, 5834s, 59ms/it)
  [iter 100000] loss=0.00790 (run 0.01371, 5863s, 59ms/it)
[epoch 08/20] loss=0.01371 iters=100000 (5863s)
  [iter 100500] loss=0.01253 (run 0.01334, 5892s, 59ms/it)
  [iter 101000] loss=0.01299 (run 0.01339, 5921s, 59ms/it)
  [iter 101500] loss=0.01868 (run 0.01340, 5950s, 59ms/it)
  [iter 102000] loss=0.01412 (run 0.01332, 5980s, 59ms/it)
  [iter 102500] loss=0.01808 (run 0.01326, 6009s, 59ms/it)
  [iter 103000] loss=0.01224 (run 0.01321, 6038s, 59ms/it)
  [iter 103500] loss=0.02043 (run 0.01321, 6068s, 59ms/it)
  [iter 104000] loss=0.00989 (run 0.01322, 6098s, 59ms/it)
  [iter 104500] loss=0.01193 (run 0.01324, 6128s, 59ms/it)
  [iter 105000] loss=0.01783 (run 0.01323, 6158s, 59ms/it)
  [iter 105500] loss=0.01596 (run 0.01321, 6187s, 59ms/it)
  [iter 106000] loss=0.01029 (run 0.01322, 6217s, 59ms/it)
  [iter 106500] loss=0.01238 (run 0.01319, 6246s, 59ms/it)
  [iter 107000] loss=0.01054 (run 0.01318, 6275s, 59ms/it)
  [iter 107500] loss=0.01213 (run 0.01318, 6305s, 59ms/it)
  [iter 108000] loss=0.00933 (run 0.01317, 6334s, 59ms/it)
  [iter 108500] loss=0.01170 (run 0.01315, 6364s, 59ms/it)
  [iter 109000] loss=0.01015 (run 0.01312, 6393s, 59ms/it)
  [iter 109500] loss=0.01120 (run 0.01313, 6423s, 59ms/it)
  [iter 110000] loss=0.01383 (run 0.01312, 6452s, 59ms/it)
  [iter 110500] loss=0.01140 (run 0.01311, 6481s, 59ms/it)
  [iter 111000] loss=0.01282 (run 0.01310, 6511s, 59ms/it)
  [iter 111500] loss=0.00911 (run 0.01308, 6541s, 59ms/it)
  [iter 112000] loss=0.00762 (run 0.01307, 6571s, 59ms/it)
  [iter 112500] loss=0.01135 (run 0.01305, 6600s, 59ms/it)
[epoch 09/20] loss=0.01305 iters=112500 (6600s)
  [iter 113000] loss=0.01352 (run 0.01295, 6629s, 59ms/it)
  [iter 113500] loss=0.01215 (run 0.01277, 6659s, 59ms/it)
  [iter 114000] loss=0.00962 (run 0.01280, 6689s, 59ms/it)
  [iter 114500] loss=0.01808 (run 0.01270, 6718s, 59ms/it)
  [iter 115000] loss=0.01069 (run 0.01268, 6748s, 59ms/it)
  [iter 115500] loss=0.01133 (run 0.01264, 6778s, 59ms/it)
  [iter 116000] loss=0.01791 (run 0.01265, 6807s, 59ms/it)
  [iter 116500] loss=0.01568 (run 0.01263, 6836s, 59ms/it)
  [iter 117000] loss=0.01176 (run 0.01260, 6865s, 59ms/it)
  [iter 117500] loss=0.01238 (run 0.01260, 6894s, 59ms/it)
  [iter 118000] loss=0.01218 (run 0.01257, 6923s, 59ms/it)
  [iter 118500] loss=0.00957 (run 0.01255, 6952s, 59ms/it)
  [iter 119000] loss=0.01038 (run 0.01253, 6981s, 59ms/it)
  [iter 119500] loss=0.00927 (run 0.01253, 7011s, 59ms/it)
  [iter 120000] loss=0.01602 (run 0.01251, 7041s, 59ms/it)
  [iter 120500] loss=0.01082 (run 0.01247, 7070s, 59ms/it)
  [iter 121000] loss=0.01340 (run 0.01246, 7099s, 59ms/it)
  [iter 121500] loss=0.01017 (run 0.01245, 7128s, 59ms/it)
  [iter 122000] loss=0.01084 (run 0.01246, 7157s, 59ms/it)
  [iter 122500] loss=0.00927 (run 0.01244, 7186s, 59ms/it)
  [iter 123000] loss=0.01123 (run 0.01243, 7215s, 59ms/it)
  [iter 123500] loss=0.01354 (run 0.01242, 7245s, 59ms/it)
  [iter 124000] loss=0.01865 (run 0.01241, 7274s, 59ms/it)
  [iter 124500] loss=0.01058 (run 0.01239, 7303s, 59ms/it)
  [iter 125000] loss=0.01256 (run 0.01238, 7332s, 59ms/it)
[epoch 10/20] loss=0.01238 iters=125000 (7332s)
  [iter 125500] loss=0.01045 (run 0.01179, 7362s, 59ms/it)
  [iter 126000] loss=0.01012 (run 0.01185, 7392s, 59ms/it)
  [iter 126500] loss=0.00902 (run 0.01188, 7422s, 59ms/it)
  [iter 127000] loss=0.00878 (run 0.01185, 7452s, 59ms/it)
  [iter 127500] loss=0.01350 (run 0.01191, 7481s, 59ms/it)
  [iter 128000] loss=0.01401 (run 0.01192, 7510s, 59ms/it)
  [iter 128500] loss=0.01250 (run 0.01192, 7539s, 59ms/it)
  [iter 129000] loss=0.00987 (run 0.01191, 7569s, 59ms/it)
  [iter 129500] loss=0.00852 (run 0.01189, 7598s, 59ms/it)
  [iter 130000] loss=0.01324 (run 0.01189, 7627s, 59ms/it)
  [iter 130500] loss=0.01260 (run 0.01189, 7656s, 59ms/it)
  [iter 131000] loss=0.01740 (run 0.01188, 7686s, 59ms/it)
  [iter 131500] loss=0.00887 (run 0.01188, 7715s, 59ms/it)
  [iter 132000] loss=0.00744 (run 0.01187, 7744s, 59ms/it)
  [iter 132500] loss=0.01071 (run 0.01186, 7773s, 59ms/it)
  [iter 133000] loss=0.00907 (run 0.01185, 7802s, 59ms/it)
  [iter 133500] loss=0.01555 (run 0.01185, 7832s, 59ms/it)
  [iter 134000] loss=0.01174 (run 0.01184, 7864s, 59ms/it)
  [iter 134500] loss=0.01192 (run 0.01183, 7893s, 59ms/it)
  [iter 135000] loss=0.00989 (run 0.01182, 7923s, 59ms/it)
  [iter 135500] loss=0.01625 (run 0.01182, 7953s, 59ms/it)
  [iter 136000] loss=0.01036 (run 0.01181, 7982s, 59ms/it)
  [iter 136500] loss=0.00892 (run 0.01180, 8012s, 59ms/it)
  [iter 137000] loss=0.01076 (run 0.01180, 8041s, 59ms/it)
  [iter 137500] loss=0.00945 (run 0.01178, 8070s, 59ms/it)
[epoch 11/20] loss=0.01178 iters=137500 (8070s)
  [iter 138000] loss=0.00989 (run 0.01147, 8099s, 59ms/it)
  [iter 138500] loss=0.01855 (run 0.01135, 8128s, 59ms/it)
  [iter 139000] loss=0.01203 (run 0.01140, 8157s, 59ms/it)
  [iter 139500] loss=0.00874 (run 0.01136, 8186s, 59ms/it)
  [iter 140000] loss=0.01098 (run 0.01138, 8215s, 59ms/it)
  [iter 140500] loss=0.01132 (run 0.01139, 8244s, 59ms/it)
  [iter 141000] loss=0.01255 (run 0.01137, 8273s, 59ms/it)
  [iter 141500] loss=0.00979 (run 0.01137, 8303s, 59ms/it)
  [iter 142000] loss=0.02060 (run 0.01137, 8332s, 59ms/it)
  [iter 142500] loss=0.00985 (run 0.01135, 8362s, 59ms/it)
  [iter 143000] loss=0.00813 (run 0.01134, 8391s, 59ms/it)
  [iter 143500] loss=0.00743 (run 0.01131, 8420s, 59ms/it)
  [iter 144000] loss=0.01086 (run 0.01132, 8449s, 59ms/it)
  [iter 144500] loss=0.01588 (run 0.01130, 8478s, 59ms/it)
  [iter 145000] loss=0.00851 (run 0.01130, 8507s, 59ms/it)
  [iter 145500] loss=0.01235 (run 0.01130, 8536s, 59ms/it)
  [iter 146000] loss=0.00940 (run 0.01130, 8565s, 59ms/it)
  [iter 146500] loss=0.00923 (run 0.01128, 8594s, 59ms/it)
  [iter 147000] loss=0.01167 (run 0.01128, 8624s, 59ms/it)
  [iter 147500] loss=0.00929 (run 0.01127, 8653s, 59ms/it)
  [iter 148000] loss=0.00903 (run 0.01126, 8682s, 59ms/it)
  [iter 148500] loss=0.01917 (run 0.01124, 8711s, 59ms/it)
  [iter 149000] loss=0.01307 (run 0.01124, 8740s, 59ms/it)
  [iter 149500] loss=0.00826 (run 0.01123, 8769s, 59ms/it)
  [iter 150000] loss=0.00832 (run 0.01122, 8799s, 59ms/it)
[epoch 12/20] loss=0.01122 iters=150000 (8799s)
  [iter 150500] loss=0.01490 (run 0.01115, 8828s, 59ms/it)
  [iter 151000] loss=0.00993 (run 0.01112, 8857s, 59ms/it)
  [iter 151500] loss=0.01412 (run 0.01106, 8887s, 59ms/it)
  [iter 152000] loss=0.01020 (run 0.01099, 8916s, 59ms/it)
  [iter 152500] loss=0.00968 (run 0.01095, 8946s, 59ms/it)
  [iter 153000] loss=0.00901 (run 0.01101, 8975s, 59ms/it)
  [iter 153500] loss=0.01052 (run 0.01094, 9004s, 59ms/it)
  [iter 154000] loss=0.01705 (run 0.01094, 9034s, 59ms/it)
  [iter 154500] loss=0.00847 (run 0.01092, 9063s, 59ms/it)
  [iter 155000] loss=0.01208 (run 0.01092, 9093s, 59ms/it)
  [iter 155500] loss=0.00869 (run 0.01089, 9122s, 59ms/it)
  [iter 156000] loss=0.01204 (run 0.01087, 9152s, 59ms/it)
  [iter 156500] loss=0.01343 (run 0.01088, 9181s, 59ms/it)
  [iter 157000] loss=0.01503 (run 0.01087, 9210s, 59ms/it)
  [iter 157500] loss=0.01631 (run 0.01086, 9239s, 59ms/it)
  [iter 158000] loss=0.00995 (run 0.01086, 9269s, 59ms/it)
  [iter 158500] loss=0.00861 (run 0.01084, 9299s, 59ms/it)
  [iter 159000] loss=0.01133 (run 0.01084, 9329s, 59ms/it)
  [iter 159500] loss=0.01049 (run 0.01082, 9358s, 59ms/it)
  [iter 160000] loss=0.00894 (run 0.01082, 9388s, 59ms/it)
  [iter 160500] loss=0.01078 (run 0.01080, 9417s, 59ms/it)
  [iter 161000] loss=0.01081 (run 0.01079, 9447s, 59ms/it)
  [iter 161500] loss=0.01145 (run 0.01077, 9477s, 59ms/it)
  [iter 162000] loss=0.00934 (run 0.01076, 9507s, 59ms/it)
  [iter 162500] loss=0.01003 (run 0.01076, 9537s, 59ms/it)
[epoch 13/20] loss=0.01076 iters=162500 (9537s)
  [iter 163000] loss=0.00892 (run 0.01042, 9566s, 59ms/it)
  [iter 163500] loss=0.01023 (run 0.01039, 9596s, 59ms/it)
  [iter 164000] loss=0.01494 (run 0.01045, 9625s, 59ms/it)
  [iter 164500] loss=0.00822 (run 0.01041, 9655s, 59ms/it)
  [iter 165000] loss=0.00902 (run 0.01039, 9684s, 59ms/it)
  [iter 165500] loss=0.01102 (run 0.01040, 9714s, 59ms/it)
  [iter 166000] loss=0.01170 (run 0.01035, 9744s, 59ms/it)
  [iter 166500] loss=0.01241 (run 0.01036, 9773s, 59ms/it)
  [iter 167000] loss=0.01020 (run 0.01036, 9802s, 59ms/it)
  [iter 167500] loss=0.01402 (run 0.01033, 9831s, 59ms/it)
  [iter 168000] loss=0.01190 (run 0.01032, 9861s, 59ms/it)
  [iter 168500] loss=0.00826 (run 0.01031, 9889s, 59ms/it)
  [iter 169000] loss=0.01247 (run 0.01031, 9918s, 59ms/it)
  [iter 169500] loss=0.00853 (run 0.01030, 9947s, 59ms/it)
  [iter 170000] loss=0.00950 (run 0.01029, 9976s, 59ms/it)
  [iter 170500] loss=0.01737 (run 0.01028, 10005s, 59ms/it)
  [iter 171000] loss=0.01424 (run 0.01028, 10034s, 59ms/it)
  [iter 171500] loss=0.01024 (run 0.01026, 10063s, 59ms/it)
  [iter 172000] loss=0.01033 (run 0.01026, 10092s, 59ms/it)
  [iter 172500] loss=0.00879 (run 0.01025, 10122s, 59ms/it)
  [iter 173000] loss=0.00829 (run 0.01024, 10151s, 59ms/it)
  [iter 173500] loss=0.01021 (run 0.01024, 10180s, 59ms/it)
  [iter 174000] loss=0.01680 (run 0.01023, 10209s, 59ms/it)
  [iter 174500] loss=0.01070 (run 0.01023, 10239s, 59ms/it)
  [iter 175000] loss=0.01553 (run 0.01022, 10268s, 59ms/it)
[epoch 14/20] loss=0.01022 iters=175000 (10268s)
  [iter 175500] loss=0.01378 (run 0.01020, 10298s, 59ms/it)
  [iter 176000] loss=0.01222 (run 0.01007, 10327s, 59ms/it)
  [iter 176500] loss=0.00954 (run 0.01002, 10357s, 59ms/it)
  [iter 177000] loss=0.01257 (run 0.00997, 10386s, 59ms/it)
  [iter 177500] loss=0.00951 (run 0.00998, 10416s, 59ms/it)
  [iter 178000] loss=0.01097 (run 0.00999, 10446s, 59ms/it)
  [iter 178500] loss=0.01306 (run 0.00997, 10475s, 59ms/it)
  [iter 179000] loss=0.00950 (run 0.00996, 10505s, 59ms/it)
  [iter 179500] loss=0.01046 (run 0.00996, 10535s, 59ms/it)
  [iter 180000] loss=0.00931 (run 0.00992, 10565s, 59ms/it)
  [iter 180500] loss=0.00816 (run 0.00992, 10594s, 59ms/it)
  [iter 181000] loss=0.00790 (run 0.00991, 10624s, 59ms/it)
  [iter 181500] loss=0.01790 (run 0.00992, 10653s, 59ms/it)
  [iter 182000] loss=0.01089 (run 0.00992, 10683s, 59ms/it)
  [iter 182500] loss=0.01208 (run 0.00991, 10713s, 59ms/it)
  [iter 183000] loss=0.00889 (run 0.00991, 10742s, 59ms/it)
  [iter 183500] loss=0.01175 (run 0.00990, 10772s, 59ms/it)
  [iter 184000] loss=0.00858 (run 0.00989, 10802s, 59ms/it)
  [iter 184500] loss=0.01067 (run 0.00988, 10831s, 59ms/it)
  [iter 185000] loss=0.00888 (run 0.00988, 10861s, 59ms/it)
  [iter 185500] loss=0.01280 (run 0.00987, 10891s, 59ms/it)
  [iter 186000] loss=0.01051 (run 0.00985, 10921s, 59ms/it)
  [iter 186500] loss=0.01218 (run 0.00985, 10950s, 59ms/it)
  [iter 187000] loss=0.00835 (run 0.00984, 10980s, 59ms/it)
  [iter 187500] loss=0.01041 (run 0.00983, 11009s, 59ms/it)
[epoch 15/20] loss=0.00983 iters=187500 (11009s)
  [iter 188000] loss=0.01259 (run 0.00969, 11038s, 59ms/it)
  [iter 188500] loss=0.01054 (run 0.00966, 11068s, 59ms/it)
  [iter 189000] loss=0.01053 (run 0.00964, 11097s, 59ms/it)
  [iter 189500] loss=0.00787 (run 0.00965, 11126s, 59ms/it)
  [iter 190000] loss=0.01307 (run 0.00965, 11156s, 59ms/it)
  [iter 190500] loss=0.01322 (run 0.00966, 11185s, 59ms/it)
  [iter 191000] loss=0.00825 (run 0.00964, 11215s, 59ms/it)
  [iter 191500] loss=0.00731 (run 0.00964, 11244s, 59ms/it)
  [iter 192000] loss=0.00857 (run 0.00963, 11274s, 59ms/it)
  [iter 192500] loss=0.01127 (run 0.00961, 11304s, 59ms/it)
  [iter 193000] loss=0.00694 (run 0.00960, 11333s, 59ms/it)
  [iter 193500] loss=0.00790 (run 0.00961, 11363s, 59ms/it)
  [iter 194000] loss=0.00889 (run 0.00959, 11392s, 59ms/it)
  [iter 194500] loss=0.00772 (run 0.00958, 11421s, 59ms/it)
  [iter 195000] loss=0.01433 (run 0.00957, 11451s, 59ms/it)
  [iter 195500] loss=0.00824 (run 0.00957, 11480s, 59ms/it)
  [iter 196000] loss=0.00958 (run 0.00956, 11509s, 59ms/it)
  [iter 196500] loss=0.00780 (run 0.00955, 11538s, 59ms/it)
  [iter 197000] loss=0.00895 (run 0.00954, 11567s, 59ms/it)
  [iter 197500] loss=0.00875 (run 0.00953, 11596s, 59ms/it)
  [iter 198000] loss=0.01044 (run 0.00952, 11625s, 59ms/it)
  [iter 198500] loss=0.00756 (run 0.00952, 11655s, 59ms/it)
  [iter 199000] loss=0.00955 (run 0.00951, 11684s, 59ms/it)
  [iter 199500] loss=0.00916 (run 0.00950, 11713s, 59ms/it)
  [iter 200000] loss=0.00860 (run 0.00950, 11743s, 59ms/it)
[epoch 16/20] loss=0.00950 iters=200000 (11743s)
  [iter 200500] loss=0.00896 (run 0.00927, 11772s, 59ms/it)
  [iter 201000] loss=0.01013 (run 0.00924, 11802s, 59ms/it)
  [iter 201500] loss=0.00955 (run 0.00930, 11831s, 59ms/it)
  [iter 202000] loss=0.00849 (run 0.00929, 11860s, 59ms/it)
  [iter 202500] loss=0.00680 (run 0.00927, 11889s, 59ms/it)
  [iter 203000] loss=0.00922 (run 0.00927, 11918s, 59ms/it)
  [iter 203500] loss=0.00785 (run 0.00926, 11947s, 59ms/it)
  [iter 204000] loss=0.00986 (run 0.00925, 11977s, 59ms/it)
  [iter 204500] loss=0.01116 (run 0.00927, 12006s, 59ms/it)
  [iter 205000] loss=0.00920 (run 0.00927, 12035s, 59ms/it)
  [iter 205500] loss=0.00887 (run 0.00927, 12064s, 59ms/it)
  [iter 206000] loss=0.00952 (run 0.00926, 12094s, 59ms/it)
  [iter 206500] loss=0.01162 (run 0.00926, 12123s, 59ms/it)
  [iter 207000] loss=0.00656 (run 0.00925, 12153s, 59ms/it)
  [iter 207500] loss=0.00949 (run 0.00925, 12183s, 59ms/it)
  [iter 208000] loss=0.00919 (run 0.00925, 12212s, 59ms/it)
  [iter 208500] loss=0.01122 (run 0.00925, 12241s, 59ms/it)
  [iter 209000] loss=0.00942 (run 0.00925, 12270s, 59ms/it)
  [iter 209500] loss=0.00787 (run 0.00925, 12299s, 59ms/it)
  [iter 210000] loss=0.01020 (run 0.00925, 12328s, 59ms/it)
  [iter 210500] loss=0.00841 (run 0.00925, 12357s, 59ms/it)
  [iter 211000] loss=0.00865 (run 0.00924, 12386s, 59ms/it)
  [iter 211500] loss=0.01040 (run 0.00923, 12416s, 59ms/it)
  [iter 212000] loss=0.01107 (run 0.00922, 12445s, 59ms/it)
  [iter 212500] loss=0.00804 (run 0.00922, 12474s, 59ms/it)
[epoch 17/20] loss=0.00922 iters=212500 (12474s)
  [iter 213000] loss=0.00823 (run 0.00913, 12503s, 59ms/it)
  [iter 213500] loss=0.00791 (run 0.00905, 12532s, 59ms/it)
  [iter 214000] loss=0.01036 (run 0.00909, 12561s, 59ms/it)
  [iter 214500] loss=0.01002 (run 0.00907, 12590s, 59ms/it)
  [iter 215000] loss=0.00806 (run 0.00908, 12620s, 59ms/it)
  [iter 215500] loss=0.00963 (run 0.00909, 12649s, 59ms/it)
  [iter 216000] loss=0.00913 (run 0.00910, 12679s, 59ms/it)
  [iter 216500] loss=0.00971 (run 0.00910, 12709s, 59ms/it)
  [iter 217000] loss=0.00988 (run 0.00909, 12738s, 59ms/it)
  [iter 217500] loss=0.00823 (run 0.00910, 12767s, 59ms/it)
  [iter 218000] loss=0.01134 (run 0.00909, 12797s, 59ms/it)
  [iter 218500] loss=0.00751 (run 0.00909, 12827s, 59ms/it)
  [iter 219000] loss=0.00950 (run 0.00908, 12856s, 59ms/it)
  [iter 219500] loss=0.00798 (run 0.00908, 12886s, 59ms/it)
  [iter 220000] loss=0.00850 (run 0.00908, 12916s, 59ms/it)
  [iter 220500] loss=0.00977 (run 0.00907, 12945s, 59ms/it)
  [iter 221000] loss=0.00800 (run 0.00906, 12975s, 59ms/it)
  [iter 221500] loss=0.00938 (run 0.00906, 13005s, 59ms/it)
  [iter 222000] loss=0.01050 (run 0.00906, 13034s, 59ms/it)
  [iter 222500] loss=0.01502 (run 0.00906, 13064s, 59ms/it)
  [iter 223000] loss=0.01156 (run 0.00905, 13094s, 59ms/it)
  [iter 223500] loss=0.00791 (run 0.00905, 13123s, 59ms/it)
  [iter 224000] loss=0.00628 (run 0.00905, 13153s, 59ms/it)
  [iter 224500] loss=0.00748 (run 0.00904, 13183s, 59ms/it)
  [iter 225000] loss=0.00770 (run 0.00904, 13212s, 59ms/it)
[epoch 18/20] loss=0.00904 iters=225000 (13212s)
  [iter 225500] loss=0.00874 (run 0.00887, 13242s, 59ms/it)
  [iter 226000] loss=0.00769 (run 0.00893, 13271s, 59ms/it)
  [iter 226500] loss=0.00975 (run 0.00896, 13300s, 59ms/it)
  [iter 227000] loss=0.00807 (run 0.00894, 13329s, 59ms/it)
  [iter 227500] loss=0.00811 (run 0.00894, 13357s, 59ms/it)
  [iter 228000] loss=0.01019 (run 0.00894, 13387s, 59ms/it)
  [iter 228500] loss=0.01194 (run 0.00893, 13416s, 59ms/it)
  [iter 229000] loss=0.00807 (run 0.00893, 13445s, 59ms/it)
  [iter 229500] loss=0.01241 (run 0.00893, 13474s, 59ms/it)
  [iter 230000] loss=0.01136 (run 0.00893, 13504s, 59ms/it)
  [iter 230500] loss=0.00813 (run 0.00893, 13533s, 59ms/it)
  [iter 231000] loss=0.00877 (run 0.00894, 13562s, 59ms/it)
  [iter 231500] loss=0.00898 (run 0.00894, 13591s, 59ms/it)
  [iter 232000] loss=0.00779 (run 0.00894, 13621s, 59ms/it)
  [iter 232500] loss=0.00763 (run 0.00894, 13650s, 59ms/it)
  [iter 233000] loss=0.00796 (run 0.00893, 13680s, 59ms/it)
  [iter 233500] loss=0.00920 (run 0.00893, 13709s, 59ms/it)
  [iter 234000] loss=0.00828 (run 0.00893, 13738s, 59ms/it)
  [iter 234500] loss=0.00792 (run 0.00893, 13768s, 59ms/it)
  [iter 235000] loss=0.00674 (run 0.00892, 13797s, 59ms/it)
  [iter 235500] loss=0.00916 (run 0.00892, 13827s, 59ms/it)
  [iter 236000] loss=0.00998 (run 0.00892, 13856s, 59ms/it)
  [iter 236500] loss=0.00671 (run 0.00892, 13885s, 59ms/it)
  [iter 237000] loss=0.00794 (run 0.00892, 13915s, 59ms/it)
  [iter 237500] loss=0.00919 (run 0.00892, 13944s, 59ms/it)
[epoch 19/20] loss=0.00892 iters=237500 (13944s)
  [iter 238000] loss=0.00802 (run 0.00878, 13973s, 59ms/it)
  [iter 238500] loss=0.00654 (run 0.00889, 14002s, 59ms/it)
  [iter 239000] loss=0.01097 (run 0.00889, 14031s, 59ms/it)
  [iter 239500] loss=0.00777 (run 0.00889, 14060s, 59ms/it)
  [iter 240000] loss=0.01053 (run 0.00889, 14090s, 59ms/it)
  [iter 240500] loss=0.00623 (run 0.00888, 14119s, 59ms/it)
  [iter 241000] loss=0.00939 (run 0.00886, 14148s, 59ms/it)
  [iter 241500] loss=0.01047 (run 0.00887, 14178s, 59ms/it)
  [iter 242000] loss=0.00894 (run 0.00887, 14207s, 59ms/it)
  [iter 242500] loss=0.00958 (run 0.00887, 14236s, 59ms/it)
  [iter 243000] loss=0.00878 (run 0.00887, 14265s, 59ms/it)
  [iter 243500] loss=0.00984 (run 0.00886, 14295s, 59ms/it)
  [iter 244000] loss=0.00828 (run 0.00886, 14324s, 59ms/it)
  [iter 244500] loss=0.01008 (run 0.00886, 14353s, 59ms/it)
  [iter 245000] loss=0.00777 (run 0.00886, 14383s, 59ms/it)
  [iter 245500] loss=0.00984 (run 0.00887, 14412s, 59ms/it)
  [iter 246000] loss=0.00931 (run 0.00886, 14442s, 59ms/it)
  [iter 246500] loss=0.00852 (run 0.00886, 14470s, 59ms/it)
  [iter 247000] loss=0.00741 (run 0.00886, 14500s, 59ms/it)
  [iter 247500] loss=0.00845 (run 0.00886, 14529s, 59ms/it)
  [iter 248000] loss=0.00812 (run 0.00886, 14558s, 59ms/it)
  [iter 248500] loss=0.00862 (run 0.00886, 14587s, 59ms/it)
  [iter 249000] loss=0.00838 (run 0.00886, 14616s, 59ms/it)
  [iter 249500] loss=0.00948 (run 0.00886, 14646s, 59ms/it)
  [iter 250000] loss=0.00969 (run 0.00886, 14674s, 59ms/it)
[epoch 20/20] loss=0.00886 iters=250000 (14674s)
[save] gdm_reacher_s10.pt  (213.8 MB)
[done] 14676s; 250000 iters over 20 epochs
