=== arm=s10gdm subgoal=gdm ckpt=gdm_reacher_s10.pt horizon=receding=2 k=50 seed=44 ===
/lustre/home/ha676/le-wm/.venv/lib/python3.11/site-packages/stable_worldmodel/envs/__init__.py:215: UserWarning: ale-py not found; ALE/* envs are unavailable. Install with: pip install 'stable-worldmodel[env]' or pip install ale-py.
  from stable_worldmodel.envs import ale  # noqa: F401
[model] frozen LeWM (18.03M), device=cuda, training=False, subgoal=gdm
[gdm] planner from gdm_reacher_s10.pt: head=53.44M, N=3 WG=1 goal_cond=True T=1000 sampler=ddim/50-steps param=eps schedule=linear norm=standardize
05:15:04 | INFO  | atomic_chec~| [atomic_save] installed crash-safe checkpoint plugin (write to sibling .tmp + fsync + atomic rename)
[holdout] eval restricted to episodes [8000, 10000) (2000/10000 eligible)
[eval] start=random num_eval=128 goal_offset=25 budget=50 qpos_threshold=0.05 rad/joint
[eval] episodes_idx[:5]=[8035, 8038, 8106, 8174, 8176] start_steps[:5]=[61, 160, 153, 77, 148]
05:15:04 | INFO  | __init__.py | MUJOCO_GL=egl, attempting to import specified OpenGL backend.
05:15:04 | INFO  | __init__.py | No OpenGL_accelerate module loaded: No module named 'OpenGL_accelerate'
05:15:04 | INFO  | __init__.py | MuJoCo library version is: 3.10.0
/lustre/home/ha676/le-wm/.venv/lib/python3.11/site-packages/gymnasium/envs/registration.py:729: UserWarning: [33mWARN: The environment is being initialised with render_mode='rgb_array' that is not in the possible render_modes ([]).[0m
  logger.warn(
CEM solve time: 27.8000 seconds
CEM solve time: 24.0358 seconds
CEM solve time: 19.3240 seconds
CEM solve time: 14.3719 seconds
CEM solve time: 12.6542 seconds
[traces] saved runs/reacher/traces_s10gdm_seed44.pt

==== FF-JEPA eval summary (Reacher qpos_match) ====
subgoal=gdm num_eval=128 goal_offset=25 budget=50 seed=44 cem_seed=44 S=10
  SR = 65.62%  (84/128)
