/lustre/home/ha676/le-wm/.venv/lib/python3.11/site-packages/stable_worldmodel/envs/__init__.py:215: UserWarning: ale-py not found; ALE/* envs are unavailable. Install with: pip install 'stable-worldmodel[env]' or pip install ale-py.
  from stable_worldmodel.envs import ale  # noqa: F401
[model] frozen LeWM (18.03M), device=cuda, training=False, subgoal=gdm
[gdm] planner from gdm_reacher_s10.pt: head=53.44M, N=3 WG=1 goal_cond=True T=1000 sampler=ddim/50-steps param=eps schedule=linear norm=standardize
05:29:33 | INFO  | atomic_chec~| [atomic_save] installed crash-safe checkpoint plugin (write to sibling .tmp + fsync + atomic rename)
[episodes-file] reacher_horizon.ep.t13.json: 128 precomputed pairs (built for max_offset=100, seed=42, episode_min=8000) -- sampling bypassed; running at goal_offset=75
[eval] start=random num_eval=128 goal_offset=75 budget=150 qpos_threshold=0.05 rad/joint
[eval] episodes_idx[:5]=[8014, 8074, 8087, 8127, 8135] start_steps[:5]=[73, 52, 58, 58, 79]
05:29:33 | INFO  | __init__.py | MUJOCO_GL=egl, attempting to import specified OpenGL backend.
05:29:33 | INFO  | __init__.py | No OpenGL_accelerate module loaded: No module named 'OpenGL_accelerate'
05:29:33 | INFO  | __init__.py | MuJoCo library version is: 3.10.0
/lustre/home/ha676/le-wm/.venv/lib/python3.11/site-packages/gymnasium/envs/registration.py:729: UserWarning: [33mWARN: The environment is being initialised with render_mode='rgb_array' that is not in the possible render_modes ([]).[0m
  logger.warn(
CEM solve time: 27.6157 seconds
CEM solve time: 26.2510 seconds
CEM solve time: 23.0094 seconds
CEM solve time: 19.1336 seconds
CEM solve time: 16.7662 seconds
CEM solve time: 13.1111 seconds
CEM solve time: 11.6081 seconds
CEM solve time: 10.1049 seconds
CEM solve time: 9.2395 seconds
CEM solve time: 6.6746 seconds
CEM solve time: 5.8093 seconds
CEM solve time: 4.9482 seconds
CEM solve time: 4.5168 seconds
CEM solve time: 4.0887 seconds
CEM solve time: 3.6598 seconds
[traces] saved runs/reacher/traces_hz_s10gdm_t75_2t_seed43.pt

==== FF-JEPA eval summary (Reacher qpos_match) ====
subgoal=gdm num_eval=128 goal_offset=75 budget=150 seed=43 cem_seed=43 S=10
  SR = 88.28%  (113/128)
/lustre/home/ha676/le-wm/.venv/lib/python3.11/site-packages/stable_worldmodel/envs/__init__.py:215: UserWarning: ale-py not found; ALE/* envs are unavailable. Install with: pip install 'stable-worldmodel[env]' or pip install ale-py.
  from stable_worldmodel.envs import ale  # noqa: F401
[model] frozen LeWM (18.03M), device=cuda, training=False, subgoal=gdm
[gdm] planner from gdm_reacher_s10.pt: head=53.44M, N=3 WG=1 goal_cond=True T=1000 sampler=ddim/50-steps param=eps schedule=linear norm=standardize
05:34:20 | INFO  | atomic_chec~| [atomic_save] installed crash-safe checkpoint plugin (write to sibling .tmp + fsync + atomic rename)
[episodes-file] reacher_horizon.ep.t13.json: 128 precomputed pairs (built for max_offset=100, seed=42, episode_min=8000) -- sampling bypassed; running at goal_offset=75
[eval] start=random num_eval=128 goal_offset=75 budget=50 qpos_threshold=0.05 rad/joint
[eval] episodes_idx[:5]=[8014, 8074, 8087, 8127, 8135] start_steps[:5]=[73, 52, 58, 58, 79]
05:34:20 | INFO  | __init__.py | MUJOCO_GL=egl, attempting to import specified OpenGL backend.
05:34:20 | INFO  | __init__.py | No OpenGL_accelerate module loaded: No module named 'OpenGL_accelerate'
05:34:20 | INFO  | __init__.py | MuJoCo library version is: 3.10.0
/lustre/home/ha676/le-wm/.venv/lib/python3.11/site-packages/gymnasium/envs/registration.py:729: UserWarning: [33mWARN: The environment is being initialised with render_mode='rgb_array' that is not in the possible render_modes ([]).[0m
  logger.warn(
CEM solve time: 27.6861 seconds
CEM solve time: 26.3107 seconds
CEM solve time: 23.0661 seconds
CEM solve time: 19.1842 seconds
CEM solve time: 16.8275 seconds
[traces] saved runs/reacher/traces_hz_s10gdm_t75_b50_seed43.pt

==== FF-JEPA eval summary (Reacher qpos_match) ====
subgoal=gdm num_eval=128 goal_offset=75 budget=50 seed=43 cem_seed=43 S=10
  SR = 53.12%  (68/128)
