=== arm=s15spec subgoal=specaccept ckpt=gdm_reacher_s15.pt horizon=receding=3 k=8 seed=43 ===
/lustre/home/ha676/le-wm/.venv/lib/python3.11/site-packages/stable_worldmodel/envs/__init__.py:215: UserWarning: ale-py not found; ALE/* envs are unavailable. Install with: pip install 'stable-worldmodel[env]' or pip install ale-py.
  from stable_worldmodel.envs import ale  # noqa: F401
[model] frozen LeWM (18.03M), device=cuda, training=False, subgoal=specaccept
[gdm] planner from gdm_reacher_s15.pt: head=53.44M, N=3 WG=1 goal_cond=True T=1000 sampler=ddim/8-steps param=eps schedule=linear norm=standardize
05:18:32 | INFO  | atomic_chec~| [atomic_save] installed crash-safe checkpoint plugin (write to sibling .tmp + fsync + atomic rename)
[holdout] eval restricted to episodes [8000, 10000) (2000/10000 eligible)
[eval] start=random num_eval=128 goal_offset=25 budget=50 qpos_threshold=0.05 rad/joint
[eval] episodes_idx[:5]=[8007, 8008, 8008, 8025, 8028] start_steps[:5]=[162, 26, 53, 71, 16]
05:18:33 | INFO  | __init__.py | MUJOCO_GL=egl, attempting to import specified OpenGL backend.
05:18:33 | INFO  | __init__.py | No OpenGL_accelerate module loaded: No module named 'OpenGL_accelerate'
05:18:33 | INFO  | __init__.py | MuJoCo library version is: 3.10.0
/lustre/home/ha676/le-wm/.venv/lib/python3.11/site-packages/gymnasium/envs/registration.py:729: UserWarning: [33mWARN: The environment is being initialised with render_mode='rgb_array' that is not in the possible render_modes ([]).[0m
  logger.warn(
CEM solve time: 43.1710 seconds
CEM solve time: 34.5109 seconds
CEM solve time: 25.4609 seconds
CEM solve time: 17.7601 seconds
[specaccept] tau=0.2 gdm_steps=8 re-drafts=268 advances=92 rejects=135 call_ratio=0.744 (every-step=1.000; lower = fewer diffusion calls)
[traces] saved runs/reacher/traces_s15spec_seed43.pt

==== FF-JEPA eval summary (Reacher qpos_match) ====
subgoal=specaccept num_eval=128 goal_offset=25 budget=50 seed=43 cem_seed=43 S=15
  SR = 63.28%  (81/128)
