=== arm=s10gdm offset=125 seed=43 (2t budget=250, pop=max150) ===
wrote reacher_horizon150.ep.t17.json: 128 pairs (episodes >= 8000, start <= ep_len-1-150), sample [[8014, 36], [8074, 26], [8087, 27]]
/lustre/home/ha676/le-wm/.venv/lib/python3.11/site-packages/stable_worldmodel/envs/__init__.py:215: UserWarning: ale-py not found; ALE/* envs are unavailable. Install with: pip install 'stable-worldmodel[env]' or pip install ale-py.
  from stable_worldmodel.envs import ale  # noqa: F401
[model] frozen LeWM (18.03M), device=cuda, training=False, subgoal=gdm
[gdm] planner from gdm_reacher_s10.pt: head=53.44M, N=3 WG=1 goal_cond=True T=1000 sampler=ddim/50-steps param=eps schedule=linear norm=standardize
09:59:30 | INFO  | atomic_chec~| [atomic_save] installed crash-safe checkpoint plugin (write to sibling .tmp + fsync + atomic rename)
[episodes-file] reacher_horizon150.ep.t17.json: 128 precomputed pairs (built for max_offset=150, seed=42, episode_min=8000) -- sampling bypassed; running at goal_offset=125
[eval] start=random num_eval=128 goal_offset=125 budget=250 qpos_threshold=0.05 rad/joint
[eval] episodes_idx[:5]=[8014, 8074, 8087, 8127, 8135] start_steps[:5]=[36, 26, 27, 26, 37]
09:59:30 | INFO  | __init__.py | MUJOCO_GL=egl, attempting to import specified OpenGL backend.
09:59:30 | INFO  | __init__.py | No OpenGL_accelerate module loaded: No module named 'OpenGL_accelerate'
09:59:31 | INFO  | __init__.py | MuJoCo library version is: 3.10.0
/lustre/home/ha676/le-wm/.venv/lib/python3.11/site-packages/gymnasium/envs/registration.py:729: UserWarning: [33mWARN: The environment is being initialised with render_mode='rgb_array' that is not in the possible render_modes ([]).[0m
  logger.warn(
CEM solve time: 27.7963 seconds
CEM solve time: 26.5361 seconds
CEM solve time: 24.8206 seconds
CEM solve time: 22.4630 seconds
CEM solve time: 19.2614 seconds
CEM solve time: 16.0507 seconds
CEM solve time: 14.1242 seconds
CEM solve time: 11.7710 seconds
CEM solve time: 10.4847 seconds
CEM solve time: 9.2009 seconds
CEM solve time: 7.9175 seconds
CEM solve time: 7.0637 seconds
CEM solve time: 6.4214 seconds
CEM solve time: 5.7796 seconds
CEM solve time: 4.9240 seconds
CEM solve time: 4.9260 seconds
CEM solve time: 4.4962 seconds
CEM solve time: 4.0680 seconds
CEM solve time: 3.6394 seconds
CEM solve time: 2.9973 seconds
CEM solve time: 2.7834 seconds
CEM solve time: 2.3553 seconds
CEM solve time: 2.1411 seconds
CEM solve time: 2.1416 seconds
CEM solve time: 2.1411 seconds
[traces] saved runs/reacher/traces_hz150_s10gdm_t125_seed43.pt

==== FF-JEPA eval summary (Reacher qpos_match) ====
subgoal=gdm num_eval=128 goal_offset=125 budget=250 seed=43 cem_seed=43 S=10
  SR = 92.19%  (118/128)
