=== arm=s10spec offset=125 seed=43 (2t budget=250, pop=max150) ===
wrote reacher_horizon150.ep.t29.json: 128 pairs (episodes >= 8000, start <= ep_len-1-150), sample [[8014, 36], [8074, 26], [8087, 27]]
/lustre/home/ha676/le-wm/.venv/lib/python3.11/site-packages/stable_worldmodel/envs/__init__.py:215: UserWarning: ale-py not found; ALE/* envs are unavailable. Install with: pip install 'stable-worldmodel[env]' or pip install ale-py.
  from stable_worldmodel.envs import ale  # noqa: F401
[model] frozen LeWM (18.03M), device=cuda, training=False, subgoal=specaccept
[gdm] planner from gdm_reacher_s10.pt: head=53.44M, N=3 WG=1 goal_cond=True T=1000 sampler=ddim/8-steps param=eps schedule=linear norm=standardize
10:05:58 | INFO  | atomic_chec~| [atomic_save] installed crash-safe checkpoint plugin (write to sibling .tmp + fsync + atomic rename)
[episodes-file] reacher_horizon150.ep.t29.json: 128 precomputed pairs (built for max_offset=150, seed=42, episode_min=8000) -- sampling bypassed; running at goal_offset=125
[eval] start=random num_eval=128 goal_offset=125 budget=250 qpos_threshold=0.05 rad/joint
[eval] episodes_idx[:5]=[8014, 8074, 8087, 8127, 8135] start_steps[:5]=[36, 26, 27, 26, 37]
10:05:58 | INFO  | __init__.py | MUJOCO_GL=egl, attempting to import specified OpenGL backend.
10:05:58 | INFO  | __init__.py | No OpenGL_accelerate module loaded: No module named 'OpenGL_accelerate'
10:05:58 | INFO  | __init__.py | MuJoCo library version is: 3.10.0
/lustre/home/ha676/le-wm/.venv/lib/python3.11/site-packages/gymnasium/envs/registration.py:729: UserWarning: [33mWARN: The environment is being initialised with render_mode='rgb_array' that is not in the possible render_modes ([]).[0m
  logger.warn(
CEM solve time: 27.5360 seconds
CEM solve time: 26.1580 seconds
CEM solve time: 24.6265 seconds
CEM solve time: 23.7578 seconds
CEM solve time: 21.6349 seconds
CEM solve time: 18.4256 seconds
CEM solve time: 16.2839 seconds
CEM solve time: 13.9283 seconds
CEM solve time: 11.9991 seconds
CEM solve time: 10.7162 seconds
CEM solve time: 9.0032 seconds
CEM solve time: 7.9311 seconds
CEM solve time: 6.6474 seconds
CEM solve time: 5.7895 seconds
CEM solve time: 4.9319 seconds
CEM solve time: 4.0750 seconds
CEM solve time: 3.8566 seconds
CEM solve time: 3.6425 seconds
CEM solve time: 3.2143 seconds
CEM solve time: 2.5722 seconds
CEM solve time: 2.3571 seconds
CEM solve time: 2.3577 seconds
CEM solve time: 2.3574 seconds
CEM solve time: 2.1434 seconds
CEM solve time: 2.1424 seconds
[specaccept] tau=0.2 gdm_steps=8 re-drafts=756 advances=448 rejects=531 call_ratio=0.628 (every-step=1.000; lower = fewer diffusion calls)
[traces] saved runs/reacher/traces_hz150_s10spec_t125_seed43.pt

==== FF-JEPA eval summary (Reacher qpos_match) ====
subgoal=specaccept num_eval=128 goal_offset=125 budget=250 seed=43 cem_seed=43 S=10
  SR = 92.19%  (118/128)
