=== frontier: s10spec tau=0.3 k=8 seed=43 (t100, budget 200) ===
wrote reacher_horizon.ep.frontier.t15.json: 128 pairs (episodes >= 8000, start <= ep_len-1-100), sample [[8014, 73], [8074, 52], [8087, 58]]
/lustre/home/ha676/le-wm/.venv/lib/python3.11/site-packages/stable_worldmodel/envs/__init__.py:215: UserWarning: ale-py not found; ALE/* envs are unavailable. Install with: pip install 'stable-worldmodel[env]' or pip install ale-py.
  from stable_worldmodel.envs import ale  # noqa: F401
[model] frozen LeWM (18.03M), device=cuda, training=False, subgoal=specaccept
[gdm] planner from gdm_reacher_s10.pt: head=53.44M, N=3 WG=1 goal_cond=True T=1000 sampler=ddim/8-steps param=eps schedule=linear norm=standardize
10:16:31 | INFO  | atomic_chec~| [atomic_save] installed crash-safe checkpoint plugin (write to sibling .tmp + fsync + atomic rename)
[episodes-file] reacher_horizon.ep.frontier.t15.json: 128 precomputed pairs (built for max_offset=100, seed=42, episode_min=8000) -- sampling bypassed; running at goal_offset=100
[eval] start=random num_eval=128 goal_offset=100 budget=200 qpos_threshold=0.05 rad/joint
[eval] episodes_idx[:5]=[8014, 8074, 8087, 8127, 8135] start_steps[:5]=[73, 52, 58, 58, 79]
10:16:31 | INFO  | __init__.py | MUJOCO_GL=egl, attempting to import specified OpenGL backend.
10:16:31 | INFO  | __init__.py | No OpenGL_accelerate module loaded: No module named 'OpenGL_accelerate'
10:16:31 | INFO  | __init__.py | MuJoCo library version is: 3.10.0
/lustre/home/ha676/le-wm/.venv/lib/python3.11/site-packages/gymnasium/envs/registration.py:729: UserWarning: [33mWARN: The environment is being initialised with render_mode='rgb_array' that is not in the possible render_modes ([]).[0m
  logger.warn(
CEM solve time: 27.6478 seconds
CEM solve time: 26.6819 seconds
CEM solve time: 24.7342 seconds
CEM solve time: 22.1519 seconds
CEM solve time: 20.2323 seconds
CEM solve time: 17.8636 seconds
CEM solve time: 15.6997 seconds
CEM solve time: 14.4120 seconds
CEM solve time: 12.6953 seconds
CEM solve time: 11.3928 seconds
CEM solve time: 9.4578 seconds
CEM solve time: 7.7463 seconds
CEM solve time: 5.8060 seconds
CEM solve time: 4.9425 seconds
CEM solve time: 4.7318 seconds
CEM solve time: 4.3012 seconds
CEM solve time: 3.6548 seconds
CEM solve time: 3.2255 seconds
CEM solve time: 3.2244 seconds
CEM solve time: 3.2246 seconds
[specaccept] tau=0.3 gdm_steps=8 re-drafts=592 advances=541 rejects=316 call_ratio=0.523 (every-step=1.000; lower = fewer diffusion calls)
[traces] saved runs/reacher/traces_frontier_tau0.3_k8_seed43.pt

==== FF-JEPA eval summary (Reacher qpos_match) ====
subgoal=specaccept num_eval=128 goal_offset=100 budget=200 seed=43 cem_seed=43 S=10
  SR = 91.41%  (117/128)
