=== arm=s10gdm offset=150 seed=45 (2t budget=300, pop=max150) ===
wrote reacher_horizon150.ep.t23.json: 128 pairs (episodes >= 8000, start <= ep_len-1-150), sample [[8014, 36], [8074, 26], [8087, 27]]
/lustre/home/ha676/le-wm/.venv/lib/python3.11/site-packages/stable_worldmodel/envs/__init__.py:215: UserWarning: ale-py not found; ALE/* envs are unavailable. Install with: pip install 'stable-worldmodel[env]' or pip install ale-py.
  from stable_worldmodel.envs import ale  # noqa: F401
[model] frozen LeWM (18.03M), device=cuda, training=False, subgoal=gdm
[gdm] planner from gdm_reacher_s10.pt: head=53.44M, N=3 WG=1 goal_cond=True T=1000 sampler=ddim/50-steps param=eps schedule=linear norm=standardize
10:01:16 | INFO  | atomic_chec~| [atomic_save] installed crash-safe checkpoint plugin (write to sibling .tmp + fsync + atomic rename)
[episodes-file] reacher_horizon150.ep.t23.json: 128 precomputed pairs (built for max_offset=150, seed=42, episode_min=8000) -- sampling bypassed; running at goal_offset=150
[eval] start=random num_eval=128 goal_offset=150 budget=300 qpos_threshold=0.05 rad/joint
[eval] episodes_idx[:5]=[8014, 8074, 8087, 8127, 8135] start_steps[:5]=[36, 26, 27, 26, 37]
10:01:16 | INFO  | __init__.py | MUJOCO_GL=egl, attempting to import specified OpenGL backend.
10:01:16 | INFO  | __init__.py | No OpenGL_accelerate module loaded: No module named 'OpenGL_accelerate'
10:01:16 | INFO  | __init__.py | MuJoCo library version is: 3.10.0
/lustre/home/ha676/le-wm/.venv/lib/python3.11/site-packages/gymnasium/envs/registration.py:729: UserWarning: [33mWARN: The environment is being initialised with render_mode='rgb_array' that is not in the possible render_modes ([]).[0m
  logger.warn(
CEM solve time: 27.8165 seconds
CEM solve time: 27.0407 seconds
CEM solve time: 25.7539 seconds
CEM solve time: 23.1617 seconds
CEM solve time: 21.4555 seconds
CEM solve time: 19.0892 seconds
CEM solve time: 16.3035 seconds
CEM solve time: 15.2344 seconds
CEM solve time: 13.2983 seconds
CEM solve time: 10.9423 seconds
CEM solve time: 9.8661 seconds
CEM solve time: 8.5818 seconds
CEM solve time: 7.7246 seconds
CEM solve time: 7.0817 seconds
CEM solve time: 6.6517 seconds
CEM solve time: 6.4392 seconds
CEM solve time: 5.1517 seconds
CEM solve time: 4.2927 seconds
CEM solve time: 3.4351 seconds
CEM solve time: 2.7904 seconds
CEM solve time: 2.3615 seconds
CEM solve time: 2.1470 seconds
CEM solve time: 1.9319 seconds
CEM solve time: 1.9328 seconds
CEM solve time: 1.9329 seconds
CEM solve time: 1.9332 seconds
CEM solve time: 1.9327 seconds
CEM solve time: 1.9323 seconds
CEM solve time: 1.5035 seconds
CEM solve time: 1.5037 seconds
[traces] saved runs/reacher/traces_hz150_s10gdm_t150_seed45.pt

==== FF-JEPA eval summary (Reacher qpos_match) ====
subgoal=gdm num_eval=128 goal_offset=150 budget=300 seed=45 cem_seed=45 S=10
  SR = 94.53%  (121/128)
