=== arm=s10spec offset=100 seed=42 (2t budget=200, pop=max150) ===
wrote reacher_horizon150.ep.t24.json: 128 pairs (episodes >= 8000, start <= ep_len-1-150), sample [[8014, 36], [8074, 26], [8087, 27]]
/lustre/home/ha676/le-wm/.venv/lib/python3.11/site-packages/stable_worldmodel/envs/__init__.py:215: UserWarning: ale-py not found; ALE/* envs are unavailable. Install with: pip install 'stable-worldmodel[env]' or pip install ale-py.
  from stable_worldmodel.envs import ale  # noqa: F401
[model] frozen LeWM (18.03M), device=cuda, training=False, subgoal=specaccept
[gdm] planner from gdm_reacher_s10.pt: head=53.44M, N=3 WG=1 goal_cond=True T=1000 sampler=ddim/8-steps param=eps schedule=linear norm=standardize
10:03:35 | INFO  | atomic_chec~| [atomic_save] installed crash-safe checkpoint plugin (write to sibling .tmp + fsync + atomic rename)
[episodes-file] reacher_horizon150.ep.t24.json: 128 precomputed pairs (built for max_offset=150, seed=42, episode_min=8000) -- sampling bypassed; running at goal_offset=100
[eval] start=random num_eval=128 goal_offset=100 budget=200 qpos_threshold=0.05 rad/joint
[eval] episodes_idx[:5]=[8014, 8074, 8087, 8127, 8135] start_steps[:5]=[36, 26, 27, 26, 37]
10:03:35 | INFO  | __init__.py | MUJOCO_GL=egl, attempting to import specified OpenGL backend.
10:03:35 | INFO  | __init__.py | No OpenGL_accelerate module loaded: No module named 'OpenGL_accelerate'
10:03:35 | INFO  | __init__.py | MuJoCo library version is: 3.10.0
/lustre/home/ha676/le-wm/.venv/lib/python3.11/site-packages/gymnasium/envs/registration.py:729: UserWarning: [33mWARN: The environment is being initialised with render_mode='rgb_array' that is not in the possible render_modes ([]).[0m
  logger.warn(
CEM solve time: 27.5261 seconds
CEM solve time: 26.7835 seconds
CEM solve time: 23.7645 seconds
CEM solve time: 20.7590 seconds
CEM solve time: 18.3979 seconds
CEM solve time: 14.5408 seconds
CEM solve time: 13.0439 seconds
CEM solve time: 11.7689 seconds
CEM solve time: 10.2628 seconds
CEM solve time: 9.8581 seconds
CEM solve time: 8.7766 seconds
CEM solve time: 7.0636 seconds
CEM solve time: 6.2069 seconds
CEM solve time: 5.1375 seconds
CEM solve time: 4.2824 seconds
CEM solve time: 2.9974 seconds
CEM solve time: 2.1411 seconds
CEM solve time: 1.9272 seconds
CEM solve time: 1.9275 seconds
CEM solve time: 1.7131 seconds
[specaccept] tau=0.2 gdm_steps=8 re-drafts=637 advances=385 rejects=442 call_ratio=0.623 (every-step=1.000; lower = fewer diffusion calls)
[traces] saved runs/reacher/traces_hz150_s10spec_t100_seed42.pt

==== FF-JEPA eval summary (Reacher qpos_match) ====
subgoal=specaccept num_eval=128 goal_offset=100 budget=200 seed=42 cem_seed=42 S=10
  SR = 93.75%  (120/128)
