/lustre/home/ha676/le-wm/.venv/lib/python3.11/site-packages/stable_worldmodel/envs/__init__.py:215: UserWarning: ale-py not found; ALE/* envs are unavailable. Install with: pip install 'stable-worldmodel[env]' or pip install ale-py.
  from stable_worldmodel.envs import ale  # noqa: F401
[model] frozen LeWM (18.03M), device=cuda, training=False, subgoal=specaccept
[gdm] planner from gdm_reacher_s10.pt: head=53.44M, N=3 WG=1 goal_cond=True T=1000 sampler=ddim/4-steps param=eps schedule=linear norm=standardize
10:18:58 | INFO  | atomic_chec~| [atomic_save] installed crash-safe checkpoint plugin (write to sibling .tmp + fsync + atomic rename)
[episodes-file] reacher_horizon.ep.frontier.t19.json: 128 precomputed pairs (built for max_offset=100, seed=42, episode_min=8000) -- sampling bypassed; running at goal_offset=100
[eval] start=random num_eval=128 goal_offset=100 budget=200 qpos_threshold=0.05 rad/joint
[eval] episodes_idx[:5]=[8014, 8074, 8087, 8127, 8135] start_steps[:5]=[73, 52, 58, 58, 79]
10:18:58 | INFO  | __init__.py | MUJOCO_GL=egl, attempting to import specified OpenGL backend.
10:18:58 | INFO  | __init__.py | No OpenGL_accelerate module loaded: No module named 'OpenGL_accelerate'
10:18:58 | INFO  | __init__.py | MuJoCo library version is: 3.10.0
/lustre/home/ha676/le-wm/.venv/lib/python3.11/site-packages/gymnasium/envs/registration.py:729: UserWarning: [33mWARN: The environment is being initialised with render_mode='rgb_array' that is not in the possible render_modes ([]).[0m
  logger.warn(
CEM solve time: 27.5328 seconds
CEM solve time: 26.5838 seconds
CEM solve time: 23.5782 seconds
CEM solve time: 21.8495 seconds
CEM solve time: 19.0715 seconds
CEM solve time: 16.5132 seconds
CEM solve time: 15.2296 seconds
CEM solve time: 13.5073 seconds
CEM solve time: 12.4410 seconds
CEM solve time: 11.3697 seconds
CEM solve time: 10.0686 seconds
CEM solve time: 8.1605 seconds
CEM solve time: 7.0882 seconds
CEM solve time: 6.2292 seconds
CEM solve time: 6.0129 seconds
CEM solve time: 5.3684 seconds
CEM solve time: 4.2943 seconds
CEM solve time: 3.8621 seconds
CEM solve time: 3.6508 seconds
CEM solve time: 3.0003 seconds
[specaccept] tau=0.4 gdm_steps=4 re-drafts=544 advances=600 rejects=215 call_ratio=0.476 (every-step=1.000; lower = fewer diffusion calls)
[traces] saved runs/reacher/traces_frontier_tau0.4_k4_seed43.pt

==== FF-JEPA eval summary (Reacher qpos_match) ====
subgoal=specaccept num_eval=128 goal_offset=100 budget=200 seed=43 cem_seed=43 S=10
  SR = 89.84%  (115/128)
