/lustre/home/ha676/le-wm/.venv/lib/python3.11/site-packages/stable_worldmodel/envs/__init__.py:215: UserWarning: ale-py not found; ALE/* envs are unavailable. Install with: pip install 'stable-worldmodel[env]' or pip install ale-py.
  from stable_worldmodel.envs import ale  # noqa: F401
[model] frozen LeWM (18.03M), device=cuda, training=False, subgoal=gdm
[gdm] planner from gdm_reacher_s10.pt: head=53.44M, N=3 WG=1 goal_cond=True T=1000 sampler=ddim/50-steps param=eps schedule=linear norm=standardize
10:01:17 | INFO  | atomic_chec~| [atomic_save] installed crash-safe checkpoint plugin (write to sibling .tmp + fsync + atomic rename)
[episodes-file] reacher_horizon150.ep.t21.json: 128 precomputed pairs (built for max_offset=150, seed=42, episode_min=8000) -- sampling bypassed; running at goal_offset=150
[eval] start=random num_eval=128 goal_offset=150 budget=300 qpos_threshold=0.05 rad/joint
[eval] episodes_idx[:5]=[8014, 8074, 8087, 8127, 8135] start_steps[:5]=[36, 26, 27, 26, 37]
10:01:17 | INFO  | __init__.py | MUJOCO_GL=egl, attempting to import specified OpenGL backend.
10:01:17 | INFO  | __init__.py | No OpenGL_accelerate module loaded: No module named 'OpenGL_accelerate'
10:01:17 | INFO  | __init__.py | MuJoCo library version is: 3.10.0
/lustre/home/ha676/le-wm/.venv/lib/python3.11/site-packages/gymnasium/envs/registration.py:729: UserWarning: [33mWARN: The environment is being initialised with render_mode='rgb_array' that is not in the possible render_modes ([]).[0m
  logger.warn(
CEM solve time: 27.5886 seconds
CEM solve time: 26.4115 seconds
CEM solve time: 25.3200 seconds
CEM solve time: 22.9591 seconds
CEM solve time: 19.7547 seconds
CEM solve time: 17.1651 seconds
CEM solve time: 14.8038 seconds
CEM solve time: 13.3029 seconds
CEM solve time: 12.2282 seconds
CEM solve time: 11.3711 seconds
CEM solve time: 9.2299 seconds
CEM solve time: 8.1526 seconds
CEM solve time: 6.6628 seconds
CEM solve time: 5.1526 seconds
CEM solve time: 4.2942 seconds
CEM solve time: 4.2940 seconds
CEM solve time: 3.4384 seconds
CEM solve time: 2.5786 seconds
CEM solve time: 2.5805 seconds
CEM solve time: 2.3653 seconds
CEM solve time: 2.3628 seconds
CEM solve time: 2.1492 seconds
CEM solve time: 2.1475 seconds
CEM solve time: 1.9375 seconds
CEM solve time: 1.7183 seconds
CEM solve time: 1.7201 seconds
CEM solve time: 1.7216 seconds
CEM solve time: 1.2914 seconds
CEM solve time: 1.2896 seconds
CEM solve time: 1.2922 seconds
[traces] saved runs/reacher/traces_hz150_s10gdm_t150_seed43.pt

==== FF-JEPA eval summary (Reacher qpos_match) ====
subgoal=gdm num_eval=128 goal_offset=150 budget=300 seed=43 cem_seed=43 S=10
  SR = 95.31%  (122/128)
