/lustre/home/ha676/le-wm/.venv/lib/python3.11/site-packages/stable_worldmodel/envs/__init__.py:215: UserWarning: ale-py not found; ALE/* envs are unavailable. Install with: pip install 'stable-worldmodel[env]' or pip install ale-py.
  from stable_worldmodel.envs import ale  # noqa: F401
[model] frozen LeWM (18.03M), device=cuda, training=False, subgoal=gdm
[gdm] planner from gdm_reacher_s10.pt: head=53.44M, N=3 WG=1 goal_cond=True T=1000 sampler=ddim/50-steps param=eps schedule=linear norm=standardize
05:32:29 | INFO  | atomic_chec~| [atomic_save] installed crash-safe checkpoint plugin (write to sibling .tmp + fsync + atomic rename)
[episodes-file] reacher_horizon.ep.t14.json: 128 precomputed pairs (built for max_offset=100, seed=42, episode_min=8000) -- sampling bypassed; running at goal_offset=100
[eval] start=random num_eval=128 goal_offset=100 budget=200 qpos_threshold=0.05 rad/joint
[eval] episodes_idx[:5]=[8014, 8074, 8087, 8127, 8135] start_steps[:5]=[73, 52, 58, 58, 79]
05:32:29 | INFO  | __init__.py | MUJOCO_GL=egl, attempting to import specified OpenGL backend.
05:32:29 | INFO  | __init__.py | No OpenGL_accelerate module loaded: No module named 'OpenGL_accelerate'
05:32:29 | INFO  | __init__.py | MuJoCo library version is: 3.10.0
/lustre/home/ha676/le-wm/.venv/lib/python3.11/site-packages/gymnasium/envs/registration.py:729: UserWarning: [33mWARN: The environment is being initialised with render_mode='rgb_array' that is not in the possible render_modes ([]).[0m
  logger.warn(
CEM solve time: 27.7278 seconds
CEM solve time: 26.2956 seconds
CEM solve time: 22.6410 seconds
CEM solve time: 20.0865 seconds
CEM solve time: 17.7306 seconds
CEM solve time: 15.8070 seconds
CEM solve time: 14.0952 seconds
CEM solve time: 12.3938 seconds
CEM solve time: 10.0384 seconds
CEM solve time: 8.3334 seconds
CEM solve time: 6.8351 seconds
CEM solve time: 5.7690 seconds
CEM solve time: 5.1269 seconds
CEM solve time: 4.7003 seconds
CEM solve time: 4.4881 seconds
CEM solve time: 3.8485 seconds
CEM solve time: 3.6343 seconds
CEM solve time: 3.6325 seconds
CEM solve time: 2.9920 seconds
CEM solve time: 2.9909 seconds
[traces] saved runs/reacher/traces_hz_s10gdm_t100_2t_seed42.pt

==== FF-JEPA eval summary (Reacher qpos_match) ====
subgoal=gdm num_eval=128 goal_offset=100 budget=200 seed=42 cem_seed=42 S=10
  SR = 89.84%  (115/128)
/lustre/home/ha676/le-wm/.venv/lib/python3.11/site-packages/stable_worldmodel/envs/__init__.py:215: UserWarning: ale-py not found; ALE/* envs are unavailable. Install with: pip install 'stable-worldmodel[env]' or pip install ale-py.
  from stable_worldmodel.envs import ale  # noqa: F401
[model] frozen LeWM (18.03M), device=cuda, training=False, subgoal=gdm
[gdm] planner from gdm_reacher_s10.pt: head=53.44M, N=3 WG=1 goal_cond=True T=1000 sampler=ddim/50-steps param=eps schedule=linear norm=standardize
05:37:59 | INFO  | atomic_chec~| [atomic_save] installed crash-safe checkpoint plugin (write to sibling .tmp + fsync + atomic rename)
[episodes-file] reacher_horizon.ep.t14.json: 128 precomputed pairs (built for max_offset=100, seed=42, episode_min=8000) -- sampling bypassed; running at goal_offset=100
[eval] start=random num_eval=128 goal_offset=100 budget=50 qpos_threshold=0.05 rad/joint
[eval] episodes_idx[:5]=[8014, 8074, 8087, 8127, 8135] start_steps[:5]=[73, 52, 58, 58, 79]
05:37:59 | INFO  | __init__.py | MUJOCO_GL=egl, attempting to import specified OpenGL backend.
05:37:59 | INFO  | __init__.py | No OpenGL_accelerate module loaded: No module named 'OpenGL_accelerate'
05:38:00 | INFO  | __init__.py | MuJoCo library version is: 3.10.0
/lustre/home/ha676/le-wm/.venv/lib/python3.11/site-packages/gymnasium/envs/registration.py:729: UserWarning: [33mWARN: The environment is being initialised with render_mode='rgb_array' that is not in the possible render_modes ([]).[0m
  logger.warn(
CEM solve time: 27.8355 seconds
CEM solve time: 26.3837 seconds
CEM solve time: 22.6928 seconds
CEM solve time: 20.1252 seconds
CEM solve time: 17.7675 seconds
[traces] saved runs/reacher/traces_hz_s10gdm_t100_b50_seed42.pt

==== FF-JEPA eval summary (Reacher qpos_match) ====
subgoal=gdm num_eval=128 goal_offset=100 budget=50 seed=42 cem_seed=42 S=10
  SR = 42.19%  (54/128)
