/lustre/home/ha676/le-wm/.venv/lib/python3.11/site-packages/stable_worldmodel/envs/__init__.py:215: UserWarning: ale-py not found; ALE/* envs are unavailable. Install with: pip install 'stable-worldmodel[env]' or pip install ale-py.
  from stable_worldmodel.envs import ale  # noqa: F401
[model] frozen LeWM (18.03M), device=cuda, training=False, subgoal=specaccept
[gdm] planner from gdm_reacher_s10.pt: head=53.44M, N=3 WG=1 goal_cond=True T=1000 sampler=ddim/8-steps param=eps schedule=linear norm=standardize
05:37:10 | INFO  | atomic_chec~| [atomic_save] installed crash-safe checkpoint plugin (write to sibling .tmp + fsync + atomic rename)
[episodes-file] reacher_horizon.ep.t23.json: 128 precomputed pairs (built for max_offset=100, seed=42, episode_min=8000) -- sampling bypassed; running at goal_offset=100
[eval] start=random num_eval=128 goal_offset=100 budget=200 qpos_threshold=0.05 rad/joint
[eval] episodes_idx[:5]=[8014, 8074, 8087, 8127, 8135] start_steps[:5]=[73, 52, 58, 58, 79]
05:37:10 | INFO  | __init__.py | MUJOCO_GL=egl, attempting to import specified OpenGL backend.
05:37:10 | INFO  | __init__.py | No OpenGL_accelerate module loaded: No module named 'OpenGL_accelerate'
05:37:10 | INFO  | __init__.py | MuJoCo library version is: 3.10.0
/lustre/home/ha676/le-wm/.venv/lib/python3.11/site-packages/gymnasium/envs/registration.py:729: UserWarning: [33mWARN: The environment is being initialised with render_mode='rgb_array' that is not in the possible render_modes ([]).[0m
  logger.warn(
CEM solve time: 27.5598 seconds
CEM solve time: 26.5727 seconds
CEM solve time: 24.6457 seconds
CEM solve time: 22.9394 seconds
CEM solve time: 21.6529 seconds
CEM solve time: 19.0820 seconds
CEM solve time: 15.6906 seconds
CEM solve time: 14.1461 seconds
CEM solve time: 11.5915 seconds
CEM solve time: 9.6547 seconds
CEM solve time: 8.3530 seconds
CEM solve time: 6.8522 seconds
CEM solve time: 6.4259 seconds
CEM solve time: 5.7866 seconds
CEM solve time: 4.7145 seconds
CEM solve time: 4.7139 seconds
CEM solve time: 4.0811 seconds
CEM solve time: 4.0728 seconds
CEM solve time: 3.6446 seconds
CEM solve time: 3.4273 seconds
[specaccept] tau=0.2 gdm_steps=8 re-drafts=701 advances=444 rejects=490 call_ratio=0.612 (every-step=1.000; lower = fewer diffusion calls)
[traces] saved runs/reacher/traces_hz_s10spec_t100_2t_seed43.pt

==== FF-JEPA eval summary (Reacher qpos_match) ====
subgoal=specaccept num_eval=128 goal_offset=100 budget=200 seed=43 cem_seed=43 S=10
  SR = 88.28%  (113/128)
