=== arm=s10spec offset=50 seed=42 (budgets: 2t=100, vlwm=50) ===
wrote reacher_horizon.ep.t18.json: 128 pairs (episodes >= 8000, start <= ep_len-1-100), sample [[8014, 73], [8074, 52], [8087, 58]]
--- FF-JEPA regime: budget 2t ---
/lustre/home/ha676/le-wm/.venv/lib/python3.11/site-packages/stable_worldmodel/envs/__init__.py:215: UserWarning: ale-py not found; ALE/* envs are unavailable. Install with: pip install 'stable-worldmodel[env]' or pip install ale-py.
  from stable_worldmodel.envs import ale  # noqa: F401
[model] frozen LeWM (18.03M), device=cuda, training=False, subgoal=specaccept
[gdm] planner from gdm_reacher_s10.pt: head=53.44M, N=3 WG=1 goal_cond=True T=1000 sampler=ddim/8-steps param=eps schedule=linear norm=standardize
05:34:29 | INFO  | atomic_chec~| [atomic_save] installed crash-safe checkpoint plugin (write to sibling .tmp + fsync + atomic rename)
[episodes-file] reacher_horizon.ep.t18.json: 128 precomputed pairs (built for max_offset=100, seed=42, episode_min=8000) -- sampling bypassed; running at goal_offset=50
[eval] start=random num_eval=128 goal_offset=50 budget=100 qpos_threshold=0.05 rad/joint
[eval] episodes_idx[:5]=[8014, 8074, 8087, 8127, 8135] start_steps[:5]=[73, 52, 58, 58, 79]
05:34:29 | INFO  | __init__.py | MUJOCO_GL=egl, attempting to import specified OpenGL backend.
05:34:29 | INFO  | __init__.py | No OpenGL_accelerate module loaded: No module named 'OpenGL_accelerate'
05:34:29 | INFO  | __init__.py | MuJoCo library version is: 3.10.0
/lustre/home/ha676/le-wm/.venv/lib/python3.11/site-packages/gymnasium/envs/registration.py:729: UserWarning: [33mWARN: The environment is being initialised with render_mode='rgb_array' that is not in the possible render_modes ([]).[0m
  logger.warn(
CEM solve time: 27.9358 seconds
CEM solve time: 26.4932 seconds
CEM solve time: 21.2933 seconds
CEM solve time: 18.7198 seconds
CEM solve time: 16.3504 seconds
CEM solve time: 15.2708 seconds
CEM solve time: 13.7685 seconds
CEM solve time: 11.1832 seconds
CEM solve time: 9.6826 seconds
CEM solve time: 7.3213 seconds
[specaccept] tau=0.2 gdm_steps=8 re-drafts=494 advances=285 rejects=312 call_ratio=0.634 (every-step=1.000; lower = fewer diffusion calls)
[traces] saved runs/reacher/traces_hz_s10spec_t50_2t_seed42.pt

==== FF-JEPA eval summary (Reacher qpos_match) ====
subgoal=specaccept num_eval=128 goal_offset=50 budget=100 seed=42 cem_seed=42 S=10
  SR = 80.47%  (103/128)
--- VLWM regime: budget 50 fixed ---
/lustre/home/ha676/le-wm/.venv/lib/python3.11/site-packages/stable_worldmodel/envs/__init__.py:215: UserWarning: ale-py not found; ALE/* envs are unavailable. Install with: pip install 'stable-worldmodel[env]' or pip install ale-py.
  from stable_worldmodel.envs import ale  # noqa: F401
[model] frozen LeWM (18.03M), device=cuda, training=False, subgoal=specaccept
[gdm] planner from gdm_reacher_s10.pt: head=53.44M, N=3 WG=1 goal_cond=True T=1000 sampler=ddim/8-steps param=eps schedule=linear norm=standardize
05:38:54 | INFO  | atomic_chec~| [atomic_save] installed crash-safe checkpoint plugin (write to sibling .tmp + fsync + atomic rename)
[episodes-file] reacher_horizon.ep.t18.json: 128 precomputed pairs (built for max_offset=100, seed=42, episode_min=8000) -- sampling bypassed; running at goal_offset=50
[eval] start=random num_eval=128 goal_offset=50 budget=50 qpos_threshold=0.05 rad/joint
[eval] episodes_idx[:5]=[8014, 8074, 8087, 8127, 8135] start_steps[:5]=[73, 52, 58, 58, 79]
05:38:55 | INFO  | __init__.py | MUJOCO_GL=egl, attempting to import specified OpenGL backend.
05:38:55 | INFO  | __init__.py | No OpenGL_accelerate module loaded: No module named 'OpenGL_accelerate'
05:38:55 | INFO  | __init__.py | MuJoCo library version is: 3.10.0
/lustre/home/ha676/le-wm/.venv/lib/python3.11/site-packages/gymnasium/envs/registration.py:729: UserWarning: [33mWARN: The environment is being initialised with render_mode='rgb_array' that is not in the possible render_modes ([]).[0m
  logger.warn(
CEM solve time: 27.6064 seconds
CEM solve time: 26.4607 seconds
CEM solve time: 21.3038 seconds
CEM solve time: 18.7283 seconds
CEM solve time: 16.3599 seconds
[specaccept] tau=0.2 gdm_steps=8 re-drafts=349 advances=164 rejects=200 call_ratio=0.680 (every-step=1.000; lower = fewer diffusion calls)
[traces] saved runs/reacher/traces_hz_s10spec_t50_b50_seed42.pt

==== FF-JEPA eval summary (Reacher qpos_match) ====
subgoal=specaccept num_eval=128 goal_offset=50 budget=50 seed=42 cem_seed=42 S=10
  SR = 44.53%  (57/128)
