/lustre/home/ha676/le-wm/.venv/lib/python3.11/site-packages/stable_worldmodel/envs/__init__.py:215: UserWarning: ale-py not found; ALE/* envs are unavailable. Install with: pip install 'stable-worldmodel[env]' or pip install ale-py.
  from stable_worldmodel.envs import ale  # noqa: F401
[model] frozen LeWM (18.03M), device=cuda, training=False, subgoal=specaccept
[gdm] planner from gdm_reacher_s10.pt: head=53.44M, N=3 WG=1 goal_cond=True T=1000 sampler=ddim/8-steps param=eps schedule=linear norm=standardize
09:30:03 | INFO  | atomic_chec~| [atomic_save] installed crash-safe checkpoint plugin (write to sibling .tmp + fsync + atomic rename)
[episodes-file] reacher_horizon.ep.ext.t11.json: 128 precomputed pairs (built for max_offset=100, seed=42, episode_min=8000) -- sampling bypassed; running at goal_offset=100
[eval] start=random num_eval=128 goal_offset=100 budget=200 qpos_threshold=0.05 rad/joint
[eval] episodes_idx[:5]=[8014, 8074, 8087, 8127, 8135] start_steps[:5]=[73, 52, 58, 58, 79]
09:30:03 | INFO  | __init__.py | MUJOCO_GL=egl, attempting to import specified OpenGL backend.
09:30:03 | INFO  | __init__.py | No OpenGL_accelerate module loaded: No module named 'OpenGL_accelerate'
09:30:04 | INFO  | __init__.py | MuJoCo library version is: 3.10.0
/lustre/home/ha676/le-wm/.venv/lib/python3.11/site-packages/gymnasium/envs/registration.py:729: UserWarning: [33mWARN: The environment is being initialised with render_mode='rgb_array' that is not in the possible render_modes ([]).[0m
  logger.warn(
CEM solve time: 28.3669 seconds
CEM solve time: 25.5695 seconds
CEM solve time: 23.4151 seconds
CEM solve time: 21.9253 seconds
CEM solve time: 19.9823 seconds
CEM solve time: 16.9789 seconds
CEM solve time: 15.2616 seconds
CEM solve time: 13.7548 seconds
CEM solve time: 10.9605 seconds
CEM solve time: 8.3843 seconds
CEM solve time: 7.0954 seconds
CEM solve time: 6.4492 seconds
CEM solve time: 6.0188 seconds
CEM solve time: 5.3759 seconds
CEM solve time: 4.0854 seconds
CEM solve time: 3.6564 seconds
CEM solve time: 3.4400 seconds
CEM solve time: 2.7962 seconds
CEM solve time: 1.9361 seconds
CEM solve time: 1.7210 seconds
[specaccept] tau=0.2 gdm_steps=8 re-drafts=638 advances=415 rejects=424 call_ratio=0.606 (every-step=1.000; lower = fewer diffusion calls)
[traces] saved runs/reacher/traces_hz_s10spec_t100_2t_seed45.pt

==== FF-JEPA eval summary (Reacher qpos_match) ====
subgoal=specaccept num_eval=128 goal_offset=100 budget=200 seed=45 cem_seed=45 S=10
  SR = 95.31%  (122/128)
