/lustre/home/ha676/le-wm/.venv/lib/python3.11/site-packages/stable_worldmodel/envs/__init__.py:215: UserWarning: ale-py not found; ALE/* envs are unavailable. Install with: pip install 'stable-worldmodel[env]' or pip install ale-py.
  from stable_worldmodel.envs import ale  # noqa: F401
[model] frozen LeWM (18.03M), device=cuda, training=False, subgoal=gdm
[gdm] planner from gdm_reacher_s10.pt: head=53.44M, N=3 WG=1 goal_cond=True T=1000 sampler=ddim/50-steps param=eps schedule=linear norm=standardize
10:00:44 | INFO  | atomic_chec~| [atomic_save] installed crash-safe checkpoint plugin (write to sibling .tmp + fsync + atomic rename)
[episodes-file] reacher_horizon150.ep.t20.json: 128 precomputed pairs (built for max_offset=150, seed=42, episode_min=8000) -- sampling bypassed; running at goal_offset=150
[eval] start=random num_eval=128 goal_offset=150 budget=300 qpos_threshold=0.05 rad/joint
[eval] episodes_idx[:5]=[8014, 8074, 8087, 8127, 8135] start_steps[:5]=[36, 26, 27, 26, 37]
10:00:44 | INFO  | __init__.py | MUJOCO_GL=egl, attempting to import specified OpenGL backend.
10:00:44 | INFO  | __init__.py | No OpenGL_accelerate module loaded: No module named 'OpenGL_accelerate'
10:00:44 | INFO  | __init__.py | MuJoCo library version is: 3.10.0
/lustre/home/ha676/le-wm/.venv/lib/python3.11/site-packages/gymnasium/envs/registration.py:729: UserWarning: [33mWARN: The environment is being initialised with render_mode='rgb_array' that is not in the possible render_modes ([]).[0m
  logger.warn(
CEM solve time: 27.9473 seconds
CEM solve time: 26.2890 seconds
CEM solve time: 24.3548 seconds
CEM solve time: 21.3387 seconds
CEM solve time: 18.3088 seconds
CEM solve time: 15.5031 seconds
CEM solve time: 12.9167 seconds
CEM solve time: 11.4112 seconds
CEM solve time: 9.6965 seconds
CEM solve time: 9.0473 seconds
CEM solve time: 8.1832 seconds
CEM solve time: 7.7992 seconds
CEM solve time: 6.6722 seconds
CEM solve time: 5.3815 seconds
CEM solve time: 4.5213 seconds
CEM solve time: 4.0923 seconds
CEM solve time: 3.2290 seconds
CEM solve time: 2.7979 seconds
CEM solve time: 2.5830 seconds
CEM solve time: 2.3684 seconds
CEM solve time: 2.3684 seconds
CEM solve time: 2.3679 seconds
CEM solve time: 2.1531 seconds
CEM solve time: 2.1531 seconds
CEM solve time: 1.5091 seconds
CEM solve time: 1.2937 seconds
CEM solve time: 1.0785 seconds
CEM solve time: 1.0783 seconds
CEM solve time: 1.0786 seconds
CEM solve time: 1.0790 seconds
[traces] saved runs/reacher/traces_hz150_s10gdm_t150_seed42.pt

==== FF-JEPA eval summary (Reacher qpos_match) ====
subgoal=gdm num_eval=128 goal_offset=150 budget=300 seed=42 cem_seed=42 S=10
  SR = 96.09%  (123/128)
