=== dense build from /lustre/home/ha676/data/reacher/reacher.h5 ===
/lustre/home/ha676/le-wm/.venv/lib/python3.11/site-packages/stable_worldmodel/envs/__init__.py:215: UserWarning: ale-py not found; ALE/* envs are unavailable. Install with: pip install 'stable-worldmodel[env]' or pip install ale-py.
  from stable_worldmodel.envs import ale  # noqa: F401
[cfg] {'h5': '/lustre/home/ha676/data/reacher/reacher.h5', 'out': 'subgoals_reacher_dense.pt', 'source': 'local', 'encoder_id': 'quentinll/lewm-reacher', 'local_dir': 'encoder_reacher', 'swm_src': None, 'device': 'cuda', 'batch_size': 256, 'stride': 1, 'max_episodes': None, 'sample_mode': 'head', 'sample_seed': 0}
[model] frozen LeWM loaded: 18.03M params, device=cuda, training=False
[data] /lustre/home/ha676/data/reacher/reacher.h5: 10000 episodes total; considering 10000 (mode=head); ep_len min=201 max=201 mean=201.0
[subsample] stride=1: 2010000 frames to encode; n_sg/episode min=201 max=201 mean=201.00
  encoded 201/2010000 frames over 1 eps (77s)
  encoded 40401/2010000 frames over 201 eps (125s)
  encoded 80601/2010000 frames over 401 eps (174s)
  encoded 120801/2010000 frames over 601 eps (219s)
  encoded 161001/2010000 frames over 801 eps (266s)
  encoded 201201/2010000 frames over 1001 eps (314s)
  encoded 241401/2010000 frames over 1201 eps (362s)
  encoded 281601/2010000 frames over 1401 eps (411s)
  encoded 321801/2010000 frames over 1601 eps (460s)
  encoded 362001/2010000 frames over 1801 eps (509s)
  encoded 402201/2010000 frames over 2001 eps (558s)
  encoded 442401/2010000 frames over 2201 eps (606s)
  encoded 482601/2010000 frames over 2401 eps (654s)
  encoded 522801/2010000 frames over 2601 eps (703s)
  encoded 563001/2010000 frames over 2801 eps (751s)
  encoded 603201/2010000 frames over 3001 eps (801s)
  encoded 643401/2010000 frames over 3201 eps (849s)
  encoded 683601/2010000 frames over 3401 eps (898s)
  encoded 723801/2010000 frames over 3601 eps (947s)
  encoded 764001/2010000 frames over 3801 eps (996s)
  encoded 804201/2010000 frames over 4001 eps (1045s)
  encoded 844401/2010000 frames over 4201 eps (1094s)
  encoded 884601/2010000 frames over 4401 eps (1144s)
  encoded 924801/2010000 frames over 4601 eps (1192s)
  encoded 965001/2010000 frames over 4801 eps (1241s)
  encoded 1005201/2010000 frames over 5001 eps (1290s)
  encoded 1045401/2010000 frames over 5201 eps (1339s)
  encoded 1085601/2010000 frames over 5401 eps (1388s)
  encoded 1125801/2010000 frames over 5601 eps (1436s)
  encoded 1166001/2010000 frames over 5801 eps (1485s)
  encoded 1206201/2010000 frames over 6001 eps (1533s)
  encoded 1246401/2010000 frames over 6201 eps (1581s)
  encoded 1286601/2010000 frames over 6401 eps (1630s)
  encoded 1326801/2010000 frames over 6601 eps (1679s)
  encoded 1367001/2010000 frames over 6801 eps (1727s)
  encoded 1407201/2010000 frames over 7001 eps (1775s)
  encoded 1447401/2010000 frames over 7201 eps (1824s)
  encoded 1487601/2010000 frames over 7401 eps (1874s)
  encoded 1527801/2010000 frames over 7601 eps (1924s)
  encoded 1568001/2010000 frames over 7801 eps (1973s)
  encoded 1608201/2010000 frames over 8001 eps (2023s)
  encoded 1648401/2010000 frames over 8201 eps (2071s)
  encoded 1688601/2010000 frames over 8401 eps (2119s)
  encoded 1728801/2010000 frames over 8601 eps (2167s)
  encoded 1769001/2010000 frames over 8801 eps (2216s)
  encoded 1809201/2010000 frames over 9001 eps (2265s)
  encoded 1849401/2010000 frames over 9201 eps (2313s)
  encoded 1889601/2010000 frames over 9401 eps (2361s)
  encoded 1929801/2010000 frames over 9601 eps (2410s)
  encoded 1970001/2010000 frames over 9801 eps (2459s)
[save] subgoals_reacher_dense.pt  (1544.0 MB)
[norm] ||z|| mean=13.79 std=0.59 min=12.37 max=16.69  (sqrt(192)=13.86)
[done] 2511s
