=== arm=s10gdm offset=100 seed=43 (budgets: 2t=200, vlwm=50) ===
wrote reacher_horizon.ep.t15.json: 128 pairs (episodes >= 8000, start <= ep_len-1-100), sample [[8014, 73], [8074, 52], [8087, 58]]
--- FF-JEPA regime: budget 2t ---
/lustre/home/ha676/le-wm/.venv/lib/python3.11/site-packages/stable_worldmodel/envs/__init__.py:215: UserWarning: ale-py not found; ALE/* envs are unavailable. Install with: pip install 'stable-worldmodel[env]' or pip install ale-py.
  from stable_worldmodel.envs import ale  # noqa: F401
[model] frozen LeWM (18.03M), device=cuda, training=False, subgoal=gdm
[gdm] planner from gdm_reacher_s10.pt: head=53.44M, N=3 WG=1 goal_cond=True T=1000 sampler=ddim/50-steps param=eps schedule=linear norm=standardize
05:33:10 | INFO  | atomic_chec~| [atomic_save] installed crash-safe checkpoint plugin (write to sibling .tmp + fsync + atomic rename)
[episodes-file] reacher_horizon.ep.t15.json: 128 precomputed pairs (built for max_offset=100, seed=42, episode_min=8000) -- sampling bypassed; running at goal_offset=100
[eval] start=random num_eval=128 goal_offset=100 budget=200 qpos_threshold=0.05 rad/joint
[eval] episodes_idx[:5]=[8014, 8074, 8087, 8127, 8135] start_steps[:5]=[73, 52, 58, 58, 79]
05:33:11 | INFO  | __init__.py | MUJOCO_GL=egl, attempting to import specified OpenGL backend.
05:33:11 | INFO  | __init__.py | No OpenGL_accelerate module loaded: No module named 'OpenGL_accelerate'
05:33:11 | INFO  | __init__.py | MuJoCo library version is: 3.10.0
/lustre/home/ha676/le-wm/.venv/lib/python3.11/site-packages/gymnasium/envs/registration.py:729: UserWarning: [33mWARN: The environment is being initialised with render_mode='rgb_array' that is not in the possible render_modes ([]).[0m
  logger.warn(
CEM solve time: 27.5591 seconds
CEM solve time: 26.8435 seconds
CEM solve time: 24.6935 seconds
CEM solve time: 22.3341 seconds
CEM solve time: 19.3339 seconds
CEM solve time: 16.5293 seconds
CEM solve time: 14.3802 seconds
CEM solve time: 12.6676 seconds
CEM solve time: 10.7349 seconds
CEM solve time: 9.8754 seconds
CEM solve time: 8.3762 seconds
CEM solve time: 7.1027 seconds
CEM solve time: 6.0195 seconds
CEM solve time: 5.5846 seconds
CEM solve time: 4.9405 seconds
CEM solve time: 4.5148 seconds
CEM solve time: 3.8706 seconds
CEM solve time: 3.0112 seconds
CEM solve time: 2.7956 seconds
CEM solve time: 2.3651 seconds
[traces] saved runs/reacher/traces_hz_s10gdm_t100_2t_seed43.pt

==== FF-JEPA eval summary (Reacher qpos_match) ====
subgoal=gdm num_eval=128 goal_offset=100 budget=200 seed=43 cem_seed=43 S=10
  SR = 93.75%  (120/128)
--- VLWM regime: budget 50 fixed ---
/lustre/home/ha676/le-wm/.venv/lib/python3.11/site-packages/stable_worldmodel/envs/__init__.py:215: UserWarning: ale-py not found; ALE/* envs are unavailable. Install with: pip install 'stable-worldmodel[env]' or pip install ale-py.
  from stable_worldmodel.envs import ale  # noqa: F401
[model] frozen LeWM (18.03M), device=cuda, training=False, subgoal=gdm
[gdm] planner from gdm_reacher_s10.pt: head=53.44M, N=3 WG=1 goal_cond=True T=1000 sampler=ddim/50-steps param=eps schedule=linear norm=standardize
05:38:58 | INFO  | atomic_chec~| [atomic_save] installed crash-safe checkpoint plugin (write to sibling .tmp + fsync + atomic rename)
[episodes-file] reacher_horizon.ep.t15.json: 128 precomputed pairs (built for max_offset=100, seed=42, episode_min=8000) -- sampling bypassed; running at goal_offset=100
[eval] start=random num_eval=128 goal_offset=100 budget=50 qpos_threshold=0.05 rad/joint
[eval] episodes_idx[:5]=[8014, 8074, 8087, 8127, 8135] start_steps[:5]=[73, 52, 58, 58, 79]
05:38:59 | INFO  | __init__.py | MUJOCO_GL=egl, attempting to import specified OpenGL backend.
05:38:59 | INFO  | __init__.py | No OpenGL_accelerate module loaded: No module named 'OpenGL_accelerate'
05:38:59 | INFO  | __init__.py | MuJoCo library version is: 3.10.0
/lustre/home/ha676/le-wm/.venv/lib/python3.11/site-packages/gymnasium/envs/registration.py:729: UserWarning: [33mWARN: The environment is being initialised with render_mode='rgb_array' that is not in the possible render_modes ([]).[0m
  logger.warn(
CEM solve time: 27.6076 seconds
CEM solve time: 26.8789 seconds
CEM solve time: 24.7291 seconds
CEM solve time: 22.5728 seconds
CEM solve time: 18.7077 seconds
[traces] saved runs/reacher/traces_hz_s10gdm_t100_b50_seed43.pt

==== FF-JEPA eval summary (Reacher qpos_match) ====
subgoal=gdm num_eval=128 goal_offset=100 budget=50 seed=43 cem_seed=43 S=10
  SR = 39.84%  (51/128)
