=== frontier: s10spec tau=0.2 k=16 seed=42 (t100, budget 200) ===
wrote reacher_horizon.ep.frontier.t10.json: 128 pairs (episodes >= 8000, start <= ep_len-1-100), sample [[8014, 73], [8074, 52], [8087, 58]]
/lustre/home/ha676/le-wm/.venv/lib/python3.11/site-packages/stable_worldmodel/envs/__init__.py:215: UserWarning: ale-py not found; ALE/* envs are unavailable. Install with: pip install 'stable-worldmodel[env]' or pip install ale-py.
  from stable_worldmodel.envs import ale  # noqa: F401
[model] frozen LeWM (18.03M), device=cuda, training=False, subgoal=specaccept
[gdm] planner from gdm_reacher_s10.pt: head=53.44M, N=3 WG=1 goal_cond=True T=1000 sampler=ddim/16-steps param=eps schedule=linear norm=standardize
10:14:30 | INFO  | atomic_chec~| [atomic_save] installed crash-safe checkpoint plugin (write to sibling .tmp + fsync + atomic rename)
[episodes-file] reacher_horizon.ep.frontier.t10.json: 128 precomputed pairs (built for max_offset=100, seed=42, episode_min=8000) -- sampling bypassed; running at goal_offset=100
[eval] start=random num_eval=128 goal_offset=100 budget=200 qpos_threshold=0.05 rad/joint
[eval] episodes_idx[:5]=[8014, 8074, 8087, 8127, 8135] start_steps[:5]=[73, 52, 58, 58, 79]
10:14:30 | INFO  | __init__.py | MUJOCO_GL=egl, attempting to import specified OpenGL backend.
10:14:30 | INFO  | __init__.py | No OpenGL_accelerate module loaded: No module named 'OpenGL_accelerate'
10:14:30 | INFO  | __init__.py | MuJoCo library version is: 3.10.0
/lustre/home/ha676/le-wm/.venv/lib/python3.11/site-packages/gymnasium/envs/registration.py:729: UserWarning: [33mWARN: The environment is being initialised with render_mode='rgb_array' that is not in the possible render_modes ([]).[0m
  logger.warn(
CEM solve time: 27.5400 seconds
CEM solve time: 26.8006 seconds
CEM solve time: 24.6347 seconds
CEM solve time: 23.1429 seconds
CEM solve time: 21.4293 seconds
CEM solve time: 19.0698 seconds
CEM solve time: 16.7064 seconds
CEM solve time: 15.4320 seconds
CEM solve time: 13.2920 seconds
CEM solve time: 12.4325 seconds
CEM solve time: 10.7266 seconds
CEM solve time: 9.8601 seconds
CEM solve time: 9.0118 seconds
CEM solve time: 7.0820 seconds
CEM solve time: 6.0067 seconds
CEM solve time: 5.1480 seconds
CEM solve time: 4.0741 seconds
CEM solve time: 3.2137 seconds
CEM solve time: 3.2158 seconds
CEM solve time: 2.5719 seconds
[specaccept] tau=0.2 gdm_steps=16 re-drafts=771 advances=448 rejects=576 call_ratio=0.632 (every-step=1.000; lower = fewer diffusion calls)
[traces] saved runs/reacher/traces_frontier_tau0.2_k16_seed42.pt

==== FF-JEPA eval summary (Reacher qpos_match) ====
subgoal=specaccept num_eval=128 goal_offset=100 budget=200 seed=42 cem_seed=42 S=10
  SR = 92.97%  (119/128)
