/lustre/home/ha676/le-wm/.venv/lib/python3.11/site-packages/stable_worldmodel/envs/__init__.py:215: UserWarning: ale-py not found; ALE/* envs are unavailable. Install with: pip install 'stable-worldmodel[env]' or pip install ale-py.
  from stable_worldmodel.envs import ale  # noqa: F401
[model] frozen LeWM (18.03M), device=cuda, training=False, subgoal=specaccept
[gdm] planner from gdm_reacher_s10.pt: head=53.44M, N=3 WG=1 goal_cond=True T=1000 sampler=ddim/8-steps param=eps schedule=linear norm=standardize
10:20:01 | INFO  | atomic_chec~| [atomic_save] installed crash-safe checkpoint plugin (write to sibling .tmp + fsync + atomic rename)
[episodes-file] reacher_horizon.ep.frontier.t21.json: 128 precomputed pairs (built for max_offset=100, seed=42, episode_min=8000) -- sampling bypassed; running at goal_offset=100
[eval] start=random num_eval=128 goal_offset=100 budget=200 qpos_threshold=0.05 rad/joint
[eval] episodes_idx[:5]=[8014, 8074, 8087, 8127, 8135] start_steps[:5]=[73, 52, 58, 58, 79]
10:20:01 | INFO  | __init__.py | MUJOCO_GL=egl, attempting to import specified OpenGL backend.
10:20:01 | INFO  | __init__.py | No OpenGL_accelerate module loaded: No module named 'OpenGL_accelerate'
10:20:01 | INFO  | __init__.py | MuJoCo library version is: 3.10.0
/lustre/home/ha676/le-wm/.venv/lib/python3.11/site-packages/gymnasium/envs/registration.py:729: UserWarning: [33mWARN: The environment is being initialised with render_mode='rgb_array' that is not in the possible render_modes ([]).[0m
  logger.warn(
CEM solve time: 27.5882 seconds
CEM solve time: 26.6220 seconds
CEM solve time: 24.8821 seconds
CEM solve time: 23.8011 seconds
CEM solve time: 22.0839 seconds
CEM solve time: 20.5746 seconds
CEM solve time: 18.8581 seconds
CEM solve time: 16.7125 seconds
CEM solve time: 15.0008 seconds
CEM solve time: 13.5093 seconds
CEM solve time: 10.9322 seconds
CEM solve time: 9.6508 seconds
CEM solve time: 7.9362 seconds
CEM solve time: 7.0751 seconds
CEM solve time: 6.4322 seconds
CEM solve time: 5.1476 seconds
CEM solve time: 4.5040 seconds
CEM solve time: 4.0743 seconds
CEM solve time: 3.6462 seconds
CEM solve time: 3.4320 seconds
[specaccept] tau=0.4 gdm_steps=8 re-drafts=585 advances=685 rejects=223 call_ratio=0.461 (every-step=1.000; lower = fewer diffusion calls)
[traces] saved runs/reacher/traces_frontier_tau0.4_k8_seed43.pt

==== FF-JEPA eval summary (Reacher qpos_match) ====
subgoal=specaccept num_eval=128 goal_offset=100 budget=200 seed=43 cem_seed=43 S=10
  SR = 90.62%  (116/128)
