/lustre/home/ha676/le-wm/.venv/lib/python3.11/site-packages/stable_worldmodel/envs/__init__.py:215: UserWarning: ale-py not found; ALE/* envs are unavailable. Install with: pip install 'stable-worldmodel[env]' or pip install ale-py.
  from stable_worldmodel.envs import ale  # noqa: F401
[model] frozen LeWM (18.03M), device=cuda, training=False, subgoal=specaccept
[gdm] planner from gdm_reacher_s25.pt: head=53.44M, N=3 WG=1 goal_cond=True T=1000 sampler=ddim/8-steps param=eps schedule=linear norm=standardize
05:18:01 | INFO  | atomic_chec~| [atomic_save] installed crash-safe checkpoint plugin (write to sibling .tmp + fsync + atomic rename)
[holdout] eval restricted to episodes [8000, 10000) (2000/10000 eligible)
[eval] start=random num_eval=128 goal_offset=25 budget=50 qpos_threshold=0.05 rad/joint
[eval] episodes_idx[:5]=[8014, 8074, 8087, 8127, 8135] start_steps[:5]=[127, 91, 103, 105, 142]
05:18:01 | INFO  | __init__.py | MUJOCO_GL=egl, attempting to import specified OpenGL backend.
05:18:01 | INFO  | __init__.py | No OpenGL_accelerate module loaded: No module named 'OpenGL_accelerate'
05:18:02 | INFO  | __init__.py | MuJoCo library version is: 3.10.0
/lustre/home/ha676/le-wm/.venv/lib/python3.11/site-packages/gymnasium/envs/registration.py:729: UserWarning: [33mWARN: The environment is being initialised with render_mode='rgb_array' that is not in the possible render_modes ([]).[0m
  logger.warn(
CEM solve time: 73.7623 seconds
CEM solve time: 55.7324 seconds
[specaccept] tau=0.2 gdm_steps=8 re-drafts=202 advances=23 rejects=74 call_ratio=0.898 (every-step=1.000; lower = fewer diffusion calls)
[traces] saved runs/reacher/traces_s25spec_seed42.pt

==== FF-JEPA eval summary (Reacher qpos_match) ====
subgoal=specaccept num_eval=128 goal_offset=25 budget=50 seed=42 cem_seed=42 S=25
  SR = 57.81%  (74/128)
