/lustre/home/ha676/le-wm/.venv/lib/python3.11/site-packages/stable_worldmodel/envs/__init__.py:215: UserWarning: ale-py not found; ALE/* envs are unavailable. Install with: pip install 'stable-worldmodel[env]' or pip install ale-py.
  from stable_worldmodel.envs import ale  # noqa: F401
[model] frozen LeWM (18.03M), device=cuda, training=False, subgoal=gdm
[gdm] planner from gdm_reacher_s10.pt: head=53.44M, N=3 WG=1 goal_cond=True T=1000 sampler=ddim/50-steps param=eps schedule=linear norm=standardize
09:29:01 | INFO  | atomic_chec~| [atomic_save] installed crash-safe checkpoint plugin (write to sibling .tmp + fsync + atomic rename)
[episodes-file] reacher_horizon.ep.ext.t7.json: 128 precomputed pairs (built for max_offset=100, seed=42, episode_min=8000) -- sampling bypassed; running at goal_offset=100
[eval] start=random num_eval=128 goal_offset=100 budget=200 qpos_threshold=0.05 rad/joint
[eval] episodes_idx[:5]=[8014, 8074, 8087, 8127, 8135] start_steps[:5]=[73, 52, 58, 58, 79]
09:29:02 | INFO  | __init__.py | MUJOCO_GL=egl, attempting to import specified OpenGL backend.
09:29:02 | INFO  | __init__.py | No OpenGL_accelerate module loaded: No module named 'OpenGL_accelerate'
09:29:02 | INFO  | __init__.py | MuJoCo library version is: 3.10.0
/lustre/home/ha676/le-wm/.venv/lib/python3.11/site-packages/gymnasium/envs/registration.py:729: UserWarning: [33mWARN: The environment is being initialised with render_mode='rgb_array' that is not in the possible render_modes ([]).[0m
  logger.warn(
CEM solve time: 27.6722 seconds
CEM solve time: 25.1595 seconds
CEM solve time: 24.3039 seconds
CEM solve time: 22.1785 seconds
CEM solve time: 18.7639 seconds
CEM solve time: 14.9207 seconds
CEM solve time: 12.7926 seconds
CEM solve time: 10.6614 seconds
CEM solve time: 9.5991 seconds
CEM solve time: 8.7485 seconds
CEM solve time: 7.4676 seconds
CEM solve time: 6.4012 seconds
CEM solve time: 5.5481 seconds
CEM solve time: 4.9077 seconds
CEM solve time: 4.6910 seconds
CEM solve time: 4.4784 seconds
CEM solve time: 4.2648 seconds
CEM solve time: 4.0527 seconds
CEM solve time: 3.8407 seconds
CEM solve time: 3.1993 seconds
[traces] saved runs/reacher/traces_hz_s10gdm_t100_2t_seed45.pt

==== FF-JEPA eval summary (Reacher qpos_match) ====
subgoal=gdm num_eval=128 goal_offset=100 budget=200 seed=45 cem_seed=45 S=10
  SR = 89.84%  (115/128)
