/lustre/home/ha676/le-wm/.venv/lib/python3.11/site-packages/stable_worldmodel/envs/__init__.py:215: UserWarning: ale-py not found; ALE/* envs are unavailable. Install with: pip install 'stable-worldmodel[env]' or pip install ale-py.
  from stable_worldmodel.envs import ale  # noqa: F401
[model] frozen LeWM (18.03M), device=cuda, training=False, subgoal=specaccept
[gdm] planner from gdm_reacher_s10.pt: head=53.44M, N=3 WG=1 goal_cond=True T=1000 sampler=ddim/8-steps param=eps schedule=linear norm=standardize
10:16:00 | INFO  | atomic_chec~| [atomic_save] installed crash-safe checkpoint plugin (write to sibling .tmp + fsync + atomic rename)
[episodes-file] reacher_horizon.ep.frontier.t14.json: 128 precomputed pairs (built for max_offset=100, seed=42, episode_min=8000) -- sampling bypassed; running at goal_offset=100
[eval] start=random num_eval=128 goal_offset=100 budget=200 qpos_threshold=0.05 rad/joint
[eval] episodes_idx[:5]=[8014, 8074, 8087, 8127, 8135] start_steps[:5]=[73, 52, 58, 58, 79]
10:16:00 | INFO  | __init__.py | MUJOCO_GL=egl, attempting to import specified OpenGL backend.
10:16:01 | INFO  | __init__.py | No OpenGL_accelerate module loaded: No module named 'OpenGL_accelerate'
10:16:01 | INFO  | __init__.py | MuJoCo library version is: 3.10.0
/lustre/home/ha676/le-wm/.venv/lib/python3.11/site-packages/gymnasium/envs/registration.py:729: UserWarning: [33mWARN: The environment is being initialised with render_mode='rgb_array' that is not in the possible render_modes ([]).[0m
  logger.warn(
CEM solve time: 27.6356 seconds
CEM solve time: 26.6477 seconds
CEM solve time: 24.2961 seconds
CEM solve time: 22.1384 seconds
CEM solve time: 20.8528 seconds
CEM solve time: 17.8365 seconds
CEM solve time: 16.1199 seconds
CEM solve time: 14.6154 seconds
CEM solve time: 13.1149 seconds
CEM solve time: 12.4636 seconds
CEM solve time: 10.5326 seconds
CEM solve time: 9.8856 seconds
CEM solve time: 8.8140 seconds
CEM solve time: 7.1013 seconds
CEM solve time: 6.0209 seconds
CEM solve time: 4.9450 seconds
CEM solve time: 3.6550 seconds
CEM solve time: 3.0091 seconds
CEM solve time: 2.5797 seconds
CEM solve time: 2.1498 seconds
[specaccept] tau=0.3 gdm_steps=8 re-drafts=605 advances=578 rejects=330 call_ratio=0.511 (every-step=1.000; lower = fewer diffusion calls)
[traces] saved runs/reacher/traces_frontier_tau0.3_k8_seed42.pt

==== FF-JEPA eval summary (Reacher qpos_match) ====
subgoal=specaccept num_eval=128 goal_offset=100 budget=200 seed=42 cem_seed=42 S=10
  SR = 92.19%  (118/128)
