=== [1/2] ORACLE n=32 (harness + encoder + injection sanity) ===
/lustre/home/ha676/le-wm/.venv/lib/python3.11/site-packages/stable_worldmodel/envs/__init__.py:215: UserWarning: ale-py not found; ALE/* envs are unavailable. Install with: pip install 'stable-worldmodel[env]' or pip install ale-py.
  from stable_worldmodel.envs import ale  # noqa: F401
[model] frozen LeWM (18.03M), device=cuda, training=False, subgoal=oracle
21:48:03 | INFO  | __init__.py | generated new fontManager
21:48:23 | INFO  | atomic_chec~| [atomic_save] installed crash-safe checkpoint plugin (write to sibling .tmp + fsync + atomic rename)
[holdout] eval restricted to episodes [8000, 10000) (2000/10000 eligible)
[eval] start=random num_eval=32 goal_offset=25 budget=50 qpos_threshold=0.05 rad/joint
[eval] episodes_idx[:5]=[8171, 8178, 8188, 8256, 8365] start_steps[:5]=[154, 85, 60, 38, 15]
[oracle] built 32 per-env subgoal tables; K (subgoals/ep) = 2
21:49:03 | INFO  | __init__.py | MUJOCO_GL=egl, attempting to import specified OpenGL backend.
21:49:03 | INFO  | __init__.py | No OpenGL_accelerate module loaded: No module named 'OpenGL_accelerate'
21:49:05 | INFO  | __init__.py | MuJoCo library version is: 3.10.0
/lustre/home/ha676/le-wm/.venv/lib/python3.11/site-packages/gymnasium/envs/registration.py:729: UserWarning: [33mWARN: The environment is being initialised with render_mode='rgb_array' that is not in the possible render_modes ([]).[0m
  logger.warn(
CEM solve time: 19.2093 seconds
CEM solve time: 8.0682 seconds

==== FF-JEPA eval summary (Reacher qpos_match) ====
subgoal=oracle num_eval=32 goal_offset=25 budget=50 seed=42 cem_seed=42 S=25
  SR = 90.62%  (29/32)
=== [2/2] BASELINE n=32 (flat LeWM, goal image == LeWM protocol) ===
/lustre/home/ha676/le-wm/.venv/lib/python3.11/site-packages/stable_worldmodel/envs/__init__.py:215: UserWarning: ale-py not found; ALE/* envs are unavailable. Install with: pip install 'stable-worldmodel[env]' or pip install ale-py.
  from stable_worldmodel.envs import ale  # noqa: F401
[model] frozen LeWM (18.03M), device=cuda, training=False, subgoal=baseline
21:50:13 | INFO  | atomic_chec~| [atomic_save] installed crash-safe checkpoint plugin (write to sibling .tmp + fsync + atomic rename)
[holdout] eval restricted to episodes [8000, 10000) (2000/10000 eligible)
[eval] start=random num_eval=32 goal_offset=25 budget=50 qpos_threshold=0.05 rad/joint
[eval] episodes_idx[:5]=[8171, 8178, 8188, 8256, 8365] start_steps[:5]=[154, 85, 60, 38, 15]
21:50:13 | INFO  | __init__.py | MUJOCO_GL=egl, attempting to import specified OpenGL backend.
21:50:13 | INFO  | __init__.py | No OpenGL_accelerate module loaded: No module named 'OpenGL_accelerate'
21:50:14 | INFO  | __init__.py | MuJoCo library version is: 3.10.0
/lustre/home/ha676/le-wm/.venv/lib/python3.11/site-packages/gymnasium/envs/registration.py:729: UserWarning: [33mWARN: The environment is being initialised with render_mode='rgb_array' that is not in the possible render_modes ([]).[0m
  logger.warn(
CEM solve time: 18.8548 seconds
CEM solve time: 6.9301 seconds

==== FF-JEPA eval summary (Reacher qpos_match) ====
subgoal=baseline num_eval=32 goal_offset=25 budget=50 seed=42 cem_seed=42 S=25
  SR = 93.75%  (30/32)
