/lustre/home/ha676/le-wm/.venv/lib/python3.11/site-packages/stable_worldmodel/envs/__init__.py:215: UserWarning: ale-py not found; ALE/* envs are unavailable. Install with: pip install 'stable-worldmodel[env]' or pip install ale-py.
  from stable_worldmodel.envs import ale  # noqa: F401
[model] frozen LeWM (18.03M), device=cuda, training=False, subgoal=specaccept
[gdm] planner from gdm_reacher_s10.pt: head=53.44M, N=3 WG=1 goal_cond=True T=1000 sampler=ddim/8-steps param=eps schedule=linear norm=standardize
05:35:28 | INFO  | atomic_chec~| [atomic_save] installed crash-safe checkpoint plugin (write to sibling .tmp + fsync + atomic rename)
[episodes-file] reacher_horizon.ep.t20.json: 128 precomputed pairs (built for max_offset=100, seed=42, episode_min=8000) -- sampling bypassed; running at goal_offset=75
[eval] start=random num_eval=128 goal_offset=75 budget=150 qpos_threshold=0.05 rad/joint
[eval] episodes_idx[:5]=[8014, 8074, 8087, 8127, 8135] start_steps[:5]=[73, 52, 58, 58, 79]
05:35:28 | INFO  | __init__.py | MUJOCO_GL=egl, attempting to import specified OpenGL backend.
05:35:28 | INFO  | __init__.py | No OpenGL_accelerate module loaded: No module named 'OpenGL_accelerate'
05:35:28 | INFO  | __init__.py | MuJoCo library version is: 3.10.0
/lustre/home/ha676/le-wm/.venv/lib/python3.11/site-packages/gymnasium/envs/registration.py:729: UserWarning: [33mWARN: The environment is being initialised with render_mode='rgb_array' that is not in the possible render_modes ([]).[0m
  logger.warn(
CEM solve time: 27.5557 seconds
CEM solve time: 25.9749 seconds
CEM solve time: 21.6746 seconds
CEM solve time: 19.3030 seconds
CEM solve time: 17.5923 seconds
CEM solve time: 15.2186 seconds
CEM solve time: 13.0773 seconds
CEM solve time: 10.7235 seconds
CEM solve time: 9.4385 seconds
CEM solve time: 8.3644 seconds
CEM solve time: 7.0734 seconds
CEM solve time: 5.7858 seconds
CEM solve time: 4.9295 seconds
CEM solve time: 3.6425 seconds
CEM solve time: 3.2180 seconds
[specaccept] tau=0.2 gdm_steps=8 re-drafts=579 advances=323 rejects=402 call_ratio=0.642 (every-step=1.000; lower = fewer diffusion calls)
[traces] saved runs/reacher/traces_hz_s10spec_t75_2t_seed42.pt

==== FF-JEPA eval summary (Reacher qpos_match) ====
subgoal=specaccept num_eval=128 goal_offset=75 budget=150 seed=42 cem_seed=42 S=10
  SR = 89.06%  (114/128)
/lustre/home/ha676/le-wm/.venv/lib/python3.11/site-packages/stable_worldmodel/envs/__init__.py:215: UserWarning: ale-py not found; ALE/* envs are unavailable. Install with: pip install 'stable-worldmodel[env]' or pip install ale-py.
  from stable_worldmodel.envs import ale  # noqa: F401
[model] frozen LeWM (18.03M), device=cuda, training=False, subgoal=specaccept
[gdm] planner from gdm_reacher_s10.pt: head=53.44M, N=3 WG=1 goal_cond=True T=1000 sampler=ddim/8-steps param=eps schedule=linear norm=standardize
05:40:21 | INFO  | atomic_chec~| [atomic_save] installed crash-safe checkpoint plugin (write to sibling .tmp + fsync + atomic rename)
[episodes-file] reacher_horizon.ep.t20.json: 128 precomputed pairs (built for max_offset=100, seed=42, episode_min=8000) -- sampling bypassed; running at goal_offset=75
[eval] start=random num_eval=128 goal_offset=75 budget=50 qpos_threshold=0.05 rad/joint
[eval] episodes_idx[:5]=[8014, 8074, 8087, 8127, 8135] start_steps[:5]=[73, 52, 58, 58, 79]
05:40:21 | INFO  | __init__.py | MUJOCO_GL=egl, attempting to import specified OpenGL backend.
05:40:21 | INFO  | __init__.py | No OpenGL_accelerate module loaded: No module named 'OpenGL_accelerate'
05:40:21 | INFO  | __init__.py | MuJoCo library version is: 3.10.0
/lustre/home/ha676/le-wm/.venv/lib/python3.11/site-packages/gymnasium/envs/registration.py:729: UserWarning: [33mWARN: The environment is being initialised with render_mode='rgb_array' that is not in the possible render_modes ([]).[0m
  logger.warn(
CEM solve time: 27.8368 seconds
CEM solve time: 25.9446 seconds
CEM solve time: 21.6741 seconds
CEM solve time: 19.2989 seconds
CEM solve time: 16.7227 seconds
[specaccept] tau=0.2 gdm_steps=8 re-drafts=358 advances=160 rejects=214 call_ratio=0.691 (every-step=1.000; lower = fewer diffusion calls)
[traces] saved runs/reacher/traces_hz_s10spec_t75_b50_seed42.pt

==== FF-JEPA eval summary (Reacher qpos_match) ====
subgoal=specaccept num_eval=128 goal_offset=75 budget=50 seed=42 cem_seed=42 S=10
  SR = 48.44%  (62/128)
