/lustre/home/ha676/le-wm/.venv/lib/python3.11/site-packages/stable_worldmodel/envs/__init__.py:215: UserWarning: ale-py not found; ALE/* envs are unavailable. Install with: pip install 'stable-worldmodel[env]' or pip install ale-py.
  from stable_worldmodel.envs import ale  # noqa: F401
[model] frozen LeWM (18.03M), device=cuda, training=False, subgoal=specaccept
[gdm] planner from gdm_reacher_s10.pt: head=53.44M, N=3 WG=1 goal_cond=True T=1000 sampler=ddim/16-steps param=eps schedule=linear norm=standardize
10:17:33 | INFO  | atomic_chec~| [atomic_save] installed crash-safe checkpoint plugin (write to sibling .tmp + fsync + atomic rename)
[episodes-file] reacher_horizon.ep.frontier.t16.json: 128 precomputed pairs (built for max_offset=100, seed=42, episode_min=8000) -- sampling bypassed; running at goal_offset=100
[eval] start=random num_eval=128 goal_offset=100 budget=200 qpos_threshold=0.05 rad/joint
[eval] episodes_idx[:5]=[8014, 8074, 8087, 8127, 8135] start_steps[:5]=[73, 52, 58, 58, 79]
10:17:34 | INFO  | __init__.py | MUJOCO_GL=egl, attempting to import specified OpenGL backend.
10:17:34 | INFO  | __init__.py | No OpenGL_accelerate module loaded: No module named 'OpenGL_accelerate'
10:17:34 | INFO  | __init__.py | MuJoCo library version is: 3.10.0
/lustre/home/ha676/le-wm/.venv/lib/python3.11/site-packages/gymnasium/envs/registration.py:729: UserWarning: [33mWARN: The environment is being initialised with render_mode='rgb_array' that is not in the possible render_modes ([]).[0m
  logger.warn(
CEM solve time: 28.0635 seconds
CEM solve time: 26.9142 seconds
CEM solve time: 24.9731 seconds
CEM solve time: 24.1168 seconds
CEM solve time: 22.1620 seconds
CEM solve time: 20.4621 seconds
CEM solve time: 18.0954 seconds
CEM solve time: 17.0134 seconds
CEM solve time: 15.2855 seconds
CEM solve time: 14.2197 seconds
CEM solve time: 11.8503 seconds
CEM solve time: 11.4164 seconds
CEM solve time: 10.1247 seconds
CEM solve time: 9.2625 seconds
CEM solve time: 8.1869 seconds
CEM solve time: 7.3268 seconds
CEM solve time: 6.6800 seconds
CEM solve time: 5.6027 seconds
CEM solve time: 4.9556 seconds
CEM solve time: 4.5274 seconds
[specaccept] tau=0.3 gdm_steps=16 re-drafts=692 advances=658 rejects=391 call_ratio=0.513 (every-step=1.000; lower = fewer diffusion calls)
[traces] saved runs/reacher/traces_frontier_tau0.3_k16_seed42.pt

==== FF-JEPA eval summary (Reacher qpos_match) ====
subgoal=specaccept num_eval=128 goal_offset=100 budget=200 seed=42 cem_seed=42 S=10
  SR = 85.16%  (109/128)
