[mask] train episodes: 8000/10000 (holdout = 2000)
=== train gdm_reacher_s15.pt (faithful recipe, goal-cond sampled gap 1..100, eps<8000) ===
[cfg] {'subgoals': 'subgoals_reacher_dense.pt', 'out': 'gdm_reacher_s15.pt', 'device': 'cuda', 'seed': 42, 'mask': 'custom', 'custom_mask_file': 'reacher_train_mask.npy', 'window_rule': 'clamp', 'subgoal_step': 15, 'latent_dim': 192, 'n_future': 3, 'wg': 1, 'hidden': 512, 'depth': 11, 'heads': 8, 'mlp_ratio': 4.0, 'goal_cond': True, 'goal_rule': 'window', 'goal_gap': 1, 'goal_gap_max': 100, 'timesteps': 1000, 'parameterization': 'eps', 'schedule': 'linear', 'min_snr_gamma': 0.0, 'sampler': 'ddim', 'normalization': 'standardize', 'epochs': 20, 'batch_size': 128, 'lr': 5e-05, 'weight_decay': 0.001, 'grad_clip': 1.0, 'lr_schedule': 'warmup_cosine', 'warmup_frac': 0.01, 'amp': True, 'ema_decay': 0.0, 'num_workers': 0, 'log_every': 500}
[data] mask=customdeg: 8000 episodes used; 1600000 (cond,target) pairs; window_rule=clamp; file_stride=1 subgoal_step=15 => subgoal horizon = 15 frames  [GOAL-COND ablation, goal_rule=window gap=1]
[norm] native ||z|| mean=13.79 (sqrt(D)=13.86); standardize per-dim (mean|.|=0.035, std mean=0.993)
[model] GDM (DiT) head params = 53.44M (hidden=512 depth=11 heads=8); diffusion T=1000 param=eps schedule=linear sampler=ddim norm=standardize min_snr_gamma=0.0
[sched] warmup_cosine: total_steps=250000 warmup=2500 peak_lr=5.0e-05 -> 0 (eta_min)
  [iter 500] loss=0.38255 (run 0.89130, 101s, 201ms/it)
  [iter 1000] loss=0.15946 (run 0.53421, 129s, 129ms/it)
  [iter 1500] loss=0.14120 (run 0.39952, 158s, 106ms/it)
  [iter 2000] loss=0.08370 (run 0.32691, 188s, 94ms/it)
  [iter 2500] loss=0.07873 (run 0.27985, 218s, 87ms/it)
  [iter 3000] loss=0.07815 (run 0.24631, 246s, 82ms/it)
  [iter 3500] loss=0.05835 (run 0.22106, 275s, 78ms/it)
  [iter 4000] loss=0.05539 (run 0.20135, 303s, 76ms/it)
  [iter 4500] loss=0.04449 (run 0.18554, 333s, 74ms/it)
  [iter 5000] loss=0.03702 (run 0.17241, 362s, 72ms/it)
  [iter 5500] loss=0.05251 (run 0.16146, 391s, 71ms/it)
  [iter 6000] loss=0.04773 (run 0.15211, 420s, 70ms/it)
  [iter 6500] loss=0.04823 (run 0.14407, 450s, 69ms/it)
  [iter 7000] loss=0.05216 (run 0.13700, 480s, 69ms/it)
  [iter 7500] loss=0.05547 (run 0.13084, 510s, 68ms/it)
  [iter 8000] loss=0.03738 (run 0.12532, 540s, 67ms/it)
  [iter 8500] loss=0.03573 (run 0.12033, 569s, 67ms/it)
  [iter 9000] loss=0.04397 (run 0.11584, 599s, 67ms/it)
  [iter 9500] loss=0.04087 (run 0.11179, 629s, 66ms/it)
  [iter 10000] loss=0.02562 (run 0.10806, 659s, 66ms/it)
  [iter 10500] loss=0.02990 (run 0.10464, 688s, 66ms/it)
  [iter 11000] loss=0.03085 (run 0.10146, 718s, 65ms/it)
  [iter 11500] loss=0.03793 (run 0.09852, 748s, 65ms/it)
  [iter 12000] loss=0.03228 (run 0.09579, 777s, 65ms/it)
  [iter 12500] loss=0.03310 (run 0.09328, 807s, 65ms/it)
[epoch 01/20] loss=0.09328 iters=12500 (807s)
  [iter 13000] loss=0.04386 (run 0.03269, 837s, 64ms/it)
  [iter 13500] loss=0.02235 (run 0.03198, 867s, 64ms/it)
  [iter 14000] loss=0.02843 (run 0.03152, 897s, 64ms/it)
  [iter 14500] loss=0.02876 (run 0.03113, 927s, 64ms/it)
  [iter 15000] loss=0.02551 (run 0.03086, 956s, 64ms/it)
  [iter 15500] loss=0.02605 (run 0.03060, 986s, 64ms/it)
  [iter 16000] loss=0.02716 (run 0.03021, 1015s, 63ms/it)
  [iter 16500] loss=0.03154 (run 0.02989, 1045s, 63ms/it)
  [iter 17000] loss=0.02353 (run 0.02964, 1075s, 63ms/it)
  [iter 17500] loss=0.02765 (run 0.02936, 1105s, 63ms/it)
  [iter 18000] loss=0.02746 (run 0.02913, 1134s, 63ms/it)
  [iter 18500] loss=0.02393 (run 0.02887, 1164s, 63ms/it)
  [iter 19000] loss=0.03104 (run 0.02866, 1193s, 63ms/it)
  [iter 19500] loss=0.02200 (run 0.02847, 1223s, 63ms/it)
  [iter 20000] loss=0.02346 (run 0.02824, 1253s, 63ms/it)
  [iter 20500] loss=0.02869 (run 0.02802, 1282s, 63ms/it)
  [iter 21000] loss=0.02453 (run 0.02783, 1312s, 62ms/it)
  [iter 21500] loss=0.01855 (run 0.02765, 1342s, 62ms/it)
  [iter 22000] loss=0.02683 (run 0.02748, 1371s, 62ms/it)
  [iter 22500] loss=0.02497 (run 0.02731, 1401s, 62ms/it)
  [iter 23000] loss=0.02332 (run 0.02714, 1431s, 62ms/it)
  [iter 23500] loss=0.03224 (run 0.02698, 1460s, 62ms/it)
  [iter 24000] loss=0.03411 (run 0.02678, 1490s, 62ms/it)
  [iter 24500] loss=0.02582 (run 0.02661, 1520s, 62ms/it)
  [iter 25000] loss=0.04237 (run 0.02645, 1550s, 62ms/it)
[epoch 02/20] loss=0.02645 iters=25000 (1550s)
  [iter 25500] loss=0.02574 (run 0.02257, 1580s, 62ms/it)
  [iter 26000] loss=0.03169 (run 0.02250, 1610s, 62ms/it)
  [iter 26500] loss=0.01794 (run 0.02221, 1639s, 62ms/it)
  [iter 27000] loss=0.02504 (run 0.02216, 1669s, 62ms/it)
  [iter 27500] loss=0.02326 (run 0.02213, 1698s, 62ms/it)
  [iter 28000] loss=0.02610 (run 0.02210, 1728s, 62ms/it)
  [iter 28500] loss=0.02550 (run 0.02204, 1757s, 62ms/it)
  [iter 29000] loss=0.02172 (run 0.02186, 1787s, 62ms/it)
  [iter 29500] loss=0.01508 (run 0.02178, 1817s, 62ms/it)
  [iter 30000] loss=0.02716 (run 0.02173, 1847s, 62ms/it)
  [iter 30500] loss=0.02109 (run 0.02159, 1877s, 62ms/it)
  [iter 31000] loss=0.02397 (run 0.02148, 1907s, 62ms/it)
  [iter 31500] loss=0.03120 (run 0.02137, 1937s, 61ms/it)
  [iter 32000] loss=0.02031 (run 0.02130, 1966s, 61ms/it)
  [iter 32500] loss=0.01992 (run 0.02121, 1996s, 61ms/it)
  [iter 33000] loss=0.02084 (run 0.02115, 2026s, 61ms/it)
  [iter 33500] loss=0.01557 (run 0.02109, 2055s, 61ms/it)
  [iter 34000] loss=0.02601 (run 0.02102, 2085s, 61ms/it)
  [iter 34500] loss=0.01601 (run 0.02095, 2115s, 61ms/it)
  [iter 35000] loss=0.01355 (run 0.02089, 2144s, 61ms/it)
  [iter 35500] loss=0.01809 (run 0.02083, 2174s, 61ms/it)
  [iter 36000] loss=0.01535 (run 0.02073, 2204s, 61ms/it)
  [iter 36500] loss=0.00993 (run 0.02065, 2234s, 61ms/it)
  [iter 37000] loss=0.01670 (run 0.02056, 2263s, 61ms/it)
  [iter 37500] loss=0.01776 (run 0.02050, 2293s, 61ms/it)
[epoch 03/20] loss=0.02050 iters=37500 (2293s)
  [iter 38000] loss=0.01493 (run 0.01899, 2323s, 61ms/it)
  [iter 38500] loss=0.01971 (run 0.01893, 2353s, 61ms/it)
  [iter 39000] loss=0.01084 (run 0.01881, 2383s, 61ms/it)
  [iter 39500] loss=0.02497 (run 0.01873, 2413s, 61ms/it)
  [iter 40000] loss=0.02059 (run 0.01876, 2443s, 61ms/it)
  [iter 40500] loss=0.01973 (run 0.01876, 2472s, 61ms/it)
  [iter 41000] loss=0.00994 (run 0.01867, 2502s, 61ms/it)
  [iter 41500] loss=0.01528 (run 0.01867, 2532s, 61ms/it)
  [iter 42000] loss=0.01695 (run 0.01861, 2561s, 61ms/it)
  [iter 42500] loss=0.01766 (run 0.01859, 2591s, 61ms/it)
  [iter 43000] loss=0.02697 (run 0.01854, 2621s, 61ms/it)
  [iter 43500] loss=0.01189 (run 0.01846, 2651s, 61ms/it)
  [iter 44000] loss=0.01766 (run 0.01842, 2681s, 61ms/it)
  [iter 44500] loss=0.01556 (run 0.01837, 2710s, 61ms/it)
  [iter 45000] loss=0.02391 (run 0.01831, 2740s, 61ms/it)
  [iter 45500] loss=0.02584 (run 0.01825, 2770s, 61ms/it)
  [iter 46000] loss=0.02061 (run 0.01821, 2800s, 61ms/it)
  [iter 46500] loss=0.01341 (run 0.01818, 2829s, 61ms/it)
  [iter 47000] loss=0.02062 (run 0.01814, 2859s, 61ms/it)
  [iter 47500] loss=0.01359 (run 0.01809, 2889s, 61ms/it)
  [iter 48000] loss=0.01122 (run 0.01806, 2919s, 61ms/it)
  [iter 48500] loss=0.01129 (run 0.01803, 2948s, 61ms/it)
  [iter 49000] loss=0.01384 (run 0.01797, 2978s, 61ms/it)
  [iter 49500] loss=0.01857 (run 0.01795, 3008s, 61ms/it)
  [iter 50000] loss=0.01931 (run 0.01792, 3038s, 61ms/it)
[epoch 04/20] loss=0.01792 iters=50000 (3038s)
  [iter 50500] loss=0.02577 (run 0.01661, 3067s, 61ms/it)
  [iter 51000] loss=0.01512 (run 0.01654, 3097s, 61ms/it)
  [iter 51500] loss=0.01657 (run 0.01669, 3127s, 61ms/it)
  [iter 52000] loss=0.02435 (run 0.01677, 3157s, 61ms/it)
  [iter 52500] loss=0.01084 (run 0.01679, 3187s, 61ms/it)
  [iter 53000] loss=0.00971 (run 0.01678, 3217s, 61ms/it)
  [iter 53500] loss=0.00983 (run 0.01672, 3247s, 61ms/it)
  [iter 54000] loss=0.01310 (run 0.01668, 3277s, 61ms/it)
  [iter 54500] loss=0.02476 (run 0.01666, 3306s, 61ms/it)
  [iter 55000] loss=0.01632 (run 0.01664, 3336s, 61ms/it)
  [iter 55500] loss=0.01575 (run 0.01661, 3366s, 61ms/it)
  [iter 56000] loss=0.01398 (run 0.01658, 3395s, 61ms/it)
  [iter 56500] loss=0.01305 (run 0.01657, 3425s, 61ms/it)
  [iter 57000] loss=0.01439 (run 0.01657, 3455s, 61ms/it)
  [iter 57500] loss=0.01577 (run 0.01655, 3485s, 61ms/it)
  [iter 58000] loss=0.01601 (run 0.01651, 3515s, 61ms/it)
  [iter 58500] loss=0.01636 (run 0.01647, 3544s, 61ms/it)
  [iter 59000] loss=0.01327 (run 0.01644, 3574s, 61ms/it)
  [iter 59500] loss=0.01977 (run 0.01640, 3604s, 61ms/it)
  [iter 60000] loss=0.01562 (run 0.01637, 3634s, 61ms/it)
  [iter 60500] loss=0.01384 (run 0.01636, 3663s, 61ms/it)
  [iter 61000] loss=0.01213 (run 0.01632, 3693s, 61ms/it)
  [iter 61500] loss=0.01278 (run 0.01630, 3722s, 61ms/it)
  [iter 62000] loss=0.01612 (run 0.01626, 3752s, 61ms/it)
  [iter 62500] loss=0.01406 (run 0.01622, 3782s, 61ms/it)
[epoch 05/20] loss=0.01622 iters=62500 (3782s)
  [iter 63000] loss=0.01161 (run 0.01573, 3811s, 60ms/it)
  [iter 63500] loss=0.01344 (run 0.01567, 3841s, 60ms/it)
  [iter 64000] loss=0.01636 (run 0.01563, 3871s, 60ms/it)
  [iter 64500] loss=0.01055 (run 0.01561, 3900s, 60ms/it)
  [iter 65000] loss=0.01711 (run 0.01561, 3930s, 60ms/it)
  [iter 65500] loss=0.01358 (run 0.01551, 3960s, 60ms/it)
  [iter 66000] loss=0.02056 (run 0.01548, 3990s, 60ms/it)
  [iter 66500] loss=0.02389 (run 0.01539, 4019s, 60ms/it)
  [iter 67000] loss=0.01081 (run 0.01534, 4049s, 60ms/it)
  [iter 67500] loss=0.01273 (run 0.01535, 4079s, 60ms/it)
  [iter 68000] loss=0.01943 (run 0.01529, 4110s, 60ms/it)
  [iter 68500] loss=0.02039 (run 0.01528, 4139s, 60ms/it)
  [iter 69000] loss=0.01577 (run 0.01529, 4169s, 60ms/it)
  [iter 69500] loss=0.01848 (run 0.01528, 4199s, 60ms/it)
  [iter 70000] loss=0.01699 (run 0.01524, 4228s, 60ms/it)
  [iter 70500] loss=0.01630 (run 0.01521, 4258s, 60ms/it)
  [iter 71000] loss=0.01352 (run 0.01517, 4288s, 60ms/it)
  [iter 71500] loss=0.00955 (run 0.01512, 4318s, 60ms/it)
  [iter 72000] loss=0.01589 (run 0.01510, 4347s, 60ms/it)
  [iter 72500] loss=0.01391 (run 0.01506, 4377s, 60ms/it)
  [iter 73000] loss=0.01361 (run 0.01504, 4407s, 60ms/it)
  [iter 73500] loss=0.01237 (run 0.01501, 4436s, 60ms/it)
  [iter 74000] loss=0.01346 (run 0.01500, 4466s, 60ms/it)
  [iter 74500] loss=0.01028 (run 0.01496, 4496s, 60ms/it)
  [iter 75000] loss=0.01404 (run 0.01495, 4526s, 60ms/it)
[epoch 06/20] loss=0.01495 iters=75000 (4526s)
  [iter 75500] loss=0.01135 (run 0.01413, 4556s, 60ms/it)
  [iter 76000] loss=0.01767 (run 0.01427, 4586s, 60ms/it)
  [iter 76500] loss=0.01311 (run 0.01426, 4615s, 60ms/it)
  [iter 77000] loss=0.01845 (run 0.01423, 4645s, 60ms/it)
  [iter 77500] loss=0.01561 (run 0.01419, 4675s, 60ms/it)
  [iter 78000] loss=0.00929 (run 0.01414, 4705s, 60ms/it)
  [iter 78500] loss=0.01605 (run 0.01416, 4735s, 60ms/it)
  [iter 79000] loss=0.01396 (run 0.01409, 4764s, 60ms/it)
  [iter 79500] loss=0.01545 (run 0.01409, 4794s, 60ms/it)
  [iter 80000] loss=0.01807 (run 0.01406, 4824s, 60ms/it)
  [iter 80500] loss=0.01471 (run 0.01404, 4853s, 60ms/it)
  [iter 81000] loss=0.00985 (run 0.01403, 4883s, 60ms/it)
  [iter 81500] loss=0.01311 (run 0.01402, 4913s, 60ms/it)
  [iter 82000] loss=0.01900 (run 0.01403, 4943s, 60ms/it)
  [iter 82500] loss=0.01124 (run 0.01400, 4972s, 60ms/it)
  [iter 83000] loss=0.01967 (run 0.01399, 5002s, 60ms/it)
  [iter 83500] loss=0.00821 (run 0.01395, 5032s, 60ms/it)
  [iter 84000] loss=0.01417 (run 0.01394, 5062s, 60ms/it)
  [iter 84500] loss=0.01098 (run 0.01393, 5092s, 60ms/it)
  [iter 85000] loss=0.01725 (run 0.01392, 5122s, 60ms/it)
  [iter 85500] loss=0.01308 (run 0.01389, 5152s, 60ms/it)
  [iter 86000] loss=0.01057 (run 0.01387, 5181s, 60ms/it)
  [iter 86500] loss=0.01907 (run 0.01385, 5211s, 60ms/it)
  [iter 87000] loss=0.01708 (run 0.01385, 5241s, 60ms/it)
  [iter 87500] loss=0.01376 (run 0.01382, 5271s, 60ms/it)
[epoch 07/20] loss=0.01382 iters=87500 (5271s)
  [iter 88000] loss=0.01199 (run 0.01327, 5300s, 60ms/it)
  [iter 88500] loss=0.01228 (run 0.01330, 5330s, 60ms/it)
  [iter 89000] loss=0.01047 (run 0.01335, 5360s, 60ms/it)
  [iter 89500] loss=0.00930 (run 0.01335, 5389s, 60ms/it)
  [iter 90000] loss=0.01622 (run 0.01331, 5419s, 60ms/it)
  [iter 90500] loss=0.01385 (run 0.01330, 5449s, 60ms/it)
  [iter 91000] loss=0.01964 (run 0.01327, 5479s, 60ms/it)
  [iter 91500] loss=0.00949 (run 0.01325, 5508s, 60ms/it)
  [iter 92000] loss=0.01767 (run 0.01322, 5538s, 60ms/it)
  [iter 92500] loss=0.01117 (run 0.01320, 5568s, 60ms/it)
  [iter 93000] loss=0.01571 (run 0.01316, 5598s, 60ms/it)
  [iter 93500] loss=0.00868 (run 0.01315, 5627s, 60ms/it)
  [iter 94000] loss=0.00972 (run 0.01315, 5657s, 60ms/it)
  [iter 94500] loss=0.00918 (run 0.01314, 5687s, 60ms/it)
  [iter 95000] loss=0.01507 (run 0.01312, 5716s, 60ms/it)
  [iter 95500] loss=0.00821 (run 0.01310, 5746s, 60ms/it)
  [iter 96000] loss=0.02098 (run 0.01311, 5776s, 60ms/it)
  [iter 96500] loss=0.01514 (run 0.01305, 5806s, 60ms/it)
  [iter 97000] loss=0.01135 (run 0.01303, 5836s, 60ms/it)
  [iter 97500] loss=0.01117 (run 0.01302, 5865s, 60ms/it)
  [iter 98000] loss=0.01510 (run 0.01299, 5895s, 60ms/it)
  [iter 98500] loss=0.00928 (run 0.01297, 5925s, 60ms/it)
  [iter 99000] loss=0.01991 (run 0.01297, 5954s, 60ms/it)
  [iter 99500] loss=0.01665 (run 0.01296, 5984s, 60ms/it)
  [iter 100000] loss=0.00789 (run 0.01294, 6014s, 60ms/it)
[epoch 08/20] loss=0.01294 iters=100000 (6014s)
  [iter 100500] loss=0.01186 (run 0.01251, 6044s, 60ms/it)
  [iter 101000] loss=0.01172 (run 0.01257, 6074s, 60ms/it)
  [iter 101500] loss=0.01690 (run 0.01256, 6104s, 60ms/it)
  [iter 102000] loss=0.01290 (run 0.01249, 6133s, 60ms/it)
  [iter 102500] loss=0.01846 (run 0.01243, 6163s, 60ms/it)
  [iter 103000] loss=0.01225 (run 0.01238, 6193s, 60ms/it)
  [iter 103500] loss=0.01847 (run 0.01237, 6223s, 60ms/it)
  [iter 104000] loss=0.00860 (run 0.01238, 6253s, 60ms/it)
  [iter 104500] loss=0.01045 (run 0.01240, 6283s, 60ms/it)
  [iter 105000] loss=0.01667 (run 0.01240, 6313s, 60ms/it)
  [iter 105500] loss=0.01511 (run 0.01237, 6343s, 60ms/it)
  [iter 106000] loss=0.00915 (run 0.01237, 6373s, 60ms/it)
  [iter 106500] loss=0.01151 (run 0.01234, 6402s, 60ms/it)
  [iter 107000] loss=0.01020 (run 0.01233, 6432s, 60ms/it)
  [iter 107500] loss=0.01168 (run 0.01232, 6462s, 60ms/it)
  [iter 108000] loss=0.00863 (run 0.01231, 6492s, 60ms/it)
  [iter 108500] loss=0.01127 (run 0.01229, 6522s, 60ms/it)
  [iter 109000] loss=0.00961 (run 0.01227, 6552s, 60ms/it)
  [iter 109500] loss=0.00981 (run 0.01227, 6582s, 60ms/it)
  [iter 110000] loss=0.01284 (run 0.01226, 6612s, 60ms/it)
  [iter 110500] loss=0.01053 (run 0.01225, 6642s, 60ms/it)
  [iter 111000] loss=0.01093 (run 0.01224, 6672s, 60ms/it)
  [iter 111500] loss=0.00750 (run 0.01222, 6702s, 60ms/it)
  [iter 112000] loss=0.00799 (run 0.01221, 6731s, 60ms/it)
  [iter 112500] loss=0.00960 (run 0.01219, 6761s, 60ms/it)
[epoch 09/20] loss=0.01219 iters=112500 (6761s)
  [iter 113000] loss=0.01158 (run 0.01204, 6791s, 60ms/it)
  [iter 113500] loss=0.01106 (run 0.01187, 6821s, 60ms/it)
  [iter 114000] loss=0.00890 (run 0.01189, 6851s, 60ms/it)
  [iter 114500] loss=0.01695 (run 0.01181, 6880s, 60ms/it)
  [iter 115000] loss=0.00986 (run 0.01180, 6910s, 60ms/it)
  [iter 115500] loss=0.01092 (run 0.01176, 6940s, 60ms/it)
  [iter 116000] loss=0.01689 (run 0.01176, 6970s, 60ms/it)
  [iter 116500] loss=0.01609 (run 0.01174, 7000s, 60ms/it)
  [iter 117000] loss=0.01096 (run 0.01171, 7029s, 60ms/it)
  [iter 117500] loss=0.01116 (run 0.01169, 7059s, 60ms/it)
  [iter 118000] loss=0.01088 (run 0.01166, 7089s, 60ms/it)
  [iter 118500] loss=0.00947 (run 0.01165, 7118s, 60ms/it)
  [iter 119000] loss=0.00928 (run 0.01162, 7148s, 60ms/it)
  [iter 119500] loss=0.00855 (run 0.01162, 7178s, 60ms/it)
  [iter 120000] loss=0.01490 (run 0.01160, 7208s, 60ms/it)
  [iter 120500] loss=0.01075 (run 0.01157, 7238s, 60ms/it)
  [iter 121000] loss=0.01240 (run 0.01155, 7268s, 60ms/it)
  [iter 121500] loss=0.00922 (run 0.01154, 7297s, 60ms/it)
  [iter 122000] loss=0.01024 (run 0.01155, 7327s, 60ms/it)
  [iter 122500] loss=0.00943 (run 0.01153, 7357s, 60ms/it)
  [iter 123000] loss=0.00975 (run 0.01152, 7386s, 60ms/it)
  [iter 123500] loss=0.01316 (run 0.01151, 7416s, 60ms/it)
  [iter 124000] loss=0.01894 (run 0.01149, 7446s, 60ms/it)
  [iter 124500] loss=0.00942 (run 0.01147, 7476s, 60ms/it)
  [iter 125000] loss=0.01156 (run 0.01145, 7505s, 60ms/it)
[epoch 10/20] loss=0.01145 iters=125000 (7505s)
  [iter 125500] loss=0.00947 (run 0.01079, 7535s, 60ms/it)
  [iter 126000] loss=0.01026 (run 0.01086, 7565s, 60ms/it)
  [iter 126500] loss=0.00897 (run 0.01089, 7595s, 60ms/it)
  [iter 127000] loss=0.00811 (run 0.01087, 7624s, 60ms/it)
  [iter 127500] loss=0.01227 (run 0.01093, 7654s, 60ms/it)
  [iter 128000] loss=0.01377 (run 0.01095, 7684s, 60ms/it)
  [iter 128500] loss=0.01091 (run 0.01094, 7715s, 60ms/it)
  [iter 129000] loss=0.00895 (run 0.01093, 7745s, 60ms/it)
  [iter 129500] loss=0.00806 (run 0.01092, 7775s, 60ms/it)
  [iter 130000] loss=0.01172 (run 0.01091, 7805s, 60ms/it)
  [iter 130500] loss=0.01179 (run 0.01091, 7836s, 60ms/it)
  [iter 131000] loss=0.01708 (run 0.01090, 7866s, 60ms/it)
  [iter 131500] loss=0.00769 (run 0.01090, 7896s, 60ms/it)
  [iter 132000] loss=0.00572 (run 0.01089, 7926s, 60ms/it)
  [iter 132500] loss=0.01027 (run 0.01088, 7956s, 60ms/it)
  [iter 133000] loss=0.00791 (run 0.01087, 7985s, 60ms/it)
  [iter 133500] loss=0.01507 (run 0.01087, 8015s, 60ms/it)
  [iter 134000] loss=0.01142 (run 0.01086, 8045s, 60ms/it)
  [iter 134500] loss=0.01072 (run 0.01085, 8075s, 60ms/it)
  [iter 135000] loss=0.00837 (run 0.01084, 8104s, 60ms/it)
  [iter 135500] loss=0.01600 (run 0.01084, 8134s, 60ms/it)
  [iter 136000] loss=0.01018 (run 0.01083, 8164s, 60ms/it)
  [iter 136500] loss=0.00810 (run 0.01081, 8194s, 60ms/it)
  [iter 137000] loss=0.01036 (run 0.01081, 8224s, 60ms/it)
  [iter 137500] loss=0.00891 (run 0.01080, 8254s, 60ms/it)
[epoch 11/20] loss=0.01080 iters=137500 (8254s)
  [iter 138000] loss=0.00957 (run 0.01049, 8283s, 60ms/it)
  [iter 138500] loss=0.01830 (run 0.01038, 8313s, 60ms/it)
  [iter 139000] loss=0.01104 (run 0.01040, 8343s, 60ms/it)
  [iter 139500] loss=0.00923 (run 0.01037, 8372s, 60ms/it)
  [iter 140000] loss=0.00975 (run 0.01037, 8402s, 60ms/it)
  [iter 140500] loss=0.00988 (run 0.01038, 8432s, 60ms/it)
  [iter 141000] loss=0.01174 (run 0.01036, 8462s, 60ms/it)
  [iter 141500] loss=0.00885 (run 0.01036, 8491s, 60ms/it)
  [iter 142000] loss=0.01786 (run 0.01036, 8520s, 60ms/it)
  [iter 142500] loss=0.00757 (run 0.01034, 8549s, 60ms/it)
  [iter 143000] loss=0.00733 (run 0.01032, 8579s, 60ms/it)
  [iter 143500] loss=0.00617 (run 0.01030, 8609s, 60ms/it)
  [iter 144000] loss=0.00941 (run 0.01031, 8638s, 60ms/it)
  [iter 144500] loss=0.01460 (run 0.01029, 8668s, 60ms/it)
  [iter 145000] loss=0.00749 (run 0.01029, 8698s, 60ms/it)
  [iter 145500] loss=0.01024 (run 0.01028, 8728s, 60ms/it)
  [iter 146000] loss=0.00781 (run 0.01028, 8758s, 60ms/it)
  [iter 146500] loss=0.00767 (run 0.01026, 8787s, 60ms/it)
  [iter 147000] loss=0.01059 (run 0.01026, 8817s, 60ms/it)
  [iter 147500] loss=0.00887 (run 0.01025, 8847s, 60ms/it)
  [iter 148000] loss=0.00789 (run 0.01024, 8877s, 60ms/it)
  [iter 148500] loss=0.01649 (run 0.01022, 8907s, 60ms/it)
  [iter 149000] loss=0.01089 (run 0.01021, 8937s, 60ms/it)
  [iter 149500] loss=0.00815 (run 0.01020, 8967s, 60ms/it)
  [iter 150000] loss=0.00740 (run 0.01019, 8997s, 60ms/it)
[epoch 12/20] loss=0.01019 iters=150000 (8997s)
  [iter 150500] loss=0.01433 (run 0.01012, 9027s, 60ms/it)
  [iter 151000] loss=0.00860 (run 0.01004, 9056s, 60ms/it)
  [iter 151500] loss=0.01335 (run 0.01000, 9086s, 60ms/it)
  [iter 152000] loss=0.00973 (run 0.00992, 9116s, 60ms/it)
  [iter 152500] loss=0.01004 (run 0.00989, 9146s, 60ms/it)
  [iter 153000] loss=0.00814 (run 0.00994, 9176s, 60ms/it)
  [iter 153500] loss=0.01021 (run 0.00988, 9206s, 60ms/it)
  [iter 154000] loss=0.01457 (run 0.00987, 9236s, 60ms/it)
  [iter 154500] loss=0.00737 (run 0.00986, 9266s, 60ms/it)
  [iter 155000] loss=0.01106 (run 0.00986, 9296s, 60ms/it)
  [iter 155500] loss=0.00744 (run 0.00983, 9325s, 60ms/it)
  [iter 156000] loss=0.01149 (run 0.00981, 9355s, 60ms/it)
  [iter 156500] loss=0.01217 (run 0.00982, 9385s, 60ms/it)
  [iter 157000] loss=0.01367 (run 0.00980, 9415s, 60ms/it)
  [iter 157500] loss=0.01543 (run 0.00979, 9445s, 60ms/it)
  [iter 158000] loss=0.00794 (run 0.00979, 9475s, 60ms/it)
  [iter 158500] loss=0.00642 (run 0.00977, 9505s, 60ms/it)
  [iter 159000] loss=0.00999 (run 0.00976, 9535s, 60ms/it)
  [iter 159500] loss=0.01033 (run 0.00975, 9564s, 60ms/it)
  [iter 160000] loss=0.00777 (run 0.00975, 9594s, 60ms/it)
  [iter 160500] loss=0.00841 (run 0.00973, 9624s, 60ms/it)
  [iter 161000] loss=0.00924 (run 0.00972, 9654s, 60ms/it)
  [iter 161500] loss=0.00900 (run 0.00970, 9683s, 60ms/it)
  [iter 162000] loss=0.00885 (run 0.00969, 9713s, 60ms/it)
  [iter 162500] loss=0.00835 (run 0.00968, 9743s, 60ms/it)
[epoch 13/20] loss=0.00968 iters=162500 (9743s)
  [iter 163000] loss=0.00736 (run 0.00934, 9773s, 60ms/it)
  [iter 163500] loss=0.01012 (run 0.00932, 9803s, 60ms/it)
  [iter 164000] loss=0.01216 (run 0.00938, 9833s, 60ms/it)
  [iter 164500] loss=0.00722 (run 0.00934, 9863s, 60ms/it)
  [iter 165000] loss=0.00773 (run 0.00931, 9892s, 60ms/it)
  [iter 165500] loss=0.01005 (run 0.00931, 9922s, 60ms/it)
  [iter 166000] loss=0.00991 (run 0.00926, 9952s, 60ms/it)
  [iter 166500] loss=0.01190 (run 0.00926, 9981s, 60ms/it)
  [iter 167000] loss=0.00976 (run 0.00926, 10011s, 60ms/it)
  [iter 167500] loss=0.01390 (run 0.00923, 10041s, 60ms/it)
  [iter 168000] loss=0.01124 (run 0.00922, 10071s, 60ms/it)
  [iter 168500] loss=0.00635 (run 0.00920, 10101s, 60ms/it)
  [iter 169000] loss=0.01173 (run 0.00920, 10131s, 60ms/it)
  [iter 169500] loss=0.00750 (run 0.00919, 10161s, 60ms/it)
  [iter 170000] loss=0.00793 (run 0.00919, 10191s, 60ms/it)
  [iter 170500] loss=0.01606 (run 0.00917, 10220s, 60ms/it)
  [iter 171000] loss=0.01311 (run 0.00917, 10250s, 60ms/it)
  [iter 171500] loss=0.00924 (run 0.00915, 10280s, 60ms/it)
  [iter 172000] loss=0.00904 (run 0.00915, 10310s, 60ms/it)
  [iter 172500] loss=0.00801 (run 0.00914, 10339s, 60ms/it)
  [iter 173000] loss=0.00650 (run 0.00913, 10369s, 60ms/it)
  [iter 173500] loss=0.00770 (run 0.00913, 10399s, 60ms/it)
  [iter 174000] loss=0.01632 (run 0.00912, 10429s, 60ms/it)
  [iter 174500] loss=0.00959 (run 0.00911, 10459s, 60ms/it)
  [iter 175000] loss=0.01424 (run 0.00911, 10489s, 60ms/it)
[epoch 14/20] loss=0.00911 iters=175000 (10489s)
  [iter 175500] loss=0.01240 (run 0.00905, 10519s, 60ms/it)
  [iter 176000] loss=0.01126 (run 0.00891, 10548s, 60ms/it)
  [iter 176500] loss=0.00902 (run 0.00888, 10578s, 60ms/it)
  [iter 177000] loss=0.01125 (run 0.00883, 10608s, 60ms/it)
  [iter 177500] loss=0.00919 (run 0.00884, 10638s, 60ms/it)
  [iter 178000] loss=0.00976 (run 0.00884, 10668s, 60ms/it)
  [iter 178500] loss=0.01181 (run 0.00882, 10697s, 60ms/it)
  [iter 179000] loss=0.00822 (run 0.00881, 10727s, 60ms/it)
  [iter 179500] loss=0.01017 (run 0.00881, 10757s, 60ms/it)
  [iter 180000] loss=0.00850 (run 0.00877, 10787s, 60ms/it)
  [iter 180500] loss=0.00763 (run 0.00877, 10816s, 60ms/it)
  [iter 181000] loss=0.00692 (run 0.00876, 10846s, 60ms/it)
  [iter 181500] loss=0.01754 (run 0.00877, 10876s, 60ms/it)
  [iter 182000] loss=0.00928 (run 0.00877, 10906s, 60ms/it)
  [iter 182500] loss=0.01316 (run 0.00876, 10936s, 60ms/it)
  [iter 183000] loss=0.00787 (run 0.00875, 10965s, 60ms/it)
  [iter 183500] loss=0.00991 (run 0.00875, 10995s, 60ms/it)
  [iter 184000] loss=0.00741 (run 0.00874, 11025s, 60ms/it)
  [iter 184500] loss=0.00960 (run 0.00872, 11055s, 60ms/it)
  [iter 185000] loss=0.00843 (run 0.00872, 11085s, 60ms/it)
  [iter 185500] loss=0.01245 (run 0.00871, 11115s, 60ms/it)
  [iter 186000] loss=0.01000 (run 0.00869, 11145s, 60ms/it)
  [iter 186500] loss=0.00996 (run 0.00869, 11175s, 60ms/it)
  [iter 187000] loss=0.00753 (run 0.00868, 11205s, 60ms/it)
  [iter 187500] loss=0.00837 (run 0.00867, 11234s, 60ms/it)
[epoch 15/20] loss=0.00867 iters=187500 (11234s)
  [iter 188000] loss=0.01049 (run 0.00848, 11264s, 60ms/it)
  [iter 188500] loss=0.00893 (run 0.00847, 11294s, 60ms/it)
  [iter 189000] loss=0.00945 (run 0.00845, 11324s, 60ms/it)
  [iter 189500] loss=0.00842 (run 0.00847, 11353s, 60ms/it)
  [iter 190000] loss=0.01161 (run 0.00846, 11383s, 60ms/it)
  [iter 190500] loss=0.01259 (run 0.00846, 11413s, 60ms/it)
  [iter 191000] loss=0.00755 (run 0.00844, 11443s, 60ms/it)
  [iter 191500] loss=0.00692 (run 0.00844, 11473s, 60ms/it)
  [iter 192000] loss=0.00659 (run 0.00843, 11502s, 60ms/it)
  [iter 192500] loss=0.00808 (run 0.00841, 11532s, 60ms/it)
  [iter 193000] loss=0.00551 (run 0.00841, 11562s, 60ms/it)
  [iter 193500] loss=0.00771 (run 0.00842, 11592s, 60ms/it)
  [iter 194000] loss=0.00730 (run 0.00840, 11622s, 60ms/it)
  [iter 194500] loss=0.00677 (run 0.00839, 11651s, 60ms/it)
  [iter 195000] loss=0.01206 (run 0.00838, 11681s, 60ms/it)
  [iter 195500] loss=0.00691 (run 0.00838, 11711s, 60ms/it)
  [iter 196000] loss=0.00957 (run 0.00837, 11742s, 60ms/it)
  [iter 196500] loss=0.00749 (run 0.00836, 11772s, 60ms/it)
  [iter 197000] loss=0.00809 (run 0.00835, 11802s, 60ms/it)
  [iter 197500] loss=0.00741 (run 0.00834, 11831s, 60ms/it)
  [iter 198000] loss=0.00931 (run 0.00833, 11861s, 60ms/it)
  [iter 198500] loss=0.00640 (run 0.00832, 11890s, 60ms/it)
  [iter 199000] loss=0.00910 (run 0.00832, 11920s, 60ms/it)
  [iter 199500] loss=0.00853 (run 0.00831, 11950s, 60ms/it)
  [iter 200000] loss=0.00755 (run 0.00830, 11980s, 60ms/it)
[epoch 16/20] loss=0.00830 iters=200000 (11980s)
  [iter 200500] loss=0.00806 (run 0.00807, 12009s, 60ms/it)
  [iter 201000] loss=0.00954 (run 0.00805, 12039s, 60ms/it)
  [iter 201500] loss=0.00766 (run 0.00811, 12069s, 60ms/it)
  [iter 202000] loss=0.00687 (run 0.00810, 12099s, 60ms/it)
  [iter 202500] loss=0.00551 (run 0.00809, 12128s, 60ms/it)
  [iter 203000] loss=0.00824 (run 0.00808, 12158s, 60ms/it)
  [iter 203500] loss=0.00648 (run 0.00808, 12188s, 60ms/it)
  [iter 204000] loss=0.00820 (run 0.00806, 12218s, 60ms/it)
  [iter 204500] loss=0.01030 (run 0.00807, 12248s, 60ms/it)
  [iter 205000] loss=0.00822 (run 0.00807, 12277s, 60ms/it)
  [iter 205500] loss=0.00809 (run 0.00807, 12307s, 60ms/it)
  [iter 206000] loss=0.00810 (run 0.00806, 12337s, 60ms/it)
  [iter 206500] loss=0.01118 (run 0.00806, 12367s, 60ms/it)
  [iter 207000] loss=0.00553 (run 0.00805, 12396s, 60ms/it)
  [iter 207500] loss=0.00800 (run 0.00805, 12426s, 60ms/it)
  [iter 208000] loss=0.00702 (run 0.00805, 12456s, 60ms/it)
  [iter 208500] loss=0.01095 (run 0.00805, 12485s, 60ms/it)
  [iter 209000] loss=0.00861 (run 0.00805, 12515s, 60ms/it)
  [iter 209500] loss=0.00673 (run 0.00804, 12545s, 60ms/it)
  [iter 210000] loss=0.00958 (run 0.00804, 12575s, 60ms/it)
  [iter 210500] loss=0.00724 (run 0.00804, 12605s, 60ms/it)
  [iter 211000] loss=0.00739 (run 0.00803, 12635s, 60ms/it)
  [iter 211500] loss=0.00910 (run 0.00802, 12664s, 60ms/it)
  [iter 212000] loss=0.01032 (run 0.00801, 12694s, 60ms/it)
  [iter 212500] loss=0.00697 (run 0.00801, 12724s, 60ms/it)
[epoch 17/20] loss=0.00801 iters=212500 (12724s)
  [iter 213000] loss=0.00699 (run 0.00785, 12754s, 60ms/it)
  [iter 213500] loss=0.00693 (run 0.00780, 12784s, 60ms/it)
  [iter 214000] loss=0.00880 (run 0.00786, 12813s, 60ms/it)
  [iter 214500] loss=0.00785 (run 0.00785, 12843s, 60ms/it)
  [iter 215000] loss=0.00697 (run 0.00786, 12873s, 60ms/it)
  [iter 215500] loss=0.00811 (run 0.00786, 12903s, 60ms/it)
  [iter 216000] loss=0.00746 (run 0.00787, 12933s, 60ms/it)
  [iter 216500] loss=0.00846 (run 0.00787, 12963s, 60ms/it)
  [iter 217000] loss=0.00870 (run 0.00786, 12993s, 60ms/it)
  [iter 217500] loss=0.00639 (run 0.00787, 13022s, 60ms/it)
  [iter 218000] loss=0.01040 (run 0.00786, 13053s, 60ms/it)
  [iter 218500] loss=0.00620 (run 0.00785, 13083s, 60ms/it)
  [iter 219000] loss=0.00913 (run 0.00785, 13113s, 60ms/it)
  [iter 219500] loss=0.00710 (run 0.00785, 13142s, 60ms/it)
  [iter 220000] loss=0.00714 (run 0.00784, 13172s, 60ms/it)
  [iter 220500] loss=0.00838 (run 0.00783, 13202s, 60ms/it)
  [iter 221000] loss=0.00672 (run 0.00782, 13231s, 60ms/it)
  [iter 221500] loss=0.00775 (run 0.00782, 13261s, 60ms/it)
  [iter 222000] loss=0.00845 (run 0.00782, 13291s, 60ms/it)
  [iter 222500] loss=0.01321 (run 0.00783, 13321s, 60ms/it)
  [iter 223000] loss=0.01032 (run 0.00782, 13351s, 60ms/it)
  [iter 223500] loss=0.00716 (run 0.00781, 13380s, 60ms/it)
  [iter 224000] loss=0.00502 (run 0.00781, 13410s, 60ms/it)
  [iter 224500] loss=0.00639 (run 0.00780, 13440s, 60ms/it)
  [iter 225000] loss=0.00595 (run 0.00780, 13470s, 60ms/it)
[epoch 18/20] loss=0.00780 iters=225000 (13470s)
  [iter 225500] loss=0.00683 (run 0.00768, 13500s, 60ms/it)
  [iter 226000] loss=0.00706 (run 0.00770, 13530s, 60ms/it)
  [iter 226500] loss=0.00831 (run 0.00772, 13560s, 60ms/it)
  [iter 227000] loss=0.00735 (run 0.00770, 13590s, 60ms/it)
  [iter 227500] loss=0.00610 (run 0.00769, 13619s, 60ms/it)
  [iter 228000] loss=0.00867 (run 0.00769, 13649s, 60ms/it)
  [iter 228500] loss=0.01155 (run 0.00768, 13679s, 60ms/it)
  [iter 229000] loss=0.00721 (run 0.00768, 13708s, 60ms/it)
  [iter 229500] loss=0.01062 (run 0.00768, 13738s, 60ms/it)
  [iter 230000] loss=0.00936 (run 0.00768, 13768s, 60ms/it)
  [iter 230500] loss=0.00687 (run 0.00768, 13797s, 60ms/it)
  [iter 231000] loss=0.00682 (run 0.00768, 13827s, 60ms/it)
  [iter 231500] loss=0.00756 (run 0.00769, 13857s, 60ms/it)
  [iter 232000] loss=0.00713 (run 0.00769, 13886s, 60ms/it)
  [iter 232500] loss=0.00657 (run 0.00769, 13916s, 60ms/it)
  [iter 233000] loss=0.00589 (run 0.00768, 13945s, 60ms/it)
  [iter 233500] loss=0.00770 (run 0.00768, 13975s, 60ms/it)
  [iter 234000] loss=0.00717 (run 0.00768, 14005s, 60ms/it)
  [iter 234500] loss=0.00652 (run 0.00768, 14035s, 60ms/it)
  [iter 235000] loss=0.00598 (run 0.00767, 14065s, 60ms/it)
  [iter 235500] loss=0.00744 (run 0.00767, 14094s, 60ms/it)
  [iter 236000] loss=0.00873 (run 0.00767, 14124s, 60ms/it)
  [iter 236500] loss=0.00520 (run 0.00767, 14153s, 60ms/it)
  [iter 237000] loss=0.00731 (run 0.00767, 14183s, 60ms/it)
  [iter 237500] loss=0.00816 (run 0.00767, 14213s, 60ms/it)
[epoch 19/20] loss=0.00767 iters=237500 (14213s)
  [iter 238000] loss=0.00671 (run 0.00753, 14242s, 60ms/it)
  [iter 238500] loss=0.00578 (run 0.00765, 14272s, 60ms/it)
  [iter 239000] loss=0.00896 (run 0.00766, 14302s, 60ms/it)
  [iter 239500] loss=0.00680 (run 0.00765, 14332s, 60ms/it)
  [iter 240000] loss=0.00917 (run 0.00764, 14361s, 60ms/it)
  [iter 240500] loss=0.00561 (run 0.00764, 14391s, 60ms/it)
  [iter 241000] loss=0.00772 (run 0.00762, 14421s, 60ms/it)
  [iter 241500] loss=0.00899 (run 0.00762, 14451s, 60ms/it)
  [iter 242000] loss=0.00664 (run 0.00763, 14481s, 60ms/it)
  [iter 242500] loss=0.00778 (run 0.00763, 14511s, 60ms/it)
  [iter 243000] loss=0.00832 (run 0.00762, 14540s, 60ms/it)
  [iter 243500] loss=0.00844 (run 0.00762, 14570s, 60ms/it)
  [iter 244000] loss=0.00722 (run 0.00761, 14600s, 60ms/it)
  [iter 244500] loss=0.00891 (run 0.00761, 14630s, 60ms/it)
  [iter 245000] loss=0.00636 (run 0.00761, 14659s, 60ms/it)
  [iter 245500] loss=0.00819 (run 0.00762, 14689s, 60ms/it)
  [iter 246000] loss=0.00735 (run 0.00762, 14719s, 60ms/it)
  [iter 246500] loss=0.00724 (run 0.00761, 14749s, 60ms/it)
  [iter 247000] loss=0.00574 (run 0.00762, 14779s, 60ms/it)
  [iter 247500] loss=0.00660 (run 0.00761, 14809s, 60ms/it)
  [iter 248000] loss=0.00763 (run 0.00761, 14838s, 60ms/it)
  [iter 248500] loss=0.00628 (run 0.00761, 14868s, 60ms/it)
  [iter 249000] loss=0.00729 (run 0.00761, 14898s, 60ms/it)
  [iter 249500] loss=0.00795 (run 0.00760, 14928s, 60ms/it)
  [iter 250000] loss=0.00918 (run 0.00761, 14958s, 60ms/it)
[epoch 20/20] loss=0.00761 iters=250000 (14958s)
[save] gdm_reacher_s15.pt  (213.8 MB)
[done] 14958s; 250000 iters over 20 epochs
