=== arm=s10spec offset=150 seed=45 (2t budget=300, pop=max150) ===
wrote reacher_horizon150.ep.t35.json: 128 pairs (episodes >= 8000, start <= ep_len-1-150), sample [[8014, 36], [8074, 26], [8087, 27]]
/lustre/home/ha676/le-wm/.venv/lib/python3.11/site-packages/stable_worldmodel/envs/__init__.py:215: UserWarning: ale-py not found; ALE/* envs are unavailable. Install with: pip install 'stable-worldmodel[env]' or pip install ale-py.
  from stable_worldmodel.envs import ale  # noqa: F401
[model] frozen LeWM (18.03M), device=cuda, training=False, subgoal=specaccept
[gdm] planner from gdm_reacher_s10.pt: head=53.44M, N=3 WG=1 goal_cond=True T=1000 sampler=ddim/8-steps param=eps schedule=linear norm=standardize
10:08:30 | INFO  | atomic_chec~| [atomic_save] installed crash-safe checkpoint plugin (write to sibling .tmp + fsync + atomic rename)
[episodes-file] reacher_horizon150.ep.t35.json: 128 precomputed pairs (built for max_offset=150, seed=42, episode_min=8000) -- sampling bypassed; running at goal_offset=150
[eval] start=random num_eval=128 goal_offset=150 budget=300 qpos_threshold=0.05 rad/joint
[eval] episodes_idx[:5]=[8014, 8074, 8087, 8127, 8135] start_steps[:5]=[36, 26, 27, 26, 37]
10:08:31 | INFO  | __init__.py | MUJOCO_GL=egl, attempting to import specified OpenGL backend.
10:08:31 | INFO  | __init__.py | No OpenGL_accelerate module loaded: No module named 'OpenGL_accelerate'
10:08:31 | INFO  | __init__.py | MuJoCo library version is: 3.10.0
/lustre/home/ha676/le-wm/.venv/lib/python3.11/site-packages/gymnasium/envs/registration.py:729: UserWarning: [33mWARN: The environment is being initialised with render_mode='rgb_array' that is not in the possible render_modes ([]).[0m
  logger.warn(
CEM solve time: 27.8123 seconds
CEM solve time: 26.5787 seconds
CEM solve time: 24.4332 seconds
CEM solve time: 22.2920 seconds
CEM solve time: 19.9470 seconds
CEM solve time: 18.2168 seconds
CEM solve time: 16.5041 seconds
CEM solve time: 14.7870 seconds
CEM solve time: 13.7091 seconds
CEM solve time: 12.2046 seconds
CEM solve time: 10.4939 seconds
CEM solve time: 9.4306 seconds
CEM solve time: 7.9249 seconds
CEM solve time: 6.8520 seconds
CEM solve time: 6.4225 seconds
CEM solve time: 5.7832 seconds
CEM solve time: 5.1403 seconds
CEM solve time: 4.2825 seconds
CEM solve time: 3.8572 seconds
CEM solve time: 3.4249 seconds
CEM solve time: 2.7865 seconds
CEM solve time: 2.7840 seconds
CEM solve time: 2.7846 seconds
CEM solve time: 2.3557 seconds
CEM solve time: 2.3555 seconds
CEM solve time: 2.3595 seconds
CEM solve time: 2.3561 seconds
CEM solve time: 2.3550 seconds
CEM solve time: 1.9273 seconds
CEM solve time: 1.9251 seconds
[specaccept] tau=0.2 gdm_steps=8 re-drafts=814 advances=510 rejects=602 call_ratio=0.615 (every-step=1.000; lower = fewer diffusion calls)
[traces] saved runs/reacher/traces_hz150_s10spec_t150_seed45.pt

==== FF-JEPA eval summary (Reacher qpos_match) ====
subgoal=specaccept num_eval=128 goal_offset=150 budget=300 seed=45 cem_seed=45 S=10
  SR = 92.97%  (119/128)
