/lustre/home/ha676/le-wm/.venv/lib/python3.11/site-packages/stable_worldmodel/envs/__init__.py:215: UserWarning: ale-py not found; ALE/* envs are unavailable. Install with: pip install 'stable-worldmodel[env]' or pip install ale-py.
  from stable_worldmodel.envs import ale  # noqa: F401
[model] frozen LeWM (18.03M), device=cuda, training=False, subgoal=specaccept
[gdm] planner from gdm_reacher_s10.pt: head=53.44M, N=3 WG=1 goal_cond=True T=1000 sampler=ddim/4-steps param=eps schedule=linear norm=standardize
10:12:29 | INFO  | atomic_chec~| [atomic_save] installed crash-safe checkpoint plugin (write to sibling .tmp + fsync + atomic rename)
[episodes-file] reacher_horizon.ep.frontier.t7.json: 128 precomputed pairs (built for max_offset=100, seed=42, episode_min=8000) -- sampling bypassed; running at goal_offset=100
[eval] start=random num_eval=128 goal_offset=100 budget=200 qpos_threshold=0.05 rad/joint
[eval] episodes_idx[:5]=[8014, 8074, 8087, 8127, 8135] start_steps[:5]=[73, 52, 58, 58, 79]
10:12:30 | INFO  | __init__.py | MUJOCO_GL=egl, attempting to import specified OpenGL backend.
10:12:30 | INFO  | __init__.py | No OpenGL_accelerate module loaded: No module named 'OpenGL_accelerate'
10:12:30 | INFO  | __init__.py | MuJoCo library version is: 3.10.0
/lustre/home/ha676/le-wm/.venv/lib/python3.11/site-packages/gymnasium/envs/registration.py:729: UserWarning: [33mWARN: The environment is being initialised with render_mode='rgb_array' that is not in the possible render_modes ([]).[0m
  logger.warn(
CEM solve time: 27.9037 seconds
CEM solve time: 26.6430 seconds
CEM solve time: 23.6264 seconds
CEM solve time: 21.0541 seconds
CEM solve time: 18.9137 seconds
CEM solve time: 14.6144 seconds
CEM solve time: 12.0355 seconds
CEM solve time: 9.8871 seconds
CEM solve time: 7.9592 seconds
CEM solve time: 6.2418 seconds
CEM solve time: 4.7345 seconds
CEM solve time: 4.3044 seconds
CEM solve time: 3.2288 seconds
CEM solve time: 2.3679 seconds
CEM solve time: 1.7223 seconds
CEM solve time: 1.7221 seconds
CEM solve time: 1.5064 seconds
CEM solve time: 1.2917 seconds
CEM solve time: 0.8619 seconds
CEM solve time: 0.8616 seconds
[specaccept] tau=0.2 gdm_steps=4 re-drafts=570 advances=319 rejects=388 call_ratio=0.641 (every-step=1.000; lower = fewer diffusion calls)
[traces] saved runs/reacher/traces_frontier_tau0.2_k4_seed43.pt

==== FF-JEPA eval summary (Reacher qpos_match) ====
subgoal=specaccept num_eval=128 goal_offset=100 budget=200 seed=43 cem_seed=43 S=10
  SR = 96.88%  (124/128)
