/lustre/home/ha676/le-wm/.venv/lib/python3.11/site-packages/stable_worldmodel/envs/__init__.py:215: UserWarning: ale-py not found; ALE/* envs are unavailable. Install with: pip install 'stable-worldmodel[env]' or pip install ale-py.
  from stable_worldmodel.envs import ale  # noqa: F401
[model] frozen LeWM (18.03M), device=cuda, training=False, subgoal=specaccept
[gdm] planner from gdm_reacher_s10.pt: head=53.44M, N=3 WG=1 goal_cond=True T=1000 sampler=ddim/8-steps param=eps schedule=linear norm=standardize
09:30:03 | INFO  | atomic_chec~| [atomic_save] installed crash-safe checkpoint plugin (write to sibling .tmp + fsync + atomic rename)
[episodes-file] reacher_horizon.ep.ext.t10.json: 128 precomputed pairs (built for max_offset=100, seed=42, episode_min=8000) -- sampling bypassed; running at goal_offset=100
[eval] start=random num_eval=128 goal_offset=100 budget=200 qpos_threshold=0.05 rad/joint
[eval] episodes_idx[:5]=[8014, 8074, 8087, 8127, 8135] start_steps[:5]=[73, 52, 58, 58, 79]
09:30:03 | INFO  | __init__.py | MUJOCO_GL=egl, attempting to import specified OpenGL backend.
09:30:03 | INFO  | __init__.py | No OpenGL_accelerate module loaded: No module named 'OpenGL_accelerate'
09:30:04 | INFO  | __init__.py | MuJoCo library version is: 3.10.0
/lustre/home/ha676/le-wm/.venv/lib/python3.11/site-packages/gymnasium/envs/registration.py:729: UserWarning: [33mWARN: The environment is being initialised with render_mode='rgb_array' that is not in the possible render_modes ([]).[0m
  logger.warn(
CEM solve time: 28.4480 seconds
CEM solve time: 27.1386 seconds
CEM solve time: 24.1122 seconds
CEM solve time: 21.5211 seconds
CEM solve time: 19.1530 seconds
CEM solve time: 17.4320 seconds
CEM solve time: 14.8556 seconds
CEM solve time: 12.2715 seconds
CEM solve time: 10.7639 seconds
CEM solve time: 9.2573 seconds
CEM solve time: 7.9658 seconds
CEM solve time: 6.4620 seconds
CEM solve time: 4.7393 seconds
CEM solve time: 3.6636 seconds
CEM solve time: 3.0172 seconds
CEM solve time: 2.8016 seconds
CEM solve time: 2.4062 seconds
CEM solve time: 2.3678 seconds
CEM solve time: 2.1521 seconds
CEM solve time: 2.1525 seconds
[specaccept] tau=0.2 gdm_steps=8 re-drafts=650 advances=380 rejects=458 call_ratio=0.631 (every-step=1.000; lower = fewer diffusion calls)
[traces] saved runs/reacher/traces_hz_s10spec_t100_2t_seed44.pt

==== FF-JEPA eval summary (Reacher qpos_match) ====
subgoal=specaccept num_eval=128 goal_offset=100 budget=200 seed=44 cem_seed=44 S=10
  SR = 92.97%  (119/128)
