=== arm=s10gdm offset=75 seed=45 (2t budget=150) ===
wrote reacher_horizon.ep.ext.t5.json: 128 pairs (episodes >= 8000, start <= ep_len-1-100), sample [[8014, 73], [8074, 52], [8087, 58]]
/lustre/home/ha676/le-wm/.venv/lib/python3.11/site-packages/stable_worldmodel/envs/__init__.py:215: UserWarning: ale-py not found; ALE/* envs are unavailable. Install with: pip install 'stable-worldmodel[env]' or pip install ale-py.
  from stable_worldmodel.envs import ale  # noqa: F401
[model] frozen LeWM (18.03M), device=cuda, training=False, subgoal=gdm
[gdm] planner from gdm_reacher_s10.pt: head=53.44M, N=3 WG=1 goal_cond=True T=1000 sampler=ddim/50-steps param=eps schedule=linear norm=standardize
09:29:01 | INFO  | atomic_chec~| [atomic_save] installed crash-safe checkpoint plugin (write to sibling .tmp + fsync + atomic rename)
[episodes-file] reacher_horizon.ep.ext.t5.json: 128 precomputed pairs (built for max_offset=100, seed=42, episode_min=8000) -- sampling bypassed; running at goal_offset=75
[eval] start=random num_eval=128 goal_offset=75 budget=150 qpos_threshold=0.05 rad/joint
[eval] episodes_idx[:5]=[8014, 8074, 8087, 8127, 8135] start_steps[:5]=[73, 52, 58, 58, 79]
09:29:01 | INFO  | __init__.py | MUJOCO_GL=egl, attempting to import specified OpenGL backend.
09:29:02 | INFO  | __init__.py | No OpenGL_accelerate module loaded: No module named 'OpenGL_accelerate'
09:29:02 | INFO  | __init__.py | MuJoCo library version is: 3.10.0
/lustre/home/ha676/le-wm/.venv/lib/python3.11/site-packages/gymnasium/envs/registration.py:729: UserWarning: [33mWARN: The environment is being initialised with render_mode='rgb_array' that is not in the possible render_modes ([]).[0m
  logger.warn(
CEM solve time: 27.8375 seconds
CEM solve time: 25.9038 seconds
CEM solve time: 22.9123 seconds
CEM solve time: 20.7725 seconds
CEM solve time: 17.9797 seconds
CEM solve time: 15.8389 seconds
CEM solve time: 13.6985 seconds
CEM solve time: 10.7016 seconds
CEM solve time: 8.7767 seconds
CEM solve time: 7.9216 seconds
CEM solve time: 6.8498 seconds
CEM solve time: 5.7805 seconds
CEM solve time: 5.1402 seconds
CEM solve time: 4.4977 seconds
CEM solve time: 3.4270 seconds
[traces] saved runs/reacher/traces_hz_s10gdm_t75_2t_seed45.pt

==== FF-JEPA eval summary (Reacher qpos_match) ====
subgoal=gdm num_eval=128 goal_offset=75 budget=150 seed=45 cem_seed=45 S=10
  SR = 89.84%  (115/128)
