/lustre/home/ha676/le-wm/.venv/lib/python3.11/site-packages/stable_worldmodel/envs/__init__.py:215: UserWarning: ale-py not found; ALE/* envs are unavailable. Install with: pip install 'stable-worldmodel[env]' or pip install ale-py.
  from stable_worldmodel.envs import ale  # noqa: F401
[model] frozen LeWM (18.03M), device=cuda, training=False, subgoal=gdm
[gdm] planner from gdm_reacher_s15.pt: head=53.44M, N=3 WG=1 goal_cond=True T=1000 sampler=ddim/50-steps param=eps schedule=linear norm=standardize
05:14:37 | INFO  | atomic_chec~| [atomic_save] installed crash-safe checkpoint plugin (write to sibling .tmp + fsync + atomic rename)
[holdout] eval restricted to episodes [8000, 10000) (2000/10000 eligible)
[eval] start=random num_eval=128 goal_offset=25 budget=50 qpos_threshold=0.05 rad/joint
[eval] episodes_idx[:5]=[8027, 8035, 8063, 8070, 8088] start_steps[:5]=[24, 142, 134, 153, 23]
05:14:37 | INFO  | __init__.py | MUJOCO_GL=egl, attempting to import specified OpenGL backend.
05:14:37 | INFO  | __init__.py | No OpenGL_accelerate module loaded: No module named 'OpenGL_accelerate'
05:14:37 | INFO  | __init__.py | MuJoCo library version is: 3.10.0
/lustre/home/ha676/le-wm/.venv/lib/python3.11/site-packages/gymnasium/envs/registration.py:729: UserWarning: [33mWARN: The environment is being initialised with render_mode='rgb_array' that is not in the possible render_modes ([]).[0m
  logger.warn(
CEM solve time: 43.0230 seconds
CEM solve time: 33.4149 seconds
CEM solve time: 27.0601 seconds
CEM solve time: 22.3890 seconds
[traces] saved runs/reacher/traces_s15gdm_seed45.pt

==== FF-JEPA eval summary (Reacher qpos_match) ====
subgoal=gdm num_eval=128 goal_offset=25 budget=50 seed=45 cem_seed=45 S=15
  SR = 52.34%  (67/128)
