=== frontier: s10spec tau=0.1 k=4 seed=43 (t100, budget 200) ===
wrote reacher_horizon.ep.frontier.t1.json: 128 pairs (episodes >= 8000, start <= ep_len-1-100), sample [[8014, 73], [8074, 52], [8087, 58]]
/lustre/home/ha676/le-wm/.venv/lib/python3.11/site-packages/stable_worldmodel/envs/__init__.py:215: UserWarning: ale-py not found; ALE/* envs are unavailable. Install with: pip install 'stable-worldmodel[env]' or pip install ale-py.
  from stable_worldmodel.envs import ale  # noqa: F401
[model] frozen LeWM (18.03M), device=cuda, training=False, subgoal=specaccept
[gdm] planner from gdm_reacher_s10.pt: head=53.44M, N=3 WG=1 goal_cond=True T=1000 sampler=ddim/4-steps param=eps schedule=linear norm=standardize
10:10:29 | INFO  | atomic_chec~| [atomic_save] installed crash-safe checkpoint plugin (write to sibling .tmp + fsync + atomic rename)
[episodes-file] reacher_horizon.ep.frontier.t1.json: 128 precomputed pairs (built for max_offset=100, seed=42, episode_min=8000) -- sampling bypassed; running at goal_offset=100
[eval] start=random num_eval=128 goal_offset=100 budget=200 qpos_threshold=0.05 rad/joint
[eval] episodes_idx[:5]=[8014, 8074, 8087, 8127, 8135] start_steps[:5]=[73, 52, 58, 58, 79]
10:10:29 | INFO  | __init__.py | MUJOCO_GL=egl, attempting to import specified OpenGL backend.
10:10:29 | INFO  | __init__.py | No OpenGL_accelerate module loaded: No module named 'OpenGL_accelerate'
10:10:29 | INFO  | __init__.py | MuJoCo library version is: 3.10.0
/lustre/home/ha676/le-wm/.venv/lib/python3.11/site-packages/gymnasium/envs/registration.py:729: UserWarning: [33mWARN: The environment is being initialised with render_mode='rgb_array' that is not in the possible render_modes ([]).[0m
  logger.warn(
CEM solve time: 27.8402 seconds
CEM solve time: 26.6204 seconds
CEM solve time: 23.1895 seconds
CEM solve time: 20.3935 seconds
CEM solve time: 17.3766 seconds
CEM solve time: 13.9402 seconds
CEM solve time: 10.0740 seconds
CEM solve time: 7.5111 seconds
CEM solve time: 6.6543 seconds
CEM solve time: 4.5067 seconds
CEM solve time: 3.2204 seconds
CEM solve time: 3.0099 seconds
CEM solve time: 2.7900 seconds
CEM solve time: 2.5770 seconds
CEM solve time: 2.1482 seconds
CEM solve time: 1.7173 seconds
CEM solve time: 1.7172 seconds
CEM solve time: 1.5019 seconds
CEM solve time: 1.5033 seconds
CEM solve time: 1.2885 seconds
[specaccept] tau=0.1 gdm_steps=4 re-drafts=709 advances=126 rejects=572 call_ratio=0.849 (every-step=1.000; lower = fewer diffusion calls)
[traces] saved runs/reacher/traces_frontier_tau0.1_k4_seed43.pt

==== FF-JEPA eval summary (Reacher qpos_match) ====
subgoal=specaccept num_eval=128 goal_offset=100 budget=200 seed=43 cem_seed=43 S=10
  SR = 95.31%  (122/128)
