/lustre/home/ha676/le-wm/.venv/lib/python3.11/site-packages/stable_worldmodel/envs/__init__.py:215: UserWarning: ale-py not found; ALE/* envs are unavailable. Install with: pip install 'stable-worldmodel[env]' or pip install ale-py.
  from stable_worldmodel.envs import ale  # noqa: F401
[model] frozen LeWM (18.03M), device=cuda, training=False, subgoal=gdm
[gdm] planner from gdm_reacher_s10.pt: head=53.44M, N=3 WG=1 goal_cond=True T=1000 sampler=ddim/50-steps param=eps schedule=linear norm=standardize
09:59:01 | INFO  | atomic_chec~| [atomic_save] installed crash-safe checkpoint plugin (write to sibling .tmp + fsync + atomic rename)
[episodes-file] reacher_horizon150.ep.t15.json: 128 precomputed pairs (built for max_offset=150, seed=42, episode_min=8000) -- sampling bypassed; running at goal_offset=100
[eval] start=random num_eval=128 goal_offset=100 budget=200 qpos_threshold=0.05 rad/joint
[eval] episodes_idx[:5]=[8014, 8074, 8087, 8127, 8135] start_steps[:5]=[36, 26, 27, 26, 37]
09:59:01 | INFO  | __init__.py | MUJOCO_GL=egl, attempting to import specified OpenGL backend.
09:59:01 | INFO  | __init__.py | No OpenGL_accelerate module loaded: No module named 'OpenGL_accelerate'
09:59:01 | INFO  | __init__.py | MuJoCo library version is: 3.10.0
/lustre/home/ha676/le-wm/.venv/lib/python3.11/site-packages/gymnasium/envs/registration.py:729: UserWarning: [33mWARN: The environment is being initialised with render_mode='rgb_array' that is not in the possible render_modes ([]).[0m
  logger.warn(
CEM solve time: 27.6772 seconds
CEM solve time: 26.0621 seconds
CEM solve time: 24.3507 seconds
CEM solve time: 21.7949 seconds
CEM solve time: 18.1587 seconds
CEM solve time: 14.9556 seconds
CEM solve time: 13.0349 seconds
CEM solve time: 11.9742 seconds
CEM solve time: 10.0439 seconds
CEM solve time: 8.7623 seconds
CEM solve time: 8.1209 seconds
CEM solve time: 6.8393 seconds
CEM solve time: 5.3438 seconds
CEM solve time: 4.7061 seconds
CEM solve time: 3.4218 seconds
CEM solve time: 2.7810 seconds
CEM solve time: 2.5659 seconds
CEM solve time: 2.5660 seconds
CEM solve time: 2.5684 seconds
CEM solve time: 1.7121 seconds
[traces] saved runs/reacher/traces_hz150_s10gdm_t100_seed45.pt

==== FF-JEPA eval summary (Reacher qpos_match) ====
subgoal=gdm num_eval=128 goal_offset=100 budget=200 seed=45 cem_seed=45 S=10
  SR = 93.75%  (120/128)
