/lustre/home/ha676/le-wm/.venv/lib/python3.11/site-packages/stable_worldmodel/envs/__init__.py:215: UserWarning: ale-py not found; ALE/* envs are unavailable. Install with: pip install 'stable-worldmodel[env]' or pip install ale-py.
  from stable_worldmodel.envs import ale  # noqa: F401
[model] frozen LeWM (18.03M), device=cuda, training=False, subgoal=baseline
09:52:56 | INFO  | atomic_chec~| [atomic_save] installed crash-safe checkpoint plugin (write to sibling .tmp + fsync + atomic rename)
[episodes-file] reacher_horizon150.ep.t11.json: 128 precomputed pairs (built for max_offset=150, seed=42, episode_min=8000) -- sampling bypassed; running at goal_offset=150
[eval] start=random num_eval=128 goal_offset=150 budget=300 qpos_threshold=0.05 rad/joint
[eval] episodes_idx[:5]=[8014, 8074, 8087, 8127, 8135] start_steps[:5]=[36, 26, 27, 26, 37]
09:52:57 | INFO  | __init__.py | MUJOCO_GL=egl, attempting to import specified OpenGL backend.
09:52:57 | INFO  | __init__.py | No OpenGL_accelerate module loaded: No module named 'OpenGL_accelerate'
09:52:57 | INFO  | __init__.py | MuJoCo library version is: 3.10.0
/lustre/home/ha676/le-wm/.venv/lib/python3.11/site-packages/gymnasium/envs/registration.py:729: UserWarning: [33mWARN: The environment is being initialised with render_mode='rgb_array' that is not in the possible render_modes ([]).[0m
  logger.warn(
CEM solve time: 75.7106 seconds
CEM solve time: 60.0319 seconds
CEM solve time: 35.3194 seconds
CEM solve time: 24.7262 seconds
CEM solve time: 21.7834 seconds
CEM solve time: 19.4299 seconds
CEM solve time: 19.4293 seconds
CEM solve time: 19.4258 seconds
CEM solve time: 18.8386 seconds
CEM solve time: 18.8412 seconds
CEM solve time: 18.8425 seconds
CEM solve time: 18.8405 seconds
[traces] saved runs/reacher/traces_hz150_baseline_t150_seed45.pt

==== FF-JEPA eval summary (Reacher qpos_match) ====
subgoal=baseline num_eval=128 goal_offset=150 budget=300 seed=45 cem_seed=45 S=25
  SR = 75.00%  (96/128)
